
===========================================================================
report_checks -unconstrained
===========================================================================
======================= max_ff_n40C_3v60 Corner ===================================

Startpoint: duty[8] (input port clocked by clk)
Endpoint: _152_ (rising edge-triggered flip-flop clocked by clk)
Path Group: clk
Path Type: max

Fanout         Cap        Slew       Delay        Time   Description
---------------------------------------------------------------------------------------------
                                  0.000000    0.000000   clock clk (rise edge)
                                  0.000000    0.000000   clock network delay (propagated)
                                200.000000  200.000000 ^ input external delay
     1    0.005763    0.122075    0.052864  200.052856 ^ duty[8] (in)
                                                         duty[8] (net)
                      0.122075    0.000000  200.052856 ^ input9/I (gf180mcu_fd_sc_mcu7t5v0__buf_2)
     2    0.009448    0.103143    0.176598  200.229462 ^ input9/Z (gf180mcu_fd_sc_mcu7t5v0__buf_2)
                                                         net9 (net)
                      0.103143    0.000156  200.229614 ^ _078_/I (gf180mcu_fd_sc_mcu7t5v0__clkinv_1)
     8    0.042047    0.539140    0.386166  200.615784 v _078_/ZN (gf180mcu_fd_sc_mcu7t5v0__clkinv_1)
                                                         _031_ (net)
                      0.539143    0.000782  200.616562 v _090_/A2 (gf180mcu_fd_sc_mcu7t5v0__nand2_1)
     2    0.015543    0.365451    0.375223  200.991791 ^ _090_/ZN (gf180mcu_fd_sc_mcu7t5v0__nand2_1)
                                                         _043_ (net)
                      0.365451    0.000185  200.991974 ^ _092_/A3 (gf180mcu_fd_sc_mcu7t5v0__and4_1)
     1    0.006485    0.186820    0.438078  201.430054 ^ _092_/Z (gf180mcu_fd_sc_mcu7t5v0__and4_1)
                                                         _045_ (net)
                      0.186820    0.000142  201.430191 ^ _098_/A1 (gf180mcu_fd_sc_mcu7t5v0__nand4_1)
     1    0.007304    0.284948    0.191363  201.621552 v _098_/ZN (gf180mcu_fd_sc_mcu7t5v0__nand4_1)
                                                         _051_ (net)
                      0.284948    0.000114  201.621658 v _099_/A3 (gf180mcu_fd_sc_mcu7t5v0__nand3_1)
     1    0.005555    0.254166    0.247240  201.868912 ^ _099_/ZN (gf180mcu_fd_sc_mcu7t5v0__nand3_1)
                                                         _052_ (net)
                      0.254166    0.000057  201.868958 ^ _123_/A1 (gf180mcu_fd_sc_mcu7t5v0__aoi21_1)
     1    0.003390    0.251730    0.102176  201.971146 v _123_/ZN (gf180mcu_fd_sc_mcu7t5v0__aoi21_1)
                                                         _000_ (net)
                      0.251730    0.000071  201.971207 v _152_/D (gf180mcu_fd_sc_mcu7t5v0__dffq_1)
                                            201.971207   data arrival time

                               1000.000000 1000.000000   clock clk (rise edge)
                                  0.000000 1000.000000   clock source latency
     1    0.030984    0.138566    0.065256 1000.065308 ^ clk (in)
                                                         clk (net)
                      0.138569    0.000000 1000.065308 ^ clkbuf_0_clk/I (gf180mcu_fd_sc_mcu7t5v0__clkbuf_16)
     4    0.098350    0.131903    0.224873 1000.290161 ^ clkbuf_0_clk/Z (gf180mcu_fd_sc_mcu7t5v0__clkbuf_16)
                                                         clknet_0_clk (net)
                      0.131903    0.000341 1000.290466 ^ clkbuf_2_2__f_clk/I (gf180mcu_fd_sc_mcu7t5v0__clkbuf_16)
     5    0.026583    0.075213    0.184059 1000.474548 ^ clkbuf_2_2__f_clk/Z (gf180mcu_fd_sc_mcu7t5v0__clkbuf_16)
                                                         clknet_2_2__leaf_clk (net)
                      0.075213    0.000114 1000.474670 ^ _152_/CLK (gf180mcu_fd_sc_mcu7t5v0__dffq_1)
                                 -0.250000 1000.224670   clock uncertainty
                                  0.000000 1000.224670   clock reconvergence pessimism
                                 -0.239734  999.984924   library setup time
                                            999.984924   data required time
---------------------------------------------------------------------------------------------
                                            999.984924   data required time
                                           -201.971207   data arrival time
---------------------------------------------------------------------------------------------
                                            798.013672   slack (MET)




===========================================================================
report_checks --slack_max -0.01
============================================================================
======================= max_ff_n40C_3v60 Corner ===================================

No paths found.


===========================================================================
 report_check_types -max_slew -max_cap -max_fanout -violators
============================================================================
======================= max_ff_n40C_3v60 Corner ===================================



===========================================================================
report_parasitic_annotation -report_unannotated
============================================================================
Found 1 unannotated drivers.
 clkload0/Z
Found 0 partially unannotated drivers.

===========================================================================
max slew violation count 0
max fanout violation count 0
max cap violation count 0
============================================================================

===========================================================================
check_setup -verbose -unconstrained_endpoints -multiple_clock -no_clock -no_input_delay -loops -generated_clocks
===========================================================================
