
===========================================================================
report_checks -path_delay min (Hold)
============================================================================
======================= max_ff_n40C_3v60 Corner ===================================

Startpoint: _170_ (rising edge-triggered flip-flop clocked by clk)
Endpoint: _170_ (rising edge-triggered flip-flop clocked by clk)
Path Group: clk
Path Type: min

Fanout         Cap        Slew       Delay        Time   Description
---------------------------------------------------------------------------------------------
                                  0.000000    0.000000   clock clk (rise edge)
                                  0.000000    0.000000   clock source latency
     1    0.030984    0.138566    0.065222    0.065222 ^ clk (in)
                                                         clk (net)
                      0.138569    0.000000    0.065222 ^ clkbuf_0_clk/I (gf180mcu_fd_sc_mcu7t5v0__clkbuf_16)
     4    0.098350    0.131903    0.224879    0.290101 ^ clkbuf_0_clk/Z (gf180mcu_fd_sc_mcu7t5v0__clkbuf_16)
                                                         clknet_0_clk (net)
                      0.131903    0.000408    0.290509 ^ clkbuf_2_2__f_clk/I (gf180mcu_fd_sc_mcu7t5v0__clkbuf_16)
     5    0.026583    0.075213    0.183988    0.474497 ^ clkbuf_2_2__f_clk/Z (gf180mcu_fd_sc_mcu7t5v0__clkbuf_16)
                                                         clknet_2_2__leaf_clk (net)
                      0.075213    0.000209    0.474706 ^ _170_/CLK (gf180mcu_fd_sc_mcu7t5v0__dffq_1)
     2    0.011591    0.138018    0.547284    1.021991 v _170_/Q (gf180mcu_fd_sc_mcu7t5v0__dffq_1)
                                                         active_enable (net)
                      0.138018    0.000167    1.022157 v _100_/A1 (gf180mcu_fd_sc_mcu7t5v0__nand2_1)
     1    0.005217    0.140442    0.120307    1.142464 ^ _100_/ZN (gf180mcu_fd_sc_mcu7t5v0__nand2_1)
                                                         _053_ (net)
                      0.140442    0.000093    1.142558 ^ _151_/A2 (gf180mcu_fd_sc_mcu7t5v0__aoi21_1)
     1    0.002817    0.090764    0.080143    1.222700 v _151_/ZN (gf180mcu_fd_sc_mcu7t5v0__aoi21_1)
                                                         _018_ (net)
                      0.090764    0.000026    1.222726 v _170_/D (gf180mcu_fd_sc_mcu7t5v0__dffq_1)
                                              1.222726   data arrival time

                                  0.000000    0.000000   clock clk (rise edge)
                                  0.000000    0.000000   clock source latency
     1    0.030984    0.138566    0.072087    0.072087 ^ clk (in)
                                                         clk (net)
                      0.138569    0.000000    0.072087 ^ clkbuf_0_clk/I (gf180mcu_fd_sc_mcu7t5v0__clkbuf_16)
     4    0.098350    0.131903    0.248551    0.320638 ^ clkbuf_0_clk/Z (gf180mcu_fd_sc_mcu7t5v0__clkbuf_16)
                                                         clknet_0_clk (net)
                      0.131903    0.000451    0.321089 ^ clkbuf_2_2__f_clk/I (gf180mcu_fd_sc_mcu7t5v0__clkbuf_16)
     5    0.026583    0.075213    0.203356    0.524445 ^ clkbuf_2_2__f_clk/Z (gf180mcu_fd_sc_mcu7t5v0__clkbuf_16)
                                                         clknet_2_2__leaf_clk (net)
                      0.075213    0.000231    0.524675 ^ _170_/CLK (gf180mcu_fd_sc_mcu7t5v0__dffq_1)
                                  0.250000    0.774675   clock uncertainty
                                 -0.049969    0.724706   clock reconvergence pessimism
                                  0.055368    0.780074   library hold time
                                              0.780074   data required time
---------------------------------------------------------------------------------------------
                                              0.780074   data required time
                                             -1.222726   data arrival time
---------------------------------------------------------------------------------------------
                                              0.442653   slack (MET)


Startpoint: _153_ (rising edge-triggered flip-flop clocked by clk)
Endpoint: _153_ (rising edge-triggered flip-flop clocked by clk)
Path Group: clk
Path Type: min

Fanout         Cap        Slew       Delay        Time   Description
---------------------------------------------------------------------------------------------
                                  0.000000    0.000000   clock clk (rise edge)
                                  0.000000    0.000000   clock source latency
     1    0.030984    0.138566    0.065222    0.065222 ^ clk (in)
                                                         clk (net)
                      0.138569    0.000000    0.065222 ^ clkbuf_0_clk/I (gf180mcu_fd_sc_mcu7t5v0__clkbuf_16)
     4    0.098350    0.131903    0.224879    0.290101 ^ clkbuf_0_clk/Z (gf180mcu_fd_sc_mcu7t5v0__clkbuf_16)
                                                         clknet_0_clk (net)
                      0.131904    0.000759    0.290860 ^ clkbuf_2_1__f_clk/I (gf180mcu_fd_sc_mcu7t5v0__clkbuf_16)
     5    0.027476    0.075911    0.184599    0.475459 ^ clkbuf_2_1__f_clk/Z (gf180mcu_fd_sc_mcu7t5v0__clkbuf_16)
                                                         clknet_2_1__leaf_clk (net)
                      0.075911    0.000218    0.475677 ^ _153_/CLK (gf180mcu_fd_sc_mcu7t5v0__dffq_1)
     6    0.032629    0.284619    0.649476    1.125154 v _153_/Q (gf180mcu_fd_sc_mcu7t5v0__dffq_1)
                                                         counter[0] (net)
                      0.284621    0.000475    1.125629 v _124_/A1 (gf180mcu_fd_sc_mcu7t5v0__nand2_1)
     1    0.002725    0.132230    0.131804    1.257433 ^ _124_/ZN (gf180mcu_fd_sc_mcu7t5v0__nand2_1)
                                                         _001_ (net)
                      0.132230    0.000024    1.257457 ^ _153_/D (gf180mcu_fd_sc_mcu7t5v0__dffq_1)
                                              1.257457   data arrival time

                                  0.000000    0.000000   clock clk (rise edge)
                                  0.000000    0.000000   clock source latency
     1    0.030984    0.138566    0.072087    0.072087 ^ clk (in)
                                                         clk (net)
                      0.138569    0.000000    0.072087 ^ clkbuf_0_clk/I (gf180mcu_fd_sc_mcu7t5v0__clkbuf_16)
     4    0.098350    0.131903    0.248551    0.320638 ^ clkbuf_0_clk/Z (gf180mcu_fd_sc_mcu7t5v0__clkbuf_16)
                                                         clknet_0_clk (net)
                      0.131904    0.000839    0.321477 ^ clkbuf_2_1__f_clk/I (gf180mcu_fd_sc_mcu7t5v0__clkbuf_16)
     5    0.027476    0.075911    0.204031    0.525508 ^ clkbuf_2_1__f_clk/Z (gf180mcu_fd_sc_mcu7t5v0__clkbuf_16)
                                                         clknet_2_1__leaf_clk (net)
                      0.075911    0.000241    0.525748 ^ _153_/CLK (gf180mcu_fd_sc_mcu7t5v0__dffq_1)
                                  0.250000    0.775748   clock uncertainty
                                 -0.050071    0.725677   clock reconvergence pessimism
                                  0.024844    0.750521   library hold time
                                              0.750521   data required time
---------------------------------------------------------------------------------------------
                                              0.750521   data required time
                                             -1.257457   data arrival time
---------------------------------------------------------------------------------------------
                                              0.506935   slack (MET)


Startpoint: _169_ (rising edge-triggered flip-flop clocked by clk)
Endpoint: _169_ (rising edge-triggered flip-flop clocked by clk)
Path Group: clk
Path Type: min

Fanout         Cap        Slew       Delay        Time   Description
---------------------------------------------------------------------------------------------
                                  0.000000    0.000000   clock clk (rise edge)
                                  0.000000    0.000000   clock source latency
     1    0.030984    0.138566    0.065222    0.065222 ^ clk (in)
                                                         clk (net)
                      0.138569    0.000000    0.065222 ^ clkbuf_0_clk/I (gf180mcu_fd_sc_mcu7t5v0__clkbuf_16)
     4    0.098350    0.131903    0.224879    0.290101 ^ clkbuf_0_clk/Z (gf180mcu_fd_sc_mcu7t5v0__clkbuf_16)
                                                         clknet_0_clk (net)
                      0.131903    0.000408    0.290509 ^ clkbuf_2_2__f_clk/I (gf180mcu_fd_sc_mcu7t5v0__clkbuf_16)
     5    0.026583    0.075213    0.183988    0.474497 ^ clkbuf_2_2__f_clk/Z (gf180mcu_fd_sc_mcu7t5v0__clkbuf_16)
                                                         clknet_2_2__leaf_clk (net)
                      0.075214    0.000407    0.474904 ^ _169_/CLK (gf180mcu_fd_sc_mcu7t5v0__dffq_1)
     2    0.010572    0.130561    0.541248    1.016153 v _169_/Q (gf180mcu_fd_sc_mcu7t5v0__dffq_1)
                                                         active_duty[8] (net)
                      0.130561    0.000156    1.016308 v _149_/A1 (gf180mcu_fd_sc_mcu7t5v0__oai21_1)
     1    0.005113    0.225266    0.175224    1.191532 ^ _149_/ZN (gf180mcu_fd_sc_mcu7t5v0__oai21_1)
                                                         _028_ (net)
                      0.225266    0.000098    1.191630 ^ _150_/A2 (gf180mcu_fd_sc_mcu7t5v0__nor2_1)
     1    0.002908    0.119929    0.101261    1.292891 v _150_/ZN (gf180mcu_fd_sc_mcu7t5v0__nor2_1)
                                                         _017_ (net)
                      0.119929    0.000027    1.292918 v _169_/D (gf180mcu_fd_sc_mcu7t5v0__dffq_1)
                                              1.292918   data arrival time

                                  0.000000    0.000000   clock clk (rise edge)
                                  0.000000    0.000000   clock source latency
     1    0.030984    0.138566    0.072087    0.072087 ^ clk (in)
                                                         clk (net)
                      0.138569    0.000000    0.072087 ^ clkbuf_0_clk/I (gf180mcu_fd_sc_mcu7t5v0__clkbuf_16)
     4    0.098350    0.131903    0.248551    0.320638 ^ clkbuf_0_clk/Z (gf180mcu_fd_sc_mcu7t5v0__clkbuf_16)
                                                         clknet_0_clk (net)
                      0.131903    0.000451    0.321089 ^ clkbuf_2_2__f_clk/I (gf180mcu_fd_sc_mcu7t5v0__clkbuf_16)
     5    0.026583    0.075213    0.203356    0.524445 ^ clkbuf_2_2__f_clk/Z (gf180mcu_fd_sc_mcu7t5v0__clkbuf_16)
                                                         clknet_2_2__leaf_clk (net)
                      0.075214    0.000450    0.524894 ^ _169_/CLK (gf180mcu_fd_sc_mcu7t5v0__dffq_1)
                                  0.250000    0.774894   clock uncertainty
                                 -0.049990    0.724904   clock reconvergence pessimism
                                  0.050005    0.774909   library hold time
                                              0.774909   data required time
---------------------------------------------------------------------------------------------
                                              0.774909   data required time
                                             -1.292918   data arrival time
---------------------------------------------------------------------------------------------
                                              0.518008   slack (MET)


Startpoint: _161_ (rising edge-triggered flip-flop clocked by clk)
Endpoint: _161_ (rising edge-triggered flip-flop clocked by clk)
Path Group: clk
Path Type: min

Fanout         Cap        Slew       Delay        Time   Description
---------------------------------------------------------------------------------------------
                                  0.000000    0.000000   clock clk (rise edge)
                                  0.000000    0.000000   clock source latency
     1    0.030984    0.138566    0.065222    0.065222 ^ clk (in)
                                                         clk (net)
                      0.138569    0.000000    0.065222 ^ clkbuf_0_clk/I (gf180mcu_fd_sc_mcu7t5v0__clkbuf_16)
     4    0.098350    0.131903    0.224879    0.290101 ^ clkbuf_0_clk/Z (gf180mcu_fd_sc_mcu7t5v0__clkbuf_16)
                                                         clknet_0_clk (net)
                      0.131903    0.000692    0.290793 ^ clkbuf_2_0__f_clk/I (gf180mcu_fd_sc_mcu7t5v0__clkbuf_16)
     5    0.024021    0.073210    0.182369    0.473162 ^ clkbuf_2_0__f_clk/Z (gf180mcu_fd_sc_mcu7t5v0__clkbuf_16)
                                                         clknet_2_0__leaf_clk (net)
                      0.073210    0.000193    0.473355 ^ _161_/CLK (gf180mcu_fd_sc_mcu7t5v0__dffq_1)
     2    0.015533    0.165190    0.566530    1.039885 v _161_/Q (gf180mcu_fd_sc_mcu7t5v0__dffq_1)
                                                         active_duty[0] (net)
                      0.165190    0.000292    1.040177 v _132_/A1 (gf180mcu_fd_sc_mcu7t5v0__nor2_1)
     1    0.004477    0.208844    0.157607    1.197785 ^ _132_/ZN (gf180mcu_fd_sc_mcu7t5v0__nor2_1)
                                                         _019_ (net)
                      0.208844    0.000082    1.197867 ^ _133_/B (gf180mcu_fd_sc_mcu7t5v0__aoi211_1)
     1    0.003017    0.114532    0.137025    1.334891 v _133_/ZN (gf180mcu_fd_sc_mcu7t5v0__aoi211_1)
                                                         _009_ (net)
                      0.114532    0.000028    1.334920 v _161_/D (gf180mcu_fd_sc_mcu7t5v0__dffq_1)
                                              1.334920   data arrival time

                                  0.000000    0.000000   clock clk (rise edge)
                                  0.000000    0.000000   clock source latency
     1    0.030984    0.138566    0.072087    0.072087 ^ clk (in)
                                                         clk (net)
                      0.138569    0.000000    0.072087 ^ clkbuf_0_clk/I (gf180mcu_fd_sc_mcu7t5v0__clkbuf_16)
     4    0.098350    0.131903    0.248551    0.320638 ^ clkbuf_0_clk/Z (gf180mcu_fd_sc_mcu7t5v0__clkbuf_16)
                                                         clknet_0_clk (net)
                      0.131903    0.000765    0.321403 ^ clkbuf_2_0__f_clk/I (gf180mcu_fd_sc_mcu7t5v0__clkbuf_16)
     5    0.024021    0.073210    0.201565    0.522968 ^ clkbuf_2_0__f_clk/Z (gf180mcu_fd_sc_mcu7t5v0__clkbuf_16)
                                                         clknet_2_0__leaf_clk (net)
                      0.073210    0.000214    0.523182 ^ _161_/CLK (gf180mcu_fd_sc_mcu7t5v0__dffq_1)
                                  0.250000    0.773182   clock uncertainty
                                 -0.049827    0.723355   clock reconvergence pessimism
                                  0.050555    0.773910   library hold time
                                              0.773910   data required time
---------------------------------------------------------------------------------------------
                                              0.773910   data required time
                                             -1.334920   data arrival time
---------------------------------------------------------------------------------------------
                                              0.561010   slack (MET)


Startpoint: _168_ (rising edge-triggered flip-flop clocked by clk)
Endpoint: _168_ (rising edge-triggered flip-flop clocked by clk)
Path Group: clk
Path Type: min

Fanout         Cap        Slew       Delay        Time   Description
---------------------------------------------------------------------------------------------
                                  0.000000    0.000000   clock clk (rise edge)
                                  0.000000    0.000000   clock source latency
     1    0.030984    0.138566    0.065222    0.065222 ^ clk (in)
                                                         clk (net)
                      0.138569    0.000000    0.065222 ^ clkbuf_0_clk/I (gf180mcu_fd_sc_mcu7t5v0__clkbuf_16)
     4    0.098350    0.131903    0.224879    0.290101 ^ clkbuf_0_clk/Z (gf180mcu_fd_sc_mcu7t5v0__clkbuf_16)
                                                         clknet_0_clk (net)
                      0.131903    0.000408    0.290509 ^ clkbuf_2_2__f_clk/I (gf180mcu_fd_sc_mcu7t5v0__clkbuf_16)
     5    0.026583    0.075213    0.183988    0.474497 ^ clkbuf_2_2__f_clk/Z (gf180mcu_fd_sc_mcu7t5v0__clkbuf_16)
                                                         clknet_2_2__leaf_clk (net)
                      0.075214    0.000439    0.474936 ^ _168_/CLK (gf180mcu_fd_sc_mcu7t5v0__dffq_1)
     3    0.024173    0.224568    0.609320    1.084256 v _168_/Q (gf180mcu_fd_sc_mcu7t5v0__dffq_1)
                                                         active_duty[7] (net)
                      0.224568    0.000233    1.084489 v _147_/A1 (gf180mcu_fd_sc_mcu7t5v0__aoi22_1)
     1    0.004693    0.183775    0.160466    1.244955 ^ _147_/ZN (gf180mcu_fd_sc_mcu7t5v0__aoi22_1)
                                                         _027_ (net)
                      0.183775    0.000043    1.244998 ^ _148_/A2 (gf180mcu_fd_sc_mcu7t5v0__nor2_1)
     1    0.002725    0.109159    0.096610    1.341609 v _148_/ZN (gf180mcu_fd_sc_mcu7t5v0__nor2_1)
                                                         _016_ (net)
                      0.109159    0.000024    1.341633 v _168_/D (gf180mcu_fd_sc_mcu7t5v0__dffq_1)
                                              1.341633   data arrival time

                                  0.000000    0.000000   clock clk (rise edge)
                                  0.000000    0.000000   clock source latency
     1    0.030984    0.138566    0.072087    0.072087 ^ clk (in)
                                                         clk (net)
                      0.138569    0.000000    0.072087 ^ clkbuf_0_clk/I (gf180mcu_fd_sc_mcu7t5v0__clkbuf_16)
     4    0.098350    0.131903    0.248551    0.320638 ^ clkbuf_0_clk/Z (gf180mcu_fd_sc_mcu7t5v0__clkbuf_16)
                                                         clknet_0_clk (net)
                      0.131903    0.000451    0.321089 ^ clkbuf_2_2__f_clk/I (gf180mcu_fd_sc_mcu7t5v0__clkbuf_16)
     5    0.026583    0.075213    0.203356    0.524445 ^ clkbuf_2_2__f_clk/Z (gf180mcu_fd_sc_mcu7t5v0__clkbuf_16)
                                                         clknet_2_2__leaf_clk (net)
                      0.075214    0.000485    0.524930 ^ _168_/CLK (gf180mcu_fd_sc_mcu7t5v0__dffq_1)
                                  0.250000    0.774930   clock uncertainty
                                 -0.049993    0.724936   clock reconvergence pessimism
                                  0.051985    0.776922   library hold time
                                              0.776922   data required time
---------------------------------------------------------------------------------------------
                                              0.776922   data required time
                                             -1.341633   data arrival time
---------------------------------------------------------------------------------------------
                                              0.564711   slack (MET)


Startpoint: _167_ (rising edge-triggered flip-flop clocked by clk)
Endpoint: _167_ (rising edge-triggered flip-flop clocked by clk)
Path Group: clk
Path Type: min

Fanout         Cap        Slew       Delay        Time   Description
---------------------------------------------------------------------------------------------
                                  0.000000    0.000000   clock clk (rise edge)
                                  0.000000    0.000000   clock source latency
     1    0.030984    0.138566    0.065222    0.065222 ^ clk (in)
                                                         clk (net)
                      0.138569    0.000000    0.065222 ^ clkbuf_0_clk/I (gf180mcu_fd_sc_mcu7t5v0__clkbuf_16)
     4    0.098350    0.131903    0.224879    0.290101 ^ clkbuf_0_clk/Z (gf180mcu_fd_sc_mcu7t5v0__clkbuf_16)
                                                         clknet_0_clk (net)
                      0.131903    0.000408    0.290509 ^ clkbuf_2_2__f_clk/I (gf180mcu_fd_sc_mcu7t5v0__clkbuf_16)
     5    0.026583    0.075213    0.183988    0.474497 ^ clkbuf_2_2__f_clk/Z (gf180mcu_fd_sc_mcu7t5v0__clkbuf_16)
                                                         clknet_2_2__leaf_clk (net)
                      0.075213    0.000307    0.474805 ^ _167_/CLK (gf180mcu_fd_sc_mcu7t5v0__dffq_1)
     3    0.023786    0.221860    0.607397    1.082202 v _167_/Q (gf180mcu_fd_sc_mcu7t5v0__dffq_1)
                                                         active_duty[6] (net)
                      0.221861    0.000319    1.082521 v _145_/A1 (gf180mcu_fd_sc_mcu7t5v0__aoi22_1)
     1    0.005135    0.191006    0.164612    1.247133 ^ _145_/ZN (gf180mcu_fd_sc_mcu7t5v0__aoi22_1)
                                                         _026_ (net)
                      0.191006    0.000096    1.247229 ^ _146_/A2 (gf180mcu_fd_sc_mcu7t5v0__nor2_1)
     1    0.003153    0.114247    0.100361    1.347589 v _146_/ZN (gf180mcu_fd_sc_mcu7t5v0__nor2_1)
                                                         _015_ (net)
                      0.114247    0.000030    1.347619 v _167_/D (gf180mcu_fd_sc_mcu7t5v0__dffq_1)
                                              1.347619   data arrival time

                                  0.000000    0.000000   clock clk (rise edge)
                                  0.000000    0.000000   clock source latency
     1    0.030984    0.138566    0.072087    0.072087 ^ clk (in)
                                                         clk (net)
                      0.138569    0.000000    0.072087 ^ clkbuf_0_clk/I (gf180mcu_fd_sc_mcu7t5v0__clkbuf_16)
     4    0.098350    0.131903    0.248551    0.320638 ^ clkbuf_0_clk/Z (gf180mcu_fd_sc_mcu7t5v0__clkbuf_16)
                                                         clknet_0_clk (net)
                      0.131903    0.000451    0.321089 ^ clkbuf_2_2__f_clk/I (gf180mcu_fd_sc_mcu7t5v0__clkbuf_16)
     5    0.026583    0.075213    0.203356    0.524445 ^ clkbuf_2_2__f_clk/Z (gf180mcu_fd_sc_mcu7t5v0__clkbuf_16)
                                                         clknet_2_2__leaf_clk (net)
                      0.075213    0.000340    0.524784 ^ _167_/CLK (gf180mcu_fd_sc_mcu7t5v0__dffq_1)
                                  0.250000    0.774784   clock uncertainty
                                 -0.049979    0.724805   clock reconvergence pessimism
                                  0.051050    0.775855   library hold time
                                              0.775855   data required time
---------------------------------------------------------------------------------------------
                                              0.775855   data required time
                                             -1.347619   data arrival time
---------------------------------------------------------------------------------------------
                                              0.571764   slack (MET)


Startpoint: _162_ (rising edge-triggered flip-flop clocked by clk)
Endpoint: _162_ (rising edge-triggered flip-flop clocked by clk)
Path Group: clk
Path Type: min

Fanout         Cap        Slew       Delay        Time   Description
---------------------------------------------------------------------------------------------
                                  0.000000    0.000000   clock clk (rise edge)
                                  0.000000    0.000000   clock source latency
     1    0.030984    0.138566    0.065222    0.065222 ^ clk (in)
                                                         clk (net)
                      0.138569    0.000000    0.065222 ^ clkbuf_0_clk/I (gf180mcu_fd_sc_mcu7t5v0__clkbuf_16)
     4    0.098350    0.131903    0.224879    0.290101 ^ clkbuf_0_clk/Z (gf180mcu_fd_sc_mcu7t5v0__clkbuf_16)
                                                         clknet_0_clk (net)
                      0.131903    0.000692    0.290793 ^ clkbuf_2_0__f_clk/I (gf180mcu_fd_sc_mcu7t5v0__clkbuf_16)
     5    0.024021    0.073210    0.182369    0.473162 ^ clkbuf_2_0__f_clk/Z (gf180mcu_fd_sc_mcu7t5v0__clkbuf_16)
                                                         clknet_2_0__leaf_clk (net)
                      0.073210    0.000197    0.473359 ^ _162_/CLK (gf180mcu_fd_sc_mcu7t5v0__dffq_1)
     3    0.014610    0.158961    0.562120    1.035478 v _162_/Q (gf180mcu_fd_sc_mcu7t5v0__dffq_1)
                                                         active_duty[1] (net)
                      0.158961    0.000194    1.035672 v _134_/A1 (gf180mcu_fd_sc_mcu7t5v0__nor2_1)
     1    0.005194    0.225272    0.165809    1.201481 ^ _134_/ZN (gf180mcu_fd_sc_mcu7t5v0__nor2_1)
                                                         _020_ (net)
                      0.225272    0.000099    1.201580 ^ _135_/B (gf180mcu_fd_sc_mcu7t5v0__aoi211_1)
     1    0.003533    0.133767    0.143504    1.345084 v _135_/ZN (gf180mcu_fd_sc_mcu7t5v0__aoi211_1)
                                                         _010_ (net)
                      0.133767    0.000036    1.345120 v _162_/D (gf180mcu_fd_sc_mcu7t5v0__dffq_1)
                                              1.345120   data arrival time

                                  0.000000    0.000000   clock clk (rise edge)
                                  0.000000    0.000000   clock source latency
     1    0.030984    0.138566    0.072087    0.072087 ^ clk (in)
                                                         clk (net)
                      0.138569    0.000000    0.072087 ^ clkbuf_0_clk/I (gf180mcu_fd_sc_mcu7t5v0__clkbuf_16)
     4    0.098350    0.131903    0.248551    0.320638 ^ clkbuf_0_clk/Z (gf180mcu_fd_sc_mcu7t5v0__clkbuf_16)
                                                         clknet_0_clk (net)
                      0.131903    0.000765    0.321403 ^ clkbuf_2_0__f_clk/I (gf180mcu_fd_sc_mcu7t5v0__clkbuf_16)
     5    0.024021    0.073210    0.201565    0.522968 ^ clkbuf_2_0__f_clk/Z (gf180mcu_fd_sc_mcu7t5v0__clkbuf_16)
                                                         clknet_2_0__leaf_clk (net)
                      0.073210    0.000218    0.523186 ^ _162_/CLK (gf180mcu_fd_sc_mcu7t5v0__dffq_1)
                                  0.250000    0.773186   clock uncertainty
                                 -0.049827    0.723359   clock reconvergence pessimism
                                  0.047035    0.770394   library hold time
                                              0.770394   data required time
---------------------------------------------------------------------------------------------
                                              0.770394   data required time
                                             -1.345120   data arrival time
---------------------------------------------------------------------------------------------
                                              0.574726   slack (MET)


Startpoint: _164_ (rising edge-triggered flip-flop clocked by clk)
Endpoint: _164_ (rising edge-triggered flip-flop clocked by clk)
Path Group: clk
Path Type: min

Fanout         Cap        Slew       Delay        Time   Description
---------------------------------------------------------------------------------------------
                                  0.000000    0.000000   clock clk (rise edge)
                                  0.000000    0.000000   clock source latency
     1    0.030984    0.138566    0.065222    0.065222 ^ clk (in)
                                                         clk (net)
                      0.138569    0.000000    0.065222 ^ clkbuf_0_clk/I (gf180mcu_fd_sc_mcu7t5v0__clkbuf_16)
     4    0.098350    0.131903    0.224879    0.290101 ^ clkbuf_0_clk/Z (gf180mcu_fd_sc_mcu7t5v0__clkbuf_16)
                                                         clknet_0_clk (net)
                      0.131903    0.000692    0.290793 ^ clkbuf_2_0__f_clk/I (gf180mcu_fd_sc_mcu7t5v0__clkbuf_16)
     5    0.024021    0.073210    0.182369    0.473162 ^ clkbuf_2_0__f_clk/Z (gf180mcu_fd_sc_mcu7t5v0__clkbuf_16)
                                                         clknet_2_0__leaf_clk (net)
                      0.073210    0.000136    0.473297 ^ _164_/CLK (gf180mcu_fd_sc_mcu7t5v0__dffq_1)
     2    0.012188    0.142510    0.550261    1.023558 v _164_/Q (gf180mcu_fd_sc_mcu7t5v0__dffq_1)
                                                         active_duty[3] (net)
                      0.142510    0.000164    1.023722 v _138_/A1 (gf180mcu_fd_sc_mcu7t5v0__oai21_1)
     1    0.006952    0.253484    0.203874    1.227596 ^ _138_/ZN (gf180mcu_fd_sc_mcu7t5v0__oai21_1)
                                                         _022_ (net)
                      0.253484    0.000144    1.227740 ^ _139_/B (gf180mcu_fd_sc_mcu7t5v0__aoi21_1)
     1    0.002789    0.107767    0.124109    1.351849 v _139_/ZN (gf180mcu_fd_sc_mcu7t5v0__aoi21_1)
                                                         _012_ (net)
                      0.107767    0.000025    1.351875 v _164_/D (gf180mcu_fd_sc_mcu7t5v0__dffq_1)
                                              1.351875   data arrival time

                                  0.000000    0.000000   clock clk (rise edge)
                                  0.000000    0.000000   clock source latency
     1    0.030984    0.138566    0.072087    0.072087 ^ clk (in)
                                                         clk (net)
                      0.138569    0.000000    0.072087 ^ clkbuf_0_clk/I (gf180mcu_fd_sc_mcu7t5v0__clkbuf_16)
     4    0.098350    0.131903    0.248551    0.320638 ^ clkbuf_0_clk/Z (gf180mcu_fd_sc_mcu7t5v0__clkbuf_16)
                                                         clknet_0_clk (net)
                      0.131903    0.000765    0.321403 ^ clkbuf_2_0__f_clk/I (gf180mcu_fd_sc_mcu7t5v0__clkbuf_16)
     5    0.024021    0.073210    0.201565    0.522968 ^ clkbuf_2_0__f_clk/Z (gf180mcu_fd_sc_mcu7t5v0__clkbuf_16)
                                                         clknet_2_0__leaf_clk (net)
                      0.073210    0.000150    0.523118 ^ _164_/CLK (gf180mcu_fd_sc_mcu7t5v0__dffq_1)
                                  0.250000    0.773118   clock uncertainty
                                 -0.049821    0.723297   clock reconvergence pessimism
                                  0.051793    0.775090   library hold time
                                              0.775090   data required time
---------------------------------------------------------------------------------------------
                                              0.775090   data required time
                                             -1.351875   data arrival time
---------------------------------------------------------------------------------------------
                                              0.576784   slack (MET)


Startpoint: _166_ (rising edge-triggered flip-flop clocked by clk)
Endpoint: _166_ (rising edge-triggered flip-flop clocked by clk)
Path Group: clk
Path Type: min

Fanout         Cap        Slew       Delay        Time   Description
---------------------------------------------------------------------------------------------
                                  0.000000    0.000000   clock clk (rise edge)
                                  0.000000    0.000000   clock source latency
     1    0.030984    0.138566    0.065222    0.065222 ^ clk (in)
                                                         clk (net)
                      0.138569    0.000000    0.065222 ^ clkbuf_0_clk/I (gf180mcu_fd_sc_mcu7t5v0__clkbuf_16)
     4    0.098350    0.131903    0.224879    0.290101 ^ clkbuf_0_clk/Z (gf180mcu_fd_sc_mcu7t5v0__clkbuf_16)
                                                         clknet_0_clk (net)
                      0.131904    0.000759    0.290860 ^ clkbuf_2_1__f_clk/I (gf180mcu_fd_sc_mcu7t5v0__clkbuf_16)
     5    0.027476    0.075911    0.184599    0.475459 ^ clkbuf_2_1__f_clk/Z (gf180mcu_fd_sc_mcu7t5v0__clkbuf_16)
                                                         clknet_2_1__leaf_clk (net)
                      0.075911    0.000294    0.475753 ^ _166_/CLK (gf180mcu_fd_sc_mcu7t5v0__dffq_1)
     3    0.018088    0.182574    0.579758    1.055511 v _166_/Q (gf180mcu_fd_sc_mcu7t5v0__dffq_1)
                                                         active_duty[5] (net)
                      0.182574    0.000208    1.055719 v _142_/A1 (gf180mcu_fd_sc_mcu7t5v0__nor2_1)
     1    0.005251    0.227309    0.172713    1.228432 ^ _142_/ZN (gf180mcu_fd_sc_mcu7t5v0__nor2_1)
                                                         _024_ (net)
                      0.227309    0.000100    1.228532 ^ _143_/B (gf180mcu_fd_sc_mcu7t5v0__aoi211_1)
     1    0.003396    0.139971    0.142619    1.371151 v _143_/ZN (gf180mcu_fd_sc_mcu7t5v0__aoi211_1)
                                                         _014_ (net)
                      0.139971    0.000035    1.371186 v _166_/D (gf180mcu_fd_sc_mcu7t5v0__dffq_1)
                                              1.371186   data arrival time

                                  0.000000    0.000000   clock clk (rise edge)
                                  0.000000    0.000000   clock source latency
     1    0.030984    0.138566    0.072087    0.072087 ^ clk (in)
                                                         clk (net)
                      0.138569    0.000000    0.072087 ^ clkbuf_0_clk/I (gf180mcu_fd_sc_mcu7t5v0__clkbuf_16)
     4    0.098350    0.131903    0.248551    0.320638 ^ clkbuf_0_clk/Z (gf180mcu_fd_sc_mcu7t5v0__clkbuf_16)
                                                         clknet_0_clk (net)
                      0.131904    0.000839    0.321477 ^ clkbuf_2_1__f_clk/I (gf180mcu_fd_sc_mcu7t5v0__clkbuf_16)
     5    0.027476    0.075911    0.204031    0.525508 ^ clkbuf_2_1__f_clk/Z (gf180mcu_fd_sc_mcu7t5v0__clkbuf_16)
                                                         clknet_2_1__leaf_clk (net)
                      0.075911    0.000325    0.525833 ^ _166_/CLK (gf180mcu_fd_sc_mcu7t5v0__dffq_1)
                                  0.250000    0.775833   clock uncertainty
                                 -0.050079    0.725753   clock reconvergence pessimism
                                  0.046466    0.772219   library hold time
                                              0.772219   data required time
---------------------------------------------------------------------------------------------
                                              0.772219   data required time
                                             -1.371186   data arrival time
---------------------------------------------------------------------------------------------
                                              0.598967   slack (MET)


Startpoint: _163_ (rising edge-triggered flip-flop clocked by clk)
Endpoint: _163_ (rising edge-triggered flip-flop clocked by clk)
Path Group: clk
Path Type: min

Fanout         Cap        Slew       Delay        Time   Description
---------------------------------------------------------------------------------------------
                                  0.000000    0.000000   clock clk (rise edge)
                                  0.000000    0.000000   clock source latency
     1    0.030984    0.138566    0.065222    0.065222 ^ clk (in)
                                                         clk (net)
                      0.138569    0.000000    0.065222 ^ clkbuf_0_clk/I (gf180mcu_fd_sc_mcu7t5v0__clkbuf_16)
     4    0.098350    0.131903    0.224879    0.290101 ^ clkbuf_0_clk/Z (gf180mcu_fd_sc_mcu7t5v0__clkbuf_16)
                                                         clknet_0_clk (net)
                      0.131903    0.000692    0.290793 ^ clkbuf_2_0__f_clk/I (gf180mcu_fd_sc_mcu7t5v0__clkbuf_16)
     5    0.024021    0.073210    0.182369    0.473162 ^ clkbuf_2_0__f_clk/Z (gf180mcu_fd_sc_mcu7t5v0__clkbuf_16)
                                                         clknet_2_0__leaf_clk (net)
                      0.073210    0.000105    0.473267 ^ _163_/CLK (gf180mcu_fd_sc_mcu7t5v0__dffq_1)
     3    0.019667    0.193326    0.586826    1.060093 v _163_/Q (gf180mcu_fd_sc_mcu7t5v0__dffq_1)
                                                         active_duty[2] (net)
                      0.193327    0.000281    1.060375 v _136_/A1 (gf180mcu_fd_sc_mcu7t5v0__oai21_1)
     1    0.005040    0.227175    0.189841    1.250216 ^ _136_/ZN (gf180mcu_fd_sc_mcu7t5v0__oai21_1)
                                                         _021_ (net)
                      0.227175    0.000093    1.250309 ^ _137_/B (gf180mcu_fd_sc_mcu7t5v0__aoi21_1)
     1    0.003358    0.101733    0.125660    1.375969 v _137_/ZN (gf180mcu_fd_sc_mcu7t5v0__aoi21_1)
                                                         _011_ (net)
                      0.101733    0.000034    1.376003 v _163_/D (gf180mcu_fd_sc_mcu7t5v0__dffq_1)
                                              1.376003   data arrival time

                                  0.000000    0.000000   clock clk (rise edge)
                                  0.000000    0.000000   clock source latency
     1    0.030984    0.138566    0.072087    0.072087 ^ clk (in)
                                                         clk (net)
                      0.138569    0.000000    0.072087 ^ clkbuf_0_clk/I (gf180mcu_fd_sc_mcu7t5v0__clkbuf_16)
     4    0.098350    0.131903    0.248551    0.320638 ^ clkbuf_0_clk/Z (gf180mcu_fd_sc_mcu7t5v0__clkbuf_16)
                                                         clknet_0_clk (net)
                      0.131903    0.000765    0.321403 ^ clkbuf_2_0__f_clk/I (gf180mcu_fd_sc_mcu7t5v0__clkbuf_16)
     5    0.024021    0.073210    0.201565    0.522968 ^ clkbuf_2_0__f_clk/Z (gf180mcu_fd_sc_mcu7t5v0__clkbuf_16)
                                                         clknet_2_0__leaf_clk (net)
                      0.073210    0.000116    0.523084 ^ _163_/CLK (gf180mcu_fd_sc_mcu7t5v0__dffq_1)
                                  0.250000    0.773084   clock uncertainty
                                 -0.049817    0.723267   clock reconvergence pessimism
                                  0.052897    0.776164   library hold time
                                              0.776164   data required time
---------------------------------------------------------------------------------------------
                                              0.776164   data required time
                                             -1.376003   data arrival time
---------------------------------------------------------------------------------------------
                                              0.599839   slack (MET)


Startpoint: _165_ (rising edge-triggered flip-flop clocked by clk)
Endpoint: _165_ (rising edge-triggered flip-flop clocked by clk)
Path Group: clk
Path Type: min

Fanout         Cap        Slew       Delay        Time   Description
---------------------------------------------------------------------------------------------
                                  0.000000    0.000000   clock clk (rise edge)
                                  0.000000    0.000000   clock source latency
     1    0.030984    0.138566    0.065222    0.065222 ^ clk (in)
                                                         clk (net)
                      0.138569    0.000000    0.065222 ^ clkbuf_0_clk/I (gf180mcu_fd_sc_mcu7t5v0__clkbuf_16)
     4    0.098350    0.131903    0.224879    0.290101 ^ clkbuf_0_clk/Z (gf180mcu_fd_sc_mcu7t5v0__clkbuf_16)
                                                         clknet_0_clk (net)
                      0.131904    0.000759    0.290860 ^ clkbuf_2_1__f_clk/I (gf180mcu_fd_sc_mcu7t5v0__clkbuf_16)
     5    0.027476    0.075911    0.184599    0.475459 ^ clkbuf_2_1__f_clk/Z (gf180mcu_fd_sc_mcu7t5v0__clkbuf_16)
                                                         clknet_2_1__leaf_clk (net)
                      0.075911    0.000247    0.475707 ^ _165_/CLK (gf180mcu_fd_sc_mcu7t5v0__dffq_1)
     3    0.018121    0.182767    0.579833    1.055540 v _165_/Q (gf180mcu_fd_sc_mcu7t5v0__dffq_1)
                                                         active_duty[4] (net)
                      0.182767    0.000259    1.055799 v _140_/A1 (gf180mcu_fd_sc_mcu7t5v0__oai21_1)
     1    0.006456    0.246542    0.206504    1.262302 ^ _140_/ZN (gf180mcu_fd_sc_mcu7t5v0__oai21_1)
                                                         _023_ (net)
                      0.246542    0.000135    1.262438 ^ _141_/B (gf180mcu_fd_sc_mcu7t5v0__aoi21_1)
     1    0.003459    0.118274    0.128833    1.391270 v _141_/ZN (gf180mcu_fd_sc_mcu7t5v0__aoi21_1)
                                                         _013_ (net)
                      0.118274    0.000063    1.391333 v _165_/D (gf180mcu_fd_sc_mcu7t5v0__dffq_1)
                                              1.391333   data arrival time

                                  0.000000    0.000000   clock clk (rise edge)
                                  0.000000    0.000000   clock source latency
     1    0.030984    0.138566    0.072087    0.072087 ^ clk (in)
                                                         clk (net)
                      0.138569    0.000000    0.072087 ^ clkbuf_0_clk/I (gf180mcu_fd_sc_mcu7t5v0__clkbuf_16)
     4    0.098350    0.131903    0.248551    0.320638 ^ clkbuf_0_clk/Z (gf180mcu_fd_sc_mcu7t5v0__clkbuf_16)
                                                         clknet_0_clk (net)
                      0.131904    0.000839    0.321477 ^ clkbuf_2_1__f_clk/I (gf180mcu_fd_sc_mcu7t5v0__clkbuf_16)
     5    0.027476    0.075911    0.204031    0.525508 ^ clkbuf_2_1__f_clk/Z (gf180mcu_fd_sc_mcu7t5v0__clkbuf_16)
                                                         clknet_2_1__leaf_clk (net)
                      0.075911    0.000273    0.525781 ^ _165_/CLK (gf180mcu_fd_sc_mcu7t5v0__dffq_1)
                                  0.250000    0.775781   clock uncertainty
                                 -0.050074    0.725707   clock reconvergence pessimism
                                  0.050462    0.776169   library hold time
                                              0.776169   data required time
---------------------------------------------------------------------------------------------
                                              0.776169   data required time
                                             -1.391333   data arrival time
---------------------------------------------------------------------------------------------
                                              0.615164   slack (MET)


Startpoint: _170_ (rising edge-triggered flip-flop clocked by clk)
Endpoint: _152_ (rising edge-triggered flip-flop clocked by clk)
Path Group: clk
Path Type: min

Fanout         Cap        Slew       Delay        Time   Description
---------------------------------------------------------------------------------------------
                                  0.000000    0.000000   clock clk (rise edge)
                                  0.000000    0.000000   clock source latency
     1    0.030984    0.138566    0.065222    0.065222 ^ clk (in)
                                                         clk (net)
                      0.138569    0.000000    0.065222 ^ clkbuf_0_clk/I (gf180mcu_fd_sc_mcu7t5v0__clkbuf_16)
     4    0.098350    0.131903    0.224879    0.290101 ^ clkbuf_0_clk/Z (gf180mcu_fd_sc_mcu7t5v0__clkbuf_16)
                                                         clknet_0_clk (net)
                      0.131903    0.000408    0.290509 ^ clkbuf_2_2__f_clk/I (gf180mcu_fd_sc_mcu7t5v0__clkbuf_16)
     5    0.026583    0.075213    0.183988    0.474497 ^ clkbuf_2_2__f_clk/Z (gf180mcu_fd_sc_mcu7t5v0__clkbuf_16)
                                                         clknet_2_2__leaf_clk (net)
                      0.075213    0.000209    0.474706 ^ _170_/CLK (gf180mcu_fd_sc_mcu7t5v0__dffq_1)
     2    0.011591    0.138018    0.547284    1.021991 v _170_/Q (gf180mcu_fd_sc_mcu7t5v0__dffq_1)
                                                         active_enable (net)
                      0.138018    0.000156    1.022146 v _122_/B (gf180mcu_fd_sc_mcu7t5v0__oai211_1)
     1    0.012701    0.405272    0.280460    1.302606 ^ _122_/ZN (gf180mcu_fd_sc_mcu7t5v0__oai211_1)
                                                         _075_ (net)
                      0.405272    0.000382    1.302988 ^ _123_/A2 (gf180mcu_fd_sc_mcu7t5v0__aoi21_1)
     1    0.003390    0.107305    0.089609    1.392597 v _123_/ZN (gf180mcu_fd_sc_mcu7t5v0__aoi21_1)
                                                         _000_ (net)
                      0.107305    0.000059    1.392656 v _152_/D (gf180mcu_fd_sc_mcu7t5v0__dffq_1)
                                              1.392656   data arrival time

                                  0.000000    0.000000   clock clk (rise edge)
                                  0.000000    0.000000   clock source latency
     1    0.030984    0.138566    0.072087    0.072087 ^ clk (in)
                                                         clk (net)
                      0.138569    0.000000    0.072087 ^ clkbuf_0_clk/I (gf180mcu_fd_sc_mcu7t5v0__clkbuf_16)
     4    0.098350    0.131903    0.248551    0.320638 ^ clkbuf_0_clk/Z (gf180mcu_fd_sc_mcu7t5v0__clkbuf_16)
                                                         clknet_0_clk (net)
                      0.131903    0.000451    0.321089 ^ clkbuf_2_2__f_clk/I (gf180mcu_fd_sc_mcu7t5v0__clkbuf_16)
     5    0.026583    0.075213    0.203356    0.524445 ^ clkbuf_2_2__f_clk/Z (gf180mcu_fd_sc_mcu7t5v0__clkbuf_16)
                                                         clknet_2_2__leaf_clk (net)
                      0.075213    0.000219    0.524664 ^ _152_/CLK (gf180mcu_fd_sc_mcu7t5v0__dffq_1)
                                  0.250000    0.774664   clock uncertainty
                                 -0.049947    0.724717   clock reconvergence pessimism
                                  0.052326    0.777043   library hold time
                                              0.777043   data required time
---------------------------------------------------------------------------------------------
                                              0.777043   data required time
                                             -1.392656   data arrival time
---------------------------------------------------------------------------------------------
                                              0.615613   slack (MET)


Startpoint: _155_ (rising edge-triggered flip-flop clocked by clk)
Endpoint: _155_ (rising edge-triggered flip-flop clocked by clk)
Path Group: clk
Path Type: min

Fanout         Cap        Slew       Delay        Time   Description
---------------------------------------------------------------------------------------------
                                  0.000000    0.000000   clock clk (rise edge)
                                  0.000000    0.000000   clock source latency
     1    0.030984    0.138566    0.065222    0.065222 ^ clk (in)
                                                         clk (net)
                      0.138569    0.000000    0.065222 ^ clkbuf_0_clk/I (gf180mcu_fd_sc_mcu7t5v0__clkbuf_16)
     4    0.098350    0.131903    0.224879    0.290101 ^ clkbuf_0_clk/Z (gf180mcu_fd_sc_mcu7t5v0__clkbuf_16)
                                                         clknet_0_clk (net)
                      0.131904    0.000759    0.290860 ^ clkbuf_2_1__f_clk/I (gf180mcu_fd_sc_mcu7t5v0__clkbuf_16)
     5    0.027476    0.075911    0.184599    0.475459 ^ clkbuf_2_1__f_clk/Z (gf180mcu_fd_sc_mcu7t5v0__clkbuf_16)
                                                         clknet_2_1__leaf_clk (net)
                      0.075911    0.000142    0.475602 ^ _155_/CLK (gf180mcu_fd_sc_mcu7t5v0__dffq_1)
     3    0.012048    0.141583    0.550163    1.025764 v _155_/Q (gf180mcu_fd_sc_mcu7t5v0__dffq_1)
                                                         counter[2] (net)
                      0.141583    0.000164    1.025928 v _101_/B (gf180mcu_fd_sc_mcu7t5v0__aoi21_1)
     3    0.016849    0.424357    0.295335    1.321263 ^ _101_/ZN (gf180mcu_fd_sc_mcu7t5v0__aoi21_1)
                                                         _054_ (net)
                      0.424357    0.000257    1.321521 ^ _126_/A2 (gf180mcu_fd_sc_mcu7t5v0__oai21_1)
     1    0.003624    0.164019    0.132065    1.453585 v _126_/ZN (gf180mcu_fd_sc_mcu7t5v0__oai21_1)
                                                         _003_ (net)
                      0.164019    0.000067    1.453652 v _155_/D (gf180mcu_fd_sc_mcu7t5v0__dffq_1)
                                              1.453652   data arrival time

                                  0.000000    0.000000   clock clk (rise edge)
                                  0.000000    0.000000   clock source latency
     1    0.030984    0.138566    0.072087    0.072087 ^ clk (in)
                                                         clk (net)
                      0.138569    0.000000    0.072087 ^ clkbuf_0_clk/I (gf180mcu_fd_sc_mcu7t5v0__clkbuf_16)
     4    0.098350    0.131903    0.248551    0.320638 ^ clkbuf_0_clk/Z (gf180mcu_fd_sc_mcu7t5v0__clkbuf_16)
                                                         clknet_0_clk (net)
                      0.131904    0.000839    0.321477 ^ clkbuf_2_1__f_clk/I (gf180mcu_fd_sc_mcu7t5v0__clkbuf_16)
     5    0.027476    0.075911    0.204031    0.525508 ^ clkbuf_2_1__f_clk/Z (gf180mcu_fd_sc_mcu7t5v0__clkbuf_16)
                                                         clknet_2_1__leaf_clk (net)
                      0.075911    0.000157    0.525665 ^ _155_/CLK (gf180mcu_fd_sc_mcu7t5v0__dffq_1)
                                  0.250000    0.775665   clock uncertainty
                                 -0.050063    0.725601   clock reconvergence pessimism
                                  0.042037    0.767638   library hold time
                                              0.767638   data required time
---------------------------------------------------------------------------------------------
                                              0.767638   data required time
                                             -1.453652   data arrival time
---------------------------------------------------------------------------------------------
                                              0.686014   slack (MET)


Startpoint: _159_ (rising edge-triggered flip-flop clocked by clk)
Endpoint: _159_ (rising edge-triggered flip-flop clocked by clk)
Path Group: clk
Path Type: min

Fanout         Cap        Slew       Delay        Time   Description
---------------------------------------------------------------------------------------------
                                  0.000000    0.000000   clock clk (rise edge)
                                  0.000000    0.000000   clock source latency
     1    0.030984    0.138566    0.065222    0.065222 ^ clk (in)
                                                         clk (net)
                      0.138569    0.000000    0.065222 ^ clkbuf_0_clk/I (gf180mcu_fd_sc_mcu7t5v0__clkbuf_16)
     4    0.098350    0.131903    0.224879    0.290101 ^ clkbuf_0_clk/Z (gf180mcu_fd_sc_mcu7t5v0__clkbuf_16)
                                                         clknet_0_clk (net)
                      0.131903    0.000372    0.290472 ^ clkbuf_2_3__f_clk/I (gf180mcu_fd_sc_mcu7t5v0__clkbuf_16)
     5    0.026906    0.075466    0.184240    0.474712 ^ clkbuf_2_3__f_clk/Z (gf180mcu_fd_sc_mcu7t5v0__clkbuf_16)
                                                         clknet_2_3__leaf_clk (net)
                      0.075466    0.000069    0.474781 ^ _159_/CLK (gf180mcu_fd_sc_mcu7t5v0__dffq_1)
     2    0.013423    0.150928    0.556807    1.031587 v _159_/Q (gf180mcu_fd_sc_mcu7t5v0__dffq_1)
                                                         counter[6] (net)
                      0.150928    0.000134    1.031721 v _115_/A1 (gf180mcu_fd_sc_mcu7t5v0__xor2_1)
     3    0.018999    0.590064    0.369934    1.401655 ^ _115_/Z (gf180mcu_fd_sc_mcu7t5v0__xor2_1)
                                                         _068_ (net)
                      0.590064    0.000291    1.401946 ^ _130_/A2 (gf180mcu_fd_sc_mcu7t5v0__nand2_1)
     1    0.003161    0.167131    0.082129    1.484075 v _130_/ZN (gf180mcu_fd_sc_mcu7t5v0__nand2_1)
                                                         _007_ (net)
                      0.167131    0.000031    1.484105 v _159_/D (gf180mcu_fd_sc_mcu7t5v0__dffq_1)
                                              1.484105   data arrival time

                                  0.000000    0.000000   clock clk (rise edge)
                                  0.000000    0.000000   clock source latency
     1    0.030984    0.138566    0.072087    0.072087 ^ clk (in)
                                                         clk (net)
                      0.138569    0.000000    0.072087 ^ clkbuf_0_clk/I (gf180mcu_fd_sc_mcu7t5v0__clkbuf_16)
     4    0.098350    0.131903    0.248551    0.320638 ^ clkbuf_0_clk/Z (gf180mcu_fd_sc_mcu7t5v0__clkbuf_16)
                                                         clknet_0_clk (net)
                      0.131903    0.000411    0.321048 ^ clkbuf_2_3__f_clk/I (gf180mcu_fd_sc_mcu7t5v0__clkbuf_16)
     5    0.026906    0.075466    0.203633    0.524682 ^ clkbuf_2_3__f_clk/Z (gf180mcu_fd_sc_mcu7t5v0__clkbuf_16)
                                                         clknet_2_3__leaf_clk (net)
                      0.075466    0.000076    0.524758 ^ _159_/CLK (gf180mcu_fd_sc_mcu7t5v0__dffq_1)
                                  0.250000    0.774758   clock uncertainty
                                 -0.049977    0.724781   clock reconvergence pessimism
                                  0.041376    0.766157   library hold time
                                              0.766157   data required time
---------------------------------------------------------------------------------------------
                                              0.766157   data required time
                                             -1.484105   data arrival time
---------------------------------------------------------------------------------------------
                                              0.717949   slack (MET)


Startpoint: _160_ (rising edge-triggered flip-flop clocked by clk)
Endpoint: _160_ (rising edge-triggered flip-flop clocked by clk)
Path Group: clk
Path Type: min

Fanout         Cap        Slew       Delay        Time   Description
---------------------------------------------------------------------------------------------
                                  0.000000    0.000000   clock clk (rise edge)
                                  0.000000    0.000000   clock source latency
     1    0.030984    0.138566    0.065222    0.065222 ^ clk (in)
                                                         clk (net)
                      0.138569    0.000000    0.065222 ^ clkbuf_0_clk/I (gf180mcu_fd_sc_mcu7t5v0__clkbuf_16)
     4    0.098350    0.131903    0.224879    0.290101 ^ clkbuf_0_clk/Z (gf180mcu_fd_sc_mcu7t5v0__clkbuf_16)
                                                         clknet_0_clk (net)
                      0.131903    0.000372    0.290472 ^ clkbuf_2_3__f_clk/I (gf180mcu_fd_sc_mcu7t5v0__clkbuf_16)
     5    0.026906    0.075466    0.184240    0.474712 ^ clkbuf_2_3__f_clk/Z (gf180mcu_fd_sc_mcu7t5v0__clkbuf_16)
                                                         clknet_2_3__leaf_clk (net)
                      0.075467    0.000308    0.475020 ^ _160_/CLK (gf180mcu_fd_sc_mcu7t5v0__dffq_1)
     3    0.017176    0.176382    0.575195    1.050214 v _160_/Q (gf180mcu_fd_sc_mcu7t5v0__dffq_1)
                                                         counter[7] (net)
                      0.176382    0.000126    1.050340 v _117_/A1 (gf180mcu_fd_sc_mcu7t5v0__xor2_1)
     3    0.018176    0.569185    0.364044    1.414384 ^ _117_/Z (gf180mcu_fd_sc_mcu7t5v0__xor2_1)
                                                         _070_ (net)
                      0.569185    0.000240    1.414624 ^ _131_/A2 (gf180mcu_fd_sc_mcu7t5v0__nand2_1)
     1    0.003090    0.162933    0.081687    1.496311 v _131_/ZN (gf180mcu_fd_sc_mcu7t5v0__nand2_1)
                                                         _008_ (net)
                      0.162933    0.000029    1.496340 v _160_/D (gf180mcu_fd_sc_mcu7t5v0__dffq_1)
                                              1.496340   data arrival time

                                  0.000000    0.000000   clock clk (rise edge)
                                  0.000000    0.000000   clock source latency
     1    0.030984    0.138566    0.072087    0.072087 ^ clk (in)
                                                         clk (net)
                      0.138569    0.000000    0.072087 ^ clkbuf_0_clk/I (gf180mcu_fd_sc_mcu7t5v0__clkbuf_16)
     4    0.098350    0.131903    0.248551    0.320638 ^ clkbuf_0_clk/Z (gf180mcu_fd_sc_mcu7t5v0__clkbuf_16)
                                                         clknet_0_clk (net)
                      0.131903    0.000411    0.321048 ^ clkbuf_2_3__f_clk/I (gf180mcu_fd_sc_mcu7t5v0__clkbuf_16)
     5    0.026906    0.075466    0.203633    0.524682 ^ clkbuf_2_3__f_clk/Z (gf180mcu_fd_sc_mcu7t5v0__clkbuf_16)
                                                         clknet_2_3__leaf_clk (net)
                      0.075467    0.000340    0.525022 ^ _160_/CLK (gf180mcu_fd_sc_mcu7t5v0__dffq_1)
                                  0.250000    0.775022   clock uncertainty
                                 -0.050002    0.725020   clock reconvergence pessimism
                                  0.042148    0.767168   library hold time
                                              0.767168   data required time
---------------------------------------------------------------------------------------------
                                              0.767168   data required time
                                             -1.496340   data arrival time
---------------------------------------------------------------------------------------------
                                              0.729173   slack (MET)


Startpoint: _158_ (rising edge-triggered flip-flop clocked by clk)
Endpoint: _158_ (rising edge-triggered flip-flop clocked by clk)
Path Group: clk
Path Type: min

Fanout         Cap        Slew       Delay        Time   Description
---------------------------------------------------------------------------------------------
                                  0.000000    0.000000   clock clk (rise edge)
                                  0.000000    0.000000   clock source latency
     1    0.030984    0.138566    0.065222    0.065222 ^ clk (in)
                                                         clk (net)
                      0.138569    0.000000    0.065222 ^ clkbuf_0_clk/I (gf180mcu_fd_sc_mcu7t5v0__clkbuf_16)
     4    0.098350    0.131903    0.224879    0.290101 ^ clkbuf_0_clk/Z (gf180mcu_fd_sc_mcu7t5v0__clkbuf_16)
                                                         clknet_0_clk (net)
                      0.131903    0.000372    0.290472 ^ clkbuf_2_3__f_clk/I (gf180mcu_fd_sc_mcu7t5v0__clkbuf_16)
     5    0.026906    0.075466    0.184240    0.474712 ^ clkbuf_2_3__f_clk/Z (gf180mcu_fd_sc_mcu7t5v0__clkbuf_16)
                                                         clknet_2_3__leaf_clk (net)
                      0.075466    0.000038    0.474750 ^ _158_/CLK (gf180mcu_fd_sc_mcu7t5v0__dffq_1)
     3    0.018874    0.187932    0.583546    1.058296 v _158_/Q (gf180mcu_fd_sc_mcu7t5v0__dffq_1)
                                                         counter[5] (net)
                      0.187932    0.000137    1.058433 v _113_/A1 (gf180mcu_fd_sc_mcu7t5v0__xor2_1)
     3    0.017915    0.563246    0.363226    1.421659 ^ _113_/Z (gf180mcu_fd_sc_mcu7t5v0__xor2_1)
                                                         _066_ (net)
                      0.563246    0.000266    1.421925 ^ _129_/A2 (gf180mcu_fd_sc_mcu7t5v0__nand2_1)
     1    0.002869    0.159510    0.079122    1.501048 v _129_/ZN (gf180mcu_fd_sc_mcu7t5v0__nand2_1)
                                                         _006_ (net)
                      0.159510    0.000027    1.501075 v _158_/D (gf180mcu_fd_sc_mcu7t5v0__dffq_1)
                                              1.501075   data arrival time

                                  0.000000    0.000000   clock clk (rise edge)
                                  0.000000    0.000000   clock source latency
     1    0.030984    0.138566    0.072087    0.072087 ^ clk (in)
                                                         clk (net)
                      0.138569    0.000000    0.072087 ^ clkbuf_0_clk/I (gf180mcu_fd_sc_mcu7t5v0__clkbuf_16)
     4    0.098350    0.131903    0.248551    0.320638 ^ clkbuf_0_clk/Z (gf180mcu_fd_sc_mcu7t5v0__clkbuf_16)
                                                         clknet_0_clk (net)
                      0.131903    0.000411    0.321048 ^ clkbuf_2_3__f_clk/I (gf180mcu_fd_sc_mcu7t5v0__clkbuf_16)
     5    0.026906    0.075466    0.203633    0.524682 ^ clkbuf_2_3__f_clk/Z (gf180mcu_fd_sc_mcu7t5v0__clkbuf_16)
                                                         clknet_2_3__leaf_clk (net)
                      0.075466    0.000042    0.524723 ^ _158_/CLK (gf180mcu_fd_sc_mcu7t5v0__dffq_1)
                                  0.250000    0.774723   clock uncertainty
                                 -0.049974    0.724750   clock reconvergence pessimism
                                  0.042778    0.767528   library hold time
                                              0.767528   data required time
---------------------------------------------------------------------------------------------
                                              0.767528   data required time
                                             -1.501075   data arrival time
---------------------------------------------------------------------------------------------
                                              0.733547   slack (MET)


Startpoint: _154_ (rising edge-triggered flip-flop clocked by clk)
Endpoint: _154_ (rising edge-triggered flip-flop clocked by clk)
Path Group: clk
Path Type: min

Fanout         Cap        Slew       Delay        Time   Description
---------------------------------------------------------------------------------------------
                                  0.000000    0.000000   clock clk (rise edge)
                                  0.000000    0.000000   clock source latency
     1    0.030984    0.138566    0.065222    0.065222 ^ clk (in)
                                                         clk (net)
                      0.138569    0.000000    0.065222 ^ clkbuf_0_clk/I (gf180mcu_fd_sc_mcu7t5v0__clkbuf_16)
     4    0.098350    0.131903    0.224879    0.290101 ^ clkbuf_0_clk/Z (gf180mcu_fd_sc_mcu7t5v0__clkbuf_16)
                                                         clknet_0_clk (net)
                      0.131903    0.000692    0.290793 ^ clkbuf_2_0__f_clk/I (gf180mcu_fd_sc_mcu7t5v0__clkbuf_16)
     5    0.024021    0.073210    0.182369    0.473162 ^ clkbuf_2_0__f_clk/Z (gf180mcu_fd_sc_mcu7t5v0__clkbuf_16)
                                                         clknet_2_0__leaf_clk (net)
                      0.073210    0.000064    0.473226 ^ _154_/CLK (gf180mcu_fd_sc_mcu7t5v0__dffq_1)
     5    0.027391    0.247206    0.624748    1.097974 v _154_/Q (gf180mcu_fd_sc_mcu7t5v0__dffq_1)
                                                         counter[1] (net)
                      0.247206    0.000190    1.098164 v _105_/A2 (gf180mcu_fd_sc_mcu7t5v0__xnor2_1)
     2    0.011653    0.332308    0.338957    1.437121 ^ _105_/ZN (gf180mcu_fd_sc_mcu7t5v0__xnor2_1)
                                                         _058_ (net)
                      0.332308    0.000150    1.437271 ^ _125_/A2 (gf180mcu_fd_sc_mcu7t5v0__nand2_1)
     1    0.002946    0.121968    0.081682    1.518952 v _125_/ZN (gf180mcu_fd_sc_mcu7t5v0__nand2_1)
                                                         _002_ (net)
                      0.121968    0.000028    1.518980 v _154_/D (gf180mcu_fd_sc_mcu7t5v0__dffq_1)
                                              1.518980   data arrival time

                                  0.000000    0.000000   clock clk (rise edge)
                                  0.000000    0.000000   clock source latency
     1    0.030984    0.138566    0.072087    0.072087 ^ clk (in)
                                                         clk (net)
                      0.138569    0.000000    0.072087 ^ clkbuf_0_clk/I (gf180mcu_fd_sc_mcu7t5v0__clkbuf_16)
     4    0.098350    0.131903    0.248551    0.320638 ^ clkbuf_0_clk/Z (gf180mcu_fd_sc_mcu7t5v0__clkbuf_16)
                                                         clknet_0_clk (net)
                      0.131903    0.000765    0.321403 ^ clkbuf_2_0__f_clk/I (gf180mcu_fd_sc_mcu7t5v0__clkbuf_16)
     5    0.024021    0.073210    0.201565    0.522968 ^ clkbuf_2_0__f_clk/Z (gf180mcu_fd_sc_mcu7t5v0__clkbuf_16)
                                                         clknet_2_0__leaf_clk (net)
                      0.073210    0.000071    0.523039 ^ _154_/CLK (gf180mcu_fd_sc_mcu7t5v0__dffq_1)
                                  0.250000    0.773039   clock uncertainty
                                 -0.049813    0.723226   clock reconvergence pessimism
                                  0.049194    0.772420   library hold time
                                              0.772420   data required time
---------------------------------------------------------------------------------------------
                                              0.772420   data required time
                                             -1.518980   data arrival time
---------------------------------------------------------------------------------------------
                                              0.746560   slack (MET)


Startpoint: _157_ (rising edge-triggered flip-flop clocked by clk)
Endpoint: _157_ (rising edge-triggered flip-flop clocked by clk)
Path Group: clk
Path Type: min

Fanout         Cap        Slew       Delay        Time   Description
---------------------------------------------------------------------------------------------
                                  0.000000    0.000000   clock clk (rise edge)
                                  0.000000    0.000000   clock source latency
     1    0.030984    0.138566    0.065222    0.065222 ^ clk (in)
                                                         clk (net)
                      0.138569    0.000000    0.065222 ^ clkbuf_0_clk/I (gf180mcu_fd_sc_mcu7t5v0__clkbuf_16)
     4    0.098350    0.131903    0.224879    0.290101 ^ clkbuf_0_clk/Z (gf180mcu_fd_sc_mcu7t5v0__clkbuf_16)
                                                         clknet_0_clk (net)
                      0.131903    0.000372    0.290472 ^ clkbuf_2_3__f_clk/I (gf180mcu_fd_sc_mcu7t5v0__clkbuf_16)
     5    0.026906    0.075466    0.184240    0.474712 ^ clkbuf_2_3__f_clk/Z (gf180mcu_fd_sc_mcu7t5v0__clkbuf_16)
                                                         clknet_2_3__leaf_clk (net)
                      0.075466    0.000069    0.474781 ^ _157_/CLK (gf180mcu_fd_sc_mcu7t5v0__dffq_1)
     4    0.024570    0.387530    0.720404    1.195185 ^ _157_/Q (gf180mcu_fd_sc_mcu7t5v0__dffq_1)
                                                         counter[4] (net)
                      0.387530    0.000155    1.195340 ^ _110_/A1 (gf180mcu_fd_sc_mcu7t5v0__xor2_1)
     2    0.013400    0.234904    0.193925    1.389265 v _110_/Z (gf180mcu_fd_sc_mcu7t5v0__xor2_1)
                                                         _063_ (net)
                      0.234904    0.000235    1.389500 v _111_/I (gf180mcu_fd_sc_mcu7t5v0__clkinv_1)
     2    0.010485    0.200343    0.170886    1.560386 ^ _111_/ZN (gf180mcu_fd_sc_mcu7t5v0__clkinv_1)
                                                         _064_ (net)
                      0.200343    0.000141    1.560527 ^ _128_/A2 (gf180mcu_fd_sc_mcu7t5v0__nand2_1)
     1    0.003081    0.100543    0.080664    1.641190 v _128_/ZN (gf180mcu_fd_sc_mcu7t5v0__nand2_1)
                                                         _005_ (net)
                      0.100543    0.000030    1.641220 v _157_/D (gf180mcu_fd_sc_mcu7t5v0__dffq_1)
                                              1.641220   data arrival time

                                  0.000000    0.000000   clock clk (rise edge)
                                  0.000000    0.000000   clock source latency
     1    0.030984    0.138566    0.072087    0.072087 ^ clk (in)
                                                         clk (net)
                      0.138569    0.000000    0.072087 ^ clkbuf_0_clk/I (gf180mcu_fd_sc_mcu7t5v0__clkbuf_16)
     4    0.098350    0.131903    0.248551    0.320638 ^ clkbuf_0_clk/Z (gf180mcu_fd_sc_mcu7t5v0__clkbuf_16)
                                                         clknet_0_clk (net)
                      0.131903    0.000411    0.321048 ^ clkbuf_2_3__f_clk/I (gf180mcu_fd_sc_mcu7t5v0__clkbuf_16)
     5    0.026906    0.075466    0.203633    0.524682 ^ clkbuf_2_3__f_clk/Z (gf180mcu_fd_sc_mcu7t5v0__clkbuf_16)
                                                         clknet_2_3__leaf_clk (net)
                      0.075466    0.000076    0.524758 ^ _157_/CLK (gf180mcu_fd_sc_mcu7t5v0__dffq_1)
                                  0.250000    0.774758   clock uncertainty
                                 -0.049977    0.724781   clock reconvergence pessimism
                                  0.053627    0.778408   library hold time
                                              0.778408   data required time
---------------------------------------------------------------------------------------------
                                              0.778408   data required time
                                             -1.641220   data arrival time
---------------------------------------------------------------------------------------------
                                              0.862812   slack (MET)


Startpoint: _156_ (rising edge-triggered flip-flop clocked by clk)
Endpoint: _156_ (rising edge-triggered flip-flop clocked by clk)
Path Group: clk
Path Type: min

Fanout         Cap        Slew       Delay        Time   Description
---------------------------------------------------------------------------------------------
                                  0.000000    0.000000   clock clk (rise edge)
                                  0.000000    0.000000   clock source latency
     1    0.030984    0.138566    0.065222    0.065222 ^ clk (in)
                                                         clk (net)
                      0.138569    0.000000    0.065222 ^ clkbuf_0_clk/I (gf180mcu_fd_sc_mcu7t5v0__clkbuf_16)
     4    0.098350    0.131903    0.224879    0.290101 ^ clkbuf_0_clk/Z (gf180mcu_fd_sc_mcu7t5v0__clkbuf_16)
                                                         clknet_0_clk (net)
                      0.131904    0.000759    0.290860 ^ clkbuf_2_1__f_clk/I (gf180mcu_fd_sc_mcu7t5v0__clkbuf_16)
     5    0.027476    0.075911    0.184599    0.475459 ^ clkbuf_2_1__f_clk/Z (gf180mcu_fd_sc_mcu7t5v0__clkbuf_16)
                                                         clknet_2_1__leaf_clk (net)
                      0.075911    0.000034    0.475493 ^ _156_/CLK (gf180mcu_fd_sc_mcu7t5v0__dffq_1)
     2    0.013280    0.149877    0.556132    1.031625 v _156_/Q (gf180mcu_fd_sc_mcu7t5v0__dffq_1)
                                                         counter[3] (net)
                      0.149877    0.000271    1.031895 v _108_/A1 (gf180mcu_fd_sc_mcu7t5v0__xor2_1)
     3    0.018970    0.588776    0.369277    1.401173 ^ _108_/Z (gf180mcu_fd_sc_mcu7t5v0__xor2_1)
                                                         _061_ (net)
                      0.588776    0.000396    1.401568 ^ _127_/A2 (gf180mcu_fd_sc_mcu7t5v0__or2_1)
     1    0.003008    0.102192    0.221639    1.623207 ^ _127_/Z (gf180mcu_fd_sc_mcu7t5v0__or2_1)
                                                         _004_ (net)
                      0.102192    0.000030    1.623237 ^ _156_/D (gf180mcu_fd_sc_mcu7t5v0__dffq_1)
                                              1.623237   data arrival time

                                  0.000000    0.000000   clock clk (rise edge)
                                  0.000000    0.000000   clock source latency
     1    0.030984    0.138566    0.072087    0.072087 ^ clk (in)
                                                         clk (net)
                      0.138569    0.000000    0.072087 ^ clkbuf_0_clk/I (gf180mcu_fd_sc_mcu7t5v0__clkbuf_16)
     4    0.098350    0.131903    0.248551    0.320638 ^ clkbuf_0_clk/Z (gf180mcu_fd_sc_mcu7t5v0__clkbuf_16)
                                                         clknet_0_clk (net)
                      0.131904    0.000839    0.321477 ^ clkbuf_2_1__f_clk/I (gf180mcu_fd_sc_mcu7t5v0__clkbuf_16)
     5    0.027476    0.075911    0.204031    0.525508 ^ clkbuf_2_1__f_clk/Z (gf180mcu_fd_sc_mcu7t5v0__clkbuf_16)
                                                         clknet_2_1__leaf_clk (net)
                      0.075911    0.000037    0.525545 ^ _156_/CLK (gf180mcu_fd_sc_mcu7t5v0__dffq_1)
                                  0.250000    0.775545   clock uncertainty
                                 -0.050052    0.725493   clock reconvergence pessimism
                                  0.027801    0.753294   library hold time
                                              0.753294   data required time
---------------------------------------------------------------------------------------------
                                              0.753294   data required time
                                             -1.623237   data arrival time
---------------------------------------------------------------------------------------------
                                              0.869943   slack (MET)


Startpoint: _152_ (rising edge-triggered flip-flop clocked by clk)
Endpoint: pwm (output port clocked by clk)
Path Group: clk
Path Type: min

Fanout         Cap        Slew       Delay        Time   Description
---------------------------------------------------------------------------------------------
                                  0.000000    0.000000   clock clk (rise edge)
                                  0.000000    0.000000   clock source latency
     1    0.030984    0.138566    0.065222    0.065222 ^ clk (in)
                                                         clk (net)
                      0.138569    0.000000    0.065222 ^ clkbuf_0_clk/I (gf180mcu_fd_sc_mcu7t5v0__clkbuf_16)
     4    0.098350    0.131903    0.224879    0.290101 ^ clkbuf_0_clk/Z (gf180mcu_fd_sc_mcu7t5v0__clkbuf_16)
                                                         clknet_0_clk (net)
                      0.131903    0.000408    0.290509 ^ clkbuf_2_2__f_clk/I (gf180mcu_fd_sc_mcu7t5v0__clkbuf_16)
     5    0.026583    0.075213    0.183988    0.474497 ^ clkbuf_2_2__f_clk/Z (gf180mcu_fd_sc_mcu7t5v0__clkbuf_16)
                                                         clknet_2_2__leaf_clk (net)
                      0.075213    0.000198    0.474696 ^ _152_/CLK (gf180mcu_fd_sc_mcu7t5v0__dffq_1)
     1    0.006884    0.105588    0.519401    0.994097 v _152_/Q (gf180mcu_fd_sc_mcu7t5v0__dffq_1)
                                                         net12 (net)
                      0.105588    0.000139    0.994236 v output12/I (gf180mcu_fd_sc_mcu7t5v0__buf_2)
     1    0.074140    0.310596    0.339332    1.333568 v output12/Z (gf180mcu_fd_sc_mcu7t5v0__buf_2)
                                                         pwm (net)
                      0.310605    0.000904    1.334472 v pwm (out)
                                              1.334472   data arrival time

                                  0.000000    0.000000   clock clk (rise edge)
                                  0.000000    0.000000   clock network delay (propagated)
                                  0.250000    0.250000   clock uncertainty
                                  0.000000    0.250000   clock reconvergence pessimism
                               -200.000000 -199.750000   output external delay
                                           -199.750000   data required time
---------------------------------------------------------------------------------------------
                                           -199.750000   data required time
                                             -1.334472   data arrival time
---------------------------------------------------------------------------------------------
                                            201.084473   slack (MET)



