/Users/kimmy/Projects/open-microled-driver-asic/build/physical-flow/linux-python/docopt.py:165: SyntaxWarning: invalid escape sequence '\S'
  name = re.findall('(<\S*?>)', source)[0]
/Users/kimmy/Projects/open-microled-driver-asic/build/physical-flow/linux-python/docopt.py:166: SyntaxWarning: invalid escape sequence '\['
  value = re.findall('\[default: (.*)\]', source, flags=re.I)
/Users/kimmy/Projects/open-microled-driver-asic/build/physical-flow/linux-python/docopt.py:207: SyntaxWarning: invalid escape sequence '\['
  matched = re.findall('\[default: (.*)\]', description, flags=re.I)
/Users/kimmy/Projects/open-microled-driver-asic/build/physical-flow/linux-python/docopt.py:456: SyntaxWarning: invalid escape sequence '\S'
  split = re.split('\n *(<\S+?>|-\S+?)', doc)[1:]
/Users/kimmy/Projects/open-microled-driver-asic/build/layout/pdk/gf180mcuD/libs.tech/klayout/tech/drc/run_drc.py:698: DeprecationWarning: datetime.datetime.utcnow() is deprecated and scheduled for removal in a future version. Use timezone-aware objects to represent datetimes in UTC: datetime.datetime.now(datetime.UTC).
  now_str = datetime.utcnow().strftime("drc_run_%Y_%m_%d_%H_%M_%S")
03-Oct-2026 16:21:22 | INFO    | Your Klayout version is: KLayout 0.30.7
03-Oct-2026 16:21:22 | INFO    | ## Generating template with for the following rule tables: ['contact.drc', 'dummy_poly2.drc', 'lvpwell_split.drc', 'dummy_exclude.drc', 'dualgate.drc', 'contact_split.drc', 'ldpmos.drc', 'nplus.drc', 'mim_a.drc', 'efuse.drc', 'guard_ring.drc', 'lvpwell.drc', 'metal1_split.drc', 'mim_b.drc', 'via1_split.drc', 'nat.drc', 'pplus.drc', 'via5.drc', 'metal4.drc', 'metaltop_30k.drc', 'metal5.drc', 'via4.drc', 'sab.drc', 'geom.drc', 'metal1.drc', 'metaltop.drc', 'via1.drc', 'metal2.drc', 'via3.drc', 'ldnmos.drc', 'drc_bjt.drc', 'via2.drc', 'metal3.drc', 'dummy_metal2.drc', 'dummy_comp.drc', 'dummy_metal3.drc', 'esd.drc', 'sram_3p3.drc', 'poly2.drc', 'dnwell_split.drc', 'dummy_metal1.drc', 'nwell_split.drc', 'ymtp_mk.drc', 'dummy_metal4.drc', 'nwell.drc', 'dummy_metal5.drc', 'lvs_bjt.drc', 'via3_split.drc', 'hres.drc', 'sram_5p0.drc', 'pres.drc', 'comp.drc', 'otp_mk.drc', 'ldpmos_split.drc', 'via4_split.drc', 'lres.drc', 'ldnmos_split.drc', 'nat_split.drc', 'cup.drc', 'via2_split.drc', 'mcell.drc', 'dnwell.drc']
03-Oct-2026 16:21:22 | INFO    | ## Your run dir located at: /Users/kimmy/Projects/open-microled-driver-asic/build/physical-flow/analog-klayout-v0.2/drc
03-Oct-2026 16:21:22 | INFO    | Running Global Foundries 180nm MCU /Users/kimmy/Projects/open-microled-driver-asic/build/physical-flow/analog-klayout-v0.2/input.gds checks on design main on cell pixel_driver_layout:
2026-10-03 16:21:24 +0000: Memory Usage (414348K) : Starting running GF180MCU Klayout DRC runset on /Users/kimmy/Projects/open-microled-driver-asic/build/physical-flow/analog-klayout-v0.2/input.gds
2026-10-03 16:21:24 +0000: Memory Usage (414348K) : Ruby Version for klayout: 3.3.10
2026-10-03 16:21:24 +0000: Memory Usage (415372K) : Loading database to memory is complete.
2026-10-03 16:21:24 +0000: Memory Usage (415372K) : GF180MCU Klayout DRC runset output at: /Users/kimmy/Projects/open-microled-driver-asic/build/physical-flow/analog-klayout-v0.2/drc/input_main.lyrdb
2026-10-03 16:21:24 +0000: Memory Usage (415372K) : Evaluate switches.
2026-10-03 16:21:24 +0000: Memory Usage (415372K) : table_name selected  main
2026-10-03 16:21:24 +0000: Memory Usage (415372K) : CONNECTIVITY_RULES enabled: true
2026-10-03 16:21:24 +0000: Memory Usage (415372K) : Wedge enabled: false
2026-10-03 16:21:24 +0000: Memory Usage (415372K) : Ball enabled: false
2026-10-03 16:21:24 +0000: Memory Usage (415372K) : Gold enabled: false
2026-10-03 16:21:24 +0000: Memory Usage (415372K) : MIM Option selected: B
2026-10-03 16:21:24 +0000: Memory Usage (415372K) : Offgrid enabled:  true
2026-10-03 16:21:24 +0000: Memory Usage (415372K) : Number of threads to use 4
2026-10-03 16:21:24 +0000: Memory Usage (415372K) : Verbose mode: false
2026-10-03 16:21:24 +0000: Memory Usage (415372K) : flat  mode is enabled for main table
2026-10-03 16:21:24 +0000: Memory Usage (415372K) : METAL_TOP Selected is 11K
2026-10-03 16:21:24 +0000: Memory Usage (415372K) : METAL_STACK Selected is 5LM
2026-10-03 16:21:24 +0000: Memory Usage (415372K) : FEOL enabled: true
2026-10-03 16:21:24 +0000: Memory Usage (415372K) : BEOL enabled: true
2026-10-03 16:21:24 +0000: Memory Usage (415372K) : DUMMY enabled: false
2026-10-03 16:21:24 +0000: Memory Usage (415372K) : SLOW_VIA enabled: false
2026-10-03 16:21:24 +0000: Memory Usage (415372K) : Read in polygons from layers.
2026-10-03 16:21:24 +0000: Memory Usage (416268K) : comp has 12 polygons
2026-10-03 16:21:24 +0000: Memory Usage (416268K) : dnwell has 0 polygons
2026-10-03 16:21:24 +0000: Memory Usage (416268K) : nwell has 1 polygons
2026-10-03 16:21:24 +0000: Memory Usage (416268K) : lvpwell has 5 polygons
2026-10-03 16:21:24 +0000: Memory Usage (416268K) : dualgate has 6 polygons
2026-10-03 16:21:24 +0000: Memory Usage (416268K) : poly2 has 6 polygons
2026-10-03 16:21:24 +0000: Memory Usage (416268K) : nplus has 6 polygons
2026-10-03 16:21:24 +0000: Memory Usage (416268K) : pplus has 6 polygons
2026-10-03 16:21:24 +0000: Memory Usage (416268K) : sab has 0 polygons
2026-10-03 16:21:24 +0000: Memory Usage (416268K) : esd has 0 polygons
2026-10-03 16:21:24 +0000: Memory Usage (416268K) : resistor has 0 polygons
2026-10-03 16:21:24 +0000: Memory Usage (416268K) : fhres has 0 polygons
2026-10-03 16:21:24 +0000: Memory Usage (416268K) : fusetop has 0 polygons
2026-10-03 16:21:24 +0000: Memory Usage (416268K) : fusewindow_d has 0 polygons
2026-10-03 16:21:24 +0000: Memory Usage (416268K) : polyfuse has 0 polygons
2026-10-03 16:21:24 +0000: Memory Usage (416268K) : mvsd has 0 polygons
2026-10-03 16:21:24 +0000: Memory Usage (416268K) : mvpsd has 0 polygons
2026-10-03 16:21:24 +0000: Memory Usage (416268K) : nat has 0 polygons
2026-10-03 16:21:24 +0000: Memory Usage (416268K) : comp_dummy has 0 polygons
2026-10-03 16:21:24 +0000: Memory Usage (416396K) : poly2_dummy has 0 polygons
2026-10-03 16:21:24 +0000: Memory Usage (416396K) : schottky_diode has 0 polygons
2026-10-03 16:21:24 +0000: Memory Usage (416396K) : zener has 0 polygons
2026-10-03 16:21:24 +0000: Memory Usage (416524K) : res_mk has 0 polygons
2026-10-03 16:21:24 +0000: Memory Usage (416524K) : opc_drc has 0 polygons
2026-10-03 16:21:24 +0000: Memory Usage (416652K) : v5_xtor has 0 polygons
2026-10-03 16:21:24 +0000: Memory Usage (416780K) : cap_mk has 0 polygons
2026-10-03 16:21:24 +0000: Memory Usage (416780K) : mos_cap_mk has 0 polygons
2026-10-03 16:21:24 +0000: Memory Usage (416908K) : ind_mk has 0 polygons
2026-10-03 16:21:24 +0000: Memory Usage (417036K) : diode_mk has 0 polygons
2026-10-03 16:21:24 +0000: Memory Usage (417036K) : drc_bjt has 0 polygons
2026-10-03 16:21:24 +0000: Memory Usage (417164K) : lvs_bjt has 0 polygons
2026-10-03 16:21:24 +0000: Memory Usage (417292K) : mim_l_mk has 0 polygons
2026-10-03 16:21:24 +0000: Memory Usage (417292K) : latchup_mk has 0 polygons
2026-10-03 16:21:24 +0000: Memory Usage (417420K) : guard_ring_mk has 0 polygons
2026-10-03 16:21:24 +0000: Memory Usage (417548K) : otp_mk has 0 polygons
2026-10-03 16:21:24 +0000: Memory Usage (417548K) : mtpmark has 0 polygons
2026-10-03 16:21:24 +0000: Memory Usage (417548K) : neo_ee_mk has 0 polygons
2026-10-03 16:21:24 +0000: Memory Usage (417548K) : sramcore has 0 polygons
2026-10-03 16:21:24 +0000: Memory Usage (417548K) : lvs_rf has 0 polygons
2026-10-03 16:21:24 +0000: Memory Usage (417676K) : lvs_drain has 0 polygons
2026-10-03 16:21:24 +0000: Memory Usage (417804K) : ind_mk has 0 polygons
2026-10-03 16:21:24 +0000: Memory Usage (417804K) : hvpolyrs has 0 polygons
2026-10-03 16:21:24 +0000: Memory Usage (417932K) : lvs_io has 0 polygons
2026-10-03 16:21:24 +0000: Memory Usage (418060K) : probe_mk has 0 polygons
2026-10-03 16:21:24 +0000: Memory Usage (418060K) : esd_mk has 0 polygons
2026-10-03 16:21:24 +0000: Memory Usage (418188K) : lvs_source has 0 polygons
2026-10-03 16:21:24 +0000: Memory Usage (418316K) : well_diode_mk has 0 polygons
2026-10-03 16:21:24 +0000: Memory Usage (418316K) : ldmos_xtor has 0 polygons
2026-10-03 16:21:24 +0000: Memory Usage (418444K) : plfuse has 0 polygons
2026-10-03 16:21:24 +0000: Memory Usage (418572K) : efuse_mk has 0 polygons
2026-10-03 16:21:24 +0000: Memory Usage (418572K) : mcell_feol_mk has 0 polygons
2026-10-03 16:21:24 +0000: Memory Usage (418700K) : ymtp_mk has 0 polygons
2026-10-03 16:21:24 +0000: Memory Usage (418828K) : dev_wf_mk has 0 polygons
2026-10-03 16:21:24 +0000: Memory Usage (418828K) : comp_label has 0 polygons
2026-10-03 16:21:24 +0000: Memory Usage (418956K) : poly2_label has 0 polygons
2026-10-03 16:21:24 +0000: Memory Usage (418956K) : mdiode has 0 polygons
2026-10-03 16:21:24 +0000: Memory Usage (419084K) : ndmy has 0 polygons
2026-10-03 16:21:24 +0000: Memory Usage (419212K) : pmndmy has 0 polygons
2026-10-03 16:21:24 +0000: Memory Usage (419212K) : contact has 500 polygons
2026-10-03 16:21:24 +0000: Memory Usage (419340K) : metal1_drawn has 30 polygons
2026-10-03 16:21:24 +0000: Memory Usage (419340K) : metal1_dummy has 0 polygons
2026-10-03 16:21:24 +0000: Memory Usage (419340K) : metal1_label has 0 polygons
2026-10-03 16:21:24 +0000: Memory Usage (419468K) : metal1_slot has 0 polygons
2026-10-03 16:21:24 +0000: Memory Usage (419596K) : metal1_blk has 0 polygons
2026-10-03 16:21:24 +0000: Memory Usage (419596K) : via1 has 24 polygons
2026-10-03 16:21:24 +0000: Memory Usage (419724K) : metal2_drawn has 24 polygons
2026-10-03 16:21:24 +0000: Memory Usage (419724K) : metal2_dummy has 0 polygons
2026-10-03 16:21:24 +0000: Memory Usage (419852K) : metal2_label has 0 polygons
2026-10-03 16:21:24 +0000: Memory Usage (419980K) : metal2_slot has 0 polygons
2026-10-03 16:21:24 +0000: Memory Usage (419980K) : metal2_blk has 0 polygons
2026-10-03 16:21:24 +0000: Memory Usage (420108K) : via2 has 24 polygons
2026-10-03 16:21:24 +0000: Memory Usage (420236K) : metal3_drawn has 7 polygons
2026-10-03 16:21:24 +0000: Memory Usage (420236K) : metal3_dummy has 0 polygons
2026-10-03 16:21:24 +0000: Memory Usage (420364K) : metal3_label has 7 polygons
2026-10-03 16:21:24 +0000: Memory Usage (420492K) : metal3_slot has 0 polygons
2026-10-03 16:21:24 +0000: Memory Usage (420620K) : metal3_blk has 0 polygons
2026-10-03 16:21:24 +0000: Memory Usage (420620K) : via3 has 0 polygons
2026-10-03 16:21:24 +0000: Memory Usage (420748K) : metal4_drawn has 0 polygons
2026-10-03 16:21:24 +0000: Memory Usage (420748K) : metal4_dummy has 0 polygons
2026-10-03 16:21:24 +0000: Memory Usage (420748K) : metal4_label has 0 polygons
2026-10-03 16:21:24 +0000: Memory Usage (420748K) : metal4_slot has 0 polygons
2026-10-03 16:21:24 +0000: Memory Usage (420748K) : metal4_blk has 0 polygons
2026-10-03 16:21:24 +0000: Memory Usage (420748K) : via4 has 0 polygons
2026-10-03 16:21:24 +0000: Memory Usage (420748K) : metal5_drawn has 0 polygons
2026-10-03 16:21:24 +0000: Memory Usage (420748K) : metal5_dummy has 0 polygons
2026-10-03 16:21:24 +0000: Memory Usage (420748K) : metal5_label has 0 polygons
2026-10-03 16:21:24 +0000: Memory Usage (420748K) : metal5_slot has 0 polygons
2026-10-03 16:21:24 +0000: Memory Usage (420748K) : metal5_blk has 0 polygons
2026-10-03 16:21:24 +0000: Memory Usage (420748K) : pad has 0 polygons
2026-10-03 16:21:24 +0000: Memory Usage (420748K) : ubmpperi has 0 polygons
2026-10-03 16:21:24 +0000: Memory Usage (420748K) : ubmparray has 0 polygons
2026-10-03 16:21:24 +0000: Memory Usage (420748K) : ubmeplate has 0 polygons
2026-10-03 16:21:24 +0000: Memory Usage (420748K) : metal1_res has 0 polygons
2026-10-03 16:21:24 +0000: Memory Usage (420748K) : metal2_res has 0 polygons
2026-10-03 16:21:24 +0000: Memory Usage (420876K) : metal3_res has 0 polygons
2026-10-03 16:21:24 +0000: Memory Usage (420876K) : metal4_res has 0 polygons
2026-10-03 16:21:24 +0000: Memory Usage (420876K) : metal5_res has 0 polygons
2026-10-03 16:21:24 +0000: Memory Usage (420876K) : metal6_res has 0 polygons
2026-10-03 16:21:24 +0000: Memory Usage (420876K) : pr_bndry has 0 polygons
2026-10-03 16:21:24 +0000: Memory Usage (420876K) : border has 0 polygons
2026-10-03 16:21:24 +0000: Memory Usage (420876K) : Total no. of polygons in the design is 658
2026-10-03 16:21:24 +0000: Memory Usage (420876K) : Starting deriving base layers.
2026-10-03 16:21:24 +0000: Memory Usage (421772K) : Construct connectivity for the design.
2026-10-03 16:21:24 +0000: Memory Usage (422284K) : Connectivity rules enabled, Netlist object will be generated.
2026-10-03 16:21:24 +0000: Memory Usage (422796K) : Total area of the design is 3577.7 um^2.
2026-10-03 16:21:24 +0000: Memory Usage (422796K) : Starting GF180MCU DRC rules.
2026-10-03 16:21:24 +0000: Memory Usage (422796K) : Running all FEOL rules
2026-10-03 16:21:24 +0000: Memory Usage (422796K) : Running all BEOL rules
2026-10-03 16:21:24 +0000: Memory Usage (422796K) : Starting CONTACT derivations
2026-10-03 16:21:24 +0000: Memory Usage (422924K) : Executing rule CO.1
2026-10-03 16:21:24 +0000: Memory Usage (423052K) : Executing rule CO.2a
2026-10-03 16:21:24 +0000: Memory Usage (423436K) : Executing rule CO.2b
2026-10-03 16:21:24 +0000: Memory Usage (423564K) : Executing rule CO.3
2026-10-03 16:21:24 +0000: Memory Usage (423564K) : Executing rule CO.4
2026-10-03 16:21:24 +0000: Memory Usage (423564K) : Executing rule CO.5a
2026-10-03 16:21:24 +0000: Memory Usage (423564K) : Executing rule CO.5b
2026-10-03 16:21:24 +0000: Memory Usage (423564K) : Executing rule CO.6
2026-10-03 16:21:24 +0000: Memory Usage (423564K) : Executing rule CO.6a
2026-10-03 16:21:24 +0000: Memory Usage (424076K) : Executing rule CO.6b
2026-10-03 16:21:24 +0000: Memory Usage (424204K) : Executing rule CO.7
2026-10-03 16:21:24 +0000: Memory Usage (424204K) : Executing rule CO.8
2026-10-03 16:21:24 +0000: Memory Usage (424204K) : Executing rule CO.9
2026-10-03 16:21:24 +0000: Memory Usage (424460K) : Executing rule CO.10
2026-10-03 16:21:24 +0000: Memory Usage (424460K) : Executing rule CO.11
2026-10-03 16:21:24 +0000: Memory Usage (424588K) : Executing rule DE.2
2026-10-03 16:21:24 +0000: Memory Usage (424716K) : Executing rule DE.3
2026-10-03 16:21:24 +0000: Memory Usage (424972K) : Executing rule DE.4
2026-10-03 16:21:24 +0000: Memory Usage (425100K) : Executing rule DV.1
2026-10-03 16:21:24 +0000: Memory Usage (425356K) : Executing rule DV.2
2026-10-03 16:21:24 +0000: Memory Usage (425356K) : Executing rule DV.3
2026-10-03 16:21:24 +0000: Memory Usage (425484K) : Executing rule DV.5
2026-10-03 16:21:24 +0000: Memory Usage (425740K) : Executing rule DV.6
2026-10-03 16:21:24 +0000: Memory Usage (425996K) : Executing rule DV.7
2026-10-03 16:21:24 +0000: Memory Usage (426124K) : Executing rule DV.8
2026-10-03 16:21:24 +0000: Memory Usage (426380K) : Executing rule DV.9
2026-10-03 16:21:24 +0000: Memory Usage (426892K) : Executing rule MDP.1
2026-10-03 16:21:24 +0000: Memory Usage (426892K) : Executing rule MDP.1a
2026-10-03 16:21:24 +0000: Memory Usage (426892K) : Executing rule MDP.2
2026-10-03 16:21:24 +0000: Memory Usage (426892K) : Executing rule MDP.3
2026-10-03 16:21:24 +0000: Memory Usage (426892K) : Executing rule MDP.3ai
2026-10-03 16:21:24 +0000: Memory Usage (426892K) : Executing rule MDP.3aii
2026-10-03 16:21:24 +0000: Memory Usage (426892K) : Executing rule MDP.3b
2026-10-03 16:21:24 +0000: Memory Usage (426892K) : Executing rule MDP.3c
2026-10-03 16:21:24 +0000: Memory Usage (426892K) : Executing rule MDP.3d
2026-10-03 16:21:24 +0000: Memory Usage (427020K) : Executing rule MDP.4
2026-10-03 16:21:24 +0000: Memory Usage (427020K) : Executing rule MDP.4a
2026-10-03 16:21:24 +0000: Memory Usage (427020K) : Executing rule MDP.4b
2026-10-03 16:21:24 +0000: Memory Usage (427020K) : Executing rule MDP.5
2026-10-03 16:21:24 +0000: Memory Usage (427020K) : Executing rule MDP.5a
2026-10-03 16:21:24 +0000: Memory Usage (427020K) : Executing rule MDP.6
2026-10-03 16:21:24 +0000: Memory Usage (427020K) : Executing rule MDP.6a
2026-10-03 16:21:24 +0000: Memory Usage (427020K) : Executing rule MDP.7
2026-10-03 16:21:24 +0000: Memory Usage (427020K) : Executing rule MDP.8
2026-10-03 16:21:24 +0000: Memory Usage (427020K) : Executing rule MDP.9a
2026-10-03 16:21:24 +0000: Memory Usage (427020K) : Executing rule MDP.9b
2026-10-03 16:21:24 +0000: Memory Usage (427020K) : Executing rule MDP.9c
2026-10-03 16:21:24 +0000: Memory Usage (427404K) : Executing rule MDP.9d
2026-10-03 16:21:24 +0000: Memory Usage (427404K) : Executing rule MDP.9ei
2026-10-03 16:21:24 +0000: Memory Usage (427404K) : Executing rule MDP.9eii
2026-10-03 16:21:24 +0000: Memory Usage (427404K) : Executing rule MDP.9f
2026-10-03 16:21:24 +0000: Memory Usage (427404K) : Executing rule MDP.10
2026-10-03 16:21:24 +0000: Memory Usage (427404K) : CONNECTIVITY_RULES section
2026-10-03 16:21:24 +0000: Memory Usage (427404K) : Executing rule MDP.10a
2026-10-03 16:21:24 +0000: Memory Usage (427404K) : Executing rule MDP.10b
2026-10-03 16:21:24 +0000: Memory Usage (427404K) : Executing rule MDP.11
2026-10-03 16:21:24 +0000: Memory Usage (427404K) : Executing rule MDP.12
2026-10-03 16:21:24 +0000: Memory Usage (427404K) : Executing rule MDP.13a
2026-10-03 16:21:24 +0000: Memory Usage (427660K) : Executing rule MDP.13b
2026-10-03 16:21:24 +0000: Memory Usage (427916K) : Executing rule MDP.13c
2026-10-03 16:21:24 +0000: Memory Usage (427916K) : Executing rule MDP.15
2026-10-03 16:21:24 +0000: Memory Usage (427916K) : Executing rule MDP.16a
2026-10-03 16:21:24 +0000: Memory Usage (427916K) : Executing rule MDP.16b
2026-10-03 16:21:24 +0000: Memory Usage (427916K) : Executing rule MDP.17a
2026-10-03 16:21:24 +0000: Memory Usage (427916K) : Executing rule MDP.17c
2026-10-03 16:21:24 +0000: Memory Usage (427916K) : Starting NPLUS derivations
2026-10-03 16:21:24 +0000: Memory Usage (427916K) : Executing rule NP.1
2026-10-03 16:21:24 +0000: Memory Usage (427916K) : Executing rule NP.2
2026-10-03 16:21:24 +0000: Memory Usage (427916K) : Executing rule NP.3a
2026-10-03 16:21:24 +0000: Memory Usage (427916K) : Executing rule NP.3bi
2026-10-03 16:21:24 +0000: Memory Usage (427916K) : Executing rule NP.3bii
2026-10-03 16:21:24 +0000: Memory Usage (427916K) : Executing rule NP.3ci
2026-10-03 16:21:24 +0000: Memory Usage (427916K) : Executing rule NP.3cii
2026-10-03 16:21:24 +0000: Memory Usage (427916K) : Executing rule NP.3d
2026-10-03 16:21:24 +0000: Memory Usage (427916K) : Executing rule NP.3e
2026-10-03 16:21:24 +0000: Memory Usage (427916K) : Executing rule NP.4a
2026-10-03 16:21:24 +0000: Memory Usage (427916K) : Executing rule NP.4b
2026-10-03 16:21:24 +0000: Memory Usage (427916K) : Executing rule NP.5a
2026-10-03 16:21:24 +0000: Memory Usage (427916K) : Executing rule PP.5b
2026-10-03 16:21:24 +0000: Memory Usage (427916K) : Executing rule NP.5ci
2026-10-03 16:21:24 +0000: Memory Usage (427916K) : Executing rule NP.5cii
2026-10-03 16:21:24 +0000: Memory Usage (427916K) : Executing rule NP.5di
2026-10-03 16:21:24 +0000: Memory Usage (427916K) : Executing rule NP.5dii
2026-10-03 16:21:24 +0000: Memory Usage (427916K) : Executing rule NP.6
2026-10-03 16:21:24 +0000: Memory Usage (427916K) : Executing rule NP.7
2026-10-03 16:21:24 +0000: Memory Usage (427916K) : Executing rule NP.8a
2026-10-03 16:21:24 +0000: Memory Usage (427916K) : Executing rule NP.8b
2026-10-03 16:21:24 +0000: Memory Usage (427916K) : Executing rule NP.9
2026-10-03 16:21:24 +0000: Memory Usage (427916K) : Executing rule NP.10
2026-10-03 16:21:24 +0000: Memory Usage (427916K) : Executing rule NP.11
2026-10-03 16:21:24 +0000: Memory Usage (427916K) : Executing rule NP.12
2026-10-03 16:21:24 +0000: Memory Usage (427916K) : Starting EFUSE derivations
2026-10-03 16:21:24 +0000: Memory Usage (427916K) : Executing rule EF.01
2026-10-03 16:21:24 +0000: Memory Usage (427916K) : Executing rule EF.02
2026-10-03 16:21:24 +0000: Memory Usage (427916K) : Executing rule EF.03
2026-10-03 16:21:24 +0000: Memory Usage (427916K) : Executing rule EF.04a
2026-10-03 16:21:24 +0000: Memory Usage (427916K) : Executing rule EF.04b
2026-10-03 16:21:24 +0000: Memory Usage (427916K) : Executing rule EF.04c
2026-10-03 16:21:24 +0000: Memory Usage (427916K) : Executing rule EF.04d
2026-10-03 16:21:24 +0000: Memory Usage (427916K) : Executing rule EF.05
2026-10-03 16:21:24 +0000: Memory Usage (427916K) : Executing rule EF.06
2026-10-03 16:21:24 +0000: Memory Usage (427916K) : Executing rule EF.07
2026-10-03 16:21:24 +0000: Memory Usage (427916K) : Executing rule EF.08
2026-10-03 16:21:24 +0000: Memory Usage (427916K) : Executing rule EF.09
2026-10-03 16:21:24 +0000: Memory Usage (427916K) : Executing rule EF.10
2026-10-03 16:21:24 +0000: Memory Usage (427916K) : Executing rule EF.11
2026-10-03 16:21:24 +0000: Memory Usage (427916K) : Executing rule EF.12
2026-10-03 16:21:24 +0000: Memory Usage (427916K) : Executing rule EF.13
2026-10-03 16:21:24 +0000: Memory Usage (427916K) : Executing rule EF.14
2026-10-03 16:21:24 +0000: Memory Usage (427916K) : Executing rule EF.15
2026-10-03 16:21:24 +0000: Memory Usage (427916K) : Executing rule EF.16a
2026-10-03 16:21:24 +0000: Memory Usage (427916K) : Executing rule EF.16b
2026-10-03 16:21:24 +0000: Memory Usage (427916K) : Executing rule EF.17
2026-10-03 16:21:24 +0000: Memory Usage (427916K) : Executing rule EF.18
2026-10-03 16:21:24 +0000: Memory Usage (427916K) : Executing rule EF.19
2026-10-03 16:21:24 +0000: Memory Usage (427916K) : Executing rule EF.20
2026-10-03 16:21:24 +0000: Memory Usage (427916K) : Executing rule EF.21
2026-10-03 16:21:24 +0000: Memory Usage (427916K) : Executing rule EF.22a
2026-10-03 16:21:24 +0000: Memory Usage (427916K) : Executing rule EF.22b
2026-10-03 16:21:24 +0000: Memory Usage (427916K) : Starting LVPWELL derivations
2026-10-03 16:21:24 +0000: Memory Usage (427916K) : Executing rule LPW.1_LV
2026-10-03 16:21:24 +0000: Memory Usage (427916K) : Executing rule LPW.1_MV
2026-10-03 16:21:24 +0000: Memory Usage (427916K) : CONNECTIVITY_RULES section
2026-10-03 16:21:24 +0000: Memory Usage (427916K) : Executing rule LPW.2a_LV
2026-10-03 16:21:24 +0000: Memory Usage (427916K) : Executing rule LPW.2a_MV
2026-10-03 16:21:24 +0000: Memory Usage (427916K) : Executing rule LPW.2b_LV
2026-10-03 16:21:24 +0000: Memory Usage (427916K) : Executing rule LPW.2b_MV
2026-10-03 16:21:24 +0000: Memory Usage (427916K) : Executing rule LPW.3_LV
2026-10-03 16:21:24 +0000: Memory Usage (427916K) : Executing rule LPW.5
2026-10-03 16:21:24 +0000: Memory Usage (427916K) : Executing rule LPW.11
2026-10-03 16:21:24 +0000: Memory Usage (427916K) : Executing rule LPW.12
2026-10-03 16:21:24 +0000: Memory Usage (428044K) : MIM Capacitor Option B section
2026-10-03 16:21:24 +0000: Memory Usage (428044K) : Executing rule MIMTM.1
2026-10-03 16:21:24 +0000: Memory Usage (428044K) : Executing rule MIMTM.2
2026-10-03 16:21:24 +0000: Memory Usage (428044K) : Executing rule MIMTM.3
2026-10-03 16:21:24 +0000: Memory Usage (428044K) : Executing rule MIMTM.4
2026-10-03 16:21:24 +0000: Memory Usage (428044K) : Executing rule MIMTM.5
2026-10-03 16:21:24 +0000: Memory Usage (428044K) : Executing rule MIMTM.6
2026-10-03 16:21:24 +0000: Memory Usage (428044K) : Executing rule MIMTM.7
2026-10-03 16:21:24 +0000: Memory Usage (428044K) : Executing rule MIMTM.8a
2026-10-03 16:21:24 +0000: Memory Usage (428172K) : Executing rule MIMTM.8b
2026-10-03 16:21:24 +0000: Memory Usage (428172K) : Executing rule MIMTM.9
2026-10-03 16:21:24 +0000: Memory Usage (428172K) : Executing rule MIMTM.10
2026-10-03 16:21:24 +0000: Memory Usage (428172K) : Executing rule MIMTM.11
2026-10-03 16:21:24 +0000: Memory Usage (428172K) : Starting NAT derivations
2026-10-03 16:21:24 +0000: Memory Usage (428172K) : Executing rule NAT.1
2026-10-03 16:21:24 +0000: Memory Usage (428172K) : Executing rule NAT.2
2026-10-03 16:21:24 +0000: Memory Usage (428172K) : Executing rule NAT.3
2026-10-03 16:21:24 +0000: Memory Usage (428172K) : Executing rule NAT.4
2026-10-03 16:21:24 +0000: Memory Usage (428172K) : Executing rule NAT.5
2026-10-03 16:21:24 +0000: Memory Usage (428172K) : CONNECTIVITY_RULES section
2026-10-03 16:21:24 +0000: Memory Usage (428172K) : Executing rule NAT.6
2026-10-03 16:21:24 +0000: Memory Usage (428172K) : Executing rule NAT.7
2026-10-03 16:21:24 +0000: Memory Usage (428172K) : Executing rule NAT.8
2026-10-03 16:21:24 +0000: Memory Usage (428172K) : Executing rule NAT.9
2026-10-03 16:21:24 +0000: Memory Usage (428172K) : Executing rule NAT.10
2026-10-03 16:21:24 +0000: Memory Usage (428172K) : Executing rule NAT.11
2026-10-03 16:21:24 +0000: Memory Usage (428172K) : Executing rule NAT.12
2026-10-03 16:21:24 +0000: Memory Usage (428172K) : Starting PPLUS derivations
2026-10-03 16:21:24 +0000: Memory Usage (428172K) : Executing rule PP.1
2026-10-03 16:21:24 +0000: Memory Usage (428172K) : Executing rule PP.2
2026-10-03 16:21:24 +0000: Memory Usage (428172K) : Executing rule PP.3a
2026-10-03 16:21:24 +0000: Memory Usage (428172K) : Executing rule PP.3bi
2026-10-03 16:21:24 +0000: Memory Usage (428172K) : Executing rule PP.3bii
2026-10-03 16:21:24 +0000: Memory Usage (428172K) : Executing rule PP.3ci
2026-10-03 16:21:24 +0000: Memory Usage (428172K) : Executing rule PP.3cii
2026-10-03 16:21:24 +0000: Memory Usage (428172K) : Executing rule PP.3d
2026-10-03 16:21:24 +0000: Memory Usage (428172K) : Executing rule PP.3e
2026-10-03 16:21:24 +0000: Memory Usage (428172K) : Executing rule PP.4a
2026-10-03 16:21:24 +0000: Memory Usage (428172K) : Executing rule PP.4b
2026-10-03 16:21:24 +0000: Memory Usage (428172K) : Executing rule PP.5a
2026-10-03 16:21:24 +0000: Memory Usage (428172K) : Executing rule PP.5b
2026-10-03 16:21:24 +0000: Memory Usage (428172K) : Executing rule PP.5ci
2026-10-03 16:21:24 +0000: Memory Usage (428172K) : Executing rule PP.5cii
2026-10-03 16:21:24 +0000: Memory Usage (428172K) : Executing rule PP.5di
2026-10-03 16:21:24 +0000: Memory Usage (428172K) : Executing rule PP.5dii
2026-10-03 16:21:24 +0000: Memory Usage (428172K) : Executing rule PP.6
2026-10-03 16:21:24 +0000: Memory Usage (428172K) : Executing rule PP.7
2026-10-03 16:21:24 +0000: Memory Usage (428172K) : Executing rule PP.8a
2026-10-03 16:21:24 +0000: Memory Usage (428172K) : Executing rule PP.8b
2026-10-03 16:21:24 +0000: Memory Usage (428172K) : Executing rule PP.9
2026-10-03 16:21:24 +0000: Memory Usage (428172K) : Executing rule PP.10
2026-10-03 16:21:24 +0000: Memory Usage (428172K) : Executing rule PP.11
2026-10-03 16:21:24 +0000: Memory Usage (428172K) : Executing rule PP.12
2026-10-03 16:21:24 +0000: Memory Usage (428172K) : Executing rule M4.1
2026-10-03 16:21:24 +0000: Memory Usage (428172K) : Executing rule M4.2a
2026-10-03 16:21:24 +0000: Memory Usage (428172K) : Executing rule M4.2b
2026-10-03 16:21:24 +0000: Memory Usage (428172K) : Executing rule M4.3
2026-10-03 16:21:24 +0000: Memory Usage (428172K) : Executing rule V4.1
2026-10-03 16:21:24 +0000: Memory Usage (428172K) : Executing rule V4.2a
2026-10-03 16:21:24 +0000: Memory Usage (428172K) : Executing rule V4.2b
2026-10-03 16:21:24 +0000: Memory Usage (428300K) : Executing rule V4.3b
2026-10-03 16:21:24 +0000: Memory Usage (428300K) : Executing rule V4.3c
2026-10-03 16:21:24 +0000: Memory Usage (428300K) : Executing rule V4.3d
2026-10-03 16:21:24 +0000: Memory Usage (428300K) : Executing rule V4.4a
2026-10-03 16:21:24 +0000: Memory Usage (428300K) : Executing rule V4.4b
2026-10-03 16:21:24 +0000: Memory Usage (428300K) : Executing rule V4.4c
2026-10-03 16:21:24 +0000: Memory Usage (428300K) : Starting sab derivations
2026-10-03 16:21:24 +0000: Memory Usage (428300K) : Executing rule SB.1
2026-10-03 16:21:24 +0000: Memory Usage (428300K) : Executing rule SB.2
2026-10-03 16:21:24 +0000: Memory Usage (428300K) : Executing rule SB.3
2026-10-03 16:21:24 +0000: Memory Usage (428300K) : Executing rule SB.4
2026-10-03 16:21:24 +0000: Memory Usage (428300K) : Executing rule SB.5a
2026-10-03 16:21:24 +0000: Memory Usage (428300K) : Executing rule SB.5b
2026-10-03 16:21:24 +0000: Memory Usage (428300K) : Executing rule SB.6
2026-10-03 16:21:24 +0000: Memory Usage (428300K) : Executing rule SB.7
2026-10-03 16:21:24 +0000: Memory Usage (428300K) : Executing rule SB.8
2026-10-03 16:21:24 +0000: Memory Usage (428300K) : Executing rule SB.9
2026-10-03 16:21:24 +0000: Memory Usage (428300K) : Executing rule SB.10
2026-10-03 16:21:24 +0000: Memory Usage (428300K) : Executing rule SB.11
2026-10-03 16:21:24 +0000: Memory Usage (428300K) : Executing rule SB.12
2026-10-03 16:21:24 +0000: Memory Usage (428300K) : Executing rule SB.13
2026-10-03 16:21:24 +0000: Memory Usage (428300K) : Executing rule SB.14a
2026-10-03 16:21:24 +0000: Memory Usage (428300K) : Executing rule SB.14b
2026-10-03 16:21:24 +0000: Memory Usage (428300K) : Executing rule SB.15a
2026-10-03 16:21:24 +0000: Memory Usage (428300K) : Executing rule SB.15b
2026-10-03 16:21:24 +0000: Memory Usage (428300K) : Executing rule SB.16
2026-10-03 16:21:24 +0000: Memory Usage (428300K) : OFFGRID-ANGLES section
2026-10-03 16:21:24 +0000: Memory Usage (428300K) : Executing rule comp_OFFGRID
2026-10-03 16:21:24 +0000: Memory Usage (428300K) : Executing rule dnwell_OFFGRID
2026-10-03 16:21:24 +0000: Memory Usage (428300K) : Executing rule nwell_OFFGRID
2026-10-03 16:21:24 +0000: Memory Usage (428300K) : Executing rule lvpwell_OFFGRID
2026-10-03 16:21:24 +0000: Memory Usage (428300K) : Executing rule dualgate_OFFGRID
2026-10-03 16:21:24 +0000: Memory Usage (428300K) : Executing rule poly2_OFFGRID
2026-10-03 16:21:24 +0000: Memory Usage (428300K) : Executing rule nplus_OFFGRID
2026-10-03 16:21:24 +0000: Memory Usage (428300K) : Executing rule pplus_OFFGRID
2026-10-03 16:21:24 +0000: Memory Usage (428300K) : Executing rule sab_OFFGRID
2026-10-03 16:21:24 +0000: Memory Usage (428300K) : Executing rule esd_OFFGRID
2026-10-03 16:21:24 +0000: Memory Usage (428300K) : Executing rule resistor_OFFGRID
2026-10-03 16:21:24 +0000: Memory Usage (428428K) : Executing rule fhres_OFFGRID
2026-10-03 16:21:24 +0000: Memory Usage (428428K) : Executing rule fusetop_OFFGRID
2026-10-03 16:21:24 +0000: Memory Usage (428428K) : Executing rule fusewindow_d_OFFGRID
2026-10-03 16:21:24 +0000: Memory Usage (428556K) : Executing rule polyfuse_OFFGRID
2026-10-03 16:21:24 +0000: Memory Usage (428556K) : Executing rule mvsd_OFFGRID
2026-10-03 16:21:24 +0000: Memory Usage (428684K) : Executing rule mvpsd_OFFGRID
2026-10-03 16:21:24 +0000: Memory Usage (428812K) : Executing rule nat_OFFGRID
2026-10-03 16:21:24 +0000: Memory Usage (429324K) : Executing rule comp_dummy_OFFGRID
2026-10-03 16:21:24 +0000: Memory Usage (429452K) : Executing rule poly2_dummy_OFFGRID
2026-10-03 16:21:24 +0000: Memory Usage (429452K) : Executing rule schottky_diode_OFFGRID
2026-10-03 16:21:24 +0000: Memory Usage (429452K) : Executing rule zener_OFFGRID
2026-10-03 16:21:24 +0000: Memory Usage (429452K) : Executing rule res_mk_OFFGRID
2026-10-03 16:21:25 +0000: Memory Usage (429452K) : Executing rule opc_drc_OFFGRID
2026-10-03 16:21:25 +0000: Memory Usage (429452K) : Executing rule ndmy_OFFGRID
2026-10-03 16:21:25 +0000: Memory Usage (429452K) : Executing rule pmndmy_OFFGRID
2026-10-03 16:21:25 +0000: Memory Usage (429452K) : Executing rule v5_xtor_OFFGRID
2026-10-03 16:21:25 +0000: Memory Usage (429452K) : Executing rule cap_mk_OFFGRID
2026-10-03 16:21:25 +0000: Memory Usage (429452K) : Executing rule mos_cap_mk_OFFGRID
2026-10-03 16:21:25 +0000: Memory Usage (429452K) : Executing rule ind_mk_OFFGRID
2026-10-03 16:21:25 +0000: Memory Usage (429452K) : Executing rule diode_mk_OFFGRID
2026-10-03 16:21:25 +0000: Memory Usage (429452K) : Executing rule drc_bjt_OFFGRID
2026-10-03 16:21:25 +0000: Memory Usage (429452K) : Executing rule lvs_bjt_OFFGRID
2026-10-03 16:21:25 +0000: Memory Usage (429452K) : Executing rule mim_l_mk_OFFGRID
2026-10-03 16:21:25 +0000: Memory Usage (429452K) : Executing rule latchup_mk_OFFGRID
2026-10-03 16:21:25 +0000: Memory Usage (429452K) : Executing rule guard_ring_mk_OFFGRID
2026-10-03 16:21:25 +0000: Memory Usage (429452K) : Executing rule otp_mk_OFFGRID
2026-10-03 16:21:25 +0000: Memory Usage (429452K) : Executing rule mtpmark_OFFGRID
2026-10-03 16:21:25 +0000: Memory Usage (429452K) : Executing rule neo_ee_mk_OFFGRID
2026-10-03 16:21:25 +0000: Memory Usage (429452K) : Executing rule sramcore_OFFGRID
2026-10-03 16:21:25 +0000: Memory Usage (429452K) : Executing rule lvs_rf_OFFGRID
2026-10-03 16:21:25 +0000: Memory Usage (429452K) : Executing rule lvs_drain_OFFGRID
2026-10-03 16:21:25 +0000: Memory Usage (429452K) : Executing rule ind_mk_OFFGRID
2026-10-03 16:21:25 +0000: Memory Usage (429580K) : Executing rule hvpolyrs_OFFGRID
2026-10-03 16:21:25 +0000: Memory Usage (429580K) : Executing rule lvs_io_OFFGRID
2026-10-03 16:21:25 +0000: Memory Usage (429708K) : Executing rule probe_mk_OFFGRID
2026-10-03 16:21:25 +0000: Memory Usage (429708K) : Executing rule esd_mk_OFFGRID
2026-10-03 16:21:25 +0000: Memory Usage (429836K) : Executing rule lvs_source_OFFGRID
2026-10-03 16:21:25 +0000: Memory Usage (429836K) : Executing rule well_diode_mk_OFFGRID
2026-10-03 16:21:25 +0000: Memory Usage (429964K) : Executing rule ldmos_xtor_OFFGRID
2026-10-03 16:21:25 +0000: Memory Usage (430220K) : Executing rule plfuse_OFFGRID
2026-10-03 16:21:25 +0000: Memory Usage (430732K) : Executing rule efuse_mk_OFFGRID
2026-10-03 16:21:25 +0000: Memory Usage (430860K) : Executing rule mcell_feol_mk_OFFGRID
2026-10-03 16:21:25 +0000: Memory Usage (430860K) : Executing rule ymtp_mk_OFFGRID
2026-10-03 16:21:25 +0000: Memory Usage (430860K) : Executing rule dev_wf_mk_OFFGRID
2026-10-03 16:21:25 +0000: Memory Usage (430860K) : Executing rule comp_label_OFFGRID
2026-10-03 16:21:25 +0000: Memory Usage (430860K) : Executing rule poly2_label_OFFGRID
2026-10-03 16:21:25 +0000: Memory Usage (430860K) : Executing rule mdiode_OFFGRID
2026-10-03 16:21:25 +0000: Memory Usage (430860K) : Executing rule contact_OFFGRID
2026-10-03 16:21:25 +0000: Memory Usage (430860K) : Executing rule metal1_OFFGRID
2026-10-03 16:21:25 +0000: Memory Usage (430860K) : Executing rule metal1_slot_OFFGRID
2026-10-03 16:21:25 +0000: Memory Usage (430860K) : Executing rule metal1_blk_OFFGRID
2026-10-03 16:21:25 +0000: Memory Usage (430860K) : Executing rule metal1_label_OFFGRID
2026-10-03 16:21:25 +0000: Memory Usage (430860K) : Executing rule via1_OFFGRID
2026-10-03 16:21:25 +0000: Memory Usage (430860K) : Executing rule metal2_OFFGRID
2026-10-03 16:21:25 +0000: Memory Usage (430860K) : Executing rule metal2_label_OFFGRID
2026-10-03 16:21:25 +0000: Memory Usage (430860K) : Executing rule metal2_slot_OFFGRID
2026-10-03 16:21:25 +0000: Memory Usage (430860K) : Executing rule metal2_blk_OFFGRID
2026-10-03 16:21:25 +0000: Memory Usage (430860K) : Executing rule via2_OFFGRID
2026-10-03 16:21:25 +0000: Memory Usage (430860K) : Executing rule metal3_OFFGRID
2026-10-03 16:21:25 +0000: Memory Usage (430860K) : Executing rule metal3_dummy_OFFGRID
2026-10-03 16:21:25 +0000: Memory Usage (430860K) : Executing rule metal3_label_OFFGRID
2026-10-03 16:21:25 +0000: Memory Usage (430860K) : Executing rule metal3_blk_OFFGRID
2026-10-03 16:21:25 +0000: Memory Usage (430860K) : Executing rule via3_OFFGRID
2026-10-03 16:21:25 +0000: Memory Usage (430860K) : Executing rule metal4_OFFGRID
2026-10-03 16:21:25 +0000: Memory Usage (430860K) : Executing rule metal4_dummy_OFFGRID
2026-10-03 16:21:25 +0000: Memory Usage (430860K) : Executing rule metal4_label_OFFGRID
2026-10-03 16:21:25 +0000: Memory Usage (430860K) : Executing rule metal4_blk_OFFGRID
2026-10-03 16:21:25 +0000: Memory Usage (430860K) : Executing rule via4_OFFGRID
2026-10-03 16:21:25 +0000: Memory Usage (430860K) : Executing rule metal5_OFFGRID
2026-10-03 16:21:25 +0000: Memory Usage (430860K) : Executing rule metal5_dummy_OFFGRID
2026-10-03 16:21:25 +0000: Memory Usage (430860K) : Executing rule metal5_label_OFFGRID
2026-10-03 16:21:25 +0000: Memory Usage (430860K) : Executing rule metal5_blk_OFFGRID
2026-10-03 16:21:25 +0000: Memory Usage (430860K) : Executing rule pad_OFFGRID
2026-10-03 16:21:25 +0000: Memory Usage (430860K) : Executing rule ubmpperi_OFFGRID
2026-10-03 16:21:25 +0000: Memory Usage (431116K) : Executing rule ubmparray_OFFGRID
2026-10-03 16:21:25 +0000: Memory Usage (431628K) : Executing rule ubmeplate_OFFGRID
2026-10-03 16:21:25 +0000: Memory Usage (431884K) : Executing rule metal1_res_OFFGRID
2026-10-03 16:21:25 +0000: Memory Usage (431884K) : Executing rule metal2_res_OFFGRID
2026-10-03 16:21:25 +0000: Memory Usage (431884K) : Executing rule metal3_res_OFFGRID
2026-10-03 16:21:25 +0000: Memory Usage (431884K) : Executing rule metal4_res_OFFGRID
2026-10-03 16:21:25 +0000: Memory Usage (431884K) : Executing rule metal5_res_OFFGRID
2026-10-03 16:21:25 +0000: Memory Usage (431884K) : Executing rule metal6_res_OFFGRID
2026-10-03 16:21:25 +0000: Memory Usage (431884K) : Executing rule pr_bndry_OFFGRID
2026-10-03 16:21:25 +0000: Memory Usage (431884K) : Executing rule border_OFFGRID
2026-10-03 16:21:25 +0000: Memory Usage (431884K) : Executing rule M1.1
2026-10-03 16:21:25 +0000: Memory Usage (431884K) : Executing rule M1.2a
2026-10-03 16:21:25 +0000: Memory Usage (431884K) : Executing rule M1.2b
2026-10-03 16:21:25 +0000: Memory Usage (431884K) : Executing rule M1.3
2026-10-03 16:21:25 +0000: Memory Usage (431884K) : MetalTop thickness 9k/11k section
2026-10-03 16:21:25 +0000: Memory Usage (431884K) : Executing rule MT.1
2026-10-03 16:21:25 +0000: Memory Usage (431884K) : Executing rule MT.2a
2026-10-03 16:21:25 +0000: Memory Usage (431884K) : Executing rule MT.2b
2026-10-03 16:21:25 +0000: Memory Usage (431884K) : Executing rule MT.4
2026-10-03 16:21:25 +0000: Memory Usage (431884K) : Executing rule V1.1
2026-10-03 16:21:25 +0000: Memory Usage (431884K) : Executing rule V1.2a
2026-10-03 16:21:25 +0000: Memory Usage (431884K) : Executing rule V1.2b
2026-10-03 16:21:25 +0000: Memory Usage (431884K) : Executing rule V1.3a
2026-10-03 16:21:25 +0000: Memory Usage (431884K) : Executing rule V1.3c
2026-10-03 16:21:25 +0000: Memory Usage (431884K) : Executing rule V1.3d
2026-10-03 16:21:25 +0000: Memory Usage (431884K) : Executing rule V1.4a
2026-10-03 16:21:25 +0000: Memory Usage (431884K) : Executing rule V1.4b
2026-10-03 16:21:25 +0000: Memory Usage (431884K) : Executing rule V1.4c
2026-10-03 16:21:25 +0000: Memory Usage (431884K) : Executing rule M2.1
2026-10-03 16:21:25 +0000: Memory Usage (431884K) : Executing rule M2.2a
2026-10-03 16:21:25 +0000: Memory Usage (431884K) : Executing rule M2.2b
2026-10-03 16:21:25 +0000: Memory Usage (431884K) : Executing rule M2.3
2026-10-03 16:21:25 +0000: Memory Usage (431884K) : Executing rule V3.1
2026-10-03 16:21:25 +0000: Memory Usage (431884K) : Executing rule V3.2a
2026-10-03 16:21:25 +0000: Memory Usage (431884K) : Executing rule V3.2b
2026-10-03 16:21:25 +0000: Memory Usage (431884K) : Executing rule V3.3b
2026-10-03 16:21:25 +0000: Memory Usage (431884K) : Executing rule V3.3c
2026-10-03 16:21:25 +0000: Memory Usage (431884K) : Executing rule V3.3d
2026-10-03 16:21:25 +0000: Memory Usage (431884K) : Executing rule V3.4a
2026-10-03 16:21:25 +0000: Memory Usage (431884K) : Executing rule V3.4b
2026-10-03 16:21:25 +0000: Memory Usage (431884K) : Executing rule V3.4c
2026-10-03 16:21:25 +0000: Memory Usage (431884K) : Starting 10V LDNMOS derivations
2026-10-03 16:21:25 +0000: Memory Usage (432780K) : Executing rule MDN.1
2026-10-03 16:21:25 +0000: Memory Usage (432908K) : CONNECTIVITY_RULES section
2026-10-03 16:21:25 +0000: Memory Usage (432908K) : Executing rule MDN.2a
2026-10-03 16:21:25 +0000: Memory Usage (432908K) : Executing rule MDN.2b
2026-10-03 16:21:25 +0000: Memory Usage (432908K) : Executing rule MDN.3a
2026-10-03 16:21:25 +0000: Memory Usage (432908K) : Executing rule MDN.3b
2026-10-03 16:21:25 +0000: Memory Usage (432908K) : Executing rule MDN.4a
2026-10-03 16:21:25 +0000: Memory Usage (432908K) : Executing rule MDN.4b
2026-10-03 16:21:25 +0000: Memory Usage (432908K) : Executing rule MDN.5ai
2026-10-03 16:21:25 +0000: Memory Usage (432908K) : Executing rule MDN.5aii
2026-10-03 16:21:25 +0000: Memory Usage (432908K) : Executing rule MDN.5b
2026-10-03 16:21:25 +0000: Memory Usage (432908K) : Executing rule MDN.5c
2026-10-03 16:21:25 +0000: Memory Usage (432908K) : Executing rule MDN.6
2026-10-03 16:21:25 +0000: Memory Usage (432908K) : Executing rule MDN.6a
2026-10-03 16:21:25 +0000: Memory Usage (432908K) : Executing rule MDN.7
2026-10-03 16:21:25 +0000: Memory Usage (432908K) : Executing rule MDN.7a
2026-10-03 16:21:25 +0000: Memory Usage (432908K) : CONNECTIVITY_RULES section
2026-10-03 16:21:25 +0000: Memory Usage (433036K) : Executing rule MDN.8a
2026-10-03 16:21:25 +0000: Memory Usage (433036K) : Executing rule MDN.8b
2026-10-03 16:21:25 +0000: Memory Usage (433036K) : Executing rule MDN.9
2026-10-03 16:21:25 +0000: Memory Usage (433036K) : Executing rule MDN.10a
2026-10-03 16:21:25 +0000: Memory Usage (433036K) : Executing rule MDN.10b
2026-10-03 16:21:25 +0000: Memory Usage (433036K) : Executing rule MDN.10c
2026-10-03 16:21:25 +0000: Memory Usage (433036K) : Executing rule MDN.10d
2026-10-03 16:21:25 +0000: Memory Usage (433036K) : Executing rule MDN.10ei
2026-10-03 16:21:25 +0000: Memory Usage (433036K) : Executing rule MDN.10eii
2026-10-03 16:21:25 +0000: Memory Usage (433036K) : Executing rule MDN.10f
2026-10-03 16:21:25 +0000: Memory Usage (433036K) : Executing rule MDN.11
2026-10-03 16:21:25 +0000: Memory Usage (433036K) : Executing rule MDN.12
2026-10-03 16:21:25 +0000: Memory Usage (433036K) : Executing rule MDN.13a
2026-10-03 16:21:25 +0000: Memory Usage (433036K) : Executing rule MDN.13b
2026-10-03 16:21:25 +0000: Memory Usage (433036K) : Executing rule MDN.13c
2026-10-03 16:21:25 +0000: Memory Usage (433036K) : Executing rule MDN.13d
2026-10-03 16:21:25 +0000: Memory Usage (433036K) : Executing rule MDN.14
2026-10-03 16:21:25 +0000: Memory Usage (433036K) : Executing rule MDN.15a
2026-10-03 16:21:25 +0000: Memory Usage (433036K) : Executing rule MDN.15b
2026-10-03 16:21:25 +0000: Memory Usage (433036K) : Executing rule MDN.17
2026-10-03 16:21:25 +0000: Memory Usage (433036K) : Executing rule BJT.1
2026-10-03 16:21:25 +0000: Memory Usage (433036K) : Executing rule BJT.2
2026-10-03 16:21:25 +0000: Memory Usage (433036K) : Executing rule BJT.3
2026-10-03 16:21:25 +0000: Memory Usage (433036K) : Executing rule V2.1
2026-10-03 16:21:25 +0000: Memory Usage (433036K) : Executing rule V2.2a
2026-10-03 16:21:25 +0000: Memory Usage (433036K) : Executing rule V2.2b
2026-10-03 16:21:25 +0000: Memory Usage (433036K) : Executing rule V2.3b
2026-10-03 16:21:25 +0000: Memory Usage (433036K) : Executing rule V2.3c
2026-10-03 16:21:25 +0000: Memory Usage (433036K) : Executing rule V2.3d
2026-10-03 16:21:25 +0000: Memory Usage (433036K) : Executing rule V2.4a
2026-10-03 16:21:25 +0000: Memory Usage (433036K) : Executing rule V2.4b
2026-10-03 16:21:25 +0000: Memory Usage (433036K) : Executing rule V2.4c
2026-10-03 16:21:25 +0000: Memory Usage (433036K) : Executing rule M3.1
2026-10-03 16:21:25 +0000: Memory Usage (433036K) : Executing rule M3.2a
2026-10-03 16:21:25 +0000: Memory Usage (433036K) : Executing rule M3.2b
2026-10-03 16:21:25 +0000: Memory Usage (433036K) : Executing rule M3.3
2026-10-03 16:21:25 +0000: Memory Usage (433036K) : Starting ESD derivations
2026-10-03 16:21:25 +0000: Memory Usage (433036K) : Executing rule ESD.1
2026-10-03 16:21:25 +0000: Memory Usage (433036K) : Executing rule ESD.2
2026-10-03 16:21:25 +0000: Memory Usage (433036K) : Executing rule ESD.3a
2026-10-03 16:21:25 +0000: Memory Usage (433036K) : Executing rule ESD.3b
2026-10-03 16:21:25 +0000: Memory Usage (433036K) : Executing rule ESD.4a
2026-10-03 16:21:25 +0000: Memory Usage (433036K) : Executing rule ESD.4b
2026-10-03 16:21:25 +0000: Memory Usage (433036K) : Executing rule ESD.5a
2026-10-03 16:21:25 +0000: Memory Usage (433036K) : Executing rule ESD.5b
2026-10-03 16:21:25 +0000: Memory Usage (433036K) : Executing rule ESD.6
2026-10-03 16:21:25 +0000: Memory Usage (433036K) : Executing rule ESD.7
2026-10-03 16:21:25 +0000: Memory Usage (433036K) : Executing rule ESD.8
2026-10-03 16:21:25 +0000: Memory Usage (433036K) : Executing rule ESD.pl
2026-10-03 16:21:25 +0000: Memory Usage (433036K) : Executing rule ESD.9
2026-10-03 16:21:25 +0000: Memory Usage (433036K) : Executing rule ESD.10
2026-10-03 16:21:25 +0000: Memory Usage (433036K) : Starting 3.3V SRAM derivations
2026-10-03 16:21:25 +0000: Memory Usage (433036K) : Executing rule S.DF.4c_LV
2026-10-03 16:21:25 +0000: Memory Usage (433036K) : Executing rule S.DF.16_LV
2026-10-03 16:21:25 +0000: Memory Usage (433036K) : Executing rule S.CO.3_LV
2026-10-03 16:21:25 +0000: Memory Usage (433036K) : Executing rule S.CO.4_LV
2026-10-03 16:21:25 +0000: Memory Usage (433036K) : Executing rule S.CO.6_ii_LV
2026-10-03 16:21:25 +0000: Memory Usage (433036K) : Executing rule S.M1.1_LV
2026-10-03 16:21:25 +0000: Memory Usage (433036K) : Starting POLY2 derivations
2026-10-03 16:21:25 +0000: Memory Usage (433036K) : Executing rule PL.1_LV
2026-10-03 16:21:25 +0000: Memory Usage (433036K) : Executing rule PL.1_MV
2026-10-03 16:21:25 +0000: Memory Usage (433036K) : Executing rule PL.1a_LV
2026-10-03 16:21:25 +0000: Memory Usage (433036K) : Executing rule PL.1a_MV
2026-10-03 16:21:25 +0000: Memory Usage (433036K) : Executing rule PL.2_LV
2026-10-03 16:21:25 +0000: Memory Usage (433036K) : Executing rule PL.2_MV
2026-10-03 16:21:25 +0000: Memory Usage (433036K) : Executing rule PL.3a
2026-10-03 16:21:25 +0000: Memory Usage (433036K) : Executing rule PL.4_LV
2026-10-03 16:21:25 +0000: Memory Usage (433036K) : Executing rule PL.4_MV
2026-10-03 16:21:25 +0000: Memory Usage (433036K) : Executing rule PL.5a_LV
2026-10-03 16:21:25 +0000: Memory Usage (433036K) : Executing rule PL.5a_MV
2026-10-03 16:21:25 +0000: Memory Usage (433036K) : Executing rule PL.5b_LV
2026-10-03 16:21:25 +0000: Memory Usage (433036K) : Executing rule PL.5b_MV
2026-10-03 16:21:25 +0000: Memory Usage (433036K) : Executing rule PL.6
2026-10-03 16:21:25 +0000: Memory Usage (433036K) : Executing rule PL.7_LV
2026-10-03 16:21:25 +0000: Memory Usage (433036K) : Executing rule PL.7_MV
2026-10-03 16:21:25 +0000: Memory Usage (433036K) : Executing rule PL.9
2026-10-03 16:21:25 +0000: Memory Usage (433036K) : Executing rule PL.11
2026-10-03 16:21:25 +0000: Memory Usage (433036K) : Executing rule PL.12
2026-10-03 16:21:25 +0000: Memory Usage (433036K) : Starting YMTP_MK derivations
2026-10-03 16:21:25 +0000: Memory Usage (433036K) : Executing rule Y.NW.2b_LV
2026-10-03 16:21:25 +0000: Memory Usage (433036K) : Executing rule Y.NW.2b_MV
2026-10-03 16:21:25 +0000: Memory Usage (433036K) : Executing rule Y.DF.6_MV
2026-10-03 16:21:25 +0000: Memory Usage (433036K) : Executing rule Y.DF.16_LV
2026-10-03 16:21:25 +0000: Memory Usage (433036K) : Executing rule Y.DF.16_MV
2026-10-03 16:21:25 +0000: Memory Usage (433036K) : Executing rule Y.PL.1_LV
2026-10-03 16:21:25 +0000: Memory Usage (433036K) : Executing rule Y.PL.1_MV
2026-10-03 16:21:25 +0000: Memory Usage (433036K) : Executing rule Y.PL.2_LV
2026-10-03 16:21:25 +0000: Memory Usage (433036K) : Executing rule Y.PL.2_MV
2026-10-03 16:21:25 +0000: Memory Usage (433036K) : Executing rule Y.PL.4_MV
2026-10-03 16:21:25 +0000: Memory Usage (433036K) : Executing rule Y.PL.5a_LV
2026-10-03 16:21:25 +0000: Memory Usage (433036K) : Executing rule Y.PL.5a_MV
2026-10-03 16:21:25 +0000: Memory Usage (433036K) : Executing rule Y.PL.5b_LV
2026-10-03 16:21:25 +0000: Memory Usage (433036K) : Executing rule Y.PL.5b_MV
2026-10-03 16:21:25 +0000: Memory Usage (433036K) : Starting NWELL derivations
2026-10-03 16:21:25 +0000: Memory Usage (433036K) : Executing rule NW.1a_LV
2026-10-03 16:21:25 +0000: Memory Usage (433036K) : Executing rule NW.1a_MV
2026-10-03 16:21:25 +0000: Memory Usage (433036K) : Executing rule NW.1b_LV
2026-10-03 16:21:25 +0000: Memory Usage (433036K) : Executing rule NW.1b_MV
2026-10-03 16:21:25 +0000: Memory Usage (433036K) : CONNECTIVITY_RULES section
2026-10-03 16:21:25 +0000: Memory Usage (433164K) : Executing rule NW.2a_LV
2026-10-03 16:21:25 +0000: Memory Usage (433164K) : Executing rule NW.2a_MV
2026-10-03 16:21:25 +0000: Memory Usage (433164K) : Executing rule NW.2b_LV
2026-10-03 16:21:25 +0000: Memory Usage (433164K) : Executing rule NW.2b_MV
2026-10-03 16:21:25 +0000: Memory Usage (433164K) : Executing rule NW.3
2026-10-03 16:21:25 +0000: Memory Usage (433164K) : Executing rule NW.4
2026-10-03 16:21:25 +0000: Memory Usage (433164K) : Executing rule NW.5_LV
2026-10-03 16:21:25 +0000: Memory Usage (433164K) : Executing rule NW.5_MV
2026-10-03 16:21:25 +0000: Memory Usage (433292K) : Executing rule NW.6
2026-10-03 16:21:25 +0000: Memory Usage (433292K) : Executing rule LVS_BJT.1
2026-10-03 16:21:25 +0000: Memory Usage (433292K) : Starting HRES derivations
2026-10-03 16:21:25 +0000: Memory Usage (433292K) : Executing rule HRES.1
2026-10-03 16:21:25 +0000: Memory Usage (433420K) : Executing rule HRES.2
2026-10-03 16:21:25 +0000: Memory Usage (433420K) : Executing rule HRES.3
2026-10-03 16:21:25 +0000: Memory Usage (433420K) : Executing rule HRES.4
2026-10-03 16:21:25 +0000: Memory Usage (433420K) : Executing rule HRES.5
2026-10-03 16:21:25 +0000: Memory Usage (433420K) : Executing rule HRES.6
2026-10-03 16:21:25 +0000: Memory Usage (433420K) : Executing rule HRES.7
2026-10-03 16:21:25 +0000: Memory Usage (433420K) : Executing rule HRES.8
2026-10-03 16:21:25 +0000: Memory Usage (433420K) : Executing rule HRES.9
2026-10-03 16:21:25 +0000: Memory Usage (433420K) : Executing rule HRES.10
2026-10-03 16:21:25 +0000: Memory Usage (433420K) : Executing rule HRES.12a
2026-10-03 16:21:25 +0000: Memory Usage (433420K) : Executing rule HRES.12b
2026-10-03 16:21:25 +0000: Memory Usage (433420K) : Starting 5V SRAM derivations
2026-10-03 16:21:25 +0000: Memory Usage (433420K) : Executing rule S.DF.4c_MV
2026-10-03 16:21:25 +0000: Memory Usage (433420K) : Executing rule S.DF.6_MV
2026-10-03 16:21:25 +0000: Memory Usage (433420K) : Executing rule S.DF.7_MV
2026-10-03 16:21:25 +0000: Memory Usage (433420K) : Executing rule S.DF.8_MV
2026-10-03 16:21:25 +0000: Memory Usage (433420K) : Executing rule S.DF.16_MV
2026-10-03 16:21:25 +0000: Memory Usage (433420K) : Executing rule S.PL.5a_MV
2026-10-03 16:21:25 +0000: Memory Usage (433420K) : Executing rule S.PL.5b_MV
2026-10-03 16:21:25 +0000: Memory Usage (433420K) : Executing rule S.CO.4_MV
2026-10-03 16:21:25 +0000: Memory Usage (433420K) : Starting PRES derivations
2026-10-03 16:21:25 +0000: Memory Usage (433420K) : Executing rule PRES.1
2026-10-03 16:21:25 +0000: Memory Usage (433420K) : Executing rule PRES.2
2026-10-03 16:21:25 +0000: Memory Usage (433420K) : Executing rule PRES.3
2026-10-03 16:21:25 +0000: Memory Usage (433420K) : Executing rule PRES.4
2026-10-03 16:21:25 +0000: Memory Usage (433420K) : Executing rule PRES.5
2026-10-03 16:21:25 +0000: Memory Usage (433420K) : Executing rule PRES.6
2026-10-03 16:21:25 +0000: Memory Usage (433420K) : Executing rule PRES.7
2026-10-03 16:21:25 +0000: Memory Usage (433420K) : Executing rule PRES.9a
2026-10-03 16:21:25 +0000: Memory Usage (433420K) : Executing rule PRES.9b
2026-10-03 16:21:25 +0000: Memory Usage (433420K) : Starting comp derivations
2026-10-03 16:21:25 +0000: Memory Usage (433420K) : Executing rule DF.1a_LV
2026-10-03 16:21:25 +0000: Memory Usage (433420K) : Executing rule DF.1a_MV
2026-10-03 16:21:25 +0000: Memory Usage (433420K) : Executing rule DF.1c
2026-10-03 16:21:25 +0000: Memory Usage (433420K) : Executing rule DF.2a_LV
2026-10-03 16:21:25 +0000: Memory Usage (433420K) : Executing rule DF.2a_MV
2026-10-03 16:21:25 +0000: Memory Usage (433420K) : Executing rule DF.2b
2026-10-03 16:21:25 +0000: Memory Usage (433420K) : Executing rule DF.3a_LV
2026-10-03 16:21:25 +0000: Memory Usage (433420K) : Executing rule DF.3a_MV
2026-10-03 16:21:25 +0000: Memory Usage (433420K) : Executing rule DF.3b
2026-10-03 16:21:25 +0000: Memory Usage (433420K) : Executing rule DF.3c_LV
2026-10-03 16:21:25 +0000: Memory Usage (433420K) : Executing rule DF.3c_MV
2026-10-03 16:21:25 +0000: Memory Usage (433420K) : Executing rule DF.4a_LV
2026-10-03 16:21:25 +0000: Memory Usage (433420K) : Executing rule DF.4a_MV
2026-10-03 16:21:25 +0000: Memory Usage (433420K) : Executing rule DF.4b_LV
2026-10-03 16:21:25 +0000: Memory Usage (433420K) : Executing rule DF.4b_MV
2026-10-03 16:21:25 +0000: Memory Usage (433420K) : Executing rule DF.4c_LV
2026-10-03 16:21:25 +0000: Memory Usage (433548K) : Executing rule DF.4c_MV
2026-10-03 16:21:25 +0000: Memory Usage (433548K) : Executing rule DF.4d_LV
2026-10-03 16:21:25 +0000: Memory Usage (433548K) : Executing rule DF.4d_MV
2026-10-03 16:21:25 +0000: Memory Usage (433676K) : Executing rule DF.4e_LV
2026-10-03 16:21:25 +0000: Memory Usage (433676K) : Executing rule DF.4e_MV
2026-10-03 16:21:25 +0000: Memory Usage (433804K) : Executing rule DF.5_LV
2026-10-03 16:21:25 +0000: Memory Usage (433804K) : Executing rule DF.5_MV
2026-10-03 16:21:25 +0000: Memory Usage (433804K) : Executing rule DF.6_LV
2026-10-03 16:21:25 +0000: Memory Usage (433804K) : Executing rule DF.6_MV
2026-10-03 16:21:25 +0000: Memory Usage (433804K) : Executing rule DF.7_LV
2026-10-03 16:21:25 +0000: Memory Usage (433804K) : Executing rule DF.7_MV
2026-10-03 16:21:25 +0000: Memory Usage (433804K) : Executing rule DF.8_LV
2026-10-03 16:21:25 +0000: Memory Usage (433804K) : Executing rule DF.8_MV
2026-10-03 16:21:25 +0000: Memory Usage (433804K) : Executing rule DF.9
2026-10-03 16:21:25 +0000: Memory Usage (433804K) : Executing rule DF.10
2026-10-03 16:21:25 +0000: Memory Usage (433804K) : Executing rule DF.11
2026-10-03 16:21:25 +0000: Memory Usage (433804K) : Executing rule DF.12
2026-10-03 16:21:25 +0000: Memory Usage (433804K) : Preparations for rule DF.13_LV and DF.13_MV
2026-10-03 16:21:25 +0000: Memory Usage (433804K) : Executing rule DF.13_LV
2026-10-03 16:21:25 +0000: Memory Usage (433804K) : Executing rule DF.13_MV
2026-10-03 16:21:25 +0000: Memory Usage (433804K) : Executing rule DF.14_LV
2026-10-03 16:21:25 +0000: Memory Usage (433804K) : Executing rule DF.14_MV
2026-10-03 16:21:25 +0000: Memory Usage (433804K) : Executing rule DF.16_LV
2026-10-03 16:21:25 +0000: Memory Usage (433804K) : Executing rule DF.16_MV
2026-10-03 16:21:25 +0000: Memory Usage (433804K) : Executing rule DF.17_LV
2026-10-03 16:21:25 +0000: Memory Usage (433804K) : Executing rule DF.17_MV
2026-10-03 16:21:25 +0000: Memory Usage (433804K) : Executing rule DF.18
2026-10-03 16:21:25 +0000: Memory Usage (433804K) : Executing rule DF.19_LV
2026-10-03 16:21:25 +0000: Memory Usage (433804K) : Executing rule DF.19_MV
2026-10-03 16:21:25 +0000: Memory Usage (433804K) : Starting OTP_MK derivations
2026-10-03 16:21:25 +0000: Memory Usage (433804K) : Executing rule O.DF.3a
2026-10-03 16:21:25 +0000: Memory Usage (433804K) : Executing rule O.DF.6
2026-10-03 16:21:25 +0000: Memory Usage (433804K) : Executing rule O.DF.9
2026-10-03 16:21:25 +0000: Memory Usage (433804K) : Executing rule O.PL.2
2026-10-03 16:21:25 +0000: Memory Usage (433804K) : Executing rule O.PL.3a
2026-10-03 16:21:25 +0000: Memory Usage (433804K) : Executing rule O.PL.4
2026-10-03 16:21:25 +0000: Memory Usage (433804K) : Executing rule O.SB.2
2026-10-03 16:21:25 +0000: Memory Usage (433804K) : Executing rule O.SB.3
2026-10-03 16:21:25 +0000: Memory Usage (433804K) : Executing rule O.SB.4
2026-10-03 16:21:25 +0000: Memory Usage (433804K) : Executing rule O.SB.5b_LV
2026-10-03 16:21:25 +0000: Memory Usage (433804K) : Executing rule O.SB.9
2026-10-03 16:21:26 +0000: Memory Usage (433804K) : Executing rule O.SB.11
2026-10-03 16:21:26 +0000: Memory Usage (433804K) : Executing rule O.SB.13_LV
2026-10-03 16:21:26 +0000: Memory Usage (433804K) : Executing rule O.SB.13_MV
2026-10-03 16:21:26 +0000: Memory Usage (433804K) : Executing rule O.CO.7
2026-10-03 16:21:26 +0000: Memory Usage (433804K) : Executing rule O.PL.ORT
2026-10-03 16:21:26 +0000: Memory Usage (433804K) : Starting LRES derivations
2026-10-03 16:21:26 +0000: Memory Usage (433804K) : Executing rule LRES.1
2026-10-03 16:21:26 +0000: Memory Usage (433804K) : Executing rule LRES.2
2026-10-03 16:21:26 +0000: Memory Usage (433804K) : Executing rule LRES.3
2026-10-03 16:21:26 +0000: Memory Usage (433804K) : Executing rule LRES.4
2026-10-03 16:21:26 +0000: Memory Usage (433804K) : Executing rule LRES.5
2026-10-03 16:21:26 +0000: Memory Usage (433804K) : Executing rule LRES.6
2026-10-03 16:21:26 +0000: Memory Usage (433804K) : Executing rule LRES.7
2026-10-03 16:21:26 +0000: Memory Usage (433804K) : Executing rule LRES.9a
2026-10-03 16:21:26 +0000: Memory Usage (433804K) : Executing rule LRES.9b
2026-10-03 16:21:26 +0000: Memory Usage (433804K) : Executing rule CUP.2
2026-10-03 16:21:26 +0000: Memory Usage (433804K) : Executing rule CUP.3
2026-10-03 16:21:26 +0000: Memory Usage (433804K) : Executing rule MC.1
2026-10-03 16:21:26 +0000: Memory Usage (433804K) : Executing rule MC.2
2026-10-03 16:21:26 +0000: Memory Usage (433804K) : Executing rule MC.3
2026-10-03 16:21:26 +0000: Memory Usage (433804K) : Executing rule MC.4
2026-10-03 16:21:26 +0000: Memory Usage (433804K) : Executing rule DN.1
2026-10-03 16:21:26 +0000: Memory Usage (433804K) : CONNECTIVITY_RULES section
2026-10-03 16:21:26 +0000: Memory Usage (433804K) : Executing rule DN.2a
2026-10-03 16:21:26 +0000: Memory Usage (433804K) : Executing rule DN.2b
2026-10-03 16:21:26 +0000: Memory Usage (433804K) : Executing rule DN.3
2026-10-03 16:21:26 +0000: Memory Usage (433804K) : main DRC Total Run time 1.92161303 seconds
03-Oct-2026 16:21:26 | INFO    | Klayout DRC run is clean. GDS has no DRC violations.
