
===========================================================================
report_checks -path_delay min (Hold)
============================================================================
======================= max_tt_025C_3v30 Corner ===================================

Startpoint: _170_ (rising edge-triggered flip-flop clocked by clk)
Endpoint: _170_ (rising edge-triggered flip-flop clocked by clk)
Path Group: clk
Path Type: min

Fanout         Cap        Slew       Delay        Time   Description
---------------------------------------------------------------------------------------------
                                  0.000000    0.000000   clock clk (rise edge)
                                  0.000000    0.000000   clock source latency
     1    0.030694    0.226755    0.102551    0.102551 ^ clk (in)
                                                         clk (net)
                      0.226757    0.000000    0.102551 ^ clkbuf_0_clk/I (gf180mcu_fd_sc_mcu7t5v0__clkbuf_16)
     4    0.097190    0.219144    0.378040    0.480591 ^ clkbuf_0_clk/Z (gf180mcu_fd_sc_mcu7t5v0__clkbuf_16)
                                                         clknet_0_clk (net)
                      0.219144    0.000403    0.480994 ^ clkbuf_2_2__f_clk/I (gf180mcu_fd_sc_mcu7t5v0__clkbuf_16)
     5    0.026388    0.126654    0.310772    0.791766 ^ clkbuf_2_2__f_clk/Z (gf180mcu_fd_sc_mcu7t5v0__clkbuf_16)
                                                         clknet_2_2__leaf_clk (net)
                      0.126654    0.000207    0.791973 ^ _170_/CLK (gf180mcu_fd_sc_mcu7t5v0__dffq_1)
     2    0.011594    0.225735    0.948034    1.740008 v _170_/Q (gf180mcu_fd_sc_mcu7t5v0__dffq_1)
                                                         active_enable (net)
                      0.225735    0.000167    1.740174 v _100_/A1 (gf180mcu_fd_sc_mcu7t5v0__nand2_1)
     1    0.005197    0.232911    0.203108    1.943282 ^ _100_/ZN (gf180mcu_fd_sc_mcu7t5v0__nand2_1)
                                                         _053_ (net)
                      0.232911    0.000093    1.943375 ^ _151_/A2 (gf180mcu_fd_sc_mcu7t5v0__aoi21_1)
     1    0.002752    0.151995    0.138591    2.081967 v _151_/ZN (gf180mcu_fd_sc_mcu7t5v0__aoi21_1)
                                                         _018_ (net)
                      0.151995    0.000026    2.081992 v _170_/D (gf180mcu_fd_sc_mcu7t5v0__dffq_1)
                                              2.081992   data arrival time

                                  0.000000    0.000000   clock clk (rise edge)
                                  0.000000    0.000000   clock source latency
     1    0.030694    0.226755    0.113346    0.113346 ^ clk (in)
                                                         clk (net)
                      0.226757    0.000000    0.113346 ^ clkbuf_0_clk/I (gf180mcu_fd_sc_mcu7t5v0__clkbuf_16)
     4    0.097190    0.219144    0.417833    0.531179 ^ clkbuf_0_clk/Z (gf180mcu_fd_sc_mcu7t5v0__clkbuf_16)
                                                         clknet_0_clk (net)
                      0.219144    0.000446    0.531625 ^ clkbuf_2_2__f_clk/I (gf180mcu_fd_sc_mcu7t5v0__clkbuf_16)
     5    0.026388    0.126654    0.343485    0.875110 ^ clkbuf_2_2__f_clk/Z (gf180mcu_fd_sc_mcu7t5v0__clkbuf_16)
                                                         clknet_2_2__leaf_clk (net)
                      0.126654    0.000229    0.875339 ^ _170_/CLK (gf180mcu_fd_sc_mcu7t5v0__dffq_1)
                                  0.250000    1.125339   clock uncertainty
                                 -0.083366    1.041973   clock reconvergence pessimism
                                  0.065909    1.107883   library hold time
                                              1.107883   data required time
---------------------------------------------------------------------------------------------
                                              1.107883   data required time
                                             -2.081992   data arrival time
---------------------------------------------------------------------------------------------
                                              0.974110   slack (MET)


Startpoint: _153_ (rising edge-triggered flip-flop clocked by clk)
Endpoint: _153_ (rising edge-triggered flip-flop clocked by clk)
Path Group: clk
Path Type: min

Fanout         Cap        Slew       Delay        Time   Description
---------------------------------------------------------------------------------------------
                                  0.000000    0.000000   clock clk (rise edge)
                                  0.000000    0.000000   clock source latency
     1    0.030694    0.226755    0.102551    0.102551 ^ clk (in)
                                                         clk (net)
                      0.226757    0.000000    0.102551 ^ clkbuf_0_clk/I (gf180mcu_fd_sc_mcu7t5v0__clkbuf_16)
     4    0.097190    0.219144    0.378040    0.480591 ^ clkbuf_0_clk/Z (gf180mcu_fd_sc_mcu7t5v0__clkbuf_16)
                                                         clknet_0_clk (net)
                      0.219144    0.000750    0.481341 ^ clkbuf_2_1__f_clk/I (gf180mcu_fd_sc_mcu7t5v0__clkbuf_16)
     5    0.027281    0.127841    0.311793    0.793134 ^ clkbuf_2_1__f_clk/Z (gf180mcu_fd_sc_mcu7t5v0__clkbuf_16)
                                                         clknet_2_1__leaf_clk (net)
                      0.127841    0.000216    0.793350 ^ _153_/CLK (gf180mcu_fd_sc_mcu7t5v0__dffq_1)
     6    0.032444    0.451616    1.109361    1.902711 v _153_/Q (gf180mcu_fd_sc_mcu7t5v0__dffq_1)
                                                         counter[0] (net)
                      0.451617    0.000473    1.903184 v _124_/A1 (gf180mcu_fd_sc_mcu7t5v0__nand2_1)
     1    0.002660    0.217022    0.220088    2.123272 ^ _124_/ZN (gf180mcu_fd_sc_mcu7t5v0__nand2_1)
                                                         _001_ (net)
                      0.217022    0.000024    2.123296 ^ _153_/D (gf180mcu_fd_sc_mcu7t5v0__dffq_1)
                                              2.123296   data arrival time

                                  0.000000    0.000000   clock clk (rise edge)
                                  0.000000    0.000000   clock source latency
     1    0.030694    0.226755    0.113346    0.113346 ^ clk (in)
                                                         clk (net)
                      0.226757    0.000000    0.113346 ^ clkbuf_0_clk/I (gf180mcu_fd_sc_mcu7t5v0__clkbuf_16)
     4    0.097190    0.219144    0.417833    0.531179 ^ clkbuf_0_clk/Z (gf180mcu_fd_sc_mcu7t5v0__clkbuf_16)
                                                         clknet_0_clk (net)
                      0.219144    0.000829    0.532008 ^ clkbuf_2_1__f_clk/I (gf180mcu_fd_sc_mcu7t5v0__clkbuf_16)
     5    0.027281    0.127841    0.344613    0.876621 ^ clkbuf_2_1__f_clk/Z (gf180mcu_fd_sc_mcu7t5v0__clkbuf_16)
                                                         clknet_2_1__leaf_clk (net)
                      0.127841    0.000239    0.876860 ^ _153_/CLK (gf180mcu_fd_sc_mcu7t5v0__dffq_1)
                                  0.250000    1.126860   clock uncertainty
                                 -0.083510    1.043350   clock reconvergence pessimism
                                  0.031159    1.074509   library hold time
                                              1.074509   data required time
---------------------------------------------------------------------------------------------
                                              1.074509   data required time
                                             -2.123296   data arrival time
---------------------------------------------------------------------------------------------
                                              1.048787   slack (MET)


Startpoint: _169_ (rising edge-triggered flip-flop clocked by clk)
Endpoint: _169_ (rising edge-triggered flip-flop clocked by clk)
Path Group: clk
Path Type: min

Fanout         Cap        Slew       Delay        Time   Description
---------------------------------------------------------------------------------------------
                                  0.000000    0.000000   clock clk (rise edge)
                                  0.000000    0.000000   clock source latency
     1    0.030694    0.226755    0.102551    0.102551 ^ clk (in)
                                                         clk (net)
                      0.226757    0.000000    0.102551 ^ clkbuf_0_clk/I (gf180mcu_fd_sc_mcu7t5v0__clkbuf_16)
     4    0.097190    0.219144    0.378040    0.480591 ^ clkbuf_0_clk/Z (gf180mcu_fd_sc_mcu7t5v0__clkbuf_16)
                                                         clknet_0_clk (net)
                      0.219144    0.000403    0.480994 ^ clkbuf_2_2__f_clk/I (gf180mcu_fd_sc_mcu7t5v0__clkbuf_16)
     5    0.026388    0.126654    0.310772    0.791766 ^ clkbuf_2_2__f_clk/Z (gf180mcu_fd_sc_mcu7t5v0__clkbuf_16)
                                                         clknet_2_2__leaf_clk (net)
                      0.126654    0.000404    0.792170 ^ _169_/CLK (gf180mcu_fd_sc_mcu7t5v0__dffq_1)
     2    0.010507    0.213247    0.937517    1.729686 v _169_/Q (gf180mcu_fd_sc_mcu7t5v0__dffq_1)
                                                         active_duty[8] (net)
                      0.213247    0.000155    1.729841 v _149_/A1 (gf180mcu_fd_sc_mcu7t5v0__oai21_1)
     1    0.005099    0.370357    0.309146    2.038987 ^ _149_/ZN (gf180mcu_fd_sc_mcu7t5v0__oai21_1)
                                                         _028_ (net)
                      0.370357    0.000097    2.039084 ^ _150_/A2 (gf180mcu_fd_sc_mcu7t5v0__nor2_1)
     1    0.002843    0.190765    0.171660    2.210744 v _150_/ZN (gf180mcu_fd_sc_mcu7t5v0__nor2_1)
                                                         _017_ (net)
                      0.190765    0.000026    2.210771 v _169_/D (gf180mcu_fd_sc_mcu7t5v0__dffq_1)
                                              2.210771   data arrival time

                                  0.000000    0.000000   clock clk (rise edge)
                                  0.000000    0.000000   clock source latency
     1    0.030694    0.226755    0.113346    0.113346 ^ clk (in)
                                                         clk (net)
                      0.226757    0.000000    0.113346 ^ clkbuf_0_clk/I (gf180mcu_fd_sc_mcu7t5v0__clkbuf_16)
     4    0.097190    0.219144    0.417833    0.531179 ^ clkbuf_0_clk/Z (gf180mcu_fd_sc_mcu7t5v0__clkbuf_16)
                                                         clknet_0_clk (net)
                      0.219144    0.000446    0.531625 ^ clkbuf_2_2__f_clk/I (gf180mcu_fd_sc_mcu7t5v0__clkbuf_16)
     5    0.026388    0.126654    0.343485    0.875110 ^ clkbuf_2_2__f_clk/Z (gf180mcu_fd_sc_mcu7t5v0__clkbuf_16)
                                                         clknet_2_2__leaf_clk (net)
                      0.126654    0.000446    0.875556 ^ _169_/CLK (gf180mcu_fd_sc_mcu7t5v0__dffq_1)
                                  0.250000    1.125556   clock uncertainty
                                 -0.083386    1.042170   clock reconvergence pessimism
                                  0.057484    1.099654   library hold time
                                              1.099654   data required time
---------------------------------------------------------------------------------------------
                                              1.099654   data required time
                                             -2.210771   data arrival time
---------------------------------------------------------------------------------------------
                                              1.111116   slack (MET)


Startpoint: _168_ (rising edge-triggered flip-flop clocked by clk)
Endpoint: _168_ (rising edge-triggered flip-flop clocked by clk)
Path Group: clk
Path Type: min

Fanout         Cap        Slew       Delay        Time   Description
---------------------------------------------------------------------------------------------
                                  0.000000    0.000000   clock clk (rise edge)
                                  0.000000    0.000000   clock source latency
     1    0.030694    0.226755    0.102551    0.102551 ^ clk (in)
                                                         clk (net)
                      0.226757    0.000000    0.102551 ^ clkbuf_0_clk/I (gf180mcu_fd_sc_mcu7t5v0__clkbuf_16)
     4    0.097190    0.219144    0.378040    0.480591 ^ clkbuf_0_clk/Z (gf180mcu_fd_sc_mcu7t5v0__clkbuf_16)
                                                         clknet_0_clk (net)
                      0.219144    0.000403    0.480994 ^ clkbuf_2_2__f_clk/I (gf180mcu_fd_sc_mcu7t5v0__clkbuf_16)
     5    0.026388    0.126654    0.310772    0.791766 ^ clkbuf_2_2__f_clk/Z (gf180mcu_fd_sc_mcu7t5v0__clkbuf_16)
                                                         clknet_2_2__leaf_clk (net)
                      0.126654    0.000435    0.792202 ^ _168_/CLK (gf180mcu_fd_sc_mcu7t5v0__dffq_1)
     3    0.024145    0.360052    1.046819    1.839020 v _168_/Q (gf180mcu_fd_sc_mcu7t5v0__dffq_1)
                                                         active_duty[7] (net)
                      0.360052    0.000233    1.839253 v _147_/A1 (gf180mcu_fd_sc_mcu7t5v0__aoi22_1)
     1    0.004679    0.320800    0.275494    2.114748 ^ _147_/ZN (gf180mcu_fd_sc_mcu7t5v0__aoi22_1)
                                                         _027_ (net)
                      0.320800    0.000043    2.114791 ^ _148_/A2 (gf180mcu_fd_sc_mcu7t5v0__nor2_1)
     1    0.002660    0.177619    0.164651    2.279441 v _148_/ZN (gf180mcu_fd_sc_mcu7t5v0__nor2_1)
                                                         _016_ (net)
                      0.177619    0.000024    2.279465 v _168_/D (gf180mcu_fd_sc_mcu7t5v0__dffq_1)
                                              2.279465   data arrival time

                                  0.000000    0.000000   clock clk (rise edge)
                                  0.000000    0.000000   clock source latency
     1    0.030694    0.226755    0.113346    0.113346 ^ clk (in)
                                                         clk (net)
                      0.226757    0.000000    0.113346 ^ clkbuf_0_clk/I (gf180mcu_fd_sc_mcu7t5v0__clkbuf_16)
     4    0.097190    0.219144    0.417833    0.531179 ^ clkbuf_0_clk/Z (gf180mcu_fd_sc_mcu7t5v0__clkbuf_16)
                                                         clknet_0_clk (net)
                      0.219144    0.000446    0.531625 ^ clkbuf_2_2__f_clk/I (gf180mcu_fd_sc_mcu7t5v0__clkbuf_16)
     5    0.026388    0.126654    0.343485    0.875110 ^ clkbuf_2_2__f_clk/Z (gf180mcu_fd_sc_mcu7t5v0__clkbuf_16)
                                                         clknet_2_2__leaf_clk (net)
                      0.126654    0.000481    0.875591 ^ _168_/CLK (gf180mcu_fd_sc_mcu7t5v0__dffq_1)
                                  0.250000    1.125591   clock uncertainty
                                 -0.083390    1.042202   clock reconvergence pessimism
                                  0.060341    1.102543   library hold time
                                              1.102543   data required time
---------------------------------------------------------------------------------------------
                                              1.102543   data required time
                                             -2.279465   data arrival time
---------------------------------------------------------------------------------------------
                                              1.176922   slack (MET)


Startpoint: _161_ (rising edge-triggered flip-flop clocked by clk)
Endpoint: _161_ (rising edge-triggered flip-flop clocked by clk)
Path Group: clk
Path Type: min

Fanout         Cap        Slew       Delay        Time   Description
---------------------------------------------------------------------------------------------
                                  0.000000    0.000000   clock clk (rise edge)
                                  0.000000    0.000000   clock source latency
     1    0.030694    0.226755    0.102551    0.102551 ^ clk (in)
                                                         clk (net)
                      0.226757    0.000000    0.102551 ^ clkbuf_0_clk/I (gf180mcu_fd_sc_mcu7t5v0__clkbuf_16)
     4    0.097190    0.219144    0.378040    0.480591 ^ clkbuf_0_clk/Z (gf180mcu_fd_sc_mcu7t5v0__clkbuf_16)
                                                         clknet_0_clk (net)
                      0.219144    0.000684    0.481274 ^ clkbuf_2_0__f_clk/I (gf180mcu_fd_sc_mcu7t5v0__clkbuf_16)
     5    0.023826    0.123243    0.307974    0.789249 ^ clkbuf_2_0__f_clk/Z (gf180mcu_fd_sc_mcu7t5v0__clkbuf_16)
                                                         clknet_2_0__leaf_clk (net)
                      0.123243    0.000192    0.789440 ^ _161_/CLK (gf180mcu_fd_sc_mcu7t5v0__dffq_1)
     2    0.015489    0.268044    0.978593    1.768034 v _161_/Q (gf180mcu_fd_sc_mcu7t5v0__dffq_1)
                                                         active_duty[0] (net)
                      0.268044    0.000292    1.768325 v _132_/A1 (gf180mcu_fd_sc_mcu7t5v0__nor2_1)
     1    0.004435    0.364162    0.275490    2.043815 ^ _132_/ZN (gf180mcu_fd_sc_mcu7t5v0__nor2_1)
                                                         _019_ (net)
                      0.364162    0.000081    2.043896 ^ _133_/B (gf180mcu_fd_sc_mcu7t5v0__aoi211_1)
     1    0.002952    0.194704    0.233973    2.277869 v _133_/ZN (gf180mcu_fd_sc_mcu7t5v0__aoi211_1)
                                                         _009_ (net)
                      0.194704    0.000028    2.277897 v _161_/D (gf180mcu_fd_sc_mcu7t5v0__dffq_1)
                                              2.277897   data arrival time

                                  0.000000    0.000000   clock clk (rise edge)
                                  0.000000    0.000000   clock source latency
     1    0.030694    0.226755    0.113346    0.113346 ^ clk (in)
                                                         clk (net)
                      0.226757    0.000000    0.113346 ^ clkbuf_0_clk/I (gf180mcu_fd_sc_mcu7t5v0__clkbuf_16)
     4    0.097190    0.219144    0.417833    0.531179 ^ clkbuf_0_clk/Z (gf180mcu_fd_sc_mcu7t5v0__clkbuf_16)
                                                         clknet_0_clk (net)
                      0.219144    0.000756    0.531935 ^ clkbuf_2_0__f_clk/I (gf180mcu_fd_sc_mcu7t5v0__clkbuf_16)
     5    0.023826    0.123243    0.340392    0.872327 ^ clkbuf_2_0__f_clk/Z (gf180mcu_fd_sc_mcu7t5v0__clkbuf_16)
                                                         clknet_2_0__leaf_clk (net)
                      0.123243    0.000212    0.872539 ^ _161_/CLK (gf180mcu_fd_sc_mcu7t5v0__dffq_1)
                                  0.250000    1.122539   clock uncertainty
                                 -0.083099    1.039440   clock reconvergence pessimism
                                  0.055785    1.095225   library hold time
                                              1.095225   data required time
---------------------------------------------------------------------------------------------
                                              1.095225   data required time
                                             -2.277897   data arrival time
---------------------------------------------------------------------------------------------
                                              1.182672   slack (MET)


Startpoint: _167_ (rising edge-triggered flip-flop clocked by clk)
Endpoint: _167_ (rising edge-triggered flip-flop clocked by clk)
Path Group: clk
Path Type: min

Fanout         Cap        Slew       Delay        Time   Description
---------------------------------------------------------------------------------------------
                                  0.000000    0.000000   clock clk (rise edge)
                                  0.000000    0.000000   clock source latency
     1    0.030694    0.226755    0.102551    0.102551 ^ clk (in)
                                                         clk (net)
                      0.226757    0.000000    0.102551 ^ clkbuf_0_clk/I (gf180mcu_fd_sc_mcu7t5v0__clkbuf_16)
     4    0.097190    0.219144    0.378040    0.480591 ^ clkbuf_0_clk/Z (gf180mcu_fd_sc_mcu7t5v0__clkbuf_16)
                                                         clknet_0_clk (net)
                      0.219144    0.000403    0.480994 ^ clkbuf_2_2__f_clk/I (gf180mcu_fd_sc_mcu7t5v0__clkbuf_16)
     5    0.026388    0.126654    0.310772    0.791766 ^ clkbuf_2_2__f_clk/Z (gf180mcu_fd_sc_mcu7t5v0__clkbuf_16)
                                                         clknet_2_2__leaf_clk (net)
                      0.126654    0.000305    0.792071 ^ _167_/CLK (gf180mcu_fd_sc_mcu7t5v0__dffq_1)
     3    0.023790    0.356207    1.044028    1.836100 v _167_/Q (gf180mcu_fd_sc_mcu7t5v0__dffq_1)
                                                         active_duty[6] (net)
                      0.356207    0.000320    1.836419 v _145_/A1 (gf180mcu_fd_sc_mcu7t5v0__aoi22_1)
     1    0.005121    0.329230    0.282837    2.119256 ^ _145_/ZN (gf180mcu_fd_sc_mcu7t5v0__aoi22_1)
                                                         _026_ (net)
                      0.329230    0.000096    2.119352 ^ _146_/A2 (gf180mcu_fd_sc_mcu7t5v0__nor2_1)
     1    0.003088    0.185085    0.170641    2.289993 v _146_/ZN (gf180mcu_fd_sc_mcu7t5v0__nor2_1)
                                                         _015_ (net)
                      0.185085    0.000029    2.290022 v _167_/D (gf180mcu_fd_sc_mcu7t5v0__dffq_1)
                                              2.290022   data arrival time

                                  0.000000    0.000000   clock clk (rise edge)
                                  0.000000    0.000000   clock source latency
     1    0.030694    0.226755    0.113346    0.113346 ^ clk (in)
                                                         clk (net)
                      0.226757    0.000000    0.113346 ^ clkbuf_0_clk/I (gf180mcu_fd_sc_mcu7t5v0__clkbuf_16)
     4    0.097190    0.219144    0.417833    0.531179 ^ clkbuf_0_clk/Z (gf180mcu_fd_sc_mcu7t5v0__clkbuf_16)
                                                         clknet_0_clk (net)
                      0.219144    0.000446    0.531625 ^ clkbuf_2_2__f_clk/I (gf180mcu_fd_sc_mcu7t5v0__clkbuf_16)
     5    0.026388    0.126654    0.343485    0.875110 ^ clkbuf_2_2__f_clk/Z (gf180mcu_fd_sc_mcu7t5v0__clkbuf_16)
                                                         clknet_2_2__leaf_clk (net)
                      0.126654    0.000337    0.875447 ^ _167_/CLK (gf180mcu_fd_sc_mcu7t5v0__dffq_1)
                                  0.250000    1.125447   clock uncertainty
                                 -0.083376    1.042071   clock reconvergence pessimism
                                  0.058719    1.100790   library hold time
                                              1.100790   data required time
---------------------------------------------------------------------------------------------
                                              1.100790   data required time
                                             -2.290022   data arrival time
---------------------------------------------------------------------------------------------
                                              1.189232   slack (MET)


Startpoint: _162_ (rising edge-triggered flip-flop clocked by clk)
Endpoint: _162_ (rising edge-triggered flip-flop clocked by clk)
Path Group: clk
Path Type: min

Fanout         Cap        Slew       Delay        Time   Description
---------------------------------------------------------------------------------------------
                                  0.000000    0.000000   clock clk (rise edge)
                                  0.000000    0.000000   clock source latency
     1    0.030694    0.226755    0.102551    0.102551 ^ clk (in)
                                                         clk (net)
                      0.226757    0.000000    0.102551 ^ clkbuf_0_clk/I (gf180mcu_fd_sc_mcu7t5v0__clkbuf_16)
     4    0.097190    0.219144    0.378040    0.480591 ^ clkbuf_0_clk/Z (gf180mcu_fd_sc_mcu7t5v0__clkbuf_16)
                                                         clknet_0_clk (net)
                      0.219144    0.000684    0.481274 ^ clkbuf_2_0__f_clk/I (gf180mcu_fd_sc_mcu7t5v0__clkbuf_16)
     5    0.023826    0.123243    0.307974    0.789249 ^ clkbuf_2_0__f_clk/Z (gf180mcu_fd_sc_mcu7t5v0__clkbuf_16)
                                                         clknet_2_0__leaf_clk (net)
                      0.123243    0.000195    0.789444 ^ _162_/CLK (gf180mcu_fd_sc_mcu7t5v0__dffq_1)
     3    0.014572    0.258421    0.971558    1.761002 v _162_/Q (gf180mcu_fd_sc_mcu7t5v0__dffq_1)
                                                         active_duty[1] (net)
                      0.258421    0.000193    1.761195 v _134_/A1 (gf180mcu_fd_sc_mcu7t5v0__nor2_1)
     1    0.005152    0.393617    0.290192    2.051387 ^ _134_/ZN (gf180mcu_fd_sc_mcu7t5v0__nor2_1)
                                                         _020_ (net)
                      0.393617    0.000098    2.051485 ^ _135_/B (gf180mcu_fd_sc_mcu7t5v0__aoi211_1)
     1    0.003468    0.225337    0.245810    2.297296 v _135_/ZN (gf180mcu_fd_sc_mcu7t5v0__aoi211_1)
                                                         _010_ (net)
                      0.225337    0.000035    2.297330 v _162_/D (gf180mcu_fd_sc_mcu7t5v0__dffq_1)
                                              2.297330   data arrival time

                                  0.000000    0.000000   clock clk (rise edge)
                                  0.000000    0.000000   clock source latency
     1    0.030694    0.226755    0.113346    0.113346 ^ clk (in)
                                                         clk (net)
                      0.226757    0.000000    0.113346 ^ clkbuf_0_clk/I (gf180mcu_fd_sc_mcu7t5v0__clkbuf_16)
     4    0.097190    0.219144    0.417833    0.531179 ^ clkbuf_0_clk/Z (gf180mcu_fd_sc_mcu7t5v0__clkbuf_16)
                                                         clknet_0_clk (net)
                      0.219144    0.000756    0.531935 ^ clkbuf_2_0__f_clk/I (gf180mcu_fd_sc_mcu7t5v0__clkbuf_16)
     5    0.023826    0.123243    0.340392    0.872327 ^ clkbuf_2_0__f_clk/Z (gf180mcu_fd_sc_mcu7t5v0__clkbuf_16)
                                                         clknet_2_0__leaf_clk (net)
                      0.123243    0.000216    0.872543 ^ _162_/CLK (gf180mcu_fd_sc_mcu7t5v0__dffq_1)
                                  0.250000    1.122543   clock uncertainty
                                 -0.083099    1.039444   clock reconvergence pessimism
                                  0.049108    1.088552   library hold time
                                              1.088552   data required time
---------------------------------------------------------------------------------------------
                                              1.088552   data required time
                                             -2.297330   data arrival time
---------------------------------------------------------------------------------------------
                                              1.208778   slack (MET)


Startpoint: _164_ (rising edge-triggered flip-flop clocked by clk)
Endpoint: _164_ (rising edge-triggered flip-flop clocked by clk)
Path Group: clk
Path Type: min

Fanout         Cap        Slew       Delay        Time   Description
---------------------------------------------------------------------------------------------
                                  0.000000    0.000000   clock clk (rise edge)
                                  0.000000    0.000000   clock source latency
     1    0.030694    0.226755    0.102551    0.102551 ^ clk (in)
                                                         clk (net)
                      0.226757    0.000000    0.102551 ^ clkbuf_0_clk/I (gf180mcu_fd_sc_mcu7t5v0__clkbuf_16)
     4    0.097190    0.219144    0.378040    0.480591 ^ clkbuf_0_clk/Z (gf180mcu_fd_sc_mcu7t5v0__clkbuf_16)
                                                         clknet_0_clk (net)
                      0.219144    0.000684    0.481274 ^ clkbuf_2_0__f_clk/I (gf180mcu_fd_sc_mcu7t5v0__clkbuf_16)
     5    0.023826    0.123243    0.307974    0.789249 ^ clkbuf_2_0__f_clk/Z (gf180mcu_fd_sc_mcu7t5v0__clkbuf_16)
                                                         clknet_2_0__leaf_clk (net)
                      0.123243    0.000135    0.789383 ^ _164_/CLK (gf180mcu_fd_sc_mcu7t5v0__dffq_1)
     2    0.012173    0.233150    0.952849    1.742232 v _164_/Q (gf180mcu_fd_sc_mcu7t5v0__dffq_1)
                                                         active_duty[3] (net)
                      0.233150    0.000164    1.742395 v _138_/A1 (gf180mcu_fd_sc_mcu7t5v0__oai21_1)
     1    0.006897    0.413077    0.358173    2.100568 ^ _138_/ZN (gf180mcu_fd_sc_mcu7t5v0__oai21_1)
                                                         _022_ (net)
                      0.413077    0.000143    2.100711 ^ _139_/B (gf180mcu_fd_sc_mcu7t5v0__aoi21_1)
     1    0.002724    0.178684    0.209311    2.310021 v _139_/ZN (gf180mcu_fd_sc_mcu7t5v0__aoi21_1)
                                                         _012_ (net)
                      0.178684    0.000025    2.310046 v _164_/D (gf180mcu_fd_sc_mcu7t5v0__dffq_1)
                                              2.310046   data arrival time

                                  0.000000    0.000000   clock clk (rise edge)
                                  0.000000    0.000000   clock source latency
     1    0.030694    0.226755    0.113346    0.113346 ^ clk (in)
                                                         clk (net)
                      0.226757    0.000000    0.113346 ^ clkbuf_0_clk/I (gf180mcu_fd_sc_mcu7t5v0__clkbuf_16)
     4    0.097190    0.219144    0.417833    0.531179 ^ clkbuf_0_clk/Z (gf180mcu_fd_sc_mcu7t5v0__clkbuf_16)
                                                         clknet_0_clk (net)
                      0.219144    0.000756    0.531935 ^ clkbuf_2_0__f_clk/I (gf180mcu_fd_sc_mcu7t5v0__clkbuf_16)
     5    0.023826    0.123243    0.340392    0.872327 ^ clkbuf_2_0__f_clk/Z (gf180mcu_fd_sc_mcu7t5v0__clkbuf_16)
                                                         clknet_2_0__leaf_clk (net)
                      0.123243    0.000149    0.872476 ^ _164_/CLK (gf180mcu_fd_sc_mcu7t5v0__dffq_1)
                                  0.250000    1.122476   clock uncertainty
                                 -0.083093    1.039383   clock reconvergence pessimism
                                  0.059276    1.098659   library hold time
                                              1.098659   data required time
---------------------------------------------------------------------------------------------
                                              1.098659   data required time
                                             -2.310046   data arrival time
---------------------------------------------------------------------------------------------
                                              1.211387   slack (MET)


Startpoint: _163_ (rising edge-triggered flip-flop clocked by clk)
Endpoint: _163_ (rising edge-triggered flip-flop clocked by clk)
Path Group: clk
Path Type: min

Fanout         Cap        Slew       Delay        Time   Description
---------------------------------------------------------------------------------------------
                                  0.000000    0.000000   clock clk (rise edge)
                                  0.000000    0.000000   clock source latency
     1    0.030694    0.226755    0.102551    0.102551 ^ clk (in)
                                                         clk (net)
                      0.226757    0.000000    0.102551 ^ clkbuf_0_clk/I (gf180mcu_fd_sc_mcu7t5v0__clkbuf_16)
     4    0.097190    0.219144    0.378040    0.480591 ^ clkbuf_0_clk/Z (gf180mcu_fd_sc_mcu7t5v0__clkbuf_16)
                                                         clknet_0_clk (net)
                      0.219144    0.000684    0.481274 ^ clkbuf_2_0__f_clk/I (gf180mcu_fd_sc_mcu7t5v0__clkbuf_16)
     5    0.023826    0.123243    0.307974    0.789249 ^ clkbuf_2_0__f_clk/Z (gf180mcu_fd_sc_mcu7t5v0__clkbuf_16)
                                                         clknet_2_0__leaf_clk (net)
                      0.123243    0.000104    0.789353 ^ _163_/CLK (gf180mcu_fd_sc_mcu7t5v0__dffq_1)
     3    0.019620    0.311559    1.010800    1.800153 v _163_/Q (gf180mcu_fd_sc_mcu7t5v0__dffq_1)
                                                         active_duty[2] (net)
                      0.311559    0.000281    1.800434 v _136_/A1 (gf180mcu_fd_sc_mcu7t5v0__oai21_1)
     1    0.004985    0.369586    0.331321    2.131755 ^ _136_/ZN (gf180mcu_fd_sc_mcu7t5v0__oai21_1)
                                                         _021_ (net)
                      0.369586    0.000092    2.131847 ^ _137_/B (gf180mcu_fd_sc_mcu7t5v0__aoi21_1)
     1    0.003293    0.169821    0.210772    2.342619 v _137_/ZN (gf180mcu_fd_sc_mcu7t5v0__aoi21_1)
                                                         _011_ (net)
                      0.169821    0.000033    2.342652 v _163_/D (gf180mcu_fd_sc_mcu7t5v0__dffq_1)
                                              2.342652   data arrival time

                                  0.000000    0.000000   clock clk (rise edge)
                                  0.000000    0.000000   clock source latency
     1    0.030694    0.226755    0.113346    0.113346 ^ clk (in)
                                                         clk (net)
                      0.226757    0.000000    0.113346 ^ clkbuf_0_clk/I (gf180mcu_fd_sc_mcu7t5v0__clkbuf_16)
     4    0.097190    0.219144    0.417833    0.531179 ^ clkbuf_0_clk/Z (gf180mcu_fd_sc_mcu7t5v0__clkbuf_16)
                                                         clknet_0_clk (net)
                      0.219144    0.000756    0.531935 ^ clkbuf_2_0__f_clk/I (gf180mcu_fd_sc_mcu7t5v0__clkbuf_16)
     5    0.023826    0.123243    0.340392    0.872327 ^ clkbuf_2_0__f_clk/Z (gf180mcu_fd_sc_mcu7t5v0__clkbuf_16)
                                                         clknet_2_0__leaf_clk (net)
                      0.123243    0.000115    0.872443 ^ _163_/CLK (gf180mcu_fd_sc_mcu7t5v0__dffq_1)
                                  0.250000    1.122443   clock uncertainty
                                 -0.083090    1.039353   clock reconvergence pessimism
                                  0.061207    1.100560   library hold time
                                              1.100560   data required time
---------------------------------------------------------------------------------------------
                                              1.100560   data required time
                                             -2.342652   data arrival time
---------------------------------------------------------------------------------------------
                                              1.242092   slack (MET)


Startpoint: _166_ (rising edge-triggered flip-flop clocked by clk)
Endpoint: _166_ (rising edge-triggered flip-flop clocked by clk)
Path Group: clk
Path Type: min

Fanout         Cap        Slew       Delay        Time   Description
---------------------------------------------------------------------------------------------
                                  0.000000    0.000000   clock clk (rise edge)
                                  0.000000    0.000000   clock source latency
     1    0.030694    0.226755    0.102551    0.102551 ^ clk (in)
                                                         clk (net)
                      0.226757    0.000000    0.102551 ^ clkbuf_0_clk/I (gf180mcu_fd_sc_mcu7t5v0__clkbuf_16)
     4    0.097190    0.219144    0.378040    0.480591 ^ clkbuf_0_clk/Z (gf180mcu_fd_sc_mcu7t5v0__clkbuf_16)
                                                         clknet_0_clk (net)
                      0.219144    0.000750    0.481341 ^ clkbuf_2_1__f_clk/I (gf180mcu_fd_sc_mcu7t5v0__clkbuf_16)
     5    0.027281    0.127841    0.311793    0.793134 ^ clkbuf_2_1__f_clk/Z (gf180mcu_fd_sc_mcu7t5v0__clkbuf_16)
                                                         clknet_2_1__leaf_clk (net)
                      0.127841    0.000292    0.793426 ^ _166_/CLK (gf180mcu_fd_sc_mcu7t5v0__dffq_1)
     3    0.018062    0.295164    0.999831    1.793257 v _166_/Q (gf180mcu_fd_sc_mcu7t5v0__dffq_1)
                                                         active_duty[5] (net)
                      0.295164    0.000208    1.793465 v _142_/A1 (gf180mcu_fd_sc_mcu7t5v0__nor2_1)
     1    0.005209    0.397450    0.301245    2.094710 ^ _142_/ZN (gf180mcu_fd_sc_mcu7t5v0__nor2_1)
                                                         _024_ (net)
                      0.397450    0.000099    2.094810 ^ _143_/B (gf180mcu_fd_sc_mcu7t5v0__aoi211_1)
     1    0.003331    0.234698    0.244522    2.339332 v _143_/ZN (gf180mcu_fd_sc_mcu7t5v0__aoi211_1)
                                                         _014_ (net)
                      0.234698    0.000034    2.339366 v _166_/D (gf180mcu_fd_sc_mcu7t5v0__dffq_1)
                                              2.339366   data arrival time

                                  0.000000    0.000000   clock clk (rise edge)
                                  0.000000    0.000000   clock source latency
     1    0.030694    0.226755    0.113346    0.113346 ^ clk (in)
                                                         clk (net)
                      0.226757    0.000000    0.113346 ^ clkbuf_0_clk/I (gf180mcu_fd_sc_mcu7t5v0__clkbuf_16)
     4    0.097190    0.219144    0.417833    0.531179 ^ clkbuf_0_clk/Z (gf180mcu_fd_sc_mcu7t5v0__clkbuf_16)
                                                         clknet_0_clk (net)
                      0.219144    0.000829    0.532008 ^ clkbuf_2_1__f_clk/I (gf180mcu_fd_sc_mcu7t5v0__clkbuf_16)
     5    0.027281    0.127841    0.344613    0.876621 ^ clkbuf_2_1__f_clk/Z (gf180mcu_fd_sc_mcu7t5v0__clkbuf_16)
                                                         clknet_2_1__leaf_clk (net)
                      0.127841    0.000323    0.876944 ^ _166_/CLK (gf180mcu_fd_sc_mcu7t5v0__dffq_1)
                                  0.250000    1.126944   clock uncertainty
                                 -0.083518    1.043426   clock reconvergence pessimism
                                  0.048240    1.091666   library hold time
                                              1.091666   data required time
---------------------------------------------------------------------------------------------
                                              1.091666   data required time
                                             -2.339366   data arrival time
---------------------------------------------------------------------------------------------
                                              1.247701   slack (MET)


Startpoint: _165_ (rising edge-triggered flip-flop clocked by clk)
Endpoint: _165_ (rising edge-triggered flip-flop clocked by clk)
Path Group: clk
Path Type: min

Fanout         Cap        Slew       Delay        Time   Description
---------------------------------------------------------------------------------------------
                                  0.000000    0.000000   clock clk (rise edge)
                                  0.000000    0.000000   clock source latency
     1    0.030694    0.226755    0.102551    0.102551 ^ clk (in)
                                                         clk (net)
                      0.226757    0.000000    0.102551 ^ clkbuf_0_clk/I (gf180mcu_fd_sc_mcu7t5v0__clkbuf_16)
     4    0.097190    0.219144    0.378040    0.480591 ^ clkbuf_0_clk/Z (gf180mcu_fd_sc_mcu7t5v0__clkbuf_16)
                                                         clknet_0_clk (net)
                      0.219144    0.000750    0.481341 ^ clkbuf_2_1__f_clk/I (gf180mcu_fd_sc_mcu7t5v0__clkbuf_16)
     5    0.027281    0.127841    0.311793    0.793134 ^ clkbuf_2_1__f_clk/Z (gf180mcu_fd_sc_mcu7t5v0__clkbuf_16)
                                                         clknet_2_1__leaf_clk (net)
                      0.127841    0.000246    0.793379 ^ _165_/CLK (gf180mcu_fd_sc_mcu7t5v0__dffq_1)
     3    0.018076    0.295284    0.999855    1.793234 v _165_/Q (gf180mcu_fd_sc_mcu7t5v0__dffq_1)
                                                         active_duty[4] (net)
                      0.295284    0.000258    1.793493 v _140_/A1 (gf180mcu_fd_sc_mcu7t5v0__oai21_1)
     1    0.006401    0.401755    0.361289    2.154782 ^ _140_/ZN (gf180mcu_fd_sc_mcu7t5v0__oai21_1)
                                                         _023_ (net)
                      0.401755    0.000134    2.154916 ^ _141_/B (gf180mcu_fd_sc_mcu7t5v0__aoi21_1)
     1    0.003394    0.194304    0.216690    2.371606 v _141_/ZN (gf180mcu_fd_sc_mcu7t5v0__aoi21_1)
                                                         _013_ (net)
                      0.194304    0.000061    2.371667 v _165_/D (gf180mcu_fd_sc_mcu7t5v0__dffq_1)
                                              2.371667   data arrival time

                                  0.000000    0.000000   clock clk (rise edge)
                                  0.000000    0.000000   clock source latency
     1    0.030694    0.226755    0.113346    0.113346 ^ clk (in)
                                                         clk (net)
                      0.226757    0.000000    0.113346 ^ clkbuf_0_clk/I (gf180mcu_fd_sc_mcu7t5v0__clkbuf_16)
     4    0.097190    0.219144    0.417833    0.531179 ^ clkbuf_0_clk/Z (gf180mcu_fd_sc_mcu7t5v0__clkbuf_16)
                                                         clknet_0_clk (net)
                      0.219144    0.000829    0.532008 ^ clkbuf_2_1__f_clk/I (gf180mcu_fd_sc_mcu7t5v0__clkbuf_16)
     5    0.027281    0.127841    0.344613    0.876621 ^ clkbuf_2_1__f_clk/Z (gf180mcu_fd_sc_mcu7t5v0__clkbuf_16)
                                                         clknet_2_1__leaf_clk (net)
                      0.127841    0.000271    0.876893 ^ _165_/CLK (gf180mcu_fd_sc_mcu7t5v0__dffq_1)
                                  0.250000    1.126893   clock uncertainty
                                 -0.083514    1.043379   clock reconvergence pessimism
                                  0.057009    1.100389   library hold time
                                              1.100389   data required time
---------------------------------------------------------------------------------------------
                                              1.100389   data required time
                                             -2.371667   data arrival time
---------------------------------------------------------------------------------------------
                                              1.271279   slack (MET)


Startpoint: _170_ (rising edge-triggered flip-flop clocked by clk)
Endpoint: _152_ (rising edge-triggered flip-flop clocked by clk)
Path Group: clk
Path Type: min

Fanout         Cap        Slew       Delay        Time   Description
---------------------------------------------------------------------------------------------
                                  0.000000    0.000000   clock clk (rise edge)
                                  0.000000    0.000000   clock source latency
     1    0.030694    0.226755    0.102551    0.102551 ^ clk (in)
                                                         clk (net)
                      0.226757    0.000000    0.102551 ^ clkbuf_0_clk/I (gf180mcu_fd_sc_mcu7t5v0__clkbuf_16)
     4    0.097190    0.219144    0.378040    0.480591 ^ clkbuf_0_clk/Z (gf180mcu_fd_sc_mcu7t5v0__clkbuf_16)
                                                         clknet_0_clk (net)
                      0.219144    0.000403    0.480994 ^ clkbuf_2_2__f_clk/I (gf180mcu_fd_sc_mcu7t5v0__clkbuf_16)
     5    0.026388    0.126654    0.310772    0.791766 ^ clkbuf_2_2__f_clk/Z (gf180mcu_fd_sc_mcu7t5v0__clkbuf_16)
                                                         clknet_2_2__leaf_clk (net)
                      0.126654    0.000207    0.791973 ^ _170_/CLK (gf180mcu_fd_sc_mcu7t5v0__dffq_1)
     2    0.011594    0.225735    0.948034    1.740008 v _170_/Q (gf180mcu_fd_sc_mcu7t5v0__dffq_1)
                                                         active_enable (net)
                      0.225735    0.000156    1.740163 v _122_/B (gf180mcu_fd_sc_mcu7t5v0__oai211_1)
     1    0.012682    0.673331    0.473226    2.213390 ^ _122_/ZN (gf180mcu_fd_sc_mcu7t5v0__oai211_1)
                                                         _075_ (net)
                      0.673331    0.000381    2.213771 ^ _123_/A2 (gf180mcu_fd_sc_mcu7t5v0__aoi21_1)
     1    0.003325    0.180765    0.162696    2.376466 v _123_/ZN (gf180mcu_fd_sc_mcu7t5v0__aoi21_1)
                                                         _000_ (net)
                      0.180765    0.000058    2.376524 v _152_/D (gf180mcu_fd_sc_mcu7t5v0__dffq_1)
                                              2.376524   data arrival time

                                  0.000000    0.000000   clock clk (rise edge)
                                  0.000000    0.000000   clock source latency
     1    0.030694    0.226755    0.113346    0.113346 ^ clk (in)
                                                         clk (net)
                      0.226757    0.000000    0.113346 ^ clkbuf_0_clk/I (gf180mcu_fd_sc_mcu7t5v0__clkbuf_16)
     4    0.097190    0.219144    0.417833    0.531179 ^ clkbuf_0_clk/Z (gf180mcu_fd_sc_mcu7t5v0__clkbuf_16)
                                                         clknet_0_clk (net)
                      0.219144    0.000446    0.531625 ^ clkbuf_2_2__f_clk/I (gf180mcu_fd_sc_mcu7t5v0__clkbuf_16)
     5    0.026388    0.126654    0.343485    0.875110 ^ clkbuf_2_2__f_clk/Z (gf180mcu_fd_sc_mcu7t5v0__clkbuf_16)
                                                         clknet_2_2__leaf_clk (net)
                      0.126654    0.000218    0.875328 ^ _152_/CLK (gf180mcu_fd_sc_mcu7t5v0__dffq_1)
                                  0.250000    1.125328   clock uncertainty
                                 -0.083344    1.041984   clock reconvergence pessimism
                                  0.059657    1.101641   library hold time
                                              1.101641   data required time
---------------------------------------------------------------------------------------------
                                              1.101641   data required time
                                             -2.376524   data arrival time
---------------------------------------------------------------------------------------------
                                              1.274883   slack (MET)


Startpoint: _155_ (rising edge-triggered flip-flop clocked by clk)
Endpoint: _155_ (rising edge-triggered flip-flop clocked by clk)
Path Group: clk
Path Type: min

Fanout         Cap        Slew       Delay        Time   Description
---------------------------------------------------------------------------------------------
                                  0.000000    0.000000   clock clk (rise edge)
                                  0.000000    0.000000   clock source latency
     1    0.030694    0.226755    0.102551    0.102551 ^ clk (in)
                                                         clk (net)
                      0.226757    0.000000    0.102551 ^ clkbuf_0_clk/I (gf180mcu_fd_sc_mcu7t5v0__clkbuf_16)
     4    0.097190    0.219144    0.378040    0.480591 ^ clkbuf_0_clk/Z (gf180mcu_fd_sc_mcu7t5v0__clkbuf_16)
                                                         clknet_0_clk (net)
                      0.219144    0.000750    0.481341 ^ clkbuf_2_1__f_clk/I (gf180mcu_fd_sc_mcu7t5v0__clkbuf_16)
     5    0.027281    0.127841    0.311793    0.793134 ^ clkbuf_2_1__f_clk/Z (gf180mcu_fd_sc_mcu7t5v0__clkbuf_16)
                                                         clknet_2_1__leaf_clk (net)
                      0.127841    0.000141    0.793275 ^ _155_/CLK (gf180mcu_fd_sc_mcu7t5v0__dffq_1)
     3    0.011904    0.229704    0.951337    1.744612 v _155_/Q (gf180mcu_fd_sc_mcu7t5v0__dffq_1)
                                                         counter[2] (net)
                      0.229704    0.000162    1.744773 v _101_/B (gf180mcu_fd_sc_mcu7t5v0__aoi21_1)
     3    0.016887    0.735974    0.521260    2.266033 ^ _101_/ZN (gf180mcu_fd_sc_mcu7t5v0__aoi21_1)
                                                         _054_ (net)
                      0.735974    0.000258    2.266291 ^ _126_/A2 (gf180mcu_fd_sc_mcu7t5v0__oai21_1)
     1    0.003559    0.271814    0.232299    2.498590 v _126_/ZN (gf180mcu_fd_sc_mcu7t5v0__oai21_1)
                                                         _003_ (net)
                      0.271814    0.000066    2.498655 v _155_/D (gf180mcu_fd_sc_mcu7t5v0__dffq_1)
                                              2.498655   data arrival time

                                  0.000000    0.000000   clock clk (rise edge)
                                  0.000000    0.000000   clock source latency
     1    0.030694    0.226755    0.113346    0.113346 ^ clk (in)
                                                         clk (net)
                      0.226757    0.000000    0.113346 ^ clkbuf_0_clk/I (gf180mcu_fd_sc_mcu7t5v0__clkbuf_16)
     4    0.097190    0.219144    0.417833    0.531179 ^ clkbuf_0_clk/Z (gf180mcu_fd_sc_mcu7t5v0__clkbuf_16)
                                                         clknet_0_clk (net)
                      0.219144    0.000829    0.532008 ^ clkbuf_2_1__f_clk/I (gf180mcu_fd_sc_mcu7t5v0__clkbuf_16)
     5    0.027281    0.127841    0.344613    0.876621 ^ clkbuf_2_1__f_clk/Z (gf180mcu_fd_sc_mcu7t5v0__clkbuf_16)
                                                         clknet_2_1__leaf_clk (net)
                      0.127841    0.000156    0.876777 ^ _155_/CLK (gf180mcu_fd_sc_mcu7t5v0__dffq_1)
                                  0.250000    1.126778   clock uncertainty
                                 -0.083503    1.043275   clock reconvergence pessimism
                                  0.040182    1.083457   library hold time
                                              1.083457   data required time
---------------------------------------------------------------------------------------------
                                              1.083457   data required time
                                             -2.498655   data arrival time
---------------------------------------------------------------------------------------------
                                              1.415198   slack (MET)


Startpoint: _159_ (rising edge-triggered flip-flop clocked by clk)
Endpoint: _159_ (rising edge-triggered flip-flop clocked by clk)
Path Group: clk
Path Type: min

Fanout         Cap        Slew       Delay        Time   Description
---------------------------------------------------------------------------------------------
                                  0.000000    0.000000   clock clk (rise edge)
                                  0.000000    0.000000   clock source latency
     1    0.030694    0.226755    0.102551    0.102551 ^ clk (in)
                                                         clk (net)
                      0.226757    0.000000    0.102551 ^ clkbuf_0_clk/I (gf180mcu_fd_sc_mcu7t5v0__clkbuf_16)
     4    0.097190    0.219144    0.378040    0.480591 ^ clkbuf_0_clk/Z (gf180mcu_fd_sc_mcu7t5v0__clkbuf_16)
                                                         clknet_0_clk (net)
                      0.219144    0.000367    0.480958 ^ clkbuf_2_3__f_clk/I (gf180mcu_fd_sc_mcu7t5v0__clkbuf_16)
     5    0.026711    0.127084    0.311172    0.792130 ^ clkbuf_2_3__f_clk/Z (gf180mcu_fd_sc_mcu7t5v0__clkbuf_16)
                                                         clknet_2_3__leaf_clk (net)
                      0.127084    0.000068    0.792198 ^ _159_/CLK (gf180mcu_fd_sc_mcu7t5v0__dffq_1)
     2    0.013354    0.388203    1.121171    1.913369 ^ _159_/Q (gf180mcu_fd_sc_mcu7t5v0__dffq_1)
                                                         counter[6] (net)
                      0.388203    0.000133    1.913502 ^ _115_/A1 (gf180mcu_fd_sc_mcu7t5v0__xor2_1)
     3    0.018984    0.451539    0.359770    2.273271 v _115_/Z (gf180mcu_fd_sc_mcu7t5v0__xor2_1)
                                                         _068_ (net)
                      0.451539    0.000290    2.273561 v _130_/A2 (gf180mcu_fd_sc_mcu7t5v0__nand2_1)
     1    0.003096    0.236884    0.262953    2.536515 ^ _130_/ZN (gf180mcu_fd_sc_mcu7t5v0__nand2_1)
                                                         _007_ (net)
                      0.236884    0.000030    2.536545 ^ _159_/D (gf180mcu_fd_sc_mcu7t5v0__dffq_1)
                                              2.536545   data arrival time

                                  0.000000    0.000000   clock clk (rise edge)
                                  0.000000    0.000000   clock source latency
     1    0.030694    0.226755    0.113346    0.113346 ^ clk (in)
                                                         clk (net)
                      0.226757    0.000000    0.113346 ^ clkbuf_0_clk/I (gf180mcu_fd_sc_mcu7t5v0__clkbuf_16)
     4    0.097190    0.219144    0.417833    0.531179 ^ clkbuf_0_clk/Z (gf180mcu_fd_sc_mcu7t5v0__clkbuf_16)
                                                         clknet_0_clk (net)
                      0.219144    0.000406    0.531585 ^ clkbuf_2_3__f_clk/I (gf180mcu_fd_sc_mcu7t5v0__clkbuf_16)
     5    0.026711    0.127084    0.343927    0.875512 ^ clkbuf_2_3__f_clk/Z (gf180mcu_fd_sc_mcu7t5v0__clkbuf_16)
                                                         clknet_2_3__leaf_clk (net)
                      0.127084    0.000075    0.875587 ^ _159_/CLK (gf180mcu_fd_sc_mcu7t5v0__dffq_1)
                                  0.250000    1.125587   clock uncertainty
                                 -0.083389    1.042198   clock reconvergence pessimism
                                  0.028423    1.070621   library hold time
                                              1.070621   data required time
---------------------------------------------------------------------------------------------
                                              1.070621   data required time
                                             -2.536545   data arrival time
---------------------------------------------------------------------------------------------
                                              1.465924   slack (MET)


Startpoint: _160_ (rising edge-triggered flip-flop clocked by clk)
Endpoint: _160_ (rising edge-triggered flip-flop clocked by clk)
Path Group: clk
Path Type: min

Fanout         Cap        Slew       Delay        Time   Description
---------------------------------------------------------------------------------------------
                                  0.000000    0.000000   clock clk (rise edge)
                                  0.000000    0.000000   clock source latency
     1    0.030694    0.226755    0.102551    0.102551 ^ clk (in)
                                                         clk (net)
                      0.226757    0.000000    0.102551 ^ clkbuf_0_clk/I (gf180mcu_fd_sc_mcu7t5v0__clkbuf_16)
     4    0.097190    0.219144    0.378040    0.480591 ^ clkbuf_0_clk/Z (gf180mcu_fd_sc_mcu7t5v0__clkbuf_16)
                                                         clknet_0_clk (net)
                      0.219144    0.000367    0.480958 ^ clkbuf_2_3__f_clk/I (gf180mcu_fd_sc_mcu7t5v0__clkbuf_16)
     5    0.026711    0.127084    0.311172    0.792130 ^ clkbuf_2_3__f_clk/Z (gf180mcu_fd_sc_mcu7t5v0__clkbuf_16)
                                                         clknet_2_3__leaf_clk (net)
                      0.127084    0.000305    0.792435 ^ _160_/CLK (gf180mcu_fd_sc_mcu7t5v0__dffq_1)
     3    0.017119    0.285231    0.992311    1.784746 v _160_/Q (gf180mcu_fd_sc_mcu7t5v0__dffq_1)
                                                         counter[7] (net)
                      0.285231    0.000125    1.784871 v _117_/A1 (gf180mcu_fd_sc_mcu7t5v0__xor2_1)
     3    0.018114    1.022405    0.636244    2.421116 ^ _117_/Z (gf180mcu_fd_sc_mcu7t5v0__xor2_1)
                                                         _070_ (net)
                      1.022405    0.000239    2.421355 ^ _131_/A2 (gf180mcu_fd_sc_mcu7t5v0__nand2_1)
     1    0.003025    0.273699    0.147632    2.568987 v _131_/ZN (gf180mcu_fd_sc_mcu7t5v0__nand2_1)
                                                         _008_ (net)
                      0.273699    0.000029    2.569016 v _160_/D (gf180mcu_fd_sc_mcu7t5v0__dffq_1)
                                              2.569016   data arrival time

                                  0.000000    0.000000   clock clk (rise edge)
                                  0.000000    0.000000   clock source latency
     1    0.030694    0.226755    0.113346    0.113346 ^ clk (in)
                                                         clk (net)
                      0.226757    0.000000    0.113346 ^ clkbuf_0_clk/I (gf180mcu_fd_sc_mcu7t5v0__clkbuf_16)
     4    0.097190    0.219144    0.417833    0.531179 ^ clkbuf_0_clk/Z (gf180mcu_fd_sc_mcu7t5v0__clkbuf_16)
                                                         clknet_0_clk (net)
                      0.219144    0.000406    0.531585 ^ clkbuf_2_3__f_clk/I (gf180mcu_fd_sc_mcu7t5v0__clkbuf_16)
     5    0.026711    0.127084    0.343927    0.875512 ^ clkbuf_2_3__f_clk/Z (gf180mcu_fd_sc_mcu7t5v0__clkbuf_16)
                                                         clknet_2_3__leaf_clk (net)
                      0.127084    0.000338    0.875849 ^ _160_/CLK (gf180mcu_fd_sc_mcu7t5v0__dffq_1)
                                  0.250000    1.125849   clock uncertainty
                                 -0.083414    1.042435   clock reconvergence pessimism
                                  0.039575    1.082010   library hold time
                                              1.082010   data required time
---------------------------------------------------------------------------------------------
                                              1.082010   data required time
                                             -2.569016   data arrival time
---------------------------------------------------------------------------------------------
                                              1.487006   slack (MET)


Startpoint: _158_ (rising edge-triggered flip-flop clocked by clk)
Endpoint: _158_ (rising edge-triggered flip-flop clocked by clk)
Path Group: clk
Path Type: min

Fanout         Cap        Slew       Delay        Time   Description
---------------------------------------------------------------------------------------------
                                  0.000000    0.000000   clock clk (rise edge)
                                  0.000000    0.000000   clock source latency
     1    0.030694    0.226755    0.102551    0.102551 ^ clk (in)
                                                         clk (net)
                      0.226757    0.000000    0.102551 ^ clkbuf_0_clk/I (gf180mcu_fd_sc_mcu7t5v0__clkbuf_16)
     4    0.097190    0.219144    0.378040    0.480591 ^ clkbuf_0_clk/Z (gf180mcu_fd_sc_mcu7t5v0__clkbuf_16)
                                                         clknet_0_clk (net)
                      0.219144    0.000367    0.480958 ^ clkbuf_2_3__f_clk/I (gf180mcu_fd_sc_mcu7t5v0__clkbuf_16)
     5    0.026711    0.127084    0.311172    0.792130 ^ clkbuf_2_3__f_clk/Z (gf180mcu_fd_sc_mcu7t5v0__clkbuf_16)
                                                         clknet_2_3__leaf_clk (net)
                      0.127084    0.000037    0.792167 ^ _158_/CLK (gf180mcu_fd_sc_mcu7t5v0__dffq_1)
     3    0.018823    0.303190    1.005611    1.797778 v _158_/Q (gf180mcu_fd_sc_mcu7t5v0__dffq_1)
                                                         counter[5] (net)
                      0.303190    0.000137    1.797915 v _113_/A1 (gf180mcu_fd_sc_mcu7t5v0__xor2_1)
     3    0.017853    0.981975    0.634599    2.432514 ^ _113_/Z (gf180mcu_fd_sc_mcu7t5v0__xor2_1)
                                                         _066_ (net)
                      0.981975    0.000265    2.432780 ^ _129_/A2 (gf180mcu_fd_sc_mcu7t5v0__nand2_1)
     1    0.002804    0.263309    0.143476    2.576256 v _129_/ZN (gf180mcu_fd_sc_mcu7t5v0__nand2_1)
                                                         _006_ (net)
                      0.263309    0.000026    2.576282 v _158_/D (gf180mcu_fd_sc_mcu7t5v0__dffq_1)
                                              2.576282   data arrival time

                                  0.000000    0.000000   clock clk (rise edge)
                                  0.000000    0.000000   clock source latency
     1    0.030694    0.226755    0.113346    0.113346 ^ clk (in)
                                                         clk (net)
                      0.226757    0.000000    0.113346 ^ clkbuf_0_clk/I (gf180mcu_fd_sc_mcu7t5v0__clkbuf_16)
     4    0.097190    0.219144    0.417833    0.531179 ^ clkbuf_0_clk/Z (gf180mcu_fd_sc_mcu7t5v0__clkbuf_16)
                                                         clknet_0_clk (net)
                      0.219144    0.000406    0.531585 ^ clkbuf_2_3__f_clk/I (gf180mcu_fd_sc_mcu7t5v0__clkbuf_16)
     5    0.026711    0.127084    0.343927    0.875512 ^ clkbuf_2_3__f_clk/Z (gf180mcu_fd_sc_mcu7t5v0__clkbuf_16)
                                                         clknet_2_3__leaf_clk (net)
                      0.127084    0.000041    0.875553 ^ _158_/CLK (gf180mcu_fd_sc_mcu7t5v0__dffq_1)
                                  0.250000    1.125553   clock uncertainty
                                 -0.083386    1.042167   clock reconvergence pessimism
                                  0.041832    1.083999   library hold time
                                              1.083999   data required time
---------------------------------------------------------------------------------------------
                                              1.083999   data required time
                                             -2.576282   data arrival time
---------------------------------------------------------------------------------------------
                                              1.492283   slack (MET)


Startpoint: _154_ (rising edge-triggered flip-flop clocked by clk)
Endpoint: _154_ (rising edge-triggered flip-flop clocked by clk)
Path Group: clk
Path Type: min

Fanout         Cap        Slew       Delay        Time   Description
---------------------------------------------------------------------------------------------
                                  0.000000    0.000000   clock clk (rise edge)
                                  0.000000    0.000000   clock source latency
     1    0.030694    0.226755    0.102551    0.102551 ^ clk (in)
                                                         clk (net)
                      0.226757    0.000000    0.102551 ^ clkbuf_0_clk/I (gf180mcu_fd_sc_mcu7t5v0__clkbuf_16)
     4    0.097190    0.219144    0.378040    0.480591 ^ clkbuf_0_clk/Z (gf180mcu_fd_sc_mcu7t5v0__clkbuf_16)
                                                         clknet_0_clk (net)
                      0.219144    0.000684    0.481274 ^ clkbuf_2_0__f_clk/I (gf180mcu_fd_sc_mcu7t5v0__clkbuf_16)
     5    0.023826    0.123243    0.307974    0.789249 ^ clkbuf_2_0__f_clk/Z (gf180mcu_fd_sc_mcu7t5v0__clkbuf_16)
                                                         clknet_2_0__leaf_clk (net)
                      0.123243    0.000064    0.789312 ^ _154_/CLK (gf180mcu_fd_sc_mcu7t5v0__dffq_1)
     5    0.027372    0.395227    1.071242    1.860554 v _154_/Q (gf180mcu_fd_sc_mcu7t5v0__dffq_1)
                                                         counter[1] (net)
                      0.395227    0.000190    1.860745 v _105_/A2 (gf180mcu_fd_sc_mcu7t5v0__xnor2_1)
     2    0.011622    0.549677    0.601745    2.462490 ^ _105_/ZN (gf180mcu_fd_sc_mcu7t5v0__xnor2_1)
                                                         _058_ (net)
                      0.549677    0.000150    2.462640 ^ _125_/A2 (gf180mcu_fd_sc_mcu7t5v0__nand2_1)
     1    0.002881    0.197758    0.144742    2.607382 v _125_/ZN (gf180mcu_fd_sc_mcu7t5v0__nand2_1)
                                                         _002_ (net)
                      0.197758    0.000027    2.607409 v _154_/D (gf180mcu_fd_sc_mcu7t5v0__dffq_1)
                                              2.607409   data arrival time

                                  0.000000    0.000000   clock clk (rise edge)
                                  0.000000    0.000000   clock source latency
     1    0.030694    0.226755    0.113346    0.113346 ^ clk (in)
                                                         clk (net)
                      0.226757    0.000000    0.113346 ^ clkbuf_0_clk/I (gf180mcu_fd_sc_mcu7t5v0__clkbuf_16)
     4    0.097190    0.219144    0.417833    0.531179 ^ clkbuf_0_clk/Z (gf180mcu_fd_sc_mcu7t5v0__clkbuf_16)
                                                         clknet_0_clk (net)
                      0.219144    0.000756    0.531935 ^ clkbuf_2_0__f_clk/I (gf180mcu_fd_sc_mcu7t5v0__clkbuf_16)
     5    0.023826    0.123243    0.340392    0.872327 ^ clkbuf_2_0__f_clk/Z (gf180mcu_fd_sc_mcu7t5v0__clkbuf_16)
                                                         clknet_2_0__leaf_clk (net)
                      0.123243    0.000070    0.872398 ^ _154_/CLK (gf180mcu_fd_sc_mcu7t5v0__dffq_1)
                                  0.250000    1.122398   clock uncertainty
                                 -0.083085    1.039312   clock reconvergence pessimism
                                  0.055119    1.094431   library hold time
                                              1.094431   data required time
---------------------------------------------------------------------------------------------
                                              1.094431   data required time
                                             -2.607409   data arrival time
---------------------------------------------------------------------------------------------
                                              1.512977   slack (MET)


Startpoint: _156_ (rising edge-triggered flip-flop clocked by clk)
Endpoint: _156_ (rising edge-triggered flip-flop clocked by clk)
Path Group: clk
Path Type: min

Fanout         Cap        Slew       Delay        Time   Description
---------------------------------------------------------------------------------------------
                                  0.000000    0.000000   clock clk (rise edge)
                                  0.000000    0.000000   clock source latency
     1    0.030694    0.226755    0.102551    0.102551 ^ clk (in)
                                                         clk (net)
                      0.226757    0.000000    0.102551 ^ clkbuf_0_clk/I (gf180mcu_fd_sc_mcu7t5v0__clkbuf_16)
     4    0.097190    0.219144    0.378040    0.480591 ^ clkbuf_0_clk/Z (gf180mcu_fd_sc_mcu7t5v0__clkbuf_16)
                                                         clknet_0_clk (net)
                      0.219144    0.000750    0.481341 ^ clkbuf_2_1__f_clk/I (gf180mcu_fd_sc_mcu7t5v0__clkbuf_16)
     5    0.027281    0.127841    0.311793    0.793134 ^ clkbuf_2_1__f_clk/Z (gf180mcu_fd_sc_mcu7t5v0__clkbuf_16)
                                                         clknet_2_1__leaf_clk (net)
                      0.127841    0.000033    0.793167 ^ _156_/CLK (gf180mcu_fd_sc_mcu7t5v0__dffq_1)
     2    0.013237    0.244309    0.962192    1.755359 v _156_/Q (gf180mcu_fd_sc_mcu7t5v0__dffq_1)
                                                         counter[3] (net)
                      0.244309    0.000270    1.755628 v _108_/A1 (gf180mcu_fd_sc_mcu7t5v0__xor2_1)
     3    0.018921    1.027963    0.646124    2.401753 ^ _108_/Z (gf180mcu_fd_sc_mcu7t5v0__xor2_1)
                                                         _061_ (net)
                      1.027963    0.000395    2.402147 ^ _127_/A2 (gf180mcu_fd_sc_mcu7t5v0__or2_1)
     1    0.002943    0.172781    0.390901    2.793048 ^ _127_/Z (gf180mcu_fd_sc_mcu7t5v0__or2_1)
                                                         _004_ (net)
                      0.172781    0.000029    2.793077 ^ _156_/D (gf180mcu_fd_sc_mcu7t5v0__dffq_1)
                                              2.793077   data arrival time

                                  0.000000    0.000000   clock clk (rise edge)
                                  0.000000    0.000000   clock source latency
     1    0.030694    0.226755    0.113346    0.113346 ^ clk (in)
                                                         clk (net)
                      0.226757    0.000000    0.113346 ^ clkbuf_0_clk/I (gf180mcu_fd_sc_mcu7t5v0__clkbuf_16)
     4    0.097190    0.219144    0.417833    0.531179 ^ clkbuf_0_clk/Z (gf180mcu_fd_sc_mcu7t5v0__clkbuf_16)
                                                         clknet_0_clk (net)
                      0.219144    0.000829    0.532008 ^ clkbuf_2_1__f_clk/I (gf180mcu_fd_sc_mcu7t5v0__clkbuf_16)
     5    0.027281    0.127841    0.344613    0.876621 ^ clkbuf_2_1__f_clk/Z (gf180mcu_fd_sc_mcu7t5v0__clkbuf_16)
                                                         clknet_2_1__leaf_clk (net)
                      0.127841    0.000037    0.876658 ^ _156_/CLK (gf180mcu_fd_sc_mcu7t5v0__dffq_1)
                                  0.250000    1.126658   clock uncertainty
                                 -0.083491    1.043167   clock reconvergence pessimism
                                  0.036905    1.080072   library hold time
                                              1.080072   data required time
---------------------------------------------------------------------------------------------
                                              1.080072   data required time
                                             -2.793077   data arrival time
---------------------------------------------------------------------------------------------
                                              1.713004   slack (MET)


Startpoint: _157_ (rising edge-triggered flip-flop clocked by clk)
Endpoint: _157_ (rising edge-triggered flip-flop clocked by clk)
Path Group: clk
Path Type: min

Fanout         Cap        Slew       Delay        Time   Description
---------------------------------------------------------------------------------------------
                                  0.000000    0.000000   clock clk (rise edge)
                                  0.000000    0.000000   clock source latency
     1    0.030694    0.226755    0.102551    0.102551 ^ clk (in)
                                                         clk (net)
                      0.226757    0.000000    0.102551 ^ clkbuf_0_clk/I (gf180mcu_fd_sc_mcu7t5v0__clkbuf_16)
     4    0.097190    0.219144    0.378040    0.480591 ^ clkbuf_0_clk/Z (gf180mcu_fd_sc_mcu7t5v0__clkbuf_16)
                                                         clknet_0_clk (net)
                      0.219144    0.000367    0.480958 ^ clkbuf_2_3__f_clk/I (gf180mcu_fd_sc_mcu7t5v0__clkbuf_16)
     5    0.026711    0.127084    0.311172    0.792130 ^ clkbuf_2_3__f_clk/Z (gf180mcu_fd_sc_mcu7t5v0__clkbuf_16)
                                                         clknet_2_3__leaf_clk (net)
                      0.127084    0.000069    0.792198 ^ _157_/CLK (gf180mcu_fd_sc_mcu7t5v0__dffq_1)
     4    0.024466    0.657537    1.262890    2.055088 ^ _157_/Q (gf180mcu_fd_sc_mcu7t5v0__dffq_1)
                                                         counter[4] (net)
                      0.657537    0.000154    2.055242 ^ _110_/A1 (gf180mcu_fd_sc_mcu7t5v0__xor2_1)
     2    0.013377    0.387752    0.338567    2.393809 v _110_/Z (gf180mcu_fd_sc_mcu7t5v0__xor2_1)
                                                         _063_ (net)
                      0.387752    0.000234    2.394043 v _111_/I (gf180mcu_fd_sc_mcu7t5v0__clkinv_1)
     2    0.010448    0.331336    0.289174    2.683217 ^ _111_/ZN (gf180mcu_fd_sc_mcu7t5v0__clkinv_1)
                                                         _064_ (net)
                      0.331336    0.000141    2.683358 ^ _128_/A2 (gf180mcu_fd_sc_mcu7t5v0__nand2_1)
     1    0.003016    0.166182    0.140375    2.823733 v _128_/ZN (gf180mcu_fd_sc_mcu7t5v0__nand2_1)
                                                         _005_ (net)
                      0.166182    0.000029    2.823762 v _157_/D (gf180mcu_fd_sc_mcu7t5v0__dffq_1)
                                              2.823762   data arrival time

                                  0.000000    0.000000   clock clk (rise edge)
                                  0.000000    0.000000   clock source latency
     1    0.030694    0.226755    0.113346    0.113346 ^ clk (in)
                                                         clk (net)
                      0.226757    0.000000    0.113346 ^ clkbuf_0_clk/I (gf180mcu_fd_sc_mcu7t5v0__clkbuf_16)
     4    0.097190    0.219144    0.417833    0.531179 ^ clkbuf_0_clk/Z (gf180mcu_fd_sc_mcu7t5v0__clkbuf_16)
                                                         clknet_0_clk (net)
                      0.219144    0.000406    0.531585 ^ clkbuf_2_3__f_clk/I (gf180mcu_fd_sc_mcu7t5v0__clkbuf_16)
     5    0.026711    0.127084    0.343927    0.875512 ^ clkbuf_2_3__f_clk/Z (gf180mcu_fd_sc_mcu7t5v0__clkbuf_16)
                                                         clknet_2_3__leaf_clk (net)
                      0.127084    0.000076    0.875587 ^ _157_/CLK (gf180mcu_fd_sc_mcu7t5v0__dffq_1)
                                  0.250000    1.125587   clock uncertainty
                                 -0.083389    1.042198   clock reconvergence pessimism
                                  0.062931    1.105129   library hold time
                                              1.105129   data required time
---------------------------------------------------------------------------------------------
                                              1.105129   data required time
                                             -2.823762   data arrival time
---------------------------------------------------------------------------------------------
                                              1.718633   slack (MET)


Startpoint: _152_ (rising edge-triggered flip-flop clocked by clk)
Endpoint: pwm (output port clocked by clk)
Path Group: clk
Path Type: min

Fanout         Cap        Slew       Delay        Time   Description
---------------------------------------------------------------------------------------------
                                  0.000000    0.000000   clock clk (rise edge)
                                  0.000000    0.000000   clock source latency
     1    0.030694    0.226755    0.102551    0.102551 ^ clk (in)
                                                         clk (net)
                      0.226757    0.000000    0.102551 ^ clkbuf_0_clk/I (gf180mcu_fd_sc_mcu7t5v0__clkbuf_16)
     4    0.097190    0.219144    0.378040    0.480591 ^ clkbuf_0_clk/Z (gf180mcu_fd_sc_mcu7t5v0__clkbuf_16)
                                                         clknet_0_clk (net)
                      0.219144    0.000403    0.480994 ^ clkbuf_2_2__f_clk/I (gf180mcu_fd_sc_mcu7t5v0__clkbuf_16)
     5    0.026388    0.126654    0.310772    0.791766 ^ clkbuf_2_2__f_clk/Z (gf180mcu_fd_sc_mcu7t5v0__clkbuf_16)
                                                         clknet_2_2__leaf_clk (net)
                      0.126654    0.000197    0.791963 ^ _152_/CLK (gf180mcu_fd_sc_mcu7t5v0__dffq_1)
     1    0.006880    0.174143    0.902411    1.694374 v _152_/Q (gf180mcu_fd_sc_mcu7t5v0__dffq_1)
                                                         net12 (net)
                      0.174143    0.000139    1.694513 v output12/I (gf180mcu_fd_sc_mcu7t5v0__buf_2)
     1    0.074140    0.492085    0.556345    2.250859 v output12/Z (gf180mcu_fd_sc_mcu7t5v0__buf_2)
                                                         pwm (net)
                      0.492091    0.000904    2.251763 v pwm (out)
                                              2.251763   data arrival time

                                  0.000000    0.000000   clock clk (rise edge)
                                  0.000000    0.000000   clock network delay (propagated)
                                  0.250000    0.250000   clock uncertainty
                                  0.000000    0.250000   clock reconvergence pessimism
                               -200.000000 -199.750000   output external delay
                                           -199.750000   data required time
---------------------------------------------------------------------------------------------
                                           -199.750000   data required time
                                             -2.251763   data arrival time
---------------------------------------------------------------------------------------------
                                            202.001770   slack (MET)



