
===========================================================================
report_checks -unconstrained
===========================================================================
======================= min_tt_025C_3v30 Corner ===================================

Startpoint: duty[8] (input port clocked by clk)
Endpoint: _152_ (rising edge-triggered flip-flop clocked by clk)
Path Group: clk
Path Type: max

Fanout         Cap        Slew       Delay        Time   Description
---------------------------------------------------------------------------------------------
                                  0.000000    0.000000   clock clk (rise edge)
                                  0.000000    0.000000   clock network delay (propagated)
                                200.000000  200.000000 ^ input external delay
     1    0.005646    0.201177    0.082338  200.082336 ^ duty[8] (in)
                                                         duty[8] (net)
                      0.201177    0.000000  200.082336 ^ input9/I (gf180mcu_fd_sc_mcu7t5v0__buf_2)
     2    0.009304    0.169365    0.293923  200.376251 ^ input9/Z (gf180mcu_fd_sc_mcu7t5v0__buf_2)
                                                         net9 (net)
                      0.169365    0.000142  200.376404 ^ _078_/I (gf180mcu_fd_sc_mcu7t5v0__clkinv_1)
     8    0.040346    0.838898    0.602967  200.979370 v _078_/ZN (gf180mcu_fd_sc_mcu7t5v0__clkinv_1)
                                                         _031_ (net)
                      0.838898    0.000682  200.980042 v _090_/A2 (gf180mcu_fd_sc_mcu7t5v0__nand2_1)
     2    0.013793    0.554521    0.590703  201.570755 ^ _090_/ZN (gf180mcu_fd_sc_mcu7t5v0__nand2_1)
                                                         _043_ (net)
                      0.554521    0.000171  201.570923 ^ _092_/A3 (gf180mcu_fd_sc_mcu7t5v0__and4_1)
     1    0.006016    0.309771    0.775501  202.346420 ^ _092_/Z (gf180mcu_fd_sc_mcu7t5v0__and4_1)
                                                         _045_ (net)
                      0.309771    0.000128  202.346542 ^ _098_/A1 (gf180mcu_fd_sc_mcu7t5v0__nand4_1)
     1    0.006657    0.468526    0.320995  202.667542 v _098_/ZN (gf180mcu_fd_sc_mcu7t5v0__nand4_1)
                                                         _051_ (net)
                      0.468526    0.000085  202.667633 v _099_/A3 (gf180mcu_fd_sc_mcu7t5v0__nand3_1)
     1    0.005419    0.416506    0.417543  203.085175 ^ _099_/ZN (gf180mcu_fd_sc_mcu7t5v0__nand3_1)
                                                         _052_ (net)
                      0.416506    0.000057  203.085220 ^ _123_/A1 (gf180mcu_fd_sc_mcu7t5v0__aoi21_1)
     1    0.003124    0.376942    0.174822  203.260056 v _123_/ZN (gf180mcu_fd_sc_mcu7t5v0__aoi21_1)
                                                         _000_ (net)
                      0.376942    0.000057  203.260101 v _152_/D (gf180mcu_fd_sc_mcu7t5v0__dffq_1)
                                            203.260101   data arrival time

                               1000.000000 1000.000000   clock clk (rise edge)
                                  0.000000 1000.000000   clock source latency
     1    0.029329    0.218920    0.097998 1000.098022 ^ clk (in)
                                                         clk (net)
                      0.218921    0.000000 1000.098022 ^ clkbuf_0_clk/I (gf180mcu_fd_sc_mcu7t5v0__clkbuf_16)
     4    0.095622    0.217147    0.374939 1000.472961 ^ clkbuf_0_clk/Z (gf180mcu_fd_sc_mcu7t5v0__clkbuf_16)
                                                         clknet_0_clk (net)
                      0.217147    0.000341 1000.473328 ^ clkbuf_2_2__f_clk/I (gf180mcu_fd_sc_mcu7t5v0__clkbuf_16)
     5    0.024264    0.123830    0.307978 1000.781311 ^ clkbuf_2_2__f_clk/Z (gf180mcu_fd_sc_mcu7t5v0__clkbuf_16)
                                                         clknet_2_2__leaf_clk (net)
                      0.123830    0.000114 1000.781372 ^ _152_/CLK (gf180mcu_fd_sc_mcu7t5v0__dffq_1)
                                 -0.250000 1000.531372   clock uncertainty
                                  0.000000 1000.531372   clock reconvergence pessimism
                                 -0.450704 1000.080750   library setup time
                                           1000.080750   data required time
---------------------------------------------------------------------------------------------
                                           1000.080750   data required time
                                           -203.260101   data arrival time
---------------------------------------------------------------------------------------------
                                            796.820618   slack (MET)




===========================================================================
report_checks --slack_max -0.01
============================================================================
======================= min_tt_025C_3v30 Corner ===================================

No paths found.


===========================================================================
 report_check_types -max_slew -max_cap -max_fanout -violators
============================================================================
======================= min_tt_025C_3v30 Corner ===================================



===========================================================================
report_parasitic_annotation -report_unannotated
============================================================================
Found 1 unannotated drivers.
 clkload0/Z
Found 0 partially unannotated drivers.

===========================================================================
max slew violation count 0
max fanout violation count 0
max cap violation count 0
============================================================================

===========================================================================
check_setup -verbose -unconstrained_endpoints -multiple_clock -no_clock -no_input_delay -loops -generated_clocks
===========================================================================
