
===========================================================================
report_checks -path_delay min (Hold)
============================================================================
======================= min_tt_025C_3v30 Corner ===================================

Startpoint: _170_ (rising edge-triggered flip-flop clocked by clk)
Endpoint: _170_ (rising edge-triggered flip-flop clocked by clk)
Path Group: clk
Path Type: min

Fanout         Cap        Slew       Delay        Time   Description
---------------------------------------------------------------------------------------------
                                  0.000000    0.000000   clock clk (rise edge)
                                  0.000000    0.000000   clock source latency
     1    0.029329    0.218920    0.098029    0.098029 ^ clk (in)
                                                         clk (net)
                      0.218921    0.000000    0.098029 ^ clkbuf_0_clk/I (gf180mcu_fd_sc_mcu7t5v0__clkbuf_16)
     4    0.095622    0.217147    0.374898    0.472927 ^ clkbuf_0_clk/Z (gf180mcu_fd_sc_mcu7t5v0__clkbuf_16)
                                                         clknet_0_clk (net)
                      0.217147    0.000345    0.473271 ^ clkbuf_2_2__f_clk/I (gf180mcu_fd_sc_mcu7t5v0__clkbuf_16)
     5    0.024264    0.123830    0.307965    0.781236 ^ clkbuf_2_2__f_clk/Z (gf180mcu_fd_sc_mcu7t5v0__clkbuf_16)
                                                         clknet_2_2__leaf_clk (net)
                      0.123830    0.000181    0.781418 ^ _170_/CLK (gf180mcu_fd_sc_mcu7t5v0__dffq_1)
     2    0.011073    0.219367    0.942340    1.723758 v _170_/Q (gf180mcu_fd_sc_mcu7t5v0__dffq_1)
                                                         active_enable (net)
                      0.219367    0.000155    1.723913 v _100_/A1 (gf180mcu_fd_sc_mcu7t5v0__nand2_1)
     1    0.005078    0.229629    0.199544    1.923456 ^ _100_/ZN (gf180mcu_fd_sc_mcu7t5v0__nand2_1)
                                                         _053_ (net)
                      0.229629    0.000090    1.923546 ^ _151_/A2 (gf180mcu_fd_sc_mcu7t5v0__aoi21_1)
     1    0.002691    0.150555    0.137509    2.061055 v _151_/ZN (gf180mcu_fd_sc_mcu7t5v0__aoi21_1)
                                                         _018_ (net)
                      0.150555    0.000024    2.061080 v _170_/D (gf180mcu_fd_sc_mcu7t5v0__dffq_1)
                                              2.061080   data arrival time

                                  0.000000    0.000000   clock clk (rise edge)
                                  0.000000    0.000000   clock source latency
     1    0.029329    0.218920    0.108348    0.108348 ^ clk (in)
                                                         clk (net)
                      0.218921    0.000000    0.108348 ^ clkbuf_0_clk/I (gf180mcu_fd_sc_mcu7t5v0__clkbuf_16)
     4    0.095622    0.217147    0.414360    0.522708 ^ clkbuf_0_clk/Z (gf180mcu_fd_sc_mcu7t5v0__clkbuf_16)
                                                         clknet_0_clk (net)
                      0.217147    0.000381    0.523089 ^ clkbuf_2_2__f_clk/I (gf180mcu_fd_sc_mcu7t5v0__clkbuf_16)
     5    0.024264    0.123830    0.340382    0.863472 ^ clkbuf_2_2__f_clk/Z (gf180mcu_fd_sc_mcu7t5v0__clkbuf_16)
                                                         clknet_2_2__leaf_clk (net)
                      0.123830    0.000201    0.863672 ^ _170_/CLK (gf180mcu_fd_sc_mcu7t5v0__dffq_1)
                                  0.250000    1.113672   clock uncertainty
                                 -0.082254    1.031418   clock reconvergence pessimism
                                  0.065547    1.096965   library hold time
                                              1.096965   data required time
---------------------------------------------------------------------------------------------
                                              1.096965   data required time
                                             -2.061080   data arrival time
---------------------------------------------------------------------------------------------
                                              0.964115   slack (MET)


Startpoint: _153_ (rising edge-triggered flip-flop clocked by clk)
Endpoint: _153_ (rising edge-triggered flip-flop clocked by clk)
Path Group: clk
Path Type: min

Fanout         Cap        Slew       Delay        Time   Description
---------------------------------------------------------------------------------------------
                                  0.000000    0.000000   clock clk (rise edge)
                                  0.000000    0.000000   clock source latency
     1    0.029329    0.218920    0.098029    0.098029 ^ clk (in)
                                                         clk (net)
                      0.218921    0.000000    0.098029 ^ clkbuf_0_clk/I (gf180mcu_fd_sc_mcu7t5v0__clkbuf_16)
     4    0.095622    0.217147    0.374898    0.472927 ^ clkbuf_0_clk/Z (gf180mcu_fd_sc_mcu7t5v0__clkbuf_16)
                                                         clknet_0_clk (net)
                      0.217147    0.000623    0.473550 ^ clkbuf_2_1__f_clk/I (gf180mcu_fd_sc_mcu7t5v0__clkbuf_16)
     5    0.025281    0.125185    0.309119    0.782669 ^ clkbuf_2_1__f_clk/Z (gf180mcu_fd_sc_mcu7t5v0__clkbuf_16)
                                                         clknet_2_1__leaf_clk (net)
                      0.125185    0.000174    0.782844 ^ _153_/CLK (gf180mcu_fd_sc_mcu7t5v0__dffq_1)
     6    0.031054    0.435680    1.098854    1.881698 v _153_/Q (gf180mcu_fd_sc_mcu7t5v0__dffq_1)
                                                         counter[0] (net)
                      0.435681    0.000415    1.882113 v _124_/A1 (gf180mcu_fd_sc_mcu7t5v0__nand2_1)
     1    0.002609    0.212883    0.215622    2.097734 ^ _124_/ZN (gf180mcu_fd_sc_mcu7t5v0__nand2_1)
                                                         _001_ (net)
                      0.212883    0.000023    2.097757 ^ _153_/D (gf180mcu_fd_sc_mcu7t5v0__dffq_1)
                                              2.097757   data arrival time

                                  0.000000    0.000000   clock clk (rise edge)
                                  0.000000    0.000000   clock source latency
     1    0.029329    0.218920    0.108348    0.108348 ^ clk (in)
                                                         clk (net)
                      0.218921    0.000000    0.108348 ^ clkbuf_0_clk/I (gf180mcu_fd_sc_mcu7t5v0__clkbuf_16)
     4    0.095622    0.217147    0.414360    0.522708 ^ clkbuf_0_clk/Z (gf180mcu_fd_sc_mcu7t5v0__clkbuf_16)
                                                         clknet_0_clk (net)
                      0.217147    0.000689    0.523397 ^ clkbuf_2_1__f_clk/I (gf180mcu_fd_sc_mcu7t5v0__clkbuf_16)
     5    0.025281    0.125185    0.341658    0.865055 ^ clkbuf_2_1__f_clk/Z (gf180mcu_fd_sc_mcu7t5v0__clkbuf_16)
                                                         clknet_2_1__leaf_clk (net)
                      0.125185    0.000193    0.865248 ^ _153_/CLK (gf180mcu_fd_sc_mcu7t5v0__dffq_1)
                                  0.250000    1.115248   clock uncertainty
                                 -0.082405    1.032844   clock reconvergence pessimism
                                  0.031147    1.063991   library hold time
                                              1.063991   data required time
---------------------------------------------------------------------------------------------
                                              1.063991   data required time
                                             -2.097757   data arrival time
---------------------------------------------------------------------------------------------
                                              1.033766   slack (MET)


Startpoint: _169_ (rising edge-triggered flip-flop clocked by clk)
Endpoint: _169_ (rising edge-triggered flip-flop clocked by clk)
Path Group: clk
Path Type: min

Fanout         Cap        Slew       Delay        Time   Description
---------------------------------------------------------------------------------------------
                                  0.000000    0.000000   clock clk (rise edge)
                                  0.000000    0.000000   clock source latency
     1    0.029329    0.218920    0.098029    0.098029 ^ clk (in)
                                                         clk (net)
                      0.218921    0.000000    0.098029 ^ clkbuf_0_clk/I (gf180mcu_fd_sc_mcu7t5v0__clkbuf_16)
     4    0.095622    0.217147    0.374898    0.472927 ^ clkbuf_0_clk/Z (gf180mcu_fd_sc_mcu7t5v0__clkbuf_16)
                                                         clknet_0_clk (net)
                      0.217147    0.000345    0.473271 ^ clkbuf_2_2__f_clk/I (gf180mcu_fd_sc_mcu7t5v0__clkbuf_16)
     5    0.024264    0.123830    0.307965    0.781236 ^ clkbuf_2_2__f_clk/Z (gf180mcu_fd_sc_mcu7t5v0__clkbuf_16)
                                                         clknet_2_2__leaf_clk (net)
                      0.123830    0.000349    0.781585 ^ _169_/CLK (gf180mcu_fd_sc_mcu7t5v0__dffq_1)
     2    0.010165    0.209558    0.933560    1.715145 v _169_/Q (gf180mcu_fd_sc_mcu7t5v0__dffq_1)
                                                         active_duty[8] (net)
                      0.209558    0.000145    1.715291 v _149_/A1 (gf180mcu_fd_sc_mcu7t5v0__oai21_1)
     1    0.004973    0.361493    0.305142    2.020433 ^ _149_/ZN (gf180mcu_fd_sc_mcu7t5v0__oai21_1)
                                                         _028_ (net)
                      0.361493    0.000092    2.020525 ^ _150_/A2 (gf180mcu_fd_sc_mcu7t5v0__nor2_1)
     1    0.002756    0.187658    0.169704    2.190229 v _150_/ZN (gf180mcu_fd_sc_mcu7t5v0__nor2_1)
                                                         _017_ (net)
                      0.187658    0.000025    2.190253 v _169_/D (gf180mcu_fd_sc_mcu7t5v0__dffq_1)
                                              2.190253   data arrival time

                                  0.000000    0.000000   clock clk (rise edge)
                                  0.000000    0.000000   clock source latency
     1    0.029329    0.218920    0.108348    0.108348 ^ clk (in)
                                                         clk (net)
                      0.218921    0.000000    0.108348 ^ clkbuf_0_clk/I (gf180mcu_fd_sc_mcu7t5v0__clkbuf_16)
     4    0.095622    0.217147    0.414360    0.522708 ^ clkbuf_0_clk/Z (gf180mcu_fd_sc_mcu7t5v0__clkbuf_16)
                                                         clknet_0_clk (net)
                      0.217147    0.000381    0.523089 ^ clkbuf_2_2__f_clk/I (gf180mcu_fd_sc_mcu7t5v0__clkbuf_16)
     5    0.024264    0.123830    0.340382    0.863472 ^ clkbuf_2_2__f_clk/Z (gf180mcu_fd_sc_mcu7t5v0__clkbuf_16)
                                                         clknet_2_2__leaf_clk (net)
                      0.123830    0.000385    0.863857 ^ _169_/CLK (gf180mcu_fd_sc_mcu7t5v0__dffq_1)
                                  0.250000    1.113857   clock uncertainty
                                 -0.082272    1.031585   clock reconvergence pessimism
                                  0.057465    1.089050   library hold time
                                              1.089050   data required time
---------------------------------------------------------------------------------------------
                                              1.089050   data required time
                                             -2.190253   data arrival time
---------------------------------------------------------------------------------------------
                                              1.101204   slack (MET)


Startpoint: _168_ (rising edge-triggered flip-flop clocked by clk)
Endpoint: _168_ (rising edge-triggered flip-flop clocked by clk)
Path Group: clk
Path Type: min

Fanout         Cap        Slew       Delay        Time   Description
---------------------------------------------------------------------------------------------
                                  0.000000    0.000000   clock clk (rise edge)
                                  0.000000    0.000000   clock source latency
     1    0.029329    0.218920    0.098029    0.098029 ^ clk (in)
                                                         clk (net)
                      0.218921    0.000000    0.098029 ^ clkbuf_0_clk/I (gf180mcu_fd_sc_mcu7t5v0__clkbuf_16)
     4    0.095622    0.217147    0.374898    0.472927 ^ clkbuf_0_clk/Z (gf180mcu_fd_sc_mcu7t5v0__clkbuf_16)
                                                         clknet_0_clk (net)
                      0.217147    0.000345    0.473271 ^ clkbuf_2_2__f_clk/I (gf180mcu_fd_sc_mcu7t5v0__clkbuf_16)
     5    0.024264    0.123830    0.307965    0.781236 ^ clkbuf_2_2__f_clk/Z (gf180mcu_fd_sc_mcu7t5v0__clkbuf_16)
                                                         clknet_2_2__leaf_clk (net)
                      0.123830    0.000372    0.781609 ^ _168_/CLK (gf180mcu_fd_sc_mcu7t5v0__dffq_1)
     3    0.022234    0.339444    1.031337    1.812946 v _168_/Q (gf180mcu_fd_sc_mcu7t5v0__dffq_1)
                                                         active_duty[7] (net)
                      0.339444    0.000206    1.813152 v _147_/A1 (gf180mcu_fd_sc_mcu7t5v0__aoi22_1)
     1    0.004557    0.313505    0.267740    2.080892 ^ _147_/ZN (gf180mcu_fd_sc_mcu7t5v0__aoi22_1)
                                                         _027_ (net)
                      0.313505    0.000041    2.080933 ^ _148_/A2 (gf180mcu_fd_sc_mcu7t5v0__nor2_1)
     1    0.002609    0.175369    0.163338    2.244271 v _148_/ZN (gf180mcu_fd_sc_mcu7t5v0__nor2_1)
                                                         _016_ (net)
                      0.175369    0.000023    2.244294 v _168_/D (gf180mcu_fd_sc_mcu7t5v0__dffq_1)
                                              2.244294   data arrival time

                                  0.000000    0.000000   clock clk (rise edge)
                                  0.000000    0.000000   clock source latency
     1    0.029329    0.218920    0.108348    0.108348 ^ clk (in)
                                                         clk (net)
                      0.218921    0.000000    0.108348 ^ clkbuf_0_clk/I (gf180mcu_fd_sc_mcu7t5v0__clkbuf_16)
     4    0.095622    0.217147    0.414360    0.522708 ^ clkbuf_0_clk/Z (gf180mcu_fd_sc_mcu7t5v0__clkbuf_16)
                                                         clknet_0_clk (net)
                      0.217147    0.000381    0.523089 ^ clkbuf_2_2__f_clk/I (gf180mcu_fd_sc_mcu7t5v0__clkbuf_16)
     5    0.024264    0.123830    0.340382    0.863472 ^ clkbuf_2_2__f_clk/Z (gf180mcu_fd_sc_mcu7t5v0__clkbuf_16)
                                                         clknet_2_2__leaf_clk (net)
                      0.123830    0.000412    0.863883 ^ _168_/CLK (gf180mcu_fd_sc_mcu7t5v0__dffq_1)
                                  0.250000    1.113883   clock uncertainty
                                 -0.082275    1.031609   clock reconvergence pessimism
                                  0.060141    1.091750   library hold time
                                              1.091750   data required time
---------------------------------------------------------------------------------------------
                                              1.091750   data required time
                                             -2.244294   data arrival time
---------------------------------------------------------------------------------------------
                                              1.152543   slack (MET)


Startpoint: _161_ (rising edge-triggered flip-flop clocked by clk)
Endpoint: _161_ (rising edge-triggered flip-flop clocked by clk)
Path Group: clk
Path Type: min

Fanout         Cap        Slew       Delay        Time   Description
---------------------------------------------------------------------------------------------
                                  0.000000    0.000000   clock clk (rise edge)
                                  0.000000    0.000000   clock source latency
     1    0.029329    0.218920    0.098029    0.098029 ^ clk (in)
                                                         clk (net)
                      0.218921    0.000000    0.098029 ^ clkbuf_0_clk/I (gf180mcu_fd_sc_mcu7t5v0__clkbuf_16)
     4    0.095622    0.217147    0.374898    0.472927 ^ clkbuf_0_clk/Z (gf180mcu_fd_sc_mcu7t5v0__clkbuf_16)
                                                         clknet_0_clk (net)
                      0.217147    0.000575    0.473502 ^ clkbuf_2_0__f_clk/I (gf180mcu_fd_sc_mcu7t5v0__clkbuf_16)
     5    0.022301    0.121211    0.305821    0.779322 ^ clkbuf_2_0__f_clk/Z (gf180mcu_fd_sc_mcu7t5v0__clkbuf_16)
                                                         clknet_2_0__leaf_clk (net)
                      0.121211    0.000170    0.779493 ^ _161_/CLK (gf180mcu_fd_sc_mcu7t5v0__dffq_1)
     2    0.013776    0.249966    0.964832    1.744325 v _161_/Q (gf180mcu_fd_sc_mcu7t5v0__dffq_1)
                                                         active_duty[0] (net)
                      0.249966    0.000242    1.744567 v _132_/A1 (gf180mcu_fd_sc_mcu7t5v0__nor2_1)
     1    0.004366    0.360922    0.269086    2.013653 ^ _132_/ZN (gf180mcu_fd_sc_mcu7t5v0__nor2_1)
                                                         _019_ (net)
                      0.360922    0.000079    2.013731 ^ _133_/B (gf180mcu_fd_sc_mcu7t5v0__aoi211_1)
     1    0.002852    0.192295    0.232110    2.245842 v _133_/ZN (gf180mcu_fd_sc_mcu7t5v0__aoi211_1)
                                                         _009_ (net)
                      0.192295    0.000026    2.245867 v _161_/D (gf180mcu_fd_sc_mcu7t5v0__dffq_1)
                                              2.245867   data arrival time

                                  0.000000    0.000000   clock clk (rise edge)
                                  0.000000    0.000000   clock source latency
     1    0.029329    0.218920    0.108348    0.108348 ^ clk (in)
                                                         clk (net)
                      0.218921    0.000000    0.108348 ^ clkbuf_0_clk/I (gf180mcu_fd_sc_mcu7t5v0__clkbuf_16)
     4    0.095622    0.217147    0.414360    0.522708 ^ clkbuf_0_clk/Z (gf180mcu_fd_sc_mcu7t5v0__clkbuf_16)
                                                         clknet_0_clk (net)
                      0.217147    0.000635    0.523344 ^ clkbuf_2_0__f_clk/I (gf180mcu_fd_sc_mcu7t5v0__clkbuf_16)
     5    0.022301    0.121211    0.338012    0.861356 ^ clkbuf_2_0__f_clk/Z (gf180mcu_fd_sc_mcu7t5v0__clkbuf_16)
                                                         clknet_2_0__leaf_clk (net)
                      0.121211    0.000188    0.861545 ^ _161_/CLK (gf180mcu_fd_sc_mcu7t5v0__dffq_1)
                                  0.250000    1.111545   clock uncertainty
                                 -0.082052    1.029493   clock reconvergence pessimism
                                  0.055807    1.085300   library hold time
                                              1.085300   data required time
---------------------------------------------------------------------------------------------
                                              1.085300   data required time
                                             -2.245867   data arrival time
---------------------------------------------------------------------------------------------
                                              1.160567   slack (MET)


Startpoint: _167_ (rising edge-triggered flip-flop clocked by clk)
Endpoint: _167_ (rising edge-triggered flip-flop clocked by clk)
Path Group: clk
Path Type: min

Fanout         Cap        Slew       Delay        Time   Description
---------------------------------------------------------------------------------------------
                                  0.000000    0.000000   clock clk (rise edge)
                                  0.000000    0.000000   clock source latency
     1    0.029329    0.218920    0.098029    0.098029 ^ clk (in)
                                                         clk (net)
                      0.218921    0.000000    0.098029 ^ clkbuf_0_clk/I (gf180mcu_fd_sc_mcu7t5v0__clkbuf_16)
     4    0.095622    0.217147    0.374898    0.472927 ^ clkbuf_0_clk/Z (gf180mcu_fd_sc_mcu7t5v0__clkbuf_16)
                                                         clknet_0_clk (net)
                      0.217147    0.000345    0.473271 ^ clkbuf_2_2__f_clk/I (gf180mcu_fd_sc_mcu7t5v0__clkbuf_16)
     5    0.024264    0.123830    0.307965    0.781236 ^ clkbuf_2_2__f_clk/Z (gf180mcu_fd_sc_mcu7t5v0__clkbuf_16)
                                                         clknet_2_2__leaf_clk (net)
                      0.123830    0.000260    0.781497 ^ _167_/CLK (gf180mcu_fd_sc_mcu7t5v0__dffq_1)
     3    0.021808    0.334859    1.027980    1.809477 v _167_/Q (gf180mcu_fd_sc_mcu7t5v0__dffq_1)
                                                         active_duty[6] (net)
                      0.334859    0.000281    1.809758 v _145_/A1 (gf180mcu_fd_sc_mcu7t5v0__aoi22_1)
     1    0.004941    0.320346    0.273733    2.083491 ^ _145_/ZN (gf180mcu_fd_sc_mcu7t5v0__aoi22_1)
                                                         _026_ (net)
                      0.320346    0.000090    2.083581 ^ _146_/A2 (gf180mcu_fd_sc_mcu7t5v0__nor2_1)
     1    0.002938    0.181176    0.167951    2.251532 v _146_/ZN (gf180mcu_fd_sc_mcu7t5v0__nor2_1)
                                                         _015_ (net)
                      0.181176    0.000027    2.251559 v _167_/D (gf180mcu_fd_sc_mcu7t5v0__dffq_1)
                                              2.251559   data arrival time

                                  0.000000    0.000000   clock clk (rise edge)
                                  0.000000    0.000000   clock source latency
     1    0.029329    0.218920    0.108348    0.108348 ^ clk (in)
                                                         clk (net)
                      0.218921    0.000000    0.108348 ^ clkbuf_0_clk/I (gf180mcu_fd_sc_mcu7t5v0__clkbuf_16)
     4    0.095622    0.217147    0.414360    0.522708 ^ clkbuf_0_clk/Z (gf180mcu_fd_sc_mcu7t5v0__clkbuf_16)
                                                         clknet_0_clk (net)
                      0.217147    0.000381    0.523089 ^ clkbuf_2_2__f_clk/I (gf180mcu_fd_sc_mcu7t5v0__clkbuf_16)
     5    0.024264    0.123830    0.340382    0.863472 ^ clkbuf_2_2__f_clk/Z (gf180mcu_fd_sc_mcu7t5v0__clkbuf_16)
                                                         clknet_2_2__leaf_clk (net)
                      0.123830    0.000288    0.863759 ^ _167_/CLK (gf180mcu_fd_sc_mcu7t5v0__dffq_1)
                                  0.250000    1.113759   clock uncertainty
                                 -0.082263    1.031497   clock reconvergence pessimism
                                  0.058876    1.090373   library hold time
                                              1.090373   data required time
---------------------------------------------------------------------------------------------
                                              1.090373   data required time
                                             -2.251559   data arrival time
---------------------------------------------------------------------------------------------
                                              1.161186   slack (MET)


Startpoint: _164_ (rising edge-triggered flip-flop clocked by clk)
Endpoint: _164_ (rising edge-triggered flip-flop clocked by clk)
Path Group: clk
Path Type: min

Fanout         Cap        Slew       Delay        Time   Description
---------------------------------------------------------------------------------------------
                                  0.000000    0.000000   clock clk (rise edge)
                                  0.000000    0.000000   clock source latency
     1    0.029329    0.218920    0.098029    0.098029 ^ clk (in)
                                                         clk (net)
                      0.218921    0.000000    0.098029 ^ clkbuf_0_clk/I (gf180mcu_fd_sc_mcu7t5v0__clkbuf_16)
     4    0.095622    0.217147    0.374898    0.472927 ^ clkbuf_0_clk/Z (gf180mcu_fd_sc_mcu7t5v0__clkbuf_16)
                                                         clknet_0_clk (net)
                      0.217147    0.000575    0.473502 ^ clkbuf_2_0__f_clk/I (gf180mcu_fd_sc_mcu7t5v0__clkbuf_16)
     5    0.022301    0.121211    0.305821    0.779322 ^ clkbuf_2_0__f_clk/Z (gf180mcu_fd_sc_mcu7t5v0__clkbuf_16)
                                                         clknet_2_0__leaf_clk (net)
                      0.121211    0.000117    0.779440 ^ _164_/CLK (gf180mcu_fd_sc_mcu7t5v0__dffq_1)
     2    0.011598    0.225792    0.946812    1.726251 v _164_/Q (gf180mcu_fd_sc_mcu7t5v0__dffq_1)
                                                         active_duty[3] (net)
                      0.225792    0.000154    1.726405 v _138_/A1 (gf180mcu_fd_sc_mcu7t5v0__oai21_1)
     1    0.006221    0.392519    0.339792    2.066197 ^ _138_/ZN (gf180mcu_fd_sc_mcu7t5v0__oai21_1)
                                                         _022_ (net)
                      0.392519    0.000122    2.066319 ^ _139_/B (gf180mcu_fd_sc_mcu7t5v0__aoi21_1)
     1    0.002655    0.172507    0.205610    2.271929 v _139_/ZN (gf180mcu_fd_sc_mcu7t5v0__aoi21_1)
                                                         _012_ (net)
                      0.172507    0.000024    2.271952 v _164_/D (gf180mcu_fd_sc_mcu7t5v0__dffq_1)
                                              2.271952   data arrival time

                                  0.000000    0.000000   clock clk (rise edge)
                                  0.000000    0.000000   clock source latency
     1    0.029329    0.218920    0.108348    0.108348 ^ clk (in)
                                                         clk (net)
                      0.218921    0.000000    0.108348 ^ clkbuf_0_clk/I (gf180mcu_fd_sc_mcu7t5v0__clkbuf_16)
     4    0.095622    0.217147    0.414360    0.522708 ^ clkbuf_0_clk/Z (gf180mcu_fd_sc_mcu7t5v0__clkbuf_16)
                                                         clknet_0_clk (net)
                      0.217147    0.000635    0.523344 ^ clkbuf_2_0__f_clk/I (gf180mcu_fd_sc_mcu7t5v0__clkbuf_16)
     5    0.022301    0.121211    0.338012    0.861356 ^ clkbuf_2_0__f_clk/Z (gf180mcu_fd_sc_mcu7t5v0__clkbuf_16)
                                                         clknet_2_0__leaf_clk (net)
                      0.121211    0.000130    0.861486 ^ _164_/CLK (gf180mcu_fd_sc_mcu7t5v0__dffq_1)
                                  0.250000    1.111486   clock uncertainty
                                 -0.082046    1.029440   clock reconvergence pessimism
                                  0.060128    1.089567   library hold time
                                              1.089567   data required time
---------------------------------------------------------------------------------------------
                                              1.089567   data required time
                                             -2.271952   data arrival time
---------------------------------------------------------------------------------------------
                                              1.182385   slack (MET)


Startpoint: _162_ (rising edge-triggered flip-flop clocked by clk)
Endpoint: _162_ (rising edge-triggered flip-flop clocked by clk)
Path Group: clk
Path Type: min

Fanout         Cap        Slew       Delay        Time   Description
---------------------------------------------------------------------------------------------
                                  0.000000    0.000000   clock clk (rise edge)
                                  0.000000    0.000000   clock source latency
     1    0.029329    0.218920    0.098029    0.098029 ^ clk (in)
                                                         clk (net)
                      0.218921    0.000000    0.098029 ^ clkbuf_0_clk/I (gf180mcu_fd_sc_mcu7t5v0__clkbuf_16)
     4    0.095622    0.217147    0.374898    0.472927 ^ clkbuf_0_clk/Z (gf180mcu_fd_sc_mcu7t5v0__clkbuf_16)
                                                         clknet_0_clk (net)
                      0.217147    0.000575    0.473502 ^ clkbuf_2_0__f_clk/I (gf180mcu_fd_sc_mcu7t5v0__clkbuf_16)
     5    0.022301    0.121211    0.305821    0.779322 ^ clkbuf_2_0__f_clk/Z (gf180mcu_fd_sc_mcu7t5v0__clkbuf_16)
                                                         clknet_2_0__leaf_clk (net)
                      0.121211    0.000173    0.779495 ^ _162_/CLK (gf180mcu_fd_sc_mcu7t5v0__dffq_1)
     3    0.014112    0.253593    0.967518    1.747014 v _162_/Q (gf180mcu_fd_sc_mcu7t5v0__dffq_1)
                                                         active_duty[1] (net)
                      0.253593    0.000181    1.747194 v _134_/A1 (gf180mcu_fd_sc_mcu7t5v0__nor2_1)
     1    0.004929    0.384332    0.283589    2.030783 ^ _134_/ZN (gf180mcu_fd_sc_mcu7t5v0__nor2_1)
                                                         _020_ (net)
                      0.384332    0.000091    2.030874 ^ _135_/B (gf180mcu_fd_sc_mcu7t5v0__aoi211_1)
     1    0.003268    0.218663    0.241521    2.272395 v _135_/ZN (gf180mcu_fd_sc_mcu7t5v0__aoi211_1)
                                                         _010_ (net)
                      0.218663    0.000031    2.272426 v _162_/D (gf180mcu_fd_sc_mcu7t5v0__dffq_1)
                                              2.272426   data arrival time

                                  0.000000    0.000000   clock clk (rise edge)
                                  0.000000    0.000000   clock source latency
     1    0.029329    0.218920    0.108348    0.108348 ^ clk (in)
                                                         clk (net)
                      0.218921    0.000000    0.108348 ^ clkbuf_0_clk/I (gf180mcu_fd_sc_mcu7t5v0__clkbuf_16)
     4    0.095622    0.217147    0.414360    0.522708 ^ clkbuf_0_clk/Z (gf180mcu_fd_sc_mcu7t5v0__clkbuf_16)
                                                         clknet_0_clk (net)
                      0.217147    0.000635    0.523344 ^ clkbuf_2_0__f_clk/I (gf180mcu_fd_sc_mcu7t5v0__clkbuf_16)
     5    0.022301    0.121211    0.338012    0.861356 ^ clkbuf_2_0__f_clk/Z (gf180mcu_fd_sc_mcu7t5v0__clkbuf_16)
                                                         clknet_2_0__leaf_clk (net)
                      0.121211    0.000191    0.861548 ^ _162_/CLK (gf180mcu_fd_sc_mcu7t5v0__dffq_1)
                                  0.250000    1.111548   clock uncertainty
                                 -0.082052    1.029495   clock reconvergence pessimism
                                  0.050051    1.079546   library hold time
                                              1.079546   data required time
---------------------------------------------------------------------------------------------
                                              1.079546   data required time
                                             -2.272426   data arrival time
---------------------------------------------------------------------------------------------
                                              1.192879   slack (MET)


Startpoint: _163_ (rising edge-triggered flip-flop clocked by clk)
Endpoint: _163_ (rising edge-triggered flip-flop clocked by clk)
Path Group: clk
Path Type: min

Fanout         Cap        Slew       Delay        Time   Description
---------------------------------------------------------------------------------------------
                                  0.000000    0.000000   clock clk (rise edge)
                                  0.000000    0.000000   clock source latency
     1    0.029329    0.218920    0.098029    0.098029 ^ clk (in)
                                                         clk (net)
                      0.218921    0.000000    0.098029 ^ clkbuf_0_clk/I (gf180mcu_fd_sc_mcu7t5v0__clkbuf_16)
     4    0.095622    0.217147    0.374898    0.472927 ^ clkbuf_0_clk/Z (gf180mcu_fd_sc_mcu7t5v0__clkbuf_16)
                                                         clknet_0_clk (net)
                      0.217147    0.000575    0.473502 ^ clkbuf_2_0__f_clk/I (gf180mcu_fd_sc_mcu7t5v0__clkbuf_16)
     5    0.022301    0.121211    0.305821    0.779322 ^ clkbuf_2_0__f_clk/Z (gf180mcu_fd_sc_mcu7t5v0__clkbuf_16)
                                                         clknet_2_0__leaf_clk (net)
                      0.121211    0.000096    0.779418 ^ _163_/CLK (gf180mcu_fd_sc_mcu7t5v0__dffq_1)
     3    0.018696    0.301823    1.003166    1.782585 v _163_/Q (gf180mcu_fd_sc_mcu7t5v0__dffq_1)
                                                         active_duty[2] (net)
                      0.301823    0.000252    1.782837 v _136_/A1 (gf180mcu_fd_sc_mcu7t5v0__oai21_1)
     1    0.004757    0.358897    0.322979    2.105816 ^ _136_/ZN (gf180mcu_fd_sc_mcu7t5v0__oai21_1)
                                                         _021_ (net)
                      0.358897    0.000086    2.105902 ^ _137_/B (gf180mcu_fd_sc_mcu7t5v0__aoi21_1)
     1    0.003142    0.164409    0.207319    2.313221 v _137_/ZN (gf180mcu_fd_sc_mcu7t5v0__aoi21_1)
                                                         _011_ (net)
                      0.164409    0.000030    2.313251 v _163_/D (gf180mcu_fd_sc_mcu7t5v0__dffq_1)
                                              2.313251   data arrival time

                                  0.000000    0.000000   clock clk (rise edge)
                                  0.000000    0.000000   clock source latency
     1    0.029329    0.218920    0.108348    0.108348 ^ clk (in)
                                                         clk (net)
                      0.218921    0.000000    0.108348 ^ clkbuf_0_clk/I (gf180mcu_fd_sc_mcu7t5v0__clkbuf_16)
     4    0.095622    0.217147    0.414360    0.522708 ^ clkbuf_0_clk/Z (gf180mcu_fd_sc_mcu7t5v0__clkbuf_16)
                                                         clknet_0_clk (net)
                      0.217147    0.000635    0.523344 ^ clkbuf_2_0__f_clk/I (gf180mcu_fd_sc_mcu7t5v0__clkbuf_16)
     5    0.022301    0.121211    0.338012    0.861356 ^ clkbuf_2_0__f_clk/Z (gf180mcu_fd_sc_mcu7t5v0__clkbuf_16)
                                                         clknet_2_0__leaf_clk (net)
                      0.121211    0.000106    0.861462 ^ _163_/CLK (gf180mcu_fd_sc_mcu7t5v0__dffq_1)
                                  0.250000    1.111462   clock uncertainty
                                 -0.082044    1.029418   clock reconvergence pessimism
                                  0.061896    1.091314   library hold time
                                              1.091314   data required time
---------------------------------------------------------------------------------------------
                                              1.091314   data required time
                                             -2.313251   data arrival time
---------------------------------------------------------------------------------------------
                                              1.221937   slack (MET)


Startpoint: _166_ (rising edge-triggered flip-flop clocked by clk)
Endpoint: _166_ (rising edge-triggered flip-flop clocked by clk)
Path Group: clk
Path Type: min

Fanout         Cap        Slew       Delay        Time   Description
---------------------------------------------------------------------------------------------
                                  0.000000    0.000000   clock clk (rise edge)
                                  0.000000    0.000000   clock source latency
     1    0.029329    0.218920    0.098029    0.098029 ^ clk (in)
                                                         clk (net)
                      0.218921    0.000000    0.098029 ^ clkbuf_0_clk/I (gf180mcu_fd_sc_mcu7t5v0__clkbuf_16)
     4    0.095622    0.217147    0.374898    0.472927 ^ clkbuf_0_clk/Z (gf180mcu_fd_sc_mcu7t5v0__clkbuf_16)
                                                         clknet_0_clk (net)
                      0.217147    0.000623    0.473550 ^ clkbuf_2_1__f_clk/I (gf180mcu_fd_sc_mcu7t5v0__clkbuf_16)
     5    0.025281    0.125185    0.309119    0.782669 ^ clkbuf_2_1__f_clk/Z (gf180mcu_fd_sc_mcu7t5v0__clkbuf_16)
                                                         clknet_2_1__leaf_clk (net)
                      0.125185    0.000238    0.782907 ^ _166_/CLK (gf180mcu_fd_sc_mcu7t5v0__dffq_1)
     3    0.017177    0.285845    0.992333    1.775240 v _166_/Q (gf180mcu_fd_sc_mcu7t5v0__dffq_1)
                                                         active_duty[5] (net)
                      0.285845    0.000189    1.775428 v _142_/A1 (gf180mcu_fd_sc_mcu7t5v0__nor2_1)
     1    0.004939    0.385260    0.292216    2.067644 ^ _142_/ZN (gf180mcu_fd_sc_mcu7t5v0__nor2_1)
                                                         _024_ (net)
                      0.385260    0.000092    2.067736 ^ _143_/B (gf180mcu_fd_sc_mcu7t5v0__aoi211_1)
     1    0.003179    0.227125    0.240443    2.308178 v _143_/ZN (gf180mcu_fd_sc_mcu7t5v0__aoi211_1)
                                                         _014_ (net)
                      0.227125    0.000031    2.308209 v _166_/D (gf180mcu_fd_sc_mcu7t5v0__dffq_1)
                                              2.308209   data arrival time

                                  0.000000    0.000000   clock clk (rise edge)
                                  0.000000    0.000000   clock source latency
     1    0.029329    0.218920    0.108348    0.108348 ^ clk (in)
                                                         clk (net)
                      0.218921    0.000000    0.108348 ^ clkbuf_0_clk/I (gf180mcu_fd_sc_mcu7t5v0__clkbuf_16)
     4    0.095622    0.217147    0.414360    0.522708 ^ clkbuf_0_clk/Z (gf180mcu_fd_sc_mcu7t5v0__clkbuf_16)
                                                         clknet_0_clk (net)
                      0.217147    0.000689    0.523397 ^ clkbuf_2_1__f_clk/I (gf180mcu_fd_sc_mcu7t5v0__clkbuf_16)
     5    0.025281    0.125185    0.341658    0.865055 ^ clkbuf_2_1__f_clk/Z (gf180mcu_fd_sc_mcu7t5v0__clkbuf_16)
                                                         clknet_2_1__leaf_clk (net)
                      0.125185    0.000263    0.865318 ^ _166_/CLK (gf180mcu_fd_sc_mcu7t5v0__dffq_1)
                                  0.250000    1.115318   clock uncertainty
                                 -0.082411    1.032907   clock reconvergence pessimism
                                  0.049211    1.082118   library hold time
                                              1.082118   data required time
---------------------------------------------------------------------------------------------
                                              1.082118   data required time
                                             -2.308209   data arrival time
---------------------------------------------------------------------------------------------
                                              1.226092   slack (MET)


Startpoint: _170_ (rising edge-triggered flip-flop clocked by clk)
Endpoint: _152_ (rising edge-triggered flip-flop clocked by clk)
Path Group: clk
Path Type: min

Fanout         Cap        Slew       Delay        Time   Description
---------------------------------------------------------------------------------------------
                                  0.000000    0.000000   clock clk (rise edge)
                                  0.000000    0.000000   clock source latency
     1    0.029329    0.218920    0.098029    0.098029 ^ clk (in)
                                                         clk (net)
                      0.218921    0.000000    0.098029 ^ clkbuf_0_clk/I (gf180mcu_fd_sc_mcu7t5v0__clkbuf_16)
     4    0.095622    0.217147    0.374898    0.472927 ^ clkbuf_0_clk/Z (gf180mcu_fd_sc_mcu7t5v0__clkbuf_16)
                                                         clknet_0_clk (net)
                      0.217147    0.000345    0.473271 ^ clkbuf_2_2__f_clk/I (gf180mcu_fd_sc_mcu7t5v0__clkbuf_16)
     5    0.024264    0.123830    0.307965    0.781236 ^ clkbuf_2_2__f_clk/Z (gf180mcu_fd_sc_mcu7t5v0__clkbuf_16)
                                                         clknet_2_2__leaf_clk (net)
                      0.123830    0.000181    0.781418 ^ _170_/CLK (gf180mcu_fd_sc_mcu7t5v0__dffq_1)
     2    0.011073    0.219367    0.942340    1.723758 v _170_/Q (gf180mcu_fd_sc_mcu7t5v0__dffq_1)
                                                         active_enable (net)
                      0.219367    0.000146    1.723904 v _122_/B (gf180mcu_fd_sc_mcu7t5v0__oai211_1)
     1    0.011012    0.625225    0.444059    2.167963 ^ _122_/ZN (gf180mcu_fd_sc_mcu7t5v0__oai211_1)
                                                         _075_ (net)
                      0.625225    0.000290    2.168253 ^ _123_/A2 (gf180mcu_fd_sc_mcu7t5v0__aoi21_1)
     1    0.003124    0.176980    0.158144    2.326397 v _123_/ZN (gf180mcu_fd_sc_mcu7t5v0__aoi21_1)
                                                         _000_ (net)
                      0.176980    0.000054    2.326451 v _152_/D (gf180mcu_fd_sc_mcu7t5v0__dffq_1)
                                              2.326451   data arrival time

                                  0.000000    0.000000   clock clk (rise edge)
                                  0.000000    0.000000   clock source latency
     1    0.029329    0.218920    0.108348    0.108348 ^ clk (in)
                                                         clk (net)
                      0.218921    0.000000    0.108348 ^ clkbuf_0_clk/I (gf180mcu_fd_sc_mcu7t5v0__clkbuf_16)
     4    0.095622    0.217147    0.414360    0.522708 ^ clkbuf_0_clk/Z (gf180mcu_fd_sc_mcu7t5v0__clkbuf_16)
                                                         clknet_0_clk (net)
                      0.217147    0.000381    0.523089 ^ clkbuf_2_2__f_clk/I (gf180mcu_fd_sc_mcu7t5v0__clkbuf_16)
     5    0.024264    0.123830    0.340382    0.863472 ^ clkbuf_2_2__f_clk/Z (gf180mcu_fd_sc_mcu7t5v0__clkbuf_16)
                                                         clknet_2_2__leaf_clk (net)
                      0.123830    0.000183    0.863655 ^ _152_/CLK (gf180mcu_fd_sc_mcu7t5v0__dffq_1)
                                  0.250000    1.113655   clock uncertainty
                                 -0.082235    1.031420   clock reconvergence pessimism
                                  0.059791    1.091210   library hold time
                                              1.091210   data required time
---------------------------------------------------------------------------------------------
                                              1.091210   data required time
                                             -2.326451   data arrival time
---------------------------------------------------------------------------------------------
                                              1.235241   slack (MET)


Startpoint: _165_ (rising edge-triggered flip-flop clocked by clk)
Endpoint: _165_ (rising edge-triggered flip-flop clocked by clk)
Path Group: clk
Path Type: min

Fanout         Cap        Slew       Delay        Time   Description
---------------------------------------------------------------------------------------------
                                  0.000000    0.000000   clock clk (rise edge)
                                  0.000000    0.000000   clock source latency
     1    0.029329    0.218920    0.098029    0.098029 ^ clk (in)
                                                         clk (net)
                      0.218921    0.000000    0.098029 ^ clkbuf_0_clk/I (gf180mcu_fd_sc_mcu7t5v0__clkbuf_16)
     4    0.095622    0.217147    0.374898    0.472927 ^ clkbuf_0_clk/Z (gf180mcu_fd_sc_mcu7t5v0__clkbuf_16)
                                                         clknet_0_clk (net)
                      0.217147    0.000623    0.473550 ^ clkbuf_2_1__f_clk/I (gf180mcu_fd_sc_mcu7t5v0__clkbuf_16)
     5    0.025281    0.125185    0.309119    0.782669 ^ clkbuf_2_1__f_clk/Z (gf180mcu_fd_sc_mcu7t5v0__clkbuf_16)
                                                         clknet_2_1__leaf_clk (net)
                      0.125185    0.000205    0.782874 ^ _165_/CLK (gf180mcu_fd_sc_mcu7t5v0__dffq_1)
     3    0.017202    0.286086    0.992455    1.775330 v _165_/Q (gf180mcu_fd_sc_mcu7t5v0__dffq_1)
                                                         active_duty[4] (net)
                      0.286086    0.000232    1.775562 v _140_/A1 (gf180mcu_fd_sc_mcu7t5v0__oai21_1)
     1    0.005908    0.385208    0.346652    2.122214 ^ _140_/ZN (gf180mcu_fd_sc_mcu7t5v0__oai21_1)
                                                         _023_ (net)
                      0.385208    0.000117    2.122331 ^ _141_/B (gf180mcu_fd_sc_mcu7t5v0__aoi21_1)
     1    0.003136    0.185767    0.210931    2.333262 v _141_/ZN (gf180mcu_fd_sc_mcu7t5v0__aoi21_1)
                                                         _013_ (net)
                      0.185767    0.000056    2.333318 v _165_/D (gf180mcu_fd_sc_mcu7t5v0__dffq_1)
                                              2.333318   data arrival time

                                  0.000000    0.000000   clock clk (rise edge)
                                  0.000000    0.000000   clock source latency
     1    0.029329    0.218920    0.108348    0.108348 ^ clk (in)
                                                         clk (net)
                      0.218921    0.000000    0.108348 ^ clkbuf_0_clk/I (gf180mcu_fd_sc_mcu7t5v0__clkbuf_16)
     4    0.095622    0.217147    0.414360    0.522708 ^ clkbuf_0_clk/Z (gf180mcu_fd_sc_mcu7t5v0__clkbuf_16)
                                                         clknet_0_clk (net)
                      0.217147    0.000689    0.523397 ^ clkbuf_2_1__f_clk/I (gf180mcu_fd_sc_mcu7t5v0__clkbuf_16)
     5    0.025281    0.125185    0.341658    0.865055 ^ clkbuf_2_1__f_clk/Z (gf180mcu_fd_sc_mcu7t5v0__clkbuf_16)
                                                         clknet_2_1__leaf_clk (net)
                      0.125185    0.000227    0.865282 ^ _165_/CLK (gf180mcu_fd_sc_mcu7t5v0__dffq_1)
                                  0.250000    1.115282   clock uncertainty
                                 -0.082408    1.032874   clock reconvergence pessimism
                                  0.058209    1.091084   library hold time
                                              1.091084   data required time
---------------------------------------------------------------------------------------------
                                              1.091084   data required time
                                             -2.333318   data arrival time
---------------------------------------------------------------------------------------------
                                              1.242234   slack (MET)


Startpoint: _155_ (rising edge-triggered flip-flop clocked by clk)
Endpoint: _155_ (rising edge-triggered flip-flop clocked by clk)
Path Group: clk
Path Type: min

Fanout         Cap        Slew       Delay        Time   Description
---------------------------------------------------------------------------------------------
                                  0.000000    0.000000   clock clk (rise edge)
                                  0.000000    0.000000   clock source latency
     1    0.029329    0.218920    0.098029    0.098029 ^ clk (in)
                                                         clk (net)
                      0.218921    0.000000    0.098029 ^ clkbuf_0_clk/I (gf180mcu_fd_sc_mcu7t5v0__clkbuf_16)
     4    0.095622    0.217147    0.374898    0.472927 ^ clkbuf_0_clk/Z (gf180mcu_fd_sc_mcu7t5v0__clkbuf_16)
                                                         clknet_0_clk (net)
                      0.217147    0.000623    0.473550 ^ clkbuf_2_1__f_clk/I (gf180mcu_fd_sc_mcu7t5v0__clkbuf_16)
     5    0.025281    0.125185    0.309119    0.782669 ^ clkbuf_2_1__f_clk/Z (gf180mcu_fd_sc_mcu7t5v0__clkbuf_16)
                                                         clknet_2_1__leaf_clk (net)
                      0.125185    0.000112    0.782781 ^ _155_/CLK (gf180mcu_fd_sc_mcu7t5v0__dffq_1)
     3    0.011480    0.224292    0.946618    1.729399 v _155_/Q (gf180mcu_fd_sc_mcu7t5v0__dffq_1)
                                                         counter[2] (net)
                      0.224292    0.000146    1.729546 v _101_/B (gf180mcu_fd_sc_mcu7t5v0__aoi21_1)
     3    0.016203    0.713671    0.507308    2.236854 ^ _101_/ZN (gf180mcu_fd_sc_mcu7t5v0__aoi21_1)
                                                         _054_ (net)
                      0.713671    0.000230    2.237083 ^ _126_/A2 (gf180mcu_fd_sc_mcu7t5v0__oai21_1)
     1    0.003306    0.263165    0.227284    2.464367 v _126_/ZN (gf180mcu_fd_sc_mcu7t5v0__oai21_1)
                                                         _003_ (net)
                      0.263165    0.000060    2.464427 v _155_/D (gf180mcu_fd_sc_mcu7t5v0__dffq_1)
                                              2.464427   data arrival time

                                  0.000000    0.000000   clock clk (rise edge)
                                  0.000000    0.000000   clock source latency
     1    0.029329    0.218920    0.108348    0.108348 ^ clk (in)
                                                         clk (net)
                      0.218921    0.000000    0.108348 ^ clkbuf_0_clk/I (gf180mcu_fd_sc_mcu7t5v0__clkbuf_16)
     4    0.095622    0.217147    0.414360    0.522708 ^ clkbuf_0_clk/Z (gf180mcu_fd_sc_mcu7t5v0__clkbuf_16)
                                                         clknet_0_clk (net)
                      0.217147    0.000689    0.523397 ^ clkbuf_2_1__f_clk/I (gf180mcu_fd_sc_mcu7t5v0__clkbuf_16)
     5    0.025281    0.125185    0.341658    0.865055 ^ clkbuf_2_1__f_clk/Z (gf180mcu_fd_sc_mcu7t5v0__clkbuf_16)
                                                         clknet_2_1__leaf_clk (net)
                      0.125185    0.000124    0.865179 ^ _155_/CLK (gf180mcu_fd_sc_mcu7t5v0__dffq_1)
                                  0.250000    1.115179   clock uncertainty
                                 -0.082398    1.032781   clock reconvergence pessimism
                                  0.041369    1.074150   library hold time
                                              1.074150   data required time
---------------------------------------------------------------------------------------------
                                              1.074150   data required time
                                             -2.464427   data arrival time
---------------------------------------------------------------------------------------------
                                              1.390276   slack (MET)


Startpoint: _159_ (rising edge-triggered flip-flop clocked by clk)
Endpoint: _159_ (rising edge-triggered flip-flop clocked by clk)
Path Group: clk
Path Type: min

Fanout         Cap        Slew       Delay        Time   Description
---------------------------------------------------------------------------------------------
                                  0.000000    0.000000   clock clk (rise edge)
                                  0.000000    0.000000   clock source latency
     1    0.029329    0.218920    0.098029    0.098029 ^ clk (in)
                                                         clk (net)
                      0.218921    0.000000    0.098029 ^ clkbuf_0_clk/I (gf180mcu_fd_sc_mcu7t5v0__clkbuf_16)
     4    0.095622    0.217147    0.374898    0.472927 ^ clkbuf_0_clk/Z (gf180mcu_fd_sc_mcu7t5v0__clkbuf_16)
                                                         clknet_0_clk (net)
                      0.217147    0.000319    0.473245 ^ clkbuf_2_3__f_clk/I (gf180mcu_fd_sc_mcu7t5v0__clkbuf_16)
     5    0.024768    0.124503    0.308557    0.781803 ^ clkbuf_2_3__f_clk/Z (gf180mcu_fd_sc_mcu7t5v0__clkbuf_16)
                                                         clknet_2_3__leaf_clk (net)
                      0.124503    0.000056    0.781859 ^ _159_/CLK (gf180mcu_fd_sc_mcu7t5v0__dffq_1)
     2    0.012979    0.241647    0.959486    1.741345 v _159_/Q (gf180mcu_fd_sc_mcu7t5v0__dffq_1)
                                                         counter[6] (net)
                      0.241647    0.000118    1.741463 v _115_/A1 (gf180mcu_fd_sc_mcu7t5v0__xor2_1)
     3    0.018021    1.018252    0.623791    2.365254 ^ _115_/Z (gf180mcu_fd_sc_mcu7t5v0__xor2_1)
                                                         _068_ (net)
                      1.018252    0.000255    2.365509 ^ _130_/A2 (gf180mcu_fd_sc_mcu7t5v0__nand2_1)
     1    0.002955    0.270606    0.146207    2.511717 v _130_/ZN (gf180mcu_fd_sc_mcu7t5v0__nand2_1)
                                                         _007_ (net)
                      0.270606    0.000028    2.511744 v _159_/D (gf180mcu_fd_sc_mcu7t5v0__dffq_1)
                                              2.511744   data arrival time

                                  0.000000    0.000000   clock clk (rise edge)
                                  0.000000    0.000000   clock source latency
     1    0.029329    0.218920    0.108348    0.108348 ^ clk (in)
                                                         clk (net)
                      0.218921    0.000000    0.108348 ^ clkbuf_0_clk/I (gf180mcu_fd_sc_mcu7t5v0__clkbuf_16)
     4    0.095622    0.217147    0.414360    0.522708 ^ clkbuf_0_clk/Z (gf180mcu_fd_sc_mcu7t5v0__clkbuf_16)
                                                         clknet_0_clk (net)
                      0.217147    0.000352    0.523061 ^ clkbuf_2_3__f_clk/I (gf180mcu_fd_sc_mcu7t5v0__clkbuf_16)
     5    0.024768    0.124503    0.341037    0.864098 ^ clkbuf_2_3__f_clk/Z (gf180mcu_fd_sc_mcu7t5v0__clkbuf_16)
                                                         clknet_2_3__leaf_clk (net)
                      0.124503    0.000062    0.864160 ^ _159_/CLK (gf180mcu_fd_sc_mcu7t5v0__dffq_1)
                                  0.250000    1.114160   clock uncertainty
                                 -0.082301    1.031859   clock reconvergence pessimism
                                  0.039572    1.071431   library hold time
                                              1.071431   data required time
---------------------------------------------------------------------------------------------
                                              1.071431   data required time
                                             -2.511744   data arrival time
---------------------------------------------------------------------------------------------
                                              1.440314   slack (MET)


Startpoint: _160_ (rising edge-triggered flip-flop clocked by clk)
Endpoint: _160_ (rising edge-triggered flip-flop clocked by clk)
Path Group: clk
Path Type: min

Fanout         Cap        Slew       Delay        Time   Description
---------------------------------------------------------------------------------------------
                                  0.000000    0.000000   clock clk (rise edge)
                                  0.000000    0.000000   clock source latency
     1    0.029329    0.218920    0.098029    0.098029 ^ clk (in)
                                                         clk (net)
                      0.218921    0.000000    0.098029 ^ clkbuf_0_clk/I (gf180mcu_fd_sc_mcu7t5v0__clkbuf_16)
     4    0.095622    0.217147    0.374898    0.472927 ^ clkbuf_0_clk/Z (gf180mcu_fd_sc_mcu7t5v0__clkbuf_16)
                                                         clknet_0_clk (net)
                      0.217147    0.000319    0.473245 ^ clkbuf_2_3__f_clk/I (gf180mcu_fd_sc_mcu7t5v0__clkbuf_16)
     5    0.024768    0.124503    0.308557    0.781803 ^ clkbuf_2_3__f_clk/Z (gf180mcu_fd_sc_mcu7t5v0__clkbuf_16)
                                                         clknet_2_3__leaf_clk (net)
                      0.124503    0.000261    0.782064 ^ _160_/CLK (gf180mcu_fd_sc_mcu7t5v0__dffq_1)
     3    0.016620    0.279978    0.987835    1.769899 v _160_/Q (gf180mcu_fd_sc_mcu7t5v0__dffq_1)
                                                         counter[7] (net)
                      0.279978    0.000117    1.770016 v _117_/A1 (gf180mcu_fd_sc_mcu7t5v0__xor2_1)
     3    0.017241    0.983271    0.613726    2.383742 ^ _117_/Z (gf180mcu_fd_sc_mcu7t5v0__xor2_1)
                                                         _070_ (net)
                      0.983271    0.000218    2.383960 ^ _131_/A2 (gf180mcu_fd_sc_mcu7t5v0__nand2_1)
     1    0.002914    0.265651    0.145753    2.529713 v _131_/ZN (gf180mcu_fd_sc_mcu7t5v0__nand2_1)
                                                         _008_ (net)
                      0.265651    0.000027    2.529740 v _160_/D (gf180mcu_fd_sc_mcu7t5v0__dffq_1)
                                              2.529740   data arrival time

                                  0.000000    0.000000   clock clk (rise edge)
                                  0.000000    0.000000   clock source latency
     1    0.029329    0.218920    0.108348    0.108348 ^ clk (in)
                                                         clk (net)
                      0.218921    0.000000    0.108348 ^ clkbuf_0_clk/I (gf180mcu_fd_sc_mcu7t5v0__clkbuf_16)
     4    0.095622    0.217147    0.414360    0.522708 ^ clkbuf_0_clk/Z (gf180mcu_fd_sc_mcu7t5v0__clkbuf_16)
                                                         clknet_0_clk (net)
                      0.217147    0.000352    0.523061 ^ clkbuf_2_3__f_clk/I (gf180mcu_fd_sc_mcu7t5v0__clkbuf_16)
     5    0.024768    0.124503    0.341037    0.864098 ^ clkbuf_2_3__f_clk/Z (gf180mcu_fd_sc_mcu7t5v0__clkbuf_16)
                                                         clknet_2_3__leaf_clk (net)
                      0.124503    0.000289    0.864386 ^ _160_/CLK (gf180mcu_fd_sc_mcu7t5v0__dffq_1)
                                  0.250000    1.114386   clock uncertainty
                                 -0.082323    1.032064   clock reconvergence pessimism
                                  0.040651    1.072714   library hold time
                                              1.072714   data required time
---------------------------------------------------------------------------------------------
                                              1.072714   data required time
                                             -2.529740   data arrival time
---------------------------------------------------------------------------------------------
                                              1.457025   slack (MET)


Startpoint: _158_ (rising edge-triggered flip-flop clocked by clk)
Endpoint: _158_ (rising edge-triggered flip-flop clocked by clk)
Path Group: clk
Path Type: min

Fanout         Cap        Slew       Delay        Time   Description
---------------------------------------------------------------------------------------------
                                  0.000000    0.000000   clock clk (rise edge)
                                  0.000000    0.000000   clock source latency
     1    0.029329    0.218920    0.098029    0.098029 ^ clk (in)
                                                         clk (net)
                      0.218921    0.000000    0.098029 ^ clkbuf_0_clk/I (gf180mcu_fd_sc_mcu7t5v0__clkbuf_16)
     4    0.095622    0.217147    0.374898    0.472927 ^ clkbuf_0_clk/Z (gf180mcu_fd_sc_mcu7t5v0__clkbuf_16)
                                                         clknet_0_clk (net)
                      0.217147    0.000319    0.473245 ^ clkbuf_2_3__f_clk/I (gf180mcu_fd_sc_mcu7t5v0__clkbuf_16)
     5    0.024768    0.124503    0.308557    0.781803 ^ clkbuf_2_3__f_clk/Z (gf180mcu_fd_sc_mcu7t5v0__clkbuf_16)
                                                         clknet_2_3__leaf_clk (net)
                      0.124503    0.000035    0.781837 ^ _158_/CLK (gf180mcu_fd_sc_mcu7t5v0__dffq_1)
     3    0.018169    0.296305    0.999930    1.781767 v _158_/Q (gf180mcu_fd_sc_mcu7t5v0__dffq_1)
                                                         counter[5] (net)
                      0.296305    0.000127    1.781895 v _113_/A1 (gf180mcu_fd_sc_mcu7t5v0__xor2_1)
     3    0.017207    0.981772    0.617130    2.399024 ^ _113_/Z (gf180mcu_fd_sc_mcu7t5v0__xor2_1)
                                                         _066_ (net)
                      0.981772    0.000237    2.399261 ^ _129_/A2 (gf180mcu_fd_sc_mcu7t5v0__nand2_1)
     1    0.002737    0.261984    0.142096    2.541357 v _129_/ZN (gf180mcu_fd_sc_mcu7t5v0__nand2_1)
                                                         _006_ (net)
                      0.261984    0.000025    2.541382 v _158_/D (gf180mcu_fd_sc_mcu7t5v0__dffq_1)
                                              2.541382   data arrival time

                                  0.000000    0.000000   clock clk (rise edge)
                                  0.000000    0.000000   clock source latency
     1    0.029329    0.218920    0.108348    0.108348 ^ clk (in)
                                                         clk (net)
                      0.218921    0.000000    0.108348 ^ clkbuf_0_clk/I (gf180mcu_fd_sc_mcu7t5v0__clkbuf_16)
     4    0.095622    0.217147    0.414360    0.522708 ^ clkbuf_0_clk/Z (gf180mcu_fd_sc_mcu7t5v0__clkbuf_16)
                                                         clknet_0_clk (net)
                      0.217147    0.000352    0.523061 ^ clkbuf_2_3__f_clk/I (gf180mcu_fd_sc_mcu7t5v0__clkbuf_16)
     5    0.024768    0.124503    0.341037    0.864098 ^ clkbuf_2_3__f_clk/Z (gf180mcu_fd_sc_mcu7t5v0__clkbuf_16)
                                                         clknet_2_3__leaf_clk (net)
                      0.124503    0.000038    0.864136 ^ _158_/CLK (gf180mcu_fd_sc_mcu7t5v0__dffq_1)
                                  0.250000    1.114136   clock uncertainty
                                 -0.082299    1.031837   clock reconvergence pessimism
                                  0.041449    1.073286   library hold time
                                              1.073286   data required time
---------------------------------------------------------------------------------------------
                                              1.073286   data required time
                                             -2.541382   data arrival time
---------------------------------------------------------------------------------------------
                                              1.468096   slack (MET)


Startpoint: _154_ (rising edge-triggered flip-flop clocked by clk)
Endpoint: _154_ (rising edge-triggered flip-flop clocked by clk)
Path Group: clk
Path Type: min

Fanout         Cap        Slew       Delay        Time   Description
---------------------------------------------------------------------------------------------
                                  0.000000    0.000000   clock clk (rise edge)
                                  0.000000    0.000000   clock source latency
     1    0.029329    0.218920    0.098029    0.098029 ^ clk (in)
                                                         clk (net)
                      0.218921    0.000000    0.098029 ^ clkbuf_0_clk/I (gf180mcu_fd_sc_mcu7t5v0__clkbuf_16)
     4    0.095622    0.217147    0.374898    0.472927 ^ clkbuf_0_clk/Z (gf180mcu_fd_sc_mcu7t5v0__clkbuf_16)
                                                         clknet_0_clk (net)
                      0.217147    0.000575    0.473502 ^ clkbuf_2_0__f_clk/I (gf180mcu_fd_sc_mcu7t5v0__clkbuf_16)
     5    0.022301    0.121211    0.305821    0.779322 ^ clkbuf_2_0__f_clk/Z (gf180mcu_fd_sc_mcu7t5v0__clkbuf_16)
                                                         clknet_2_0__leaf_clk (net)
                      0.121211    0.000054    0.779376 ^ _154_/CLK (gf180mcu_fd_sc_mcu7t5v0__dffq_1)
     5    0.026067    0.380959    1.060639    1.840016 v _154_/Q (gf180mcu_fd_sc_mcu7t5v0__dffq_1)
                                                         counter[1] (net)
                      0.380959    0.000172    1.840188 v _105_/A2 (gf180mcu_fd_sc_mcu7t5v0__xnor2_1)
     2    0.011034    0.535663    0.582974    2.423162 ^ _105_/ZN (gf180mcu_fd_sc_mcu7t5v0__xnor2_1)
                                                         _058_ (net)
                      0.535663    0.000135    2.423297 ^ _125_/A2 (gf180mcu_fd_sc_mcu7t5v0__nand2_1)
     1    0.002807    0.195676    0.143126    2.566423 v _125_/ZN (gf180mcu_fd_sc_mcu7t5v0__nand2_1)
                                                         _002_ (net)
                      0.195676    0.000026    2.566449 v _154_/D (gf180mcu_fd_sc_mcu7t5v0__dffq_1)
                                              2.566449   data arrival time

                                  0.000000    0.000000   clock clk (rise edge)
                                  0.000000    0.000000   clock source latency
     1    0.029329    0.218920    0.108348    0.108348 ^ clk (in)
                                                         clk (net)
                      0.218921    0.000000    0.108348 ^ clkbuf_0_clk/I (gf180mcu_fd_sc_mcu7t5v0__clkbuf_16)
     4    0.095622    0.217147    0.414360    0.522708 ^ clkbuf_0_clk/Z (gf180mcu_fd_sc_mcu7t5v0__clkbuf_16)
                                                         clknet_0_clk (net)
                      0.217147    0.000635    0.523344 ^ clkbuf_2_0__f_clk/I (gf180mcu_fd_sc_mcu7t5v0__clkbuf_16)
     5    0.022301    0.121211    0.338012    0.861356 ^ clkbuf_2_0__f_clk/Z (gf180mcu_fd_sc_mcu7t5v0__clkbuf_16)
                                                         clknet_2_0__leaf_clk (net)
                      0.121211    0.000060    0.861416 ^ _154_/CLK (gf180mcu_fd_sc_mcu7t5v0__dffq_1)
                                  0.250000    1.111416   clock uncertainty
                                 -0.082040    1.029376   clock reconvergence pessimism
                                  0.055069    1.084446   library hold time
                                              1.084446   data required time
---------------------------------------------------------------------------------------------
                                              1.084446   data required time
                                             -2.566449   data arrival time
---------------------------------------------------------------------------------------------
                                              1.482003   slack (MET)


Startpoint: _156_ (rising edge-triggered flip-flop clocked by clk)
Endpoint: _156_ (rising edge-triggered flip-flop clocked by clk)
Path Group: clk
Path Type: min

Fanout         Cap        Slew       Delay        Time   Description
---------------------------------------------------------------------------------------------
                                  0.000000    0.000000   clock clk (rise edge)
                                  0.000000    0.000000   clock source latency
     1    0.029329    0.218920    0.098029    0.098029 ^ clk (in)
                                                         clk (net)
                      0.218921    0.000000    0.098029 ^ clkbuf_0_clk/I (gf180mcu_fd_sc_mcu7t5v0__clkbuf_16)
     4    0.095622    0.217147    0.374898    0.472927 ^ clkbuf_0_clk/Z (gf180mcu_fd_sc_mcu7t5v0__clkbuf_16)
                                                         clknet_0_clk (net)
                      0.217147    0.000623    0.473550 ^ clkbuf_2_1__f_clk/I (gf180mcu_fd_sc_mcu7t5v0__clkbuf_16)
     5    0.025281    0.125185    0.309119    0.782669 ^ clkbuf_2_1__f_clk/Z (gf180mcu_fd_sc_mcu7t5v0__clkbuf_16)
                                                         clknet_2_1__leaf_clk (net)
                      0.125185    0.000032    0.782701 ^ _156_/CLK (gf180mcu_fd_sc_mcu7t5v0__dffq_1)
     2    0.012807    0.239816    0.958250    1.740951 v _156_/Q (gf180mcu_fd_sc_mcu7t5v0__dffq_1)
                                                         counter[3] (net)
                      0.239816    0.000243    1.741194 v _108_/A1 (gf180mcu_fd_sc_mcu7t5v0__xor2_1)
     3    0.017366    0.960996    0.607222    2.348416 ^ _108_/Z (gf180mcu_fd_sc_mcu7t5v0__xor2_1)
                                                         _061_ (net)
                      0.960996    0.000336    2.348752 ^ _127_/A2 (gf180mcu_fd_sc_mcu7t5v0__or2_1)
     1    0.002886    0.169812    0.386930    2.735682 ^ _127_/Z (gf180mcu_fd_sc_mcu7t5v0__or2_1)
                                                         _004_ (net)
                      0.169812    0.000027    2.735709 ^ _156_/D (gf180mcu_fd_sc_mcu7t5v0__dffq_1)
                                              2.735709   data arrival time

                                  0.000000    0.000000   clock clk (rise edge)
                                  0.000000    0.000000   clock source latency
     1    0.029329    0.218920    0.108348    0.108348 ^ clk (in)
                                                         clk (net)
                      0.218921    0.000000    0.108348 ^ clkbuf_0_clk/I (gf180mcu_fd_sc_mcu7t5v0__clkbuf_16)
     4    0.095622    0.217147    0.414360    0.522708 ^ clkbuf_0_clk/Z (gf180mcu_fd_sc_mcu7t5v0__clkbuf_16)
                                                         clknet_0_clk (net)
                      0.217147    0.000689    0.523397 ^ clkbuf_2_1__f_clk/I (gf180mcu_fd_sc_mcu7t5v0__clkbuf_16)
     5    0.025281    0.125185    0.341658    0.865055 ^ clkbuf_2_1__f_clk/Z (gf180mcu_fd_sc_mcu7t5v0__clkbuf_16)
                                                         clknet_2_1__leaf_clk (net)
                      0.125185    0.000035    0.865091 ^ _156_/CLK (gf180mcu_fd_sc_mcu7t5v0__dffq_1)
                                  0.250000    1.115090   clock uncertainty
                                 -0.082389    1.032701   clock reconvergence pessimism
                                  0.036742    1.069443   library hold time
                                              1.069443   data required time
---------------------------------------------------------------------------------------------
                                              1.069443   data required time
                                             -2.735709   data arrival time
---------------------------------------------------------------------------------------------
                                              1.666266   slack (MET)


Startpoint: _157_ (rising edge-triggered flip-flop clocked by clk)
Endpoint: _157_ (rising edge-triggered flip-flop clocked by clk)
Path Group: clk
Path Type: min

Fanout         Cap        Slew       Delay        Time   Description
---------------------------------------------------------------------------------------------
                                  0.000000    0.000000   clock clk (rise edge)
                                  0.000000    0.000000   clock source latency
     1    0.029329    0.218920    0.098029    0.098029 ^ clk (in)
                                                         clk (net)
                      0.218921    0.000000    0.098029 ^ clkbuf_0_clk/I (gf180mcu_fd_sc_mcu7t5v0__clkbuf_16)
     4    0.095622    0.217147    0.374898    0.472927 ^ clkbuf_0_clk/Z (gf180mcu_fd_sc_mcu7t5v0__clkbuf_16)
                                                         clknet_0_clk (net)
                      0.217147    0.000319    0.473245 ^ clkbuf_2_3__f_clk/I (gf180mcu_fd_sc_mcu7t5v0__clkbuf_16)
     5    0.024768    0.124503    0.308557    0.781803 ^ clkbuf_2_3__f_clk/Z (gf180mcu_fd_sc_mcu7t5v0__clkbuf_16)
                                                         clknet_2_3__leaf_clk (net)
                      0.124503    0.000058    0.781860 ^ _157_/CLK (gf180mcu_fd_sc_mcu7t5v0__dffq_1)
     4    0.023763    0.641224    1.253347    2.035207 ^ _157_/Q (gf180mcu_fd_sc_mcu7t5v0__dffq_1)
                                                         counter[4] (net)
                      0.641224    0.000147    2.035354 ^ _110_/A1 (gf180mcu_fd_sc_mcu7t5v0__xor2_1)
     2    0.012469    0.377120    0.322841    2.358194 v _110_/Z (gf180mcu_fd_sc_mcu7t5v0__xor2_1)
                                                         _063_ (net)
                      0.377120    0.000200    2.358394 v _111_/I (gf180mcu_fd_sc_mcu7t5v0__clkinv_1)
     2    0.010140    0.323377    0.281890    2.640284 ^ _111_/ZN (gf180mcu_fd_sc_mcu7t5v0__clkinv_1)
                                                         _064_ (net)
                      0.323377    0.000129    2.640413 ^ _128_/A2 (gf180mcu_fd_sc_mcu7t5v0__nand2_1)
     1    0.002920    0.163272    0.138785    2.779198 v _128_/ZN (gf180mcu_fd_sc_mcu7t5v0__nand2_1)
                                                         _005_ (net)
                      0.163272    0.000027    2.779225 v _157_/D (gf180mcu_fd_sc_mcu7t5v0__dffq_1)
                                              2.779225   data arrival time

                                  0.000000    0.000000   clock clk (rise edge)
                                  0.000000    0.000000   clock source latency
     1    0.029329    0.218920    0.108348    0.108348 ^ clk (in)
                                                         clk (net)
                      0.218921    0.000000    0.108348 ^ clkbuf_0_clk/I (gf180mcu_fd_sc_mcu7t5v0__clkbuf_16)
     4    0.095622    0.217147    0.414360    0.522708 ^ clkbuf_0_clk/Z (gf180mcu_fd_sc_mcu7t5v0__clkbuf_16)
                                                         clknet_0_clk (net)
                      0.217147    0.000352    0.523061 ^ clkbuf_2_3__f_clk/I (gf180mcu_fd_sc_mcu7t5v0__clkbuf_16)
     5    0.024768    0.124503    0.341037    0.864098 ^ clkbuf_2_3__f_clk/Z (gf180mcu_fd_sc_mcu7t5v0__clkbuf_16)
                                                         clknet_2_3__leaf_clk (net)
                      0.124503    0.000064    0.864162 ^ _157_/CLK (gf180mcu_fd_sc_mcu7t5v0__dffq_1)
                                  0.250000    1.114162   clock uncertainty
                                 -0.082301    1.031860   clock reconvergence pessimism
                                  0.062939    1.094800   library hold time
                                              1.094800   data required time
---------------------------------------------------------------------------------------------
                                              1.094800   data required time
                                             -2.779225   data arrival time
---------------------------------------------------------------------------------------------
                                              1.684425   slack (MET)


Startpoint: _152_ (rising edge-triggered flip-flop clocked by clk)
Endpoint: pwm (output port clocked by clk)
Path Group: clk
Path Type: min

Fanout         Cap        Slew       Delay        Time   Description
---------------------------------------------------------------------------------------------
                                  0.000000    0.000000   clock clk (rise edge)
                                  0.000000    0.000000   clock source latency
     1    0.029329    0.218920    0.098029    0.098029 ^ clk (in)
                                                         clk (net)
                      0.218921    0.000000    0.098029 ^ clkbuf_0_clk/I (gf180mcu_fd_sc_mcu7t5v0__clkbuf_16)
     4    0.095622    0.217147    0.374898    0.472927 ^ clkbuf_0_clk/Z (gf180mcu_fd_sc_mcu7t5v0__clkbuf_16)
                                                         clknet_0_clk (net)
                      0.217147    0.000345    0.473271 ^ clkbuf_2_2__f_clk/I (gf180mcu_fd_sc_mcu7t5v0__clkbuf_16)
     5    0.024264    0.123830    0.307965    0.781236 ^ clkbuf_2_2__f_clk/Z (gf180mcu_fd_sc_mcu7t5v0__clkbuf_16)
                                                         clknet_2_2__leaf_clk (net)
                      0.123830    0.000166    0.781402 ^ _152_/CLK (gf180mcu_fd_sc_mcu7t5v0__dffq_1)
     1    0.006485    0.169911    0.897944    1.679347 v _152_/Q (gf180mcu_fd_sc_mcu7t5v0__dffq_1)
                                                         net12 (net)
                      0.169911    0.000125    1.679472 v output12/I (gf180mcu_fd_sc_mcu7t5v0__buf_2)
     1    0.073962    0.491058    0.554480    2.233951 v output12/Z (gf180mcu_fd_sc_mcu7t5v0__buf_2)
                                                         pwm (net)
                      0.491062    0.000829    2.234780 v pwm (out)
                                              2.234780   data arrival time

                                  0.000000    0.000000   clock clk (rise edge)
                                  0.000000    0.000000   clock network delay (propagated)
                                  0.250000    0.250000   clock uncertainty
                                  0.000000    0.250000   clock reconvergence pessimism
                               -200.000000 -199.750000   output external delay
                                           -199.750000   data required time
---------------------------------------------------------------------------------------------
                                           -199.750000   data required time
                                             -2.234780   data arrival time
---------------------------------------------------------------------------------------------
                                            201.984787   slack (MET)



