
Circuit 1 cell nfet_05v0 and Circuit 2 cell nfet_05v0 are black boxes.
Warning: Equate pins:  cell nfet_05v0 is a placeholder, treated as a black box.
Warning: Equate pins:  cell nfet_05v0 is a placeholder, treated as a black box.

Subcircuit pins:
Circuit 1: nfet_05v0                       |Circuit 2: nfet_05v0                       
-------------------------------------------|-------------------------------------------
1                                          |1                                          
2                                          |2                                          
3                                          |3                                          
4                                          |4                                          
---------------------------------------------------------------------------------------
Cell pin lists are equivalent.
Device classes nfet_05v0 and nfet_05v0 are equivalent.

Circuit 1 cell pfet_05v0 and Circuit 2 cell pfet_05v0 are black boxes.
Warning: Equate pins:  cell pfet_05v0 is a placeholder, treated as a black box.
Warning: Equate pins:  cell pfet_05v0 is a placeholder, treated as a black box.

Subcircuit pins:
Circuit 1: pfet_05v0                       |Circuit 2: pfet_05v0                       
-------------------------------------------|-------------------------------------------
1                                          |1                                          
2                                          |2                                          
3                                          |3                                          
4                                          |4                                          
---------------------------------------------------------------------------------------
Cell pin lists are equivalent.
Device classes pfet_05v0 and pfet_05v0 are equivalent.

Circuit 1 cell nfet_06v0 and Circuit 2 cell nfet_06v0 are black boxes.
Warning: Equate pins:  cell nfet_06v0 is a placeholder, treated as a black box.
Warning: Equate pins:  cell nfet_06v0 is a placeholder, treated as a black box.

Subcircuit pins:
Circuit 1: nfet_06v0                       |Circuit 2: nfet_06v0                       
-------------------------------------------|-------------------------------------------
1                                          |1                                          
2                                          |2                                          
3                                          |3                                          
4                                          |4                                          
---------------------------------------------------------------------------------------
Cell pin lists are equivalent.
Device classes nfet_06v0 and nfet_06v0 are equivalent.

Circuit 1 cell pfet_06v0 and Circuit 2 cell pfet_06v0 are black boxes.
Warning: Equate pins:  cell pfet_06v0 is a placeholder, treated as a black box.
Warning: Equate pins:  cell pfet_06v0 is a placeholder, treated as a black box.

Subcircuit pins:
Circuit 1: pfet_06v0                       |Circuit 2: pfet_06v0                       
-------------------------------------------|-------------------------------------------
1                                          |1                                          
2                                          |2                                          
3                                          |3                                          
4                                          |4                                          
---------------------------------------------------------------------------------------
Cell pin lists are equivalent.
Device classes pfet_06v0 and pfet_06v0 are equivalent.

Subcircuit summary:
Circuit 1: gf180mcu_fd_sc_mcu7t5v0__fillca |Circuit 2: gf180mcu_fd_sc_mcu7t5v0__fillca 
-------------------------------------------|-------------------------------------------
nfet_05v0 (16)                             |nfet_05v0 (16)                             
pfet_05v0 (16)                             |pfet_05v0 (16)                             
Number of devices: 32                      |Number of devices: 32                      
Number of nets: 36                         |Number of nets: 36                         
---------------------------------------------------------------------------------------
Resolving symmetries by property value.
Resolving symmetries by pin name.
Resolving symmetries by net name.
Netlists match with 4 symmetries.

Subcircuit pins:
Circuit 1: gf180mcu_fd_sc_mcu7t5v0__fillca |Circuit 2: gf180mcu_fd_sc_mcu7t5v0__fillca 
-------------------------------------------|-------------------------------------------
VSS                                        |VSS                                        
VPW                                        |VPW                                        
VDD                                        |VDD                                        
VNW                                        |VNW                                        
---------------------------------------------------------------------------------------
Cell pin lists are equivalent.
Device classes gf180mcu_fd_sc_mcu7t5v0__fillcap_64 and gf180mcu_fd_sc_mcu7t5v0__fillcap_64 are equivalent.

Subcircuit summary:
Circuit 1: gf180mcu_fd_sc_mcu7t5v0__fillca |Circuit 2: gf180mcu_fd_sc_mcu7t5v0__fillca 
-------------------------------------------|-------------------------------------------
nfet_05v0 (1)                              |nfet_05v0 (1)                              
pfet_05v0 (1)                              |pfet_05v0 (1)                              
Number of devices: 2                       |Number of devices: 2                       
Number of nets: 6                          |Number of nets: 6                          
---------------------------------------------------------------------------------------
Netlists match uniquely.

Subcircuit pins:
Circuit 1: gf180mcu_fd_sc_mcu7t5v0__fillca |Circuit 2: gf180mcu_fd_sc_mcu7t5v0__fillca 
-------------------------------------------|-------------------------------------------
VSS                                        |VSS                                        
VPW                                        |VPW                                        
VDD                                        |VDD                                        
VNW                                        |VNW                                        
---------------------------------------------------------------------------------------
Cell pin lists are equivalent.
Device classes gf180mcu_fd_sc_mcu7t5v0__fillcap_4 and gf180mcu_fd_sc_mcu7t5v0__fillcap_4 are equivalent.

Subcircuit summary:
Circuit 1: gf180mcu_fd_sc_mcu7t5v0__fillca |Circuit 2: gf180mcu_fd_sc_mcu7t5v0__fillca 
-------------------------------------------|-------------------------------------------
pfet_05v0 (8)                              |pfet_05v0 (8)                              
nfet_05v0 (8)                              |nfet_05v0 (8)                              
Number of devices: 16                      |Number of devices: 16                      
Number of nets: 20                         |Number of nets: 20                         
---------------------------------------------------------------------------------------
Resolving symmetries by property value.
Resolving symmetries by pin name.
Resolving symmetries by net name.
Netlists match with 4 symmetries.

Subcircuit pins:
Circuit 1: gf180mcu_fd_sc_mcu7t5v0__fillca |Circuit 2: gf180mcu_fd_sc_mcu7t5v0__fillca 
-------------------------------------------|-------------------------------------------
VSS                                        |VSS                                        
VPW                                        |VPW                                        
VDD                                        |VDD                                        
VNW                                        |VNW                                        
---------------------------------------------------------------------------------------
Cell pin lists are equivalent.
Device classes gf180mcu_fd_sc_mcu7t5v0__fillcap_32 and gf180mcu_fd_sc_mcu7t5v0__fillcap_32 are equivalent.

Subcircuit summary:
Circuit 1: gf180mcu_fd_sc_mcu7t5v0__fillca |Circuit 2: gf180mcu_fd_sc_mcu7t5v0__fillca 
-------------------------------------------|-------------------------------------------
pfet_05v0 (4)                              |pfet_05v0 (4)                              
nfet_05v0 (4)                              |nfet_05v0 (4)                              
Number of devices: 8                       |Number of devices: 8                       
Number of nets: 12                         |Number of nets: 12                         
---------------------------------------------------------------------------------------
Resolving symmetries by property value.
Resolving symmetries by pin name.
Resolving symmetries by net name.
Netlists match with 4 symmetries.

Subcircuit pins:
Circuit 1: gf180mcu_fd_sc_mcu7t5v0__fillca |Circuit 2: gf180mcu_fd_sc_mcu7t5v0__fillca 
-------------------------------------------|-------------------------------------------
VSS                                        |VSS                                        
VPW                                        |VPW                                        
VDD                                        |VDD                                        
VNW                                        |VNW                                        
---------------------------------------------------------------------------------------
Cell pin lists are equivalent.
Device classes gf180mcu_fd_sc_mcu7t5v0__fillcap_16 and gf180mcu_fd_sc_mcu7t5v0__fillcap_16 are equivalent.

Subcircuit summary:
Circuit 1: gf180mcu_fd_sc_mcu7t5v0__nand2_ |Circuit 2: gf180mcu_fd_sc_mcu7t5v0__nand2_ 
-------------------------------------------|-------------------------------------------
pfet_05v0 (2)                              |pfet_05v0 (2)                              
nfet_05v0 (2)                              |nfet_05v0 (2)                              
Number of devices: 4                       |Number of devices: 4                       
Number of nets: 8                          |Number of nets: 8                          
---------------------------------------------------------------------------------------
Netlists match uniquely.

Subcircuit pins:
Circuit 1: gf180mcu_fd_sc_mcu7t5v0__nand2_ |Circuit 2: gf180mcu_fd_sc_mcu7t5v0__nand2_ 
-------------------------------------------|-------------------------------------------
VSS                                        |VSS                                        
A2                                         |A2                                         
VPW                                        |VPW                                        
A1                                         |A1                                         
VDD                                        |VDD                                        
VNW                                        |VNW                                        
ZN                                         |ZN                                         
---------------------------------------------------------------------------------------
Cell pin lists are equivalent.
Device classes gf180mcu_fd_sc_mcu7t5v0__nand2_1 and gf180mcu_fd_sc_mcu7t5v0__nand2_1 are equivalent.

Subcircuit summary:
Circuit 1: gf180mcu_fd_sc_mcu7t5v0__oai222 |Circuit 2: gf180mcu_fd_sc_mcu7t5v0__oai222 
-------------------------------------------|-------------------------------------------
nfet_05v0 (6)                              |nfet_05v0 (6)                              
pfet_05v0 (6)                              |pfet_05v0 (6)                              
Number of devices: 12                      |Number of devices: 12                      
Number of nets: 16                         |Number of nets: 16                         
---------------------------------------------------------------------------------------
Netlists match uniquely.

Subcircuit pins:
Circuit 1: gf180mcu_fd_sc_mcu7t5v0__oai222 |Circuit 2: gf180mcu_fd_sc_mcu7t5v0__oai222 
-------------------------------------------|-------------------------------------------
VDD                                        |VDD                                        
VPW                                        |VPW                                        
VNW                                        |VNW                                        
ZN                                         |ZN                                         
C2                                         |C2                                         
VSS                                        |VSS                                        
C1                                         |C1                                         
B1                                         |B1                                         
B2                                         |B2                                         
A2                                         |A2                                         
A1                                         |A1                                         
---------------------------------------------------------------------------------------
Cell pin lists are equivalent.
Device classes gf180mcu_fd_sc_mcu7t5v0__oai222_1 and gf180mcu_fd_sc_mcu7t5v0__oai222_1 are equivalent.

Subcircuit summary:
Circuit 1: gf180mcu_fd_sc_mcu7t5v0__fillca |Circuit 2: gf180mcu_fd_sc_mcu7t5v0__fillca 
-------------------------------------------|-------------------------------------------
pfet_05v0 (2)                              |pfet_05v0 (2)                              
nfet_05v0 (2)                              |nfet_05v0 (2)                              
Number of devices: 4                       |Number of devices: 4                       
Number of nets: 8                          |Number of nets: 8                          
---------------------------------------------------------------------------------------
Resolving symmetries by property value.
Resolving symmetries by pin name.
Resolving symmetries by net name.
Netlists match with 4 symmetries.

Subcircuit pins:
Circuit 1: gf180mcu_fd_sc_mcu7t5v0__fillca |Circuit 2: gf180mcu_fd_sc_mcu7t5v0__fillca 
-------------------------------------------|-------------------------------------------
VSS                                        |VSS                                        
VPW                                        |VPW                                        
VDD                                        |VDD                                        
VNW                                        |VNW                                        
---------------------------------------------------------------------------------------
Cell pin lists are equivalent.
Device classes gf180mcu_fd_sc_mcu7t5v0__fillcap_8 and gf180mcu_fd_sc_mcu7t5v0__fillcap_8 are equivalent.

Subcircuit summary:
Circuit 1: gf180mcu_fd_sc_mcu7t5v0__xor2_1 |Circuit 2: gf180mcu_fd_sc_mcu7t5v0__xor2_1 
-------------------------------------------|-------------------------------------------
pfet_05v0 (5)                              |pfet_05v0 (5)                              
nfet_05v0 (5)                              |nfet_05v0 (5)                              
Number of devices: 10                      |Number of devices: 10                      
Number of nets: 11                         |Number of nets: 11                         
---------------------------------------------------------------------------------------
Netlists match uniquely.

Subcircuit pins:
Circuit 1: gf180mcu_fd_sc_mcu7t5v0__xor2_1 |Circuit 2: gf180mcu_fd_sc_mcu7t5v0__xor2_1 
-------------------------------------------|-------------------------------------------
A2                                         |A2                                         
VSS                                        |VSS                                        
A1                                         |A1                                         
Z                                          |Z                                          
VDD                                        |VDD                                        
VPW                                        |VPW                                        
VNW                                        |VNW                                        
---------------------------------------------------------------------------------------
Cell pin lists are equivalent.
Device classes gf180mcu_fd_sc_mcu7t5v0__xor2_1 and gf180mcu_fd_sc_mcu7t5v0__xor2_1 are equivalent.

Subcircuit summary:
Circuit 1: gf180mcu_fd_sc_mcu7t5v0__oai22_ |Circuit 2: gf180mcu_fd_sc_mcu7t5v0__oai22_ 
-------------------------------------------|-------------------------------------------
nfet_05v0 (4)                              |nfet_05v0 (4)                              
pfet_05v0 (4)                              |pfet_05v0 (4)                              
Number of devices: 8                       |Number of devices: 8                       
Number of nets: 12                         |Number of nets: 12                         
---------------------------------------------------------------------------------------
Netlists match uniquely.

Subcircuit pins:
Circuit 1: gf180mcu_fd_sc_mcu7t5v0__oai22_ |Circuit 2: gf180mcu_fd_sc_mcu7t5v0__oai22_ 
-------------------------------------------|-------------------------------------------
VSS                                        |VSS                                        
B2                                         |B2                                         
B1                                         |B1                                         
A1                                         |A1                                         
A2                                         |A2                                         
VDD                                        |VDD                                        
VPW                                        |VPW                                        
ZN                                         |ZN                                         
VNW                                        |VNW                                        
---------------------------------------------------------------------------------------
Cell pin lists are equivalent.
Device classes gf180mcu_fd_sc_mcu7t5v0__oai22_1 and gf180mcu_fd_sc_mcu7t5v0__oai22_1 are equivalent.

Subcircuit summary:
Circuit 1: gf180mcu_fd_sc_mcu7t5v0__clkinv |Circuit 2: gf180mcu_fd_sc_mcu7t5v0__clkinv 
-------------------------------------------|-------------------------------------------
nfet_05v0 (1)                              |nfet_05v0 (1)                              
pfet_05v0 (1)                              |pfet_05v0 (1)                              
Number of devices: 2                       |Number of devices: 2                       
Number of nets: 6                          |Number of nets: 6                          
---------------------------------------------------------------------------------------
Netlists match uniquely.

Subcircuit pins:
Circuit 1: gf180mcu_fd_sc_mcu7t5v0__clkinv |Circuit 2: gf180mcu_fd_sc_mcu7t5v0__clkinv 
-------------------------------------------|-------------------------------------------
VSS                                        |VSS                                        
VPW                                        |VPW                                        
VDD                                        |VDD                                        
VNW                                        |VNW                                        
ZN                                         |ZN                                         
I                                          |I                                          
---------------------------------------------------------------------------------------
Cell pin lists are equivalent.
Device classes gf180mcu_fd_sc_mcu7t5v0__clkinv_1 and gf180mcu_fd_sc_mcu7t5v0__clkinv_1 are equivalent.

Class gf180mcu_fd_sc_mcu7t5v0__buf_2 (0):  Merged 2 parallel devices.
Class gf180mcu_fd_sc_mcu7t5v0__buf_2 (1):  Merged 2 parallel devices.
Subcircuit summary:
Circuit 1: gf180mcu_fd_sc_mcu7t5v0__buf_2  |Circuit 2: gf180mcu_fd_sc_mcu7t5v0__buf_2  
-------------------------------------------|-------------------------------------------
pfet_05v0 (3->2)                           |pfet_05v0 (3->2)                           
nfet_05v0 (3->2)                           |nfet_05v0 (3->2)                           
Number of devices: 4                       |Number of devices: 4                       
Number of nets: 7                          |Number of nets: 7                          
---------------------------------------------------------------------------------------
Netlists match uniquely.

Subcircuit pins:
Circuit 1: gf180mcu_fd_sc_mcu7t5v0__buf_2  |Circuit 2: gf180mcu_fd_sc_mcu7t5v0__buf_2  
-------------------------------------------|-------------------------------------------
VSS                                        |VSS                                        
I                                          |I                                          
VPW                                        |VPW                                        
Z                                          |Z                                          
VDD                                        |VDD                                        
VNW                                        |VNW                                        
---------------------------------------------------------------------------------------
Cell pin lists are equivalent.
Device classes gf180mcu_fd_sc_mcu7t5v0__buf_2 and gf180mcu_fd_sc_mcu7t5v0__buf_2 are equivalent.

Class gf180mcu_fd_sc_mcu7t5v0__clkbuf_2 (0):  Merged 2 parallel devices.
Class gf180mcu_fd_sc_mcu7t5v0__clkbuf_2 (1):  Merged 2 parallel devices.
Subcircuit summary:
Circuit 1: gf180mcu_fd_sc_mcu7t5v0__clkbuf |Circuit 2: gf180mcu_fd_sc_mcu7t5v0__clkbuf 
-------------------------------------------|-------------------------------------------
pfet_05v0 (3->2)                           |pfet_05v0 (3->2)                           
nfet_05v0 (3->2)                           |nfet_05v0 (3->2)                           
Number of devices: 4                       |Number of devices: 4                       
Number of nets: 7                          |Number of nets: 7                          
---------------------------------------------------------------------------------------
Netlists match uniquely.

Subcircuit pins:
Circuit 1: gf180mcu_fd_sc_mcu7t5v0__clkbuf |Circuit 2: gf180mcu_fd_sc_mcu7t5v0__clkbuf 
-------------------------------------------|-------------------------------------------
VSS                                        |VSS                                        
I                                          |I                                          
VPW                                        |VPW                                        
Z                                          |Z                                          
VDD                                        |VDD                                        
VNW                                        |VNW                                        
---------------------------------------------------------------------------------------
Cell pin lists are equivalent.
Device classes gf180mcu_fd_sc_mcu7t5v0__clkbuf_2 and gf180mcu_fd_sc_mcu7t5v0__clkbuf_2 are equivalent.

Subcircuit summary:
Circuit 1: gf180mcu_fd_sc_mcu7t5v0__dffq_1 |Circuit 2: gf180mcu_fd_sc_mcu7t5v0__dffq_1 
-------------------------------------------|-------------------------------------------
nfet_05v0 (12)                             |nfet_05v0 (12)                             
pfet_05v0 (12)                             |pfet_05v0 (12)                             
Number of devices: 24                      |Number of devices: 24                      
Number of nets: 19                         |Number of nets: 19                         
---------------------------------------------------------------------------------------
Netlists match uniquely.

Subcircuit pins:
Circuit 1: gf180mcu_fd_sc_mcu7t5v0__dffq_1 |Circuit 2: gf180mcu_fd_sc_mcu7t5v0__dffq_1 
-------------------------------------------|-------------------------------------------
VPW                                        |VPW                                        
VNW                                        |VNW                                        
CLK                                        |CLK                                        
D                                          |D                                          
Q                                          |Q                                          
VSS                                        |VSS                                        
VDD                                        |VDD                                        
---------------------------------------------------------------------------------------
Cell pin lists are equivalent.
Device classes gf180mcu_fd_sc_mcu7t5v0__dffq_1 and gf180mcu_fd_sc_mcu7t5v0__dffq_1 are equivalent.

Subcircuit summary:
Circuit 1: gf180mcu_fd_sc_mcu7t5v0__nand3_ |Circuit 2: gf180mcu_fd_sc_mcu7t5v0__nand3_ 
-------------------------------------------|-------------------------------------------
nfet_05v0 (3)                              |nfet_05v0 (3)                              
pfet_05v0 (3)                              |pfet_05v0 (3)                              
Number of devices: 6                       |Number of devices: 6                       
Number of nets: 10                         |Number of nets: 10                         
---------------------------------------------------------------------------------------
Netlists match uniquely.

Subcircuit pins:
Circuit 1: gf180mcu_fd_sc_mcu7t5v0__nand3_ |Circuit 2: gf180mcu_fd_sc_mcu7t5v0__nand3_ 
-------------------------------------------|-------------------------------------------
VSS                                        |VSS                                        
VPW                                        |VPW                                        
VDD                                        |VDD                                        
VNW                                        |VNW                                        
A3                                         |A3                                         
A2                                         |A2                                         
A1                                         |A1                                         
ZN                                         |ZN                                         
---------------------------------------------------------------------------------------
Cell pin lists are equivalent.
Device classes gf180mcu_fd_sc_mcu7t5v0__nand3_1 and gf180mcu_fd_sc_mcu7t5v0__nand3_1 are equivalent.

Subcircuit summary:
Circuit 1: gf180mcu_fd_sc_mcu7t5v0__nand4_ |Circuit 2: gf180mcu_fd_sc_mcu7t5v0__nand4_ 
-------------------------------------------|-------------------------------------------
pfet_05v0 (4)                              |pfet_05v0 (4)                              
nfet_05v0 (4)                              |nfet_05v0 (4)                              
Number of devices: 8                       |Number of devices: 8                       
Number of nets: 12                         |Number of nets: 12                         
---------------------------------------------------------------------------------------
Netlists match uniquely.

Subcircuit pins:
Circuit 1: gf180mcu_fd_sc_mcu7t5v0__nand4_ |Circuit 2: gf180mcu_fd_sc_mcu7t5v0__nand4_ 
-------------------------------------------|-------------------------------------------
VSS                                        |VSS                                        
VPW                                        |VPW                                        
VDD                                        |VDD                                        
VNW                                        |VNW                                        
A4                                         |A4                                         
A2                                         |A2                                         
A3                                         |A3                                         
A1                                         |A1                                         
ZN                                         |ZN                                         
---------------------------------------------------------------------------------------
Cell pin lists are equivalent.
Device classes gf180mcu_fd_sc_mcu7t5v0__nand4_1 and gf180mcu_fd_sc_mcu7t5v0__nand4_1 are equivalent.

Class gf180mcu_fd_sc_mcu7t5v0__clkbuf_16 (0):  Merged 42 parallel devices.
Class gf180mcu_fd_sc_mcu7t5v0__clkbuf_16 (1):  Merged 42 parallel devices.
Subcircuit summary:
Circuit 1: gf180mcu_fd_sc_mcu7t5v0__clkbuf |Circuit 2: gf180mcu_fd_sc_mcu7t5v0__clkbuf 
-------------------------------------------|-------------------------------------------
nfet_05v0 (22->2)                          |nfet_05v0 (22->2)                          
pfet_05v0 (24->2)                          |pfet_05v0 (24->2)                          
Number of devices: 4                       |Number of devices: 4                       
Number of nets: 7                          |Number of nets: 7                          
---------------------------------------------------------------------------------------
Netlists match uniquely.

Subcircuit pins:
Circuit 1: gf180mcu_fd_sc_mcu7t5v0__clkbuf |Circuit 2: gf180mcu_fd_sc_mcu7t5v0__clkbuf 
-------------------------------------------|-------------------------------------------
I                                          |I                                          
VSS                                        |VSS                                        
VPW                                        |VPW                                        
Z                                          |Z                                          
VDD                                        |VDD                                        
VNW                                        |VNW                                        
---------------------------------------------------------------------------------------
Cell pin lists are equivalent.
Device classes gf180mcu_fd_sc_mcu7t5v0__clkbuf_16 and gf180mcu_fd_sc_mcu7t5v0__clkbuf_16 are equivalent.

Subcircuit summary:
Circuit 1: gf180mcu_fd_sc_mcu7t5v0__oai21_ |Circuit 2: gf180mcu_fd_sc_mcu7t5v0__oai21_ 
-------------------------------------------|-------------------------------------------
nfet_05v0 (3)                              |nfet_05v0 (3)                              
pfet_05v0 (3)                              |pfet_05v0 (3)                              
Number of devices: 6                       |Number of devices: 6                       
Number of nets: 10                         |Number of nets: 10                         
---------------------------------------------------------------------------------------
Netlists match uniquely.

Subcircuit pins:
Circuit 1: gf180mcu_fd_sc_mcu7t5v0__oai21_ |Circuit 2: gf180mcu_fd_sc_mcu7t5v0__oai21_ 
-------------------------------------------|-------------------------------------------
ZN                                         |ZN                                         
VPW                                        |VPW                                        
VNW                                        |VNW                                        
A2                                         |A2                                         
A1                                         |A1                                         
B                                          |B                                          
VDD                                        |VDD                                        
VSS                                        |VSS                                        
---------------------------------------------------------------------------------------
Cell pin lists are equivalent.
Device classes gf180mcu_fd_sc_mcu7t5v0__oai21_1 and gf180mcu_fd_sc_mcu7t5v0__oai21_1 are equivalent.

Subcircuit summary:
Circuit 1: gf180mcu_fd_sc_mcu7t5v0__nor2_1 |Circuit 2: gf180mcu_fd_sc_mcu7t5v0__nor2_1 
-------------------------------------------|-------------------------------------------
pfet_05v0 (2)                              |pfet_05v0 (2)                              
nfet_05v0 (2)                              |nfet_05v0 (2)                              
Number of devices: 4                       |Number of devices: 4                       
Number of nets: 8                          |Number of nets: 8                          
---------------------------------------------------------------------------------------
Netlists match uniquely.

Subcircuit pins:
Circuit 1: gf180mcu_fd_sc_mcu7t5v0__nor2_1 |Circuit 2: gf180mcu_fd_sc_mcu7t5v0__nor2_1 
-------------------------------------------|-------------------------------------------
VDD                                        |VDD                                        
A2                                         |A2                                         
VSS                                        |VSS                                        
VPW                                        |VPW                                        
A1                                         |A1                                         
VNW                                        |VNW                                        
ZN                                         |ZN                                         
---------------------------------------------------------------------------------------
Cell pin lists are equivalent.
Device classes gf180mcu_fd_sc_mcu7t5v0__nor2_1 and gf180mcu_fd_sc_mcu7t5v0__nor2_1 are equivalent.

Subcircuit summary:
Circuit 1: gf180mcu_fd_sc_mcu7t5v0__aoi22_ |Circuit 2: gf180mcu_fd_sc_mcu7t5v0__aoi22_ 
-------------------------------------------|-------------------------------------------
nfet_05v0 (4)                              |nfet_05v0 (4)                              
pfet_05v0 (4)                              |pfet_05v0 (4)                              
Number of devices: 8                       |Number of devices: 8                       
Number of nets: 12                         |Number of nets: 12                         
---------------------------------------------------------------------------------------
Netlists match uniquely.

Subcircuit pins:
Circuit 1: gf180mcu_fd_sc_mcu7t5v0__aoi22_ |Circuit 2: gf180mcu_fd_sc_mcu7t5v0__aoi22_ 
-------------------------------------------|-------------------------------------------
B2                                         |B2                                         
VSS                                        |VSS                                        
B1                                         |B1                                         
A1                                         |A1                                         
A2                                         |A2                                         
VDD                                        |VDD                                        
VPW                                        |VPW                                        
ZN                                         |ZN                                         
VNW                                        |VNW                                        
---------------------------------------------------------------------------------------
Cell pin lists are equivalent.
Device classes gf180mcu_fd_sc_mcu7t5v0__aoi22_1 and gf180mcu_fd_sc_mcu7t5v0__aoi22_1 are equivalent.

Subcircuit summary:
Circuit 1: gf180mcu_fd_sc_mcu7t5v0__and4_1 |Circuit 2: gf180mcu_fd_sc_mcu7t5v0__and4_1 
-------------------------------------------|-------------------------------------------
pfet_05v0 (5)                              |pfet_05v0 (5)                              
nfet_05v0 (5)                              |nfet_05v0 (5)                              
Number of devices: 10                      |Number of devices: 10                      
Number of nets: 13                         |Number of nets: 13                         
---------------------------------------------------------------------------------------
Netlists match uniquely.

Subcircuit pins:
Circuit 1: gf180mcu_fd_sc_mcu7t5v0__and4_1 |Circuit 2: gf180mcu_fd_sc_mcu7t5v0__and4_1 
-------------------------------------------|-------------------------------------------
VPW                                        |VPW                                        
VDD                                        |VDD                                        
VNW                                        |VNW                                        
A1                                         |A1                                         
VSS                                        |VSS                                        
A4                                         |A4                                         
A3                                         |A3                                         
A2                                         |A2                                         
Z                                          |Z                                          
---------------------------------------------------------------------------------------
Cell pin lists are equivalent.
Device classes gf180mcu_fd_sc_mcu7t5v0__and4_1 and gf180mcu_fd_sc_mcu7t5v0__and4_1 are equivalent.

Subcircuit summary:
Circuit 1: gf180mcu_fd_sc_mcu7t5v0__or2_1  |Circuit 2: gf180mcu_fd_sc_mcu7t5v0__or2_1  
-------------------------------------------|-------------------------------------------
pfet_05v0 (3)                              |pfet_05v0 (3)                              
nfet_05v0 (3)                              |nfet_05v0 (3)                              
Number of devices: 6                       |Number of devices: 6                       
Number of nets: 9                          |Number of nets: 9                          
---------------------------------------------------------------------------------------
Netlists match uniquely.

Subcircuit pins:
Circuit 1: gf180mcu_fd_sc_mcu7t5v0__or2_1  |Circuit 2: gf180mcu_fd_sc_mcu7t5v0__or2_1  
-------------------------------------------|-------------------------------------------
VSS                                        |VSS                                        
VPW                                        |VPW                                        
VNW                                        |VNW                                        
A1                                         |A1                                         
A2                                         |A2                                         
Z                                          |Z                                          
VDD                                        |VDD                                        
---------------------------------------------------------------------------------------
Cell pin lists are equivalent.
Device classes gf180mcu_fd_sc_mcu7t5v0__or2_1 and gf180mcu_fd_sc_mcu7t5v0__or2_1 are equivalent.

Subcircuit summary:
Circuit 1: gf180mcu_fd_sc_mcu7t5v0__aoi211 |Circuit 2: gf180mcu_fd_sc_mcu7t5v0__aoi211 
-------------------------------------------|-------------------------------------------
pfet_05v0 (4)                              |pfet_05v0 (4)                              
nfet_05v0 (4)                              |nfet_05v0 (4)                              
Number of devices: 8                       |Number of devices: 8                       
Number of nets: 12                         |Number of nets: 12                         
---------------------------------------------------------------------------------------
Netlists match uniquely.

Subcircuit pins:
Circuit 1: gf180mcu_fd_sc_mcu7t5v0__aoi211 |Circuit 2: gf180mcu_fd_sc_mcu7t5v0__aoi211 
-------------------------------------------|-------------------------------------------
VDD                                        |VDD                                        
VPW                                        |VPW                                        
VNW                                        |VNW                                        
VSS                                        |VSS                                        
A2                                         |A2                                         
A1                                         |A1                                         
B                                          |B                                          
C                                          |C                                          
ZN                                         |ZN                                         
---------------------------------------------------------------------------------------
Cell pin lists are equivalent.
Device classes gf180mcu_fd_sc_mcu7t5v0__aoi211_1 and gf180mcu_fd_sc_mcu7t5v0__aoi211_1 are equivalent.

Subcircuit summary:
Circuit 1: gf180mcu_fd_sc_mcu7t5v0__aoi221 |Circuit 2: gf180mcu_fd_sc_mcu7t5v0__aoi221 
-------------------------------------------|-------------------------------------------
pfet_05v0 (5)                              |pfet_05v0 (5)                              
nfet_05v0 (5)                              |nfet_05v0 (5)                              
Number of devices: 10                      |Number of devices: 10                      
Number of nets: 14                         |Number of nets: 14                         
---------------------------------------------------------------------------------------
Netlists match uniquely.

Subcircuit pins:
Circuit 1: gf180mcu_fd_sc_mcu7t5v0__aoi221 |Circuit 2: gf180mcu_fd_sc_mcu7t5v0__aoi221 
-------------------------------------------|-------------------------------------------
VPW                                        |VPW                                        
ZN                                         |ZN                                         
VNW                                        |VNW                                        
B2                                         |B2                                         
B1                                         |B1                                         
C                                          |C                                          
A2                                         |A2                                         
A1                                         |A1                                         
VDD                                        |VDD                                        
VSS                                        |VSS                                        
---------------------------------------------------------------------------------------
Cell pin lists are equivalent.
Device classes gf180mcu_fd_sc_mcu7t5v0__aoi221_1 and gf180mcu_fd_sc_mcu7t5v0__aoi221_1 are equivalent.

Subcircuit summary:
Circuit 1: gf180mcu_fd_sc_mcu7t5v0__aoi21_ |Circuit 2: gf180mcu_fd_sc_mcu7t5v0__aoi21_ 
-------------------------------------------|-------------------------------------------
nfet_05v0 (3)                              |nfet_05v0 (3)                              
pfet_05v0 (3)                              |pfet_05v0 (3)                              
Number of devices: 6                       |Number of devices: 6                       
Number of nets: 10                         |Number of nets: 10                         
---------------------------------------------------------------------------------------
Netlists match uniquely.

Subcircuit pins:
Circuit 1: gf180mcu_fd_sc_mcu7t5v0__aoi21_ |Circuit 2: gf180mcu_fd_sc_mcu7t5v0__aoi21_ 
-------------------------------------------|-------------------------------------------
VDD                                        |VDD                                        
ZN                                         |ZN                                         
VPW                                        |VPW                                        
VNW                                        |VNW                                        
A2                                         |A2                                         
VSS                                        |VSS                                        
A1                                         |A1                                         
B                                          |B                                          
---------------------------------------------------------------------------------------
Cell pin lists are equivalent.
Device classes gf180mcu_fd_sc_mcu7t5v0__aoi21_1 and gf180mcu_fd_sc_mcu7t5v0__aoi21_1 are equivalent.

Subcircuit summary:
Circuit 1: gf180mcu_fd_sc_mcu7t5v0__nor3_1 |Circuit 2: gf180mcu_fd_sc_mcu7t5v0__nor3_1 
-------------------------------------------|-------------------------------------------
pfet_05v0 (3)                              |pfet_05v0 (3)                              
nfet_05v0 (3)                              |nfet_05v0 (3)                              
Number of devices: 6                       |Number of devices: 6                       
Number of nets: 10                         |Number of nets: 10                         
---------------------------------------------------------------------------------------
Netlists match uniquely.

Subcircuit pins:
Circuit 1: gf180mcu_fd_sc_mcu7t5v0__nor3_1 |Circuit 2: gf180mcu_fd_sc_mcu7t5v0__nor3_1 
-------------------------------------------|-------------------------------------------
VDD                                        |VDD                                        
VSS                                        |VSS                                        
VPW                                        |VPW                                        
VNW                                        |VNW                                        
A3                                         |A3                                         
A2                                         |A2                                         
A1                                         |A1                                         
ZN                                         |ZN                                         
---------------------------------------------------------------------------------------
Cell pin lists are equivalent.
Device classes gf180mcu_fd_sc_mcu7t5v0__nor3_1 and gf180mcu_fd_sc_mcu7t5v0__nor3_1 are equivalent.

Subcircuit summary:
Circuit 1: gf180mcu_fd_sc_mcu7t5v0__oai211 |Circuit 2: gf180mcu_fd_sc_mcu7t5v0__oai211 
-------------------------------------------|-------------------------------------------
nfet_05v0 (4)                              |nfet_05v0 (4)                              
pfet_05v0 (4)                              |pfet_05v0 (4)                              
Number of devices: 8                       |Number of devices: 8                       
Number of nets: 12                         |Number of nets: 12                         
---------------------------------------------------------------------------------------
Netlists match uniquely.

Subcircuit pins:
Circuit 1: gf180mcu_fd_sc_mcu7t5v0__oai211 |Circuit 2: gf180mcu_fd_sc_mcu7t5v0__oai211 
-------------------------------------------|-------------------------------------------
VSS                                        |VSS                                        
ZN                                         |ZN                                         
VPW                                        |VPW                                        
VNW                                        |VNW                                        
VDD                                        |VDD                                        
A2                                         |A2                                         
A1                                         |A1                                         
B                                          |B                                          
C                                          |C                                          
---------------------------------------------------------------------------------------
Cell pin lists are equivalent.
Device classes gf180mcu_fd_sc_mcu7t5v0__oai211_1 and gf180mcu_fd_sc_mcu7t5v0__oai211_1 are equivalent.

Subcircuit summary:
Circuit 1: gf180mcu_fd_sc_mcu7t5v0__xnor2_ |Circuit 2: gf180mcu_fd_sc_mcu7t5v0__xnor2_ 
-------------------------------------------|-------------------------------------------
pfet_05v0 (5)                              |pfet_05v0 (5)                              
nfet_05v0 (5)                              |nfet_05v0 (5)                              
Number of devices: 10                      |Number of devices: 10                      
Number of nets: 11                         |Number of nets: 11                         
---------------------------------------------------------------------------------------
Netlists match uniquely.

Subcircuit pins:
Circuit 1: gf180mcu_fd_sc_mcu7t5v0__xnor2_ |Circuit 2: gf180mcu_fd_sc_mcu7t5v0__xnor2_ 
-------------------------------------------|-------------------------------------------
VSS                                        |VSS                                        
VPW                                        |VPW                                        
VNW                                        |VNW                                        
A2                                         |A2                                         
A1                                         |A1                                         
ZN                                         |ZN                                         
VDD                                        |VDD                                        
---------------------------------------------------------------------------------------
Cell pin lists are equivalent.
Device classes gf180mcu_fd_sc_mcu7t5v0__xnor2_1 and gf180mcu_fd_sc_mcu7t5v0__xnor2_1 are equivalent.

Subcircuit summary:
Circuit 1: gf180mcu_fd_sc_mcu7t5v0__and2_1 |Circuit 2: gf180mcu_fd_sc_mcu7t5v0__and2_1 
-------------------------------------------|-------------------------------------------
pfet_05v0 (3)                              |pfet_05v0 (3)                              
nfet_05v0 (3)                              |nfet_05v0 (3)                              
Number of devices: 6                       |Number of devices: 6                       
Number of nets: 9                          |Number of nets: 9                          
---------------------------------------------------------------------------------------
Netlists match uniquely.

Subcircuit pins:
Circuit 1: gf180mcu_fd_sc_mcu7t5v0__and2_1 |Circuit 2: gf180mcu_fd_sc_mcu7t5v0__and2_1 
-------------------------------------------|-------------------------------------------
A1                                         |A1                                         
VSS                                        |VSS                                        
A2                                         |A2                                         
Z                                          |Z                                          
VPW                                        |VPW                                        
VDD                                        |VDD                                        
VNW                                        |VNW                                        
---------------------------------------------------------------------------------------
Cell pin lists are equivalent.
Device classes gf180mcu_fd_sc_mcu7t5v0__and2_1 and gf180mcu_fd_sc_mcu7t5v0__and2_1 are equivalent.

Subcircuit summary:
Circuit 1: gf180mcu_fd_sc_mcu7t5v0__clkbuf |Circuit 2: gf180mcu_fd_sc_mcu7t5v0__clkbuf 
-------------------------------------------|-------------------------------------------
pfet_05v0 (2)                              |pfet_05v0 (2)                              
nfet_05v0 (2)                              |nfet_05v0 (2)                              
Number of devices: 4                       |Number of devices: 4                       
Number of nets: 7                          |Number of nets: 7                          
---------------------------------------------------------------------------------------
Netlists match uniquely.

Subcircuit pins:
Circuit 1: gf180mcu_fd_sc_mcu7t5v0__clkbuf |Circuit 2: gf180mcu_fd_sc_mcu7t5v0__clkbuf 
-------------------------------------------|-------------------------------------------
VSS                                        |VSS                                        
I                                          |I                                          
VPW                                        |VPW                                        
Z                                          |Z                                          
VDD                                        |VDD                                        
VNW                                        |VNW                                        
---------------------------------------------------------------------------------------
Cell pin lists are equivalent.
Device classes gf180mcu_fd_sc_mcu7t5v0__clkbuf_1 and gf180mcu_fd_sc_mcu7t5v0__clkbuf_1 are equivalent.

Subcircuit summary:
Circuit 1: gf180mcu_fd_sc_mcu7t5v0__and3_1 |Circuit 2: gf180mcu_fd_sc_mcu7t5v0__and3_1 
-------------------------------------------|-------------------------------------------
pfet_05v0 (4)                              |pfet_05v0 (4)                              
nfet_05v0 (4)                              |nfet_05v0 (4)                              
Number of devices: 8                       |Number of devices: 8                       
Number of nets: 11                         |Number of nets: 11                         
---------------------------------------------------------------------------------------
Netlists match uniquely.

Subcircuit pins:
Circuit 1: gf180mcu_fd_sc_mcu7t5v0__and3_1 |Circuit 2: gf180mcu_fd_sc_mcu7t5v0__and3_1 
-------------------------------------------|-------------------------------------------
VPW                                        |VPW                                        
VDD                                        |VDD                                        
VNW                                        |VNW                                        
A1                                         |A1                                         
VSS                                        |VSS                                        
A3                                         |A3                                         
A2                                         |A2                                         
Z                                          |Z                                          
---------------------------------------------------------------------------------------
Cell pin lists are equivalent.
Device classes gf180mcu_fd_sc_mcu7t5v0__and3_1 and gf180mcu_fd_sc_mcu7t5v0__and3_1 are equivalent.

Subcircuit summary:
Circuit 1: pixel_driver_layout             |Circuit 2: pixel_driver_layout             
-------------------------------------------|-------------------------------------------
nfet_06v0 (5)                              |nfet_06v0 (5)                              
pfet_06v0 (1)                              |pfet_06v0 (1)                              
Number of devices: 6                       |Number of devices: 6                       
Number of nets: 7                          |Number of nets: 7                          
---------------------------------------------------------------------------------------
Netlists match uniquely.

Subcircuit pins:
Circuit 1: pixel_driver_layout             |Circuit 2: pixel_driver_layout             
-------------------------------------------|-------------------------------------------
led_k                                      |led_k                                      
vlogic                                     |vlogic                                     
bias                                       |bias                                       
gate                                       |gate                                       
pwm                                        |pwm                                        
pwm_b                                      |pwm_b                                      
VSS                                        |VSS                                        
---------------------------------------------------------------------------------------
Cell pin lists are equivalent.
Device classes pixel_driver_layout and pixel_driver_layout are equivalent.

Class pixel_pwm (0):  Merged 384 parallel devices.
Class pixel_pwm (1):  Merged 384 parallel devices.
Subcircuit summary:
Circuit 1: pixel_pwm                       |Circuit 2: pixel_pwm                       
-------------------------------------------|-------------------------------------------
gf180mcu_fd_sc_mcu7t5v0__fillcap_64 (80->1 |gf180mcu_fd_sc_mcu7t5v0__fillcap_64 (80->1 
gf180mcu_fd_sc_mcu7t5v0__fillcap_4 (142->1 |gf180mcu_fd_sc_mcu7t5v0__fillcap_4 (142->1 
gf180mcu_fd_sc_mcu7t5v0__fillcap_32 (55->1 |gf180mcu_fd_sc_mcu7t5v0__fillcap_32 (55->1 
gf180mcu_fd_sc_mcu7t5v0__fillcap_16 (58->1 |gf180mcu_fd_sc_mcu7t5v0__fillcap_16 (58->1 
gf180mcu_fd_sc_mcu7t5v0__nand2_1 (16)      |gf180mcu_fd_sc_mcu7t5v0__nand2_1 (16)      
gf180mcu_fd_sc_mcu7t5v0__oai222_1 (1)      |gf180mcu_fd_sc_mcu7t5v0__oai222_1 (1)      
gf180mcu_fd_sc_mcu7t5v0__fillcap_8 (54->1) |gf180mcu_fd_sc_mcu7t5v0__fillcap_8 (54->1) 
gf180mcu_fd_sc_mcu7t5v0__xor2_1 (5)        |gf180mcu_fd_sc_mcu7t5v0__xor2_1 (5)        
gf180mcu_fd_sc_mcu7t5v0__oai22_1 (2)       |gf180mcu_fd_sc_mcu7t5v0__oai22_1 (2)       
gf180mcu_fd_sc_mcu7t5v0__clkinv_1 (7)      |gf180mcu_fd_sc_mcu7t5v0__clkinv_1 (7)      
gf180mcu_fd_sc_mcu7t5v0__buf_2 (15)        |gf180mcu_fd_sc_mcu7t5v0__buf_2 (15)        
gf180mcu_fd_sc_mcu7t5v0__clkbuf_2 (1)      |gf180mcu_fd_sc_mcu7t5v0__clkbuf_2 (1)      
gf180mcu_fd_sc_mcu7t5v0__dffq_1 (19)       |gf180mcu_fd_sc_mcu7t5v0__dffq_1 (19)       
gf180mcu_fd_sc_mcu7t5v0__nand3_1 (2)       |gf180mcu_fd_sc_mcu7t5v0__nand3_1 (2)       
gf180mcu_fd_sc_mcu7t5v0__nand4_1 (2)       |gf180mcu_fd_sc_mcu7t5v0__nand4_1 (2)       
gf180mcu_fd_sc_mcu7t5v0__clkbuf_16 (5)     |gf180mcu_fd_sc_mcu7t5v0__clkbuf_16 (5)     
gf180mcu_fd_sc_mcu7t5v0__oai21_1 (7)       |gf180mcu_fd_sc_mcu7t5v0__oai21_1 (7)       
gf180mcu_fd_sc_mcu7t5v0__nor2_1 (8)        |gf180mcu_fd_sc_mcu7t5v0__nor2_1 (8)        
gf180mcu_fd_sc_mcu7t5v0__aoi22_1 (4)       |gf180mcu_fd_sc_mcu7t5v0__aoi22_1 (4)       
gf180mcu_fd_sc_mcu7t5v0__and4_1 (2)        |gf180mcu_fd_sc_mcu7t5v0__and4_1 (2)        
gf180mcu_fd_sc_mcu7t5v0__or2_1 (2)         |gf180mcu_fd_sc_mcu7t5v0__or2_1 (2)         
gf180mcu_fd_sc_mcu7t5v0__aoi211_1 (3)      |gf180mcu_fd_sc_mcu7t5v0__aoi211_1 (3)      
gf180mcu_fd_sc_mcu7t5v0__aoi221_1 (1)      |gf180mcu_fd_sc_mcu7t5v0__aoi221_1 (1)      
gf180mcu_fd_sc_mcu7t5v0__aoi21_1 (8)       |gf180mcu_fd_sc_mcu7t5v0__aoi21_1 (8)       
gf180mcu_fd_sc_mcu7t5v0__nor3_1 (1)        |gf180mcu_fd_sc_mcu7t5v0__nor3_1 (1)        
gf180mcu_fd_sc_mcu7t5v0__oai211_1 (1)      |gf180mcu_fd_sc_mcu7t5v0__oai211_1 (1)      
gf180mcu_fd_sc_mcu7t5v0__xnor2_1 (1)       |gf180mcu_fd_sc_mcu7t5v0__xnor2_1 (1)       
gf180mcu_fd_sc_mcu7t5v0__and2_1 (2)        |gf180mcu_fd_sc_mcu7t5v0__and2_1 (2)        
gf180mcu_fd_sc_mcu7t5v0__clkbuf_1 (1)      |gf180mcu_fd_sc_mcu7t5v0__clkbuf_1 (1)      
gf180mcu_fd_sc_mcu7t5v0__and3_1 (1)        |gf180mcu_fd_sc_mcu7t5v0__and3_1 (1)        
Number of devices: 122                     |Number of devices: 122                     
Number of nets: 131                        |Number of nets: 131                        
---------------------------------------------------------------------------------------
Netlists match uniquely.

Subcircuit pins:
Circuit 1: pixel_pwm                       |Circuit 2: pixel_pwm                       
-------------------------------------------|-------------------------------------------
clk                                        |clk                                        
rst                                        |rst                                        
duty[1]                                    |duty[1]                                    
duty[3]                                    |duty[3]                                    
duty[4]                                    |duty[4]                                    
duty[5]                                    |duty[5]                                    
duty[8]                                    |duty[8]                                    
duty[7]                                    |duty[7]                                    
enable                                     |enable                                     
duty[6]                                    |duty[6]                                    
duty[2]                                    |duty[2]                                    
duty[0]                                    |duty[0]                                    
pwm                                        |pwm                                        
VDD                                        |VDD                                        
VSS                                        |VSS                                        
---------------------------------------------------------------------------------------
Cell pin lists are equivalent.
Device classes pixel_pwm and pixel_pwm are equivalent.

Subcircuit summary:
Circuit 1: pixel_integrated                |Circuit 2: pixel_integrated                
-------------------------------------------|-------------------------------------------
pixel_driver_layout (1)                    |pixel_driver_layout (1)                    
pixel_pwm (1)                              |pixel_pwm (1)                              
Number of devices: 2                       |Number of devices: 2                       
Number of nets: 18 **Mismatch**            |Number of nets: 19 **Mismatch**            
---------------------------------------------------------------------------------------
NET mismatches: Class fragments follow (with fanout counts):
Circuit 1: pixel_integrated                |Circuit 2: pixel_integrated                

---------------------------------------------------------------------------------------
Net: VSS                                   |Net: VSS                                   
  pixel_pwm/VSS = 1                        |  pixel_pwm/VSS = 1                        
  pixel_driver_layout/VSS = 1              |  pixel_driver_layout/VSS = 1              
  pixel_pwm/VDD = 1                        |                                           
  pixel_driver_layout/vlogic = 1           |                                           
                                           |                                           
(no matching net)                          |Net: VDD                                   
                                           |  pixel_pwm/VDD = 1                        
                                           |  pixel_driver_layout/vlogic = 1           
---------------------------------------------------------------------------------------
Netlists do not match.
Port matching may fail to disambiguate symmetries.

Subcircuit pins:
Circuit 1: pixel_integrated                |Circuit 2: pixel_integrated                
-------------------------------------------|-------------------------------------------
VSS                                        |VDD **Mismatch**                           
pwm_monitor                                |pwm_monitor                                
clk                                        |clk                                        
enable                                     |enable                                     
rst                                        |rst                                        
duty[8]                                    |duty[8]                                    
duty[7]                                    |duty[7]                                    
duty[6]                                    |duty[6]                                    
duty[5]                                    |duty[5]                                    
duty[4]                                    |duty[4]                                    
duty[3]                                    |duty[3]                                    
duty[2]                                    |duty[2]                                    
duty[1]                                    |duty[1]                                    
duty[0]                                    |duty[0]                                    
bias                                       |bias                                       
gate                                       |gate                                       
pwm_b                                      |pwm_b                                      
led_k                                      |led_k                                      
(no pin, node is VSS)                      |VSS                                        
---------------------------------------------------------------------------------------
Cell pin lists for pixel_integrated and pixel_integrated altered to match.
Device classes pixel_integrated and pixel_integrated are equivalent.

Final result: Top level cell failed pin matching.
