Netgen 1.5.316 compiled on Tue Feb 10 10:44:29 UTC 2026
Warning: netgen command 'format' use fully-qualified name '::netgen::format'
Warning: netgen command 'global' use fully-qualified name '::netgen::global'
Call to undefined subcircuit nfet_06v0
Creating placeholder cell definition.
Call to undefined subcircuit pfet_06v0
Creating placeholder cell definition.
Call to undefined subcircuit nfet_05v0
Creating placeholder cell definition.
Call to undefined subcircuit pfet_05v0
Creating placeholder cell definition.
Warning:  A case-insensitive file has been read and so the	verilog file must be treated case-insensitive to match.
Call to undefined subcircuit nfet_05v0
Creating placeholder cell definition.
Call to undefined subcircuit pfet_05v0
Creating placeholder cell definition.
Call to undefined subcircuit nfet_06v0
Creating placeholder cell definition.
Call to undefined subcircuit pfet_06v0
Creating placeholder cell definition.
Warning:  A case-insensitive file has been read and so the	verilog file must be treated case-insensitive to match.
Note:  Implicit pin VNW in instance PHY_EDGE_ROW_0_Left_37 of gf180mcu_fd_sc_mcu7t5v0__endcap in cell pixel_pwm
Note:  Implicit pin VPW in instance PHY_EDGE_ROW_0_Left_37 of gf180mcu_fd_sc_mcu7t5v0__endcap in cell pixel_pwm
Note:  Implicit pin VNW in instance PHY_EDGE_ROW_0_Right_0 of gf180mcu_fd_sc_mcu7t5v0__endcap in cell pixel_pwm
Note:  Implicit pin VPW in instance PHY_EDGE_ROW_0_Right_0 of gf180mcu_fd_sc_mcu7t5v0__endcap in cell pixel_pwm
Note:  Implicit pin VNW in instance PHY_EDGE_ROW_10_Left_47 of gf180mcu_fd_sc_mcu7t5v0__endcap in cell pixel_pwm
Note:  Implicit pin VPW in instance PHY_EDGE_ROW_10_Left_47 of gf180mcu_fd_sc_mcu7t5v0__endcap in cell pixel_pwm
Note:  Implicit pin VNW in instance PHY_EDGE_ROW_10_Right_10 of gf180mcu_fd_sc_mcu7t5v0__endcap in cell pixel_pwm
Note:  Implicit pin VPW in instance PHY_EDGE_ROW_10_Right_10 of gf180mcu_fd_sc_mcu7t5v0__endcap in cell pixel_pwm
Note:  Implicit pin VNW in instance PHY_EDGE_ROW_11_Left_48 of gf180mcu_fd_sc_mcu7t5v0__endcap in cell pixel_pwm
Note:  Implicit pin VPW in instance PHY_EDGE_ROW_11_Left_48 of gf180mcu_fd_sc_mcu7t5v0__endcap in cell pixel_pwm
Note:  Implicit pin VNW in instance PHY_EDGE_ROW_11_Right_11 of gf180mcu_fd_sc_mcu7t5v0__endcap in cell pixel_pwm
Note:  Implicit pin VPW in instance PHY_EDGE_ROW_11_Right_11 of gf180mcu_fd_sc_mcu7t5v0__endcap in cell pixel_pwm
Note:  Implicit pin VNW in instance PHY_EDGE_ROW_12_Left_49 of gf180mcu_fd_sc_mcu7t5v0__endcap in cell pixel_pwm
Note:  Implicit pin VPW in instance PHY_EDGE_ROW_12_Left_49 of gf180mcu_fd_sc_mcu7t5v0__endcap in cell pixel_pwm
Note:  Implicit pin VNW in instance PHY_EDGE_ROW_12_Right_12 of gf180mcu_fd_sc_mcu7t5v0__endcap in cell pixel_pwm
Note:  Implicit pin VPW in instance PHY_EDGE_ROW_12_Right_12 of gf180mcu_fd_sc_mcu7t5v0__endcap in cell pixel_pwm
Note:  Implicit pin VNW in instance PHY_EDGE_ROW_13_Left_50 of gf180mcu_fd_sc_mcu7t5v0__endcap in cell pixel_pwm
Note:  Implicit pin VPW in instance PHY_EDGE_ROW_13_Left_50 of gf180mcu_fd_sc_mcu7t5v0__endcap in cell pixel_pwm
Note:  Implicit pin VNW in instance PHY_EDGE_ROW_13_Right_13 of gf180mcu_fd_sc_mcu7t5v0__endcap in cell pixel_pwm
Note:  Implicit pin VPW in instance PHY_EDGE_ROW_13_Right_13 of gf180mcu_fd_sc_mcu7t5v0__endcap in cell pixel_pwm
Note:  Implicit pin VNW in instance PHY_EDGE_ROW_14_Left_51 of gf180mcu_fd_sc_mcu7t5v0__endcap in cell pixel_pwm
Note:  Implicit pin VPW in instance PHY_EDGE_ROW_14_Left_51 of gf180mcu_fd_sc_mcu7t5v0__endcap in cell pixel_pwm
Note:  Implicit pin VNW in instance PHY_EDGE_ROW_14_Right_14 of gf180mcu_fd_sc_mcu7t5v0__endcap in cell pixel_pwm
Note:  Implicit pin VPW in instance PHY_EDGE_ROW_14_Right_14 of gf180mcu_fd_sc_mcu7t5v0__endcap in cell pixel_pwm
Note:  Implicit pin VNW in instance PHY_EDGE_ROW_15_Left_52 of gf180mcu_fd_sc_mcu7t5v0__endcap in cell pixel_pwm
Note:  Implicit pin VPW in instance PHY_EDGE_ROW_15_Left_52 of gf180mcu_fd_sc_mcu7t5v0__endcap in cell pixel_pwm
Note:  Implicit pin VNW in instance PHY_EDGE_ROW_15_Right_15 of gf180mcu_fd_sc_mcu7t5v0__endcap in cell pixel_pwm
Note:  Implicit pin VPW in instance PHY_EDGE_ROW_15_Right_15 of gf180mcu_fd_sc_mcu7t5v0__endcap in cell pixel_pwm
Note:  Implicit pin VNW in instance PHY_EDGE_ROW_16_Left_53 of gf180mcu_fd_sc_mcu7t5v0__endcap in cell pixel_pwm
Note:  Implicit pin VPW in instance PHY_EDGE_ROW_16_Left_53 of gf180mcu_fd_sc_mcu7t5v0__endcap in cell pixel_pwm
Note:  Implicit pin VNW in instance PHY_EDGE_ROW_16_Right_16 of gf180mcu_fd_sc_mcu7t5v0__endcap in cell pixel_pwm
Note:  Implicit pin VPW in instance PHY_EDGE_ROW_16_Right_16 of gf180mcu_fd_sc_mcu7t5v0__endcap in cell pixel_pwm
Note:  Implicit pin VNW in instance PHY_EDGE_ROW_17_Left_54 of gf180mcu_fd_sc_mcu7t5v0__endcap in cell pixel_pwm
Note:  Implicit pin VPW in instance PHY_EDGE_ROW_17_Left_54 of gf180mcu_fd_sc_mcu7t5v0__endcap in cell pixel_pwm
Note:  Implicit pin VNW in instance PHY_EDGE_ROW_17_Right_17 of gf180mcu_fd_sc_mcu7t5v0__endcap in cell pixel_pwm
Note:  Implicit pin VPW in instance PHY_EDGE_ROW_17_Right_17 of gf180mcu_fd_sc_mcu7t5v0__endcap in cell pixel_pwm
Note:  Implicit pin VNW in instance PHY_EDGE_ROW_18_Left_55 of gf180mcu_fd_sc_mcu7t5v0__endcap in cell pixel_pwm
Note:  Implicit pin VPW in instance PHY_EDGE_ROW_18_Left_55 of gf180mcu_fd_sc_mcu7t5v0__endcap in cell pixel_pwm
Note:  Implicit pin VNW in instance PHY_EDGE_ROW_18_Right_18 of gf180mcu_fd_sc_mcu7t5v0__endcap in cell pixel_pwm
Note:  Implicit pin VPW in instance PHY_EDGE_ROW_18_Right_18 of gf180mcu_fd_sc_mcu7t5v0__endcap in cell pixel_pwm
Note:  Implicit pin VNW in instance PHY_EDGE_ROW_19_Left_56 of gf180mcu_fd_sc_mcu7t5v0__endcap in cell pixel_pwm
Note:  Implicit pin VPW in instance PHY_EDGE_ROW_19_Left_56 of gf180mcu_fd_sc_mcu7t5v0__endcap in cell pixel_pwm
Note:  Implicit pin VNW in instance PHY_EDGE_ROW_19_Right_19 of gf180mcu_fd_sc_mcu7t5v0__endcap in cell pixel_pwm
Note:  Implicit pin VPW in instance PHY_EDGE_ROW_19_Right_19 of gf180mcu_fd_sc_mcu7t5v0__endcap in cell pixel_pwm
Note:  Implicit pin VNW in instance PHY_EDGE_ROW_1_Left_38 of gf180mcu_fd_sc_mcu7t5v0__endcap in cell pixel_pwm
Note:  Implicit pin VPW in instance PHY_EDGE_ROW_1_Left_38 of gf180mcu_fd_sc_mcu7t5v0__endcap in cell pixel_pwm
Note:  Implicit pin VNW in instance PHY_EDGE_ROW_1_Right_1 of gf180mcu_fd_sc_mcu7t5v0__endcap in cell pixel_pwm
Note:  Implicit pin VPW in instance PHY_EDGE_ROW_1_Right_1 of gf180mcu_fd_sc_mcu7t5v0__endcap in cell pixel_pwm
Note:  Implicit pin VNW in instance PHY_EDGE_ROW_20_Left_57 of gf180mcu_fd_sc_mcu7t5v0__endcap in cell pixel_pwm
Note:  Implicit pin VPW in instance PHY_EDGE_ROW_20_Left_57 of gf180mcu_fd_sc_mcu7t5v0__endcap in cell pixel_pwm
Note:  Implicit pin VNW in instance PHY_EDGE_ROW_20_Right_20 of gf180mcu_fd_sc_mcu7t5v0__endcap in cell pixel_pwm
Note:  Implicit pin VPW in instance PHY_EDGE_ROW_20_Right_20 of gf180mcu_fd_sc_mcu7t5v0__endcap in cell pixel_pwm
Note:  Implicit pin VNW in instance PHY_EDGE_ROW_21_Left_58 of gf180mcu_fd_sc_mcu7t5v0__endcap in cell pixel_pwm
Note:  Implicit pin VPW in instance PHY_EDGE_ROW_21_Left_58 of gf180mcu_fd_sc_mcu7t5v0__endcap in cell pixel_pwm
Note:  Implicit pin VNW in instance PHY_EDGE_ROW_21_Right_21 of gf180mcu_fd_sc_mcu7t5v0__endcap in cell pixel_pwm
Note:  Implicit pin VPW in instance PHY_EDGE_ROW_21_Right_21 of gf180mcu_fd_sc_mcu7t5v0__endcap in cell pixel_pwm
Note:  Implicit pin VNW in instance PHY_EDGE_ROW_22_Left_59 of gf180mcu_fd_sc_mcu7t5v0__endcap in cell pixel_pwm
Note:  Implicit pin VPW in instance PHY_EDGE_ROW_22_Left_59 of gf180mcu_fd_sc_mcu7t5v0__endcap in cell pixel_pwm
Note:  Implicit pin VNW in instance PHY_EDGE_ROW_22_Right_22 of gf180mcu_fd_sc_mcu7t5v0__endcap in cell pixel_pwm
Note:  Implicit pin VPW in instance PHY_EDGE_ROW_22_Right_22 of gf180mcu_fd_sc_mcu7t5v0__endcap in cell pixel_pwm
Note:  Implicit pin VNW in instance PHY_EDGE_ROW_23_Left_60 of gf180mcu_fd_sc_mcu7t5v0__endcap in cell pixel_pwm
Note:  Implicit pin VPW in instance PHY_EDGE_ROW_23_Left_60 of gf180mcu_fd_sc_mcu7t5v0__endcap in cell pixel_pwm
Note:  Implicit pin VNW in instance PHY_EDGE_ROW_23_Right_23 of gf180mcu_fd_sc_mcu7t5v0__endcap in cell pixel_pwm
Note:  Implicit pin VPW in instance PHY_EDGE_ROW_23_Right_23 of gf180mcu_fd_sc_mcu7t5v0__endcap in cell pixel_pwm
Note:  Implicit pin VNW in instance PHY_EDGE_ROW_24_Left_61 of gf180mcu_fd_sc_mcu7t5v0__endcap in cell pixel_pwm
Note:  Implicit pin VPW in instance PHY_EDGE_ROW_24_Left_61 of gf180mcu_fd_sc_mcu7t5v0__endcap in cell pixel_pwm
Note:  Implicit pin VNW in instance PHY_EDGE_ROW_24_Right_24 of gf180mcu_fd_sc_mcu7t5v0__endcap in cell pixel_pwm
Note:  Implicit pin VPW in instance PHY_EDGE_ROW_24_Right_24 of gf180mcu_fd_sc_mcu7t5v0__endcap in cell pixel_pwm
Note:  Implicit pin VNW in instance PHY_EDGE_ROW_25_Left_62 of gf180mcu_fd_sc_mcu7t5v0__endcap in cell pixel_pwm
Note:  Implicit pin VPW in instance PHY_EDGE_ROW_25_Left_62 of gf180mcu_fd_sc_mcu7t5v0__endcap in cell pixel_pwm
Note:  Implicit pin VNW in instance PHY_EDGE_ROW_25_Right_25 of gf180mcu_fd_sc_mcu7t5v0__endcap in cell pixel_pwm
Note:  Implicit pin VPW in instance PHY_EDGE_ROW_25_Right_25 of gf180mcu_fd_sc_mcu7t5v0__endcap in cell pixel_pwm
Note:  Implicit pin VNW in instance PHY_EDGE_ROW_26_Left_63 of gf180mcu_fd_sc_mcu7t5v0__endcap in cell pixel_pwm
Note:  Implicit pin VPW in instance PHY_EDGE_ROW_26_Left_63 of gf180mcu_fd_sc_mcu7t5v0__endcap in cell pixel_pwm
Note:  Implicit pin VNW in instance PHY_EDGE_ROW_26_Right_26 of gf180mcu_fd_sc_mcu7t5v0__endcap in cell pixel_pwm
Note:  Implicit pin VPW in instance PHY_EDGE_ROW_26_Right_26 of gf180mcu_fd_sc_mcu7t5v0__endcap in cell pixel_pwm
Note:  Implicit pin VNW in instance PHY_EDGE_ROW_27_Left_64 of gf180mcu_fd_sc_mcu7t5v0__endcap in cell pixel_pwm
Note:  Implicit pin VPW in instance PHY_EDGE_ROW_27_Left_64 of gf180mcu_fd_sc_mcu7t5v0__endcap in cell pixel_pwm
Note:  Implicit pin VNW in instance PHY_EDGE_ROW_27_Right_27 of gf180mcu_fd_sc_mcu7t5v0__endcap in cell pixel_pwm
Note:  Implicit pin VPW in instance PHY_EDGE_ROW_27_Right_27 of gf180mcu_fd_sc_mcu7t5v0__endcap in cell pixel_pwm
Note:  Implicit pin VNW in instance PHY_EDGE_ROW_28_Left_65 of gf180mcu_fd_sc_mcu7t5v0__endcap in cell pixel_pwm
Note:  Implicit pin VPW in instance PHY_EDGE_ROW_28_Left_65 of gf180mcu_fd_sc_mcu7t5v0__endcap in cell pixel_pwm
Note:  Implicit pin VNW in instance PHY_EDGE_ROW_28_Right_28 of gf180mcu_fd_sc_mcu7t5v0__endcap in cell pixel_pwm
Note:  Implicit pin VPW in instance PHY_EDGE_ROW_28_Right_28 of gf180mcu_fd_sc_mcu7t5v0__endcap in cell pixel_pwm
Note:  Implicit pin VNW in instance PHY_EDGE_ROW_29_Left_66 of gf180mcu_fd_sc_mcu7t5v0__endcap in cell pixel_pwm
Note:  Implicit pin VPW in instance PHY_EDGE_ROW_29_Left_66 of gf180mcu_fd_sc_mcu7t5v0__endcap in cell pixel_pwm
Note:  Implicit pin VNW in instance PHY_EDGE_ROW_29_Right_29 of gf180mcu_fd_sc_mcu7t5v0__endcap in cell pixel_pwm
Note:  Implicit pin VPW in instance PHY_EDGE_ROW_29_Right_29 of gf180mcu_fd_sc_mcu7t5v0__endcap in cell pixel_pwm
Note:  Implicit pin VNW in instance PHY_EDGE_ROW_2_Left_39 of gf180mcu_fd_sc_mcu7t5v0__endcap in cell pixel_pwm
Note:  Implicit pin VPW in instance PHY_EDGE_ROW_2_Left_39 of gf180mcu_fd_sc_mcu7t5v0__endcap in cell pixel_pwm
Note:  Implicit pin VNW in instance PHY_EDGE_ROW_2_Right_2 of gf180mcu_fd_sc_mcu7t5v0__endcap in cell pixel_pwm
Note:  Implicit pin VPW in instance PHY_EDGE_ROW_2_Right_2 of gf180mcu_fd_sc_mcu7t5v0__endcap in cell pixel_pwm
Note:  Implicit pin VNW in instance PHY_EDGE_ROW_30_Left_67 of gf180mcu_fd_sc_mcu7t5v0__endcap in cell pixel_pwm
Note:  Implicit pin VPW in instance PHY_EDGE_ROW_30_Left_67 of gf180mcu_fd_sc_mcu7t5v0__endcap in cell pixel_pwm
Note:  Implicit pin VNW in instance PHY_EDGE_ROW_30_Right_30 of gf180mcu_fd_sc_mcu7t5v0__endcap in cell pixel_pwm
Note:  Implicit pin VPW in instance PHY_EDGE_ROW_30_Right_30 of gf180mcu_fd_sc_mcu7t5v0__endcap in cell pixel_pwm
Note:  Implicit pin VNW in instance PHY_EDGE_ROW_31_Left_68 of gf180mcu_fd_sc_mcu7t5v0__endcap in cell pixel_pwm
Note:  Implicit pin VPW in instance PHY_EDGE_ROW_31_Left_68 of gf180mcu_fd_sc_mcu7t5v0__endcap in cell pixel_pwm
Note:  Implicit pin VNW in instance PHY_EDGE_ROW_31_Right_31 of gf180mcu_fd_sc_mcu7t5v0__endcap in cell pixel_pwm
Note:  Implicit pin VPW in instance PHY_EDGE_ROW_31_Right_31 of gf180mcu_fd_sc_mcu7t5v0__endcap in cell pixel_pwm
Note:  Implicit pin VNW in instance PHY_EDGE_ROW_32_Left_69 of gf180mcu_fd_sc_mcu7t5v0__endcap in cell pixel_pwm
Note:  Implicit pin VPW in instance PHY_EDGE_ROW_32_Left_69 of gf180mcu_fd_sc_mcu7t5v0__endcap in cell pixel_pwm
Note:  Implicit pin VNW in instance PHY_EDGE_ROW_32_Right_32 of gf180mcu_fd_sc_mcu7t5v0__endcap in cell pixel_pwm
Note:  Implicit pin VPW in instance PHY_EDGE_ROW_32_Right_32 of gf180mcu_fd_sc_mcu7t5v0__endcap in cell pixel_pwm
Note:  Implicit pin VNW in instance PHY_EDGE_ROW_33_Left_70 of gf180mcu_fd_sc_mcu7t5v0__endcap in cell pixel_pwm
Note:  Implicit pin VPW in instance PHY_EDGE_ROW_33_Left_70 of gf180mcu_fd_sc_mcu7t5v0__endcap in cell pixel_pwm
Note:  Implicit pin VNW in instance PHY_EDGE_ROW_33_Right_33 of gf180mcu_fd_sc_mcu7t5v0__endcap in cell pixel_pwm
Note:  Implicit pin VPW in instance PHY_EDGE_ROW_33_Right_33 of gf180mcu_fd_sc_mcu7t5v0__endcap in cell pixel_pwm
Note:  Implicit pin VNW in instance PHY_EDGE_ROW_34_Left_71 of gf180mcu_fd_sc_mcu7t5v0__endcap in cell pixel_pwm
Note:  Implicit pin VPW in instance PHY_EDGE_ROW_34_Left_71 of gf180mcu_fd_sc_mcu7t5v0__endcap in cell pixel_pwm
Note:  Implicit pin VNW in instance PHY_EDGE_ROW_34_Right_34 of gf180mcu_fd_sc_mcu7t5v0__endcap in cell pixel_pwm
Note:  Implicit pin VPW in instance PHY_EDGE_ROW_34_Right_34 of gf180mcu_fd_sc_mcu7t5v0__endcap in cell pixel_pwm
Note:  Implicit pin VNW in instance PHY_EDGE_ROW_35_Left_72 of gf180mcu_fd_sc_mcu7t5v0__endcap in cell pixel_pwm
Note:  Implicit pin VPW in instance PHY_EDGE_ROW_35_Left_72 of gf180mcu_fd_sc_mcu7t5v0__endcap in cell pixel_pwm
Note:  Implicit pin VNW in instance PHY_EDGE_ROW_35_Right_35 of gf180mcu_fd_sc_mcu7t5v0__endcap in cell pixel_pwm
Note:  Implicit pin VPW in instance PHY_EDGE_ROW_35_Right_35 of gf180mcu_fd_sc_mcu7t5v0__endcap in cell pixel_pwm
Note:  Implicit pin VNW in instance PHY_EDGE_ROW_36_Left_73 of gf180mcu_fd_sc_mcu7t5v0__endcap in cell pixel_pwm
Note:  Implicit pin VPW in instance PHY_EDGE_ROW_36_Left_73 of gf180mcu_fd_sc_mcu7t5v0__endcap in cell pixel_pwm
Note:  Implicit pin VNW in instance PHY_EDGE_ROW_36_Right_36 of gf180mcu_fd_sc_mcu7t5v0__endcap in cell pixel_pwm
Note:  Implicit pin VPW in instance PHY_EDGE_ROW_36_Right_36 of gf180mcu_fd_sc_mcu7t5v0__endcap in cell pixel_pwm
Note:  Implicit pin VNW in instance PHY_EDGE_ROW_3_Left_40 of gf180mcu_fd_sc_mcu7t5v0__endcap in cell pixel_pwm
Note:  Implicit pin VPW in instance PHY_EDGE_ROW_3_Left_40 of gf180mcu_fd_sc_mcu7t5v0__endcap in cell pixel_pwm
Note:  Implicit pin VNW in instance PHY_EDGE_ROW_3_Right_3 of gf180mcu_fd_sc_mcu7t5v0__endcap in cell pixel_pwm
Note:  Implicit pin VPW in instance PHY_EDGE_ROW_3_Right_3 of gf180mcu_fd_sc_mcu7t5v0__endcap in cell pixel_pwm
Note:  Implicit pin VNW in instance PHY_EDGE_ROW_4_Left_41 of gf180mcu_fd_sc_mcu7t5v0__endcap in cell pixel_pwm
Note:  Implicit pin VPW in instance PHY_EDGE_ROW_4_Left_41 of gf180mcu_fd_sc_mcu7t5v0__endcap in cell pixel_pwm
Note:  Implicit pin VNW in instance PHY_EDGE_ROW_4_Right_4 of gf180mcu_fd_sc_mcu7t5v0__endcap in cell pixel_pwm
Note:  Implicit pin VPW in instance PHY_EDGE_ROW_4_Right_4 of gf180mcu_fd_sc_mcu7t5v0__endcap in cell pixel_pwm
Note:  Implicit pin VNW in instance PHY_EDGE_ROW_5_Left_42 of gf180mcu_fd_sc_mcu7t5v0__endcap in cell pixel_pwm
Note:  Implicit pin VPW in instance PHY_EDGE_ROW_5_Left_42 of gf180mcu_fd_sc_mcu7t5v0__endcap in cell pixel_pwm
Note:  Implicit pin VNW in instance PHY_EDGE_ROW_5_Right_5 of gf180mcu_fd_sc_mcu7t5v0__endcap in cell pixel_pwm
Note:  Implicit pin VPW in instance PHY_EDGE_ROW_5_Right_5 of gf180mcu_fd_sc_mcu7t5v0__endcap in cell pixel_pwm
Note:  Implicit pin VNW in instance PHY_EDGE_ROW_6_Left_43 of gf180mcu_fd_sc_mcu7t5v0__endcap in cell pixel_pwm
Note:  Implicit pin VPW in instance PHY_EDGE_ROW_6_Left_43 of gf180mcu_fd_sc_mcu7t5v0__endcap in cell pixel_pwm
Note:  Implicit pin VNW in instance PHY_EDGE_ROW_6_Right_6 of gf180mcu_fd_sc_mcu7t5v0__endcap in cell pixel_pwm
Note:  Implicit pin VPW in instance PHY_EDGE_ROW_6_Right_6 of gf180mcu_fd_sc_mcu7t5v0__endcap in cell pixel_pwm
Note:  Implicit pin VNW in instance PHY_EDGE_ROW_7_Left_44 of gf180mcu_fd_sc_mcu7t5v0__endcap in cell pixel_pwm
Note:  Implicit pin VPW in instance PHY_EDGE_ROW_7_Left_44 of gf180mcu_fd_sc_mcu7t5v0__endcap in cell pixel_pwm
Note:  Implicit pin VNW in instance PHY_EDGE_ROW_7_Right_7 of gf180mcu_fd_sc_mcu7t5v0__endcap in cell pixel_pwm
Note:  Implicit pin VPW in instance PHY_EDGE_ROW_7_Right_7 of gf180mcu_fd_sc_mcu7t5v0__endcap in cell pixel_pwm
Note:  Implicit pin VNW in instance PHY_EDGE_ROW_8_Left_45 of gf180mcu_fd_sc_mcu7t5v0__endcap in cell pixel_pwm
Note:  Implicit pin VPW in instance PHY_EDGE_ROW_8_Left_45 of gf180mcu_fd_sc_mcu7t5v0__endcap in cell pixel_pwm
Note:  Implicit pin VNW in instance PHY_EDGE_ROW_8_Right_8 of gf180mcu_fd_sc_mcu7t5v0__endcap in cell pixel_pwm
Note:  Implicit pin VPW in instance PHY_EDGE_ROW_8_Right_8 of gf180mcu_fd_sc_mcu7t5v0__endcap in cell pixel_pwm
Note:  Implicit pin VNW in instance PHY_EDGE_ROW_9_Left_46 of gf180mcu_fd_sc_mcu7t5v0__endcap in cell pixel_pwm
Note:  Implicit pin VPW in instance PHY_EDGE_ROW_9_Left_46 of gf180mcu_fd_sc_mcu7t5v0__endcap in cell pixel_pwm
Note:  Implicit pin VNW in instance PHY_EDGE_ROW_9_Right_9 of gf180mcu_fd_sc_mcu7t5v0__endcap in cell pixel_pwm
Note:  Implicit pin VPW in instance PHY_EDGE_ROW_9_Right_9 of gf180mcu_fd_sc_mcu7t5v0__endcap in cell pixel_pwm
Note:  Implicit pin Z in instance clkload0 of gf180mcu_fd_sc_mcu7t5v0__clkbuf_2 in cell pixel_pwm
Warning:  A case-insensitive file has been read and so the	verilog file must be treated case-insensitive to match.
Generating JSON file result

Reading setup file /Users/kimmy/Projects/open-microled-driver-asic/build/layout/pdk/gf180mcuD/libs.tech/netgen/gf180mcuD_setup.tcl

Model nfet_05v0 pin 1 == 3
No property par1 found for device nfet_05v0
No property NRD found for device nfet_05v0
No property NRS found for device nfet_05v0
No property par found for device nfet_05v0
No property sa found for device nfet_05v0
No property sb found for device nfet_05v0
No property sd found for device nfet_05v0
No property par found for device nfet_05v0
No property dtemp found for device nfet_05v0
No property nf found for device nfet_05v0
No property $D found for device nfet_05v0
No property $X found for device nfet_05v0
No property $Y found for device nfet_05v0
Model nfet_05v0 pin 1 == 3
No property par1 found for device nfet_05v0
No property NRD found for device nfet_05v0
No property NRS found for device nfet_05v0
No property par found for device nfet_05v0
No property sa found for device nfet_05v0
No property sb found for device nfet_05v0
No property sd found for device nfet_05v0
No property par found for device nfet_05v0
No property dtemp found for device nfet_05v0
No property nf found for device nfet_05v0
No property as found for device nfet_05v0
No property ad found for device nfet_05v0
No property ps found for device nfet_05v0
No property pd found for device nfet_05v0
No property $D found for device nfet_05v0
No property $X found for device nfet_05v0
No property $Y found for device nfet_05v0
Model nfet_06v0 pin 1 == 3
No property par1 found for device nfet_06v0
No property NRD found for device nfet_06v0
No property NRS found for device nfet_06v0
No property par found for device nfet_06v0
No property sa found for device nfet_06v0
No property sb found for device nfet_06v0
No property sd found for device nfet_06v0
No property par found for device nfet_06v0
No property dtemp found for device nfet_06v0
No property nf found for device nfet_06v0
No property $D found for device nfet_06v0
No property $X found for device nfet_06v0
No property $Y found for device nfet_06v0
Model nfet_06v0 pin 1 == 3
No property par1 found for device nfet_06v0
No property NRD found for device nfet_06v0
No property NRS found for device nfet_06v0
No property par found for device nfet_06v0
No property sa found for device nfet_06v0
No property sb found for device nfet_06v0
No property sd found for device nfet_06v0
No property par found for device nfet_06v0
No property dtemp found for device nfet_06v0
No property nf found for device nfet_06v0
No property as found for device nfet_06v0
No property ad found for device nfet_06v0
No property ps found for device nfet_06v0
No property pd found for device nfet_06v0
No property $D found for device nfet_06v0
No property $X found for device nfet_06v0
No property $Y found for device nfet_06v0
Model pfet_05v0 pin 1 == 3
No property par1 found for device pfet_05v0
No property NRD found for device pfet_05v0
No property NRS found for device pfet_05v0
No property par found for device pfet_05v0
No property sa found for device pfet_05v0
No property sb found for device pfet_05v0
No property sd found for device pfet_05v0
No property par found for device pfet_05v0
No property dtemp found for device pfet_05v0
No property nf found for device pfet_05v0
No property $D found for device pfet_05v0
No property $X found for device pfet_05v0
No property $Y found for device pfet_05v0
Model pfet_05v0 pin 1 == 3
No property par1 found for device pfet_05v0
No property NRD found for device pfet_05v0
No property NRS found for device pfet_05v0
No property par found for device pfet_05v0
No property sa found for device pfet_05v0
No property sb found for device pfet_05v0
No property sd found for device pfet_05v0
No property par found for device pfet_05v0
No property dtemp found for device pfet_05v0
No property nf found for device pfet_05v0
No property as found for device pfet_05v0
No property ad found for device pfet_05v0
No property ps found for device pfet_05v0
No property pd found for device pfet_05v0
No property $D found for device pfet_05v0
No property $X found for device pfet_05v0
No property $Y found for device pfet_05v0
Model pfet_06v0 pin 1 == 3
No property par1 found for device pfet_06v0
No property NRD found for device pfet_06v0
No property NRS found for device pfet_06v0
No property par found for device pfet_06v0
No property sa found for device pfet_06v0
No property sb found for device pfet_06v0
No property sd found for device pfet_06v0
No property par found for device pfet_06v0
No property dtemp found for device pfet_06v0
No property nf found for device pfet_06v0
No property $D found for device pfet_06v0
No property $X found for device pfet_06v0
No property $Y found for device pfet_06v0
Model pfet_06v0 pin 1 == 3
No property par1 found for device pfet_06v0
No property NRD found for device pfet_06v0
No property NRS found for device pfet_06v0
No property par found for device pfet_06v0
No property sa found for device pfet_06v0
No property sb found for device pfet_06v0
No property sd found for device pfet_06v0
No property par found for device pfet_06v0
No property dtemp found for device pfet_06v0
No property nf found for device pfet_06v0
No property as found for device pfet_06v0
No property ad found for device pfet_06v0
No property ps found for device pfet_06v0
No property pd found for device pfet_06v0
No property $D found for device pfet_06v0
No property $X found for device pfet_06v0
No property $Y found for device pfet_06v0
No property par1 found for device diode_nd2ps_06v0
No property par1 found for device diode_pd2nw_06v0
Comparison output logged to file /Users/kimmy/Projects/open-microled-driver-asic/build/integration/r3/netgen-lvs.log
Logging to file "/Users/kimmy/Projects/open-microled-driver-asic/build/integration/r3/netgen-lvs.log" enabled
Circuit nfet_05v0 contains no devices.
Circuit pfet_05v0 contains no devices.
Circuit nfet_06v0 contains no devices.
Circuit pfet_06v0 contains no devices.

Contents of circuit 1:  Circuit: 'gf180mcu_fd_sc_mcu7t5v0__fillcap_64'
Circuit gf180mcu_fd_sc_mcu7t5v0__fillcap_64 contains 32 device instances.
  Class: pfet_05v0             instances:  16
  Class: nfet_05v0             instances:  16
Circuit contains 36 nets.
Contents of circuit 2:  Circuit: 'gf180mcu_fd_sc_mcu7t5v0__fillcap_64'
Circuit gf180mcu_fd_sc_mcu7t5v0__fillcap_64 contains 32 device instances.
  Class: pfet_05v0             instances:  16
  Class: nfet_05v0             instances:  16
Circuit contains 36 nets.

Circuit 1 contains 32 devices, Circuit 2 contains 32 devices.
Circuit 1 contains 36 nets,    Circuit 2 contains 36 nets.


Contents of circuit 1:  Circuit: 'gf180mcu_fd_sc_mcu7t5v0__fillcap_4'
Circuit gf180mcu_fd_sc_mcu7t5v0__fillcap_4 contains 2 device instances.
  Class: pfet_05v0             instances:   1
  Class: nfet_05v0             instances:   1
Circuit contains 6 nets.
Contents of circuit 2:  Circuit: 'gf180mcu_fd_sc_mcu7t5v0__fillcap_4'
Circuit gf180mcu_fd_sc_mcu7t5v0__fillcap_4 contains 2 device instances.
  Class: pfet_05v0             instances:   1
  Class: nfet_05v0             instances:   1
Circuit contains 6 nets.

Circuit 1 contains 2 devices, Circuit 2 contains 2 devices.
Circuit 1 contains 6 nets,    Circuit 2 contains 6 nets.


Contents of circuit 1:  Circuit: 'gf180mcu_fd_sc_mcu7t5v0__fillcap_32'
Circuit gf180mcu_fd_sc_mcu7t5v0__fillcap_32 contains 16 device instances.
  Class: pfet_05v0             instances:   8
  Class: nfet_05v0             instances:   8
Circuit contains 20 nets.
Contents of circuit 2:  Circuit: 'gf180mcu_fd_sc_mcu7t5v0__fillcap_32'
Circuit gf180mcu_fd_sc_mcu7t5v0__fillcap_32 contains 16 device instances.
  Class: pfet_05v0             instances:   8
  Class: nfet_05v0             instances:   8
Circuit contains 20 nets.

Circuit 1 contains 16 devices, Circuit 2 contains 16 devices.
Circuit 1 contains 20 nets,    Circuit 2 contains 20 nets.


Contents of circuit 1:  Circuit: 'gf180mcu_fd_sc_mcu7t5v0__fillcap_16'
Circuit gf180mcu_fd_sc_mcu7t5v0__fillcap_16 contains 8 device instances.
  Class: pfet_05v0             instances:   4
  Class: nfet_05v0             instances:   4
Circuit contains 12 nets.
Contents of circuit 2:  Circuit: 'gf180mcu_fd_sc_mcu7t5v0__fillcap_16'
Circuit gf180mcu_fd_sc_mcu7t5v0__fillcap_16 contains 8 device instances.
  Class: pfet_05v0             instances:   4
  Class: nfet_05v0             instances:   4
Circuit contains 12 nets.

Circuit 1 contains 8 devices, Circuit 2 contains 8 devices.
Circuit 1 contains 12 nets,    Circuit 2 contains 12 nets.


Contents of circuit 1:  Circuit: 'gf180mcu_fd_sc_mcu7t5v0__nand2_1'
Circuit gf180mcu_fd_sc_mcu7t5v0__nand2_1 contains 4 device instances.
  Class: pfet_05v0             instances:   2
  Class: nfet_05v0             instances:   2
Circuit contains 8 nets.
Contents of circuit 2:  Circuit: 'gf180mcu_fd_sc_mcu7t5v0__nand2_1'
Circuit gf180mcu_fd_sc_mcu7t5v0__nand2_1 contains 4 device instances.
  Class: pfet_05v0             instances:   2
  Class: nfet_05v0             instances:   2
Circuit contains 8 nets.

Circuit 1 contains 4 devices, Circuit 2 contains 4 devices.
Circuit 1 contains 8 nets,    Circuit 2 contains 8 nets.


Contents of circuit 1:  Circuit: 'gf180mcu_fd_sc_mcu7t5v0__oai222_1'
Circuit gf180mcu_fd_sc_mcu7t5v0__oai222_1 contains 12 device instances.
  Class: pfet_05v0             instances:   6
  Class: nfet_05v0             instances:   6
Circuit contains 16 nets.
Contents of circuit 2:  Circuit: 'gf180mcu_fd_sc_mcu7t5v0__oai222_1'
Circuit gf180mcu_fd_sc_mcu7t5v0__oai222_1 contains 12 device instances.
  Class: pfet_05v0             instances:   6
  Class: nfet_05v0             instances:   6
Circuit contains 16 nets.

Circuit 1 contains 12 devices, Circuit 2 contains 12 devices.
Circuit 1 contains 16 nets,    Circuit 2 contains 16 nets.


Contents of circuit 1:  Circuit: 'gf180mcu_fd_sc_mcu7t5v0__fillcap_8'
Circuit gf180mcu_fd_sc_mcu7t5v0__fillcap_8 contains 4 device instances.
  Class: pfet_05v0             instances:   2
  Class: nfet_05v0             instances:   2
Circuit contains 8 nets.
Contents of circuit 2:  Circuit: 'gf180mcu_fd_sc_mcu7t5v0__fillcap_8'
Circuit gf180mcu_fd_sc_mcu7t5v0__fillcap_8 contains 4 device instances.
  Class: pfet_05v0             instances:   2
  Class: nfet_05v0             instances:   2
Circuit contains 8 nets.

Circuit 1 contains 4 devices, Circuit 2 contains 4 devices.
Circuit 1 contains 8 nets,    Circuit 2 contains 8 nets.


Contents of circuit 1:  Circuit: 'gf180mcu_fd_sc_mcu7t5v0__xor2_1'
Circuit gf180mcu_fd_sc_mcu7t5v0__xor2_1 contains 10 device instances.
  Class: pfet_05v0             instances:   5
  Class: nfet_05v0             instances:   5
Circuit contains 11 nets.
Contents of circuit 2:  Circuit: 'gf180mcu_fd_sc_mcu7t5v0__xor2_1'
Circuit gf180mcu_fd_sc_mcu7t5v0__xor2_1 contains 10 device instances.
  Class: pfet_05v0             instances:   5
  Class: nfet_05v0             instances:   5
Circuit contains 11 nets.

Circuit 1 contains 10 devices, Circuit 2 contains 10 devices.
Circuit 1 contains 11 nets,    Circuit 2 contains 11 nets.


Contents of circuit 1:  Circuit: 'gf180mcu_fd_sc_mcu7t5v0__oai22_1'
Circuit gf180mcu_fd_sc_mcu7t5v0__oai22_1 contains 8 device instances.
  Class: pfet_05v0             instances:   4
  Class: nfet_05v0             instances:   4
Circuit contains 12 nets.
Contents of circuit 2:  Circuit: 'gf180mcu_fd_sc_mcu7t5v0__oai22_1'
Circuit gf180mcu_fd_sc_mcu7t5v0__oai22_1 contains 8 device instances.
  Class: pfet_05v0             instances:   4
  Class: nfet_05v0             instances:   4
Circuit contains 12 nets.

Circuit 1 contains 8 devices, Circuit 2 contains 8 devices.
Circuit 1 contains 12 nets,    Circuit 2 contains 12 nets.


Contents of circuit 1:  Circuit: 'gf180mcu_fd_sc_mcu7t5v0__clkinv_1'
Circuit gf180mcu_fd_sc_mcu7t5v0__clkinv_1 contains 2 device instances.
  Class: pfet_05v0             instances:   1
  Class: nfet_05v0             instances:   1
Circuit contains 6 nets.
Contents of circuit 2:  Circuit: 'gf180mcu_fd_sc_mcu7t5v0__clkinv_1'
Circuit gf180mcu_fd_sc_mcu7t5v0__clkinv_1 contains 2 device instances.
  Class: pfet_05v0             instances:   1
  Class: nfet_05v0             instances:   1
Circuit contains 6 nets.

Circuit 1 contains 2 devices, Circuit 2 contains 2 devices.
Circuit 1 contains 6 nets,    Circuit 2 contains 6 nets.


Contents of circuit 1:  Circuit: 'gf180mcu_fd_sc_mcu7t5v0__buf_2'
Circuit gf180mcu_fd_sc_mcu7t5v0__buf_2 contains 6 device instances.
  Class: pfet_05v0             instances:   3
  Class: nfet_05v0             instances:   3
Circuit contains 7 nets.
Contents of circuit 2:  Circuit: 'gf180mcu_fd_sc_mcu7t5v0__buf_2'
Circuit gf180mcu_fd_sc_mcu7t5v0__buf_2 contains 6 device instances.
  Class: pfet_05v0             instances:   3
  Class: nfet_05v0             instances:   3
Circuit contains 7 nets.

Circuit was modified by parallel/series device merging.
New circuit summary:

Contents of circuit 1:  Circuit: 'gf180mcu_fd_sc_mcu7t5v0__buf_2'
Circuit gf180mcu_fd_sc_mcu7t5v0__buf_2 contains 4 device instances.
  Class: pfet_05v0             instances:   2
  Class: nfet_05v0             instances:   2
Circuit contains 7 nets.
Contents of circuit 2:  Circuit: 'gf180mcu_fd_sc_mcu7t5v0__buf_2'
Circuit gf180mcu_fd_sc_mcu7t5v0__buf_2 contains 4 device instances.
  Class: pfet_05v0             instances:   2
  Class: nfet_05v0             instances:   2
Circuit contains 7 nets.

Circuit 1 contains 4 devices, Circuit 2 contains 4 devices.
Circuit 1 contains 7 nets,    Circuit 2 contains 7 nets.


Contents of circuit 1:  Circuit: 'gf180mcu_fd_sc_mcu7t5v0__clkbuf_2'
Circuit gf180mcu_fd_sc_mcu7t5v0__clkbuf_2 contains 6 device instances.
  Class: pfet_05v0             instances:   3
  Class: nfet_05v0             instances:   3
Circuit contains 7 nets.
Contents of circuit 2:  Circuit: 'gf180mcu_fd_sc_mcu7t5v0__clkbuf_2'
Circuit gf180mcu_fd_sc_mcu7t5v0__clkbuf_2 contains 6 device instances.
  Class: pfet_05v0             instances:   3
  Class: nfet_05v0             instances:   3
Circuit contains 7 nets.

Circuit was modified by parallel/series device merging.
New circuit summary:

Contents of circuit 1:  Circuit: 'gf180mcu_fd_sc_mcu7t5v0__clkbuf_2'
Circuit gf180mcu_fd_sc_mcu7t5v0__clkbuf_2 contains 4 device instances.
  Class: pfet_05v0             instances:   2
  Class: nfet_05v0             instances:   2
Circuit contains 7 nets.
Contents of circuit 2:  Circuit: 'gf180mcu_fd_sc_mcu7t5v0__clkbuf_2'
Circuit gf180mcu_fd_sc_mcu7t5v0__clkbuf_2 contains 4 device instances.
  Class: pfet_05v0             instances:   2
  Class: nfet_05v0             instances:   2
Circuit contains 7 nets.

Circuit 1 contains 4 devices, Circuit 2 contains 4 devices.
Circuit 1 contains 7 nets,    Circuit 2 contains 7 nets.


Contents of circuit 1:  Circuit: 'gf180mcu_fd_sc_mcu7t5v0__dffq_1'
Circuit gf180mcu_fd_sc_mcu7t5v0__dffq_1 contains 24 device instances.
  Class: pfet_05v0             instances:  12
  Class: nfet_05v0             instances:  12
Circuit contains 19 nets.
Contents of circuit 2:  Circuit: 'gf180mcu_fd_sc_mcu7t5v0__dffq_1'
Circuit gf180mcu_fd_sc_mcu7t5v0__dffq_1 contains 24 device instances.
  Class: pfet_05v0             instances:  12
  Class: nfet_05v0             instances:  12
Circuit contains 19 nets.

Circuit 1 contains 24 devices, Circuit 2 contains 24 devices.
Circuit 1 contains 19 nets,    Circuit 2 contains 19 nets.


Contents of circuit 1:  Circuit: 'gf180mcu_fd_sc_mcu7t5v0__nand3_1'
Circuit gf180mcu_fd_sc_mcu7t5v0__nand3_1 contains 6 device instances.
  Class: pfet_05v0             instances:   3
  Class: nfet_05v0             instances:   3
Circuit contains 10 nets.
Contents of circuit 2:  Circuit: 'gf180mcu_fd_sc_mcu7t5v0__nand3_1'
Circuit gf180mcu_fd_sc_mcu7t5v0__nand3_1 contains 6 device instances.
  Class: pfet_05v0             instances:   3
  Class: nfet_05v0             instances:   3
Circuit contains 10 nets.

Circuit 1 contains 6 devices, Circuit 2 contains 6 devices.
Circuit 1 contains 10 nets,    Circuit 2 contains 10 nets.


Contents of circuit 1:  Circuit: 'gf180mcu_fd_sc_mcu7t5v0__nand4_1'
Circuit gf180mcu_fd_sc_mcu7t5v0__nand4_1 contains 8 device instances.
  Class: pfet_05v0             instances:   4
  Class: nfet_05v0             instances:   4
Circuit contains 12 nets.
Contents of circuit 2:  Circuit: 'gf180mcu_fd_sc_mcu7t5v0__nand4_1'
Circuit gf180mcu_fd_sc_mcu7t5v0__nand4_1 contains 8 device instances.
  Class: pfet_05v0             instances:   4
  Class: nfet_05v0             instances:   4
Circuit contains 12 nets.

Circuit 1 contains 8 devices, Circuit 2 contains 8 devices.
Circuit 1 contains 12 nets,    Circuit 2 contains 12 nets.


Contents of circuit 1:  Circuit: 'gf180mcu_fd_sc_mcu7t5v0__clkbuf_16'
Circuit gf180mcu_fd_sc_mcu7t5v0__clkbuf_16 contains 46 device instances.
  Class: pfet_05v0             instances:  24
  Class: nfet_05v0             instances:  22
Circuit contains 7 nets.
Contents of circuit 2:  Circuit: 'gf180mcu_fd_sc_mcu7t5v0__clkbuf_16'
Circuit gf180mcu_fd_sc_mcu7t5v0__clkbuf_16 contains 46 device instances.
  Class: pfet_05v0             instances:  24
  Class: nfet_05v0             instances:  22
Circuit contains 7 nets.

Circuit was modified by parallel/series device merging.
New circuit summary:

Contents of circuit 1:  Circuit: 'gf180mcu_fd_sc_mcu7t5v0__clkbuf_16'
Circuit gf180mcu_fd_sc_mcu7t5v0__clkbuf_16 contains 4 device instances.
  Class: pfet_05v0             instances:   2
  Class: nfet_05v0             instances:   2
Circuit contains 7 nets.
Contents of circuit 2:  Circuit: 'gf180mcu_fd_sc_mcu7t5v0__clkbuf_16'
Circuit gf180mcu_fd_sc_mcu7t5v0__clkbuf_16 contains 4 device instances.
  Class: pfet_05v0             instances:   2
  Class: nfet_05v0             instances:   2
Circuit contains 7 nets.

Circuit 1 contains 4 devices, Circuit 2 contains 4 devices.
Circuit 1 contains 7 nets,    Circuit 2 contains 7 nets.


Contents of circuit 1:  Circuit: 'gf180mcu_fd_sc_mcu7t5v0__oai21_1'
Circuit gf180mcu_fd_sc_mcu7t5v0__oai21_1 contains 6 device instances.
  Class: pfet_05v0             instances:   3
  Class: nfet_05v0             instances:   3
Circuit contains 10 nets.
Contents of circuit 2:  Circuit: 'gf180mcu_fd_sc_mcu7t5v0__oai21_1'
Circuit gf180mcu_fd_sc_mcu7t5v0__oai21_1 contains 6 device instances.
  Class: pfet_05v0             instances:   3
  Class: nfet_05v0             instances:   3
Circuit contains 10 nets.

Circuit 1 contains 6 devices, Circuit 2 contains 6 devices.
Circuit 1 contains 10 nets,    Circuit 2 contains 10 nets.


Contents of circuit 1:  Circuit: 'gf180mcu_fd_sc_mcu7t5v0__nor2_1'
Circuit gf180mcu_fd_sc_mcu7t5v0__nor2_1 contains 4 device instances.
  Class: pfet_05v0             instances:   2
  Class: nfet_05v0             instances:   2
Circuit contains 8 nets.
Contents of circuit 2:  Circuit: 'gf180mcu_fd_sc_mcu7t5v0__nor2_1'
Circuit gf180mcu_fd_sc_mcu7t5v0__nor2_1 contains 4 device instances.
  Class: pfet_05v0             instances:   2
  Class: nfet_05v0             instances:   2
Circuit contains 8 nets.

Circuit 1 contains 4 devices, Circuit 2 contains 4 devices.
Circuit 1 contains 8 nets,    Circuit 2 contains 8 nets.


Contents of circuit 1:  Circuit: 'gf180mcu_fd_sc_mcu7t5v0__aoi22_1'
Circuit gf180mcu_fd_sc_mcu7t5v0__aoi22_1 contains 8 device instances.
  Class: pfet_05v0             instances:   4
  Class: nfet_05v0             instances:   4
Circuit contains 12 nets.
Contents of circuit 2:  Circuit: 'gf180mcu_fd_sc_mcu7t5v0__aoi22_1'
Circuit gf180mcu_fd_sc_mcu7t5v0__aoi22_1 contains 8 device instances.
  Class: pfet_05v0             instances:   4
  Class: nfet_05v0             instances:   4
Circuit contains 12 nets.

Circuit 1 contains 8 devices, Circuit 2 contains 8 devices.
Circuit 1 contains 12 nets,    Circuit 2 contains 12 nets.


Contents of circuit 1:  Circuit: 'gf180mcu_fd_sc_mcu7t5v0__and4_1'
Circuit gf180mcu_fd_sc_mcu7t5v0__and4_1 contains 10 device instances.
  Class: pfet_05v0             instances:   5
  Class: nfet_05v0             instances:   5
Circuit contains 13 nets.
Contents of circuit 2:  Circuit: 'gf180mcu_fd_sc_mcu7t5v0__and4_1'
Circuit gf180mcu_fd_sc_mcu7t5v0__and4_1 contains 10 device instances.
  Class: pfet_05v0             instances:   5
  Class: nfet_05v0             instances:   5
Circuit contains 13 nets.

Circuit 1 contains 10 devices, Circuit 2 contains 10 devices.
Circuit 1 contains 13 nets,    Circuit 2 contains 13 nets.


Contents of circuit 1:  Circuit: 'gf180mcu_fd_sc_mcu7t5v0__or2_1'
Circuit gf180mcu_fd_sc_mcu7t5v0__or2_1 contains 6 device instances.
  Class: pfet_05v0             instances:   3
  Class: nfet_05v0             instances:   3
Circuit contains 9 nets.
Contents of circuit 2:  Circuit: 'gf180mcu_fd_sc_mcu7t5v0__or2_1'
Circuit gf180mcu_fd_sc_mcu7t5v0__or2_1 contains 6 device instances.
  Class: pfet_05v0             instances:   3
  Class: nfet_05v0             instances:   3
Circuit contains 9 nets.

Circuit 1 contains 6 devices, Circuit 2 contains 6 devices.
Circuit 1 contains 9 nets,    Circuit 2 contains 9 nets.


Contents of circuit 1:  Circuit: 'gf180mcu_fd_sc_mcu7t5v0__aoi211_1'
Circuit gf180mcu_fd_sc_mcu7t5v0__aoi211_1 contains 8 device instances.
  Class: pfet_05v0             instances:   4
  Class: nfet_05v0             instances:   4
Circuit contains 12 nets.
Contents of circuit 2:  Circuit: 'gf180mcu_fd_sc_mcu7t5v0__aoi211_1'
Circuit gf180mcu_fd_sc_mcu7t5v0__aoi211_1 contains 8 device instances.
  Class: pfet_05v0             instances:   4
  Class: nfet_05v0             instances:   4
Circuit contains 12 nets.

Circuit 1 contains 8 devices, Circuit 2 contains 8 devices.
Circuit 1 contains 12 nets,    Circuit 2 contains 12 nets.


Contents of circuit 1:  Circuit: 'gf180mcu_fd_sc_mcu7t5v0__aoi221_1'
Circuit gf180mcu_fd_sc_mcu7t5v0__aoi221_1 contains 10 device instances.
  Class: pfet_05v0             instances:   5
  Class: nfet_05v0             instances:   5
Circuit contains 14 nets.
Contents of circuit 2:  Circuit: 'gf180mcu_fd_sc_mcu7t5v0__aoi221_1'
Circuit gf180mcu_fd_sc_mcu7t5v0__aoi221_1 contains 10 device instances.
  Class: pfet_05v0             instances:   5
  Class: nfet_05v0             instances:   5
Circuit contains 14 nets.

Circuit 1 contains 10 devices, Circuit 2 contains 10 devices.
Circuit 1 contains 14 nets,    Circuit 2 contains 14 nets.


Contents of circuit 1:  Circuit: 'gf180mcu_fd_sc_mcu7t5v0__aoi21_1'
Circuit gf180mcu_fd_sc_mcu7t5v0__aoi21_1 contains 6 device instances.
  Class: pfet_05v0             instances:   3
  Class: nfet_05v0             instances:   3
Circuit contains 10 nets.
Contents of circuit 2:  Circuit: 'gf180mcu_fd_sc_mcu7t5v0__aoi21_1'
Circuit gf180mcu_fd_sc_mcu7t5v0__aoi21_1 contains 6 device instances.
  Class: pfet_05v0             instances:   3
  Class: nfet_05v0             instances:   3
Circuit contains 10 nets.

Circuit 1 contains 6 devices, Circuit 2 contains 6 devices.
Circuit 1 contains 10 nets,    Circuit 2 contains 10 nets.


Contents of circuit 1:  Circuit: 'gf180mcu_fd_sc_mcu7t5v0__nor3_1'
Circuit gf180mcu_fd_sc_mcu7t5v0__nor3_1 contains 6 device instances.
  Class: pfet_05v0             instances:   3
  Class: nfet_05v0             instances:   3
Circuit contains 10 nets.
Contents of circuit 2:  Circuit: 'gf180mcu_fd_sc_mcu7t5v0__nor3_1'
Circuit gf180mcu_fd_sc_mcu7t5v0__nor3_1 contains 6 device instances.
  Class: pfet_05v0             instances:   3
  Class: nfet_05v0             instances:   3
Circuit contains 10 nets.

Circuit 1 contains 6 devices, Circuit 2 contains 6 devices.
Circuit 1 contains 10 nets,    Circuit 2 contains 10 nets.


Contents of circuit 1:  Circuit: 'gf180mcu_fd_sc_mcu7t5v0__oai211_1'
Circuit gf180mcu_fd_sc_mcu7t5v0__oai211_1 contains 8 device instances.
  Class: pfet_05v0             instances:   4
  Class: nfet_05v0             instances:   4
Circuit contains 12 nets.
Contents of circuit 2:  Circuit: 'gf180mcu_fd_sc_mcu7t5v0__oai211_1'
Circuit gf180mcu_fd_sc_mcu7t5v0__oai211_1 contains 8 device instances.
  Class: pfet_05v0             instances:   4
  Class: nfet_05v0             instances:   4
Circuit contains 12 nets.

Circuit 1 contains 8 devices, Circuit 2 contains 8 devices.
Circuit 1 contains 12 nets,    Circuit 2 contains 12 nets.


Contents of circuit 1:  Circuit: 'gf180mcu_fd_sc_mcu7t5v0__xnor2_1'
Circuit gf180mcu_fd_sc_mcu7t5v0__xnor2_1 contains 10 device instances.
  Class: pfet_05v0             instances:   5
  Class: nfet_05v0             instances:   5
Circuit contains 11 nets.
Contents of circuit 2:  Circuit: 'gf180mcu_fd_sc_mcu7t5v0__xnor2_1'
Circuit gf180mcu_fd_sc_mcu7t5v0__xnor2_1 contains 10 device instances.
  Class: pfet_05v0             instances:   5
  Class: nfet_05v0             instances:   5
Circuit contains 11 nets.

Circuit 1 contains 10 devices, Circuit 2 contains 10 devices.
Circuit 1 contains 11 nets,    Circuit 2 contains 11 nets.


Contents of circuit 1:  Circuit: 'gf180mcu_fd_sc_mcu7t5v0__and2_1'
Circuit gf180mcu_fd_sc_mcu7t5v0__and2_1 contains 6 device instances.
  Class: pfet_05v0             instances:   3
  Class: nfet_05v0             instances:   3
Circuit contains 9 nets.
Contents of circuit 2:  Circuit: 'gf180mcu_fd_sc_mcu7t5v0__and2_1'
Circuit gf180mcu_fd_sc_mcu7t5v0__and2_1 contains 6 device instances.
  Class: pfet_05v0             instances:   3
  Class: nfet_05v0             instances:   3
Circuit contains 9 nets.

Circuit 1 contains 6 devices, Circuit 2 contains 6 devices.
Circuit 1 contains 9 nets,    Circuit 2 contains 9 nets.


Contents of circuit 1:  Circuit: 'gf180mcu_fd_sc_mcu7t5v0__clkbuf_1'
Circuit gf180mcu_fd_sc_mcu7t5v0__clkbuf_1 contains 4 device instances.
  Class: pfet_05v0             instances:   2
  Class: nfet_05v0             instances:   2
Circuit contains 7 nets.
Contents of circuit 2:  Circuit: 'gf180mcu_fd_sc_mcu7t5v0__clkbuf_1'
Circuit gf180mcu_fd_sc_mcu7t5v0__clkbuf_1 contains 4 device instances.
  Class: pfet_05v0             instances:   2
  Class: nfet_05v0             instances:   2
Circuit contains 7 nets.

Circuit 1 contains 4 devices, Circuit 2 contains 4 devices.
Circuit 1 contains 7 nets,    Circuit 2 contains 7 nets.


Contents of circuit 1:  Circuit: 'gf180mcu_fd_sc_mcu7t5v0__and3_1'
Circuit gf180mcu_fd_sc_mcu7t5v0__and3_1 contains 8 device instances.
  Class: pfet_05v0             instances:   4
  Class: nfet_05v0             instances:   4
Circuit contains 11 nets.
Contents of circuit 2:  Circuit: 'gf180mcu_fd_sc_mcu7t5v0__and3_1'
Circuit gf180mcu_fd_sc_mcu7t5v0__and3_1 contains 8 device instances.
  Class: pfet_05v0             instances:   4
  Class: nfet_05v0             instances:   4
Circuit contains 11 nets.

Circuit 1 contains 8 devices, Circuit 2 contains 8 devices.
Circuit 1 contains 11 nets,    Circuit 2 contains 11 nets.


Contents of circuit 1:  Circuit: 'pixel_driver_layout'
Circuit pixel_driver_layout contains 6 device instances.
  Class: pfet_06v0             instances:   1
  Class: nfet_06v0             instances:   5
Circuit contains 7 nets.
Contents of circuit 2:  Circuit: 'pixel_driver_layout'
Circuit pixel_driver_layout contains 6 device instances.
  Class: pfet_06v0             instances:   1
  Class: nfet_06v0             instances:   5
Circuit contains 7 nets.

Circuit 1 contains 6 devices, Circuit 2 contains 6 devices.
Circuit 1 contains 7 nets,    Circuit 2 contains 7 nets.


Contents of circuit 1:  Circuit: 'pixel_pwm'
Circuit pixel_pwm contains 506 device instances.
  Class: gf180mcu_fd_sc_mcu7t5v0__nand3_1 instances:   2
  Class: gf180mcu_fd_sc_mcu7t5v0__dffq_1 instances:  19
  Class: gf180mcu_fd_sc_mcu7t5v0__and3_1 instances:   1
  Class: gf180mcu_fd_sc_mcu7t5v0__nand2_1 instances:  16
  Class: gf180mcu_fd_sc_mcu7t5v0__oai211_1 instances:   1
  Class: gf180mcu_fd_sc_mcu7t5v0__aoi22_1 instances:   4
  Class: gf180mcu_fd_sc_mcu7t5v0__aoi221_1 instances:   1
  Class: gf180mcu_fd_sc_mcu7t5v0__clkbuf_1 instances:   1
  Class: gf180mcu_fd_sc_mcu7t5v0__clkbuf_2 instances:   1
  Class: gf180mcu_fd_sc_mcu7t5v0__and2_1 instances:   2
  Class: gf180mcu_fd_sc_mcu7t5v0__clkinv_1 instances:   7
  Class: gf180mcu_fd_sc_mcu7t5v0__oai22_1 instances:   2
  Class: gf180mcu_fd_sc_mcu7t5v0__buf_2 instances:  15
  Class: gf180mcu_fd_sc_mcu7t5v0__clkbuf_16 instances:   5
  Class: gf180mcu_fd_sc_mcu7t5v0__aoi21_1 instances:   8
  Class: gf180mcu_fd_sc_mcu7t5v0__aoi211_1 instances:   3
  Class: gf180mcu_fd_sc_mcu7t5v0__nor3_1 instances:   1
  Class: gf180mcu_fd_sc_mcu7t5v0__oai21_1 instances:   7
  Class: gf180mcu_fd_sc_mcu7t5v0__fillcap_4 instances: 142
  Class: gf180mcu_fd_sc_mcu7t5v0__fillcap_8 instances:  54
  Class: gf180mcu_fd_sc_mcu7t5v0__fillcap_64 instances:  80
  Class: gf180mcu_fd_sc_mcu7t5v0__fillcap_16 instances:  58
  Class: gf180mcu_fd_sc_mcu7t5v0__xnor2_1 instances:   1
  Class: gf180mcu_fd_sc_mcu7t5v0__nor2_1 instances:   8
  Class: gf180mcu_fd_sc_mcu7t5v0__nand4_1 instances:   2
  Class: gf180mcu_fd_sc_mcu7t5v0__or2_1 instances:   2
  Class: gf180mcu_fd_sc_mcu7t5v0__oai222_1 instances:   1
  Class: gf180mcu_fd_sc_mcu7t5v0__fillcap_32 instances:  55
  Class: gf180mcu_fd_sc_mcu7t5v0__xor2_1 instances:   5
  Class: gf180mcu_fd_sc_mcu7t5v0__and4_1 instances:   2
Circuit contains 131 nets.
Contents of circuit 2:  Circuit: 'pixel_pwm'
Circuit pixel_pwm contains 506 device instances.
  Class: gf180mcu_fd_sc_mcu7t5v0__nand3_1 instances:   2
  Class: gf180mcu_fd_sc_mcu7t5v0__dffq_1 instances:  19
  Class: gf180mcu_fd_sc_mcu7t5v0__and3_1 instances:   1
  Class: gf180mcu_fd_sc_mcu7t5v0__nand2_1 instances:  16
  Class: gf180mcu_fd_sc_mcu7t5v0__oai211_1 instances:   1
  Class: gf180mcu_fd_sc_mcu7t5v0__aoi22_1 instances:   4
  Class: gf180mcu_fd_sc_mcu7t5v0__aoi221_1 instances:   1
  Class: gf180mcu_fd_sc_mcu7t5v0__clkbuf_1 instances:   1
  Class: gf180mcu_fd_sc_mcu7t5v0__clkbuf_2 instances:   1
  Class: gf180mcu_fd_sc_mcu7t5v0__and2_1 instances:   2
  Class: gf180mcu_fd_sc_mcu7t5v0__clkinv_1 instances:   7
  Class: gf180mcu_fd_sc_mcu7t5v0__oai22_1 instances:   2
  Class: gf180mcu_fd_sc_mcu7t5v0__buf_2 instances:  15
  Class: gf180mcu_fd_sc_mcu7t5v0__clkbuf_16 instances:   5
  Class: gf180mcu_fd_sc_mcu7t5v0__aoi21_1 instances:   8
  Class: gf180mcu_fd_sc_mcu7t5v0__aoi211_1 instances:   3
  Class: gf180mcu_fd_sc_mcu7t5v0__nor3_1 instances:   1
  Class: gf180mcu_fd_sc_mcu7t5v0__oai21_1 instances:   7
  Class: gf180mcu_fd_sc_mcu7t5v0__fillcap_4 instances: 142
  Class: gf180mcu_fd_sc_mcu7t5v0__fillcap_8 instances:  54
  Class: gf180mcu_fd_sc_mcu7t5v0__fillcap_64 instances:  80
  Class: gf180mcu_fd_sc_mcu7t5v0__fillcap_16 instances:  58
  Class: gf180mcu_fd_sc_mcu7t5v0__xnor2_1 instances:   1
  Class: gf180mcu_fd_sc_mcu7t5v0__nor2_1 instances:   8
  Class: gf180mcu_fd_sc_mcu7t5v0__nand4_1 instances:   2
  Class: gf180mcu_fd_sc_mcu7t5v0__or2_1 instances:   2
  Class: gf180mcu_fd_sc_mcu7t5v0__oai222_1 instances:   1
  Class: gf180mcu_fd_sc_mcu7t5v0__fillcap_32 instances:  55
  Class: gf180mcu_fd_sc_mcu7t5v0__xor2_1 instances:   5
  Class: gf180mcu_fd_sc_mcu7t5v0__and4_1 instances:   2
Circuit contains 279 nets.

Circuit was modified by parallel/series device merging.
New circuit summary:

Contents of circuit 1:  Circuit: 'pixel_pwm'
Circuit pixel_pwm contains 122 device instances.
  Class: gf180mcu_fd_sc_mcu7t5v0__nand3_1 instances:   2
  Class: gf180mcu_fd_sc_mcu7t5v0__dffq_1 instances:  19
  Class: gf180mcu_fd_sc_mcu7t5v0__and3_1 instances:   1
  Class: gf180mcu_fd_sc_mcu7t5v0__nand2_1 instances:  16
  Class: gf180mcu_fd_sc_mcu7t5v0__oai211_1 instances:   1
  Class: gf180mcu_fd_sc_mcu7t5v0__aoi22_1 instances:   4
  Class: gf180mcu_fd_sc_mcu7t5v0__aoi221_1 instances:   1
  Class: gf180mcu_fd_sc_mcu7t5v0__clkbuf_1 instances:   1
  Class: gf180mcu_fd_sc_mcu7t5v0__clkbuf_2 instances:   1
  Class: gf180mcu_fd_sc_mcu7t5v0__and2_1 instances:   2
  Class: gf180mcu_fd_sc_mcu7t5v0__clkinv_1 instances:   7
  Class: gf180mcu_fd_sc_mcu7t5v0__oai22_1 instances:   2
  Class: gf180mcu_fd_sc_mcu7t5v0__buf_2 instances:  15
  Class: gf180mcu_fd_sc_mcu7t5v0__clkbuf_16 instances:   5
  Class: gf180mcu_fd_sc_mcu7t5v0__aoi21_1 instances:   8
  Class: gf180mcu_fd_sc_mcu7t5v0__aoi211_1 instances:   3
  Class: gf180mcu_fd_sc_mcu7t5v0__nor3_1 instances:   1
  Class: gf180mcu_fd_sc_mcu7t5v0__oai21_1 instances:   7
  Class: gf180mcu_fd_sc_mcu7t5v0__fillcap_4 instances:   1
  Class: gf180mcu_fd_sc_mcu7t5v0__fillcap_8 instances:   1
  Class: gf180mcu_fd_sc_mcu7t5v0__fillcap_64 instances:   1
  Class: gf180mcu_fd_sc_mcu7t5v0__fillcap_16 instances:   1
  Class: gf180mcu_fd_sc_mcu7t5v0__xnor2_1 instances:   1
  Class: gf180mcu_fd_sc_mcu7t5v0__nor2_1 instances:   8
  Class: gf180mcu_fd_sc_mcu7t5v0__nand4_1 instances:   2
  Class: gf180mcu_fd_sc_mcu7t5v0__or2_1 instances:   2
  Class: gf180mcu_fd_sc_mcu7t5v0__oai222_1 instances:   1
  Class: gf180mcu_fd_sc_mcu7t5v0__fillcap_32 instances:   1
  Class: gf180mcu_fd_sc_mcu7t5v0__xor2_1 instances:   5
  Class: gf180mcu_fd_sc_mcu7t5v0__and4_1 instances:   2
Circuit contains 131 nets.
Contents of circuit 2:  Circuit: 'pixel_pwm'
Circuit pixel_pwm contains 122 device instances.
  Class: gf180mcu_fd_sc_mcu7t5v0__nand3_1 instances:   2
  Class: gf180mcu_fd_sc_mcu7t5v0__dffq_1 instances:  19
  Class: gf180mcu_fd_sc_mcu7t5v0__and3_1 instances:   1
  Class: gf180mcu_fd_sc_mcu7t5v0__nand2_1 instances:  16
  Class: gf180mcu_fd_sc_mcu7t5v0__oai211_1 instances:   1
  Class: gf180mcu_fd_sc_mcu7t5v0__aoi22_1 instances:   4
  Class: gf180mcu_fd_sc_mcu7t5v0__aoi221_1 instances:   1
  Class: gf180mcu_fd_sc_mcu7t5v0__clkbuf_1 instances:   1
  Class: gf180mcu_fd_sc_mcu7t5v0__clkbuf_2 instances:   1
  Class: gf180mcu_fd_sc_mcu7t5v0__and2_1 instances:   2
  Class: gf180mcu_fd_sc_mcu7t5v0__clkinv_1 instances:   7
  Class: gf180mcu_fd_sc_mcu7t5v0__oai22_1 instances:   2
  Class: gf180mcu_fd_sc_mcu7t5v0__buf_2 instances:  15
  Class: gf180mcu_fd_sc_mcu7t5v0__clkbuf_16 instances:   5
  Class: gf180mcu_fd_sc_mcu7t5v0__aoi21_1 instances:   8
  Class: gf180mcu_fd_sc_mcu7t5v0__aoi211_1 instances:   3
  Class: gf180mcu_fd_sc_mcu7t5v0__nor3_1 instances:   1
  Class: gf180mcu_fd_sc_mcu7t5v0__oai21_1 instances:   7
  Class: gf180mcu_fd_sc_mcu7t5v0__fillcap_4 instances:   1
  Class: gf180mcu_fd_sc_mcu7t5v0__fillcap_8 instances:   1
  Class: gf180mcu_fd_sc_mcu7t5v0__fillcap_64 instances:   1
  Class: gf180mcu_fd_sc_mcu7t5v0__fillcap_16 instances:   1
  Class: gf180mcu_fd_sc_mcu7t5v0__xnor2_1 instances:   1
  Class: gf180mcu_fd_sc_mcu7t5v0__nor2_1 instances:   8
  Class: gf180mcu_fd_sc_mcu7t5v0__nand4_1 instances:   2
  Class: gf180mcu_fd_sc_mcu7t5v0__or2_1 instances:   2
  Class: gf180mcu_fd_sc_mcu7t5v0__oai222_1 instances:   1
  Class: gf180mcu_fd_sc_mcu7t5v0__fillcap_32 instances:   1
  Class: gf180mcu_fd_sc_mcu7t5v0__xor2_1 instances:   5
  Class: gf180mcu_fd_sc_mcu7t5v0__and4_1 instances:   2
Circuit contains 279 nets.

Circuit 1 contains 122 devices, Circuit 2 contains 122 devices.
Circuit 1 contains 131 nets,    Circuit 2 contains 131 nets.


Contents of circuit 1:  Circuit: 'pixel_integrated'
Circuit pixel_integrated contains 2 device instances.
  Class: pixel_pwm             instances:   1
  Class: pixel_driver_layout   instances:   1
Circuit contains 19 nets.
Contents of circuit 2:  Circuit: 'pixel_integrated'
Circuit pixel_integrated contains 2 device instances.
  Class: pixel_pwm             instances:   1
  Class: pixel_driver_layout   instances:   1
Circuit contains 19 nets.

Circuit 1 contains 2 devices, Circuit 2 contains 2 devices.
Circuit 1 contains 19 nets,    Circuit 2 contains 19 nets.


Final result: 
Circuits match uniquely.
.
Logging to file "/Users/kimmy/Projects/open-microled-driver-asic/build/integration/r3/netgen-lvs.log" disabled
LVS Done.
