
Magic 8.3 revision 623 - Compiled on Tue Mar 17 08:19:43 UTC 2026.
Starting magic under Tcl interpreter
Using the terminal as the console.
WARNING: RLIMIT_NOFILE is above 1024 and Tcl_Version<9 this may cause runtime issues [rlim_cur=1048576]
Using NULL graphics device.
Processing system .magicrc file
Switching to WIRING tool.
Switching to NETLIST tool.
Switching to PICK tool.
Switching to BOX tool.
Sourcing design .magicrc for technology gf180mcuD ...
10 Magic internal units = 1 Lambda
Input style import: scaleFactor=10, multiplier=2
The following types are not handled by extraction and will be treated as non-electrical types:
    obsactive mvobsactive filldiff fillpoly m1hole obsm1 fillm1 obsv1 m2hole obsm2 fillm2 obsv2 m3hole obsm3 fillm3 m4hole obsm4 fillm4 m5hole obsm5 fillm5 glass fillblock lvstext obscomment 
Scaled tech values by 10 / 1 to match internal grid scaling
Loading gf180mcuD Device Generator Menu ...
Loading "/Users/kimmy/Projects/open-microled-driver-asic/build/integration/r3/extract.tcl" from command line.
Warning: Calma reading is not undoable!  I hope that's OK.
Library written using GDS-II Release 6.0
Library name: pixel_pwm
Reading "gf180mcu_fd_sc_mcu7t5v0__clkbuf_1".
Reading "gf180mcu_fd_sc_mcu7t5v0__oai211_1".
Reading "gf180mcu_fd_sc_mcu7t5v0__clkbuf_2".
Reading "gf180mcu_fd_sc_mcu7t5v0__nand3_1".
Reading "gf180mcu_fd_sc_mcu7t5v0__oai222_1".
Reading "gf180mcu_fd_sc_mcu7t5v0__oai22_1".
Reading "gf180mcu_fd_sc_mcu7t5v0__clkinv_1".
Reading "gf180mcu_fd_sc_mcu7t5v0__nand4_1".
Reading "gf180mcu_fd_sc_mcu7t5v0__buf_2".
Reading "gf180mcu_fd_sc_mcu7t5v0__xor2_1".
Reading "gf180mcu_fd_sc_mcu7t5v0__nor3_1".
Reading "gf180mcu_fd_sc_mcu7t5v0__aoi221_1".
Reading "gf180mcu_fd_sc_mcu7t5v0__and2_1".
Reading "gf180mcu_fd_sc_mcu7t5v0__clkbuf_16".
Reading "gf180mcu_fd_sc_mcu7t5v0__aoi211_1".
Reading "gf180mcu_fd_sc_mcu7t5v0__and4_1".
Reading "gf180mcu_fd_sc_mcu7t5v0__or2_1".
Reading "gf180mcu_fd_sc_mcu7t5v0__aoi22_1".
Reading "gf180mcu_fd_sc_mcu7t5v0__nor2_1".
Reading "gf180mcu_fd_sc_mcu7t5v0__and3_1".
Reading "gf180mcu_fd_sc_mcu7t5v0__aoi21_1".
Reading "gf180mcu_fd_sc_mcu7t5v0__oai21_1".
Reading "gf180mcu_fd_sc_mcu7t5v0__xnor2_1".
Reading "gf180mcu_fd_sc_mcu7t5v0__nand2_1".
Reading "gf180mcu_fd_sc_mcu7t5v0__dffq_1".
Reading "gf180mcu_fd_sc_mcu7t5v0__fill_2".
Reading "gf180mcu_fd_sc_mcu7t5v0__fillcap_8".
Reading "gf180mcu_fd_sc_mcu7t5v0__fill_1".
Reading "gf180mcu_fd_sc_mcu7t5v0__fillcap_16".
Reading "gf180mcu_fd_sc_mcu7t5v0__fillcap_4".
Reading "gf180mcu_fd_sc_mcu7t5v0__filltie".
Reading "gf180mcu_fd_sc_mcu7t5v0__endcap".
Reading "gf180mcu_fd_sc_mcu7t5v0__fillcap_64".
Reading "gf180mcu_fd_sc_mcu7t5v0__fillcap_32".
Reading "pixel_pwm".
Reading "pixel_driver_layout".
Reading "pixel_integrated".
DRC style is now "drc(full)"
The current style is "drc(full)".
Loading DRC CIF style.
INTEGRATION_DRC_COUNT 0
INTEGRATION_DRC_ALL 
No errors found.
INTEGRATION_DRC_ERRORS 
Extracting gf180mcu_fd_sc_mcu7t5v0__endcap into gf180mcu_fd_sc_mcu7t5v0__endcap.ext:
Extracting gf180mcu_fd_sc_mcu7t5v0__fillcap_32 into gf180mcu_fd_sc_mcu7t5v0__fillcap_32.ext:
Extracting gf180mcu_fd_sc_mcu7t5v0__filltie into gf180mcu_fd_sc_mcu7t5v0__filltie.ext:
Extracting gf180mcu_fd_sc_mcu7t5v0__fillcap_64 into gf180mcu_fd_sc_mcu7t5v0__fillcap_64.ext:
Extracting gf180mcu_fd_sc_mcu7t5v0__fillcap_4 into gf180mcu_fd_sc_mcu7t5v0__fillcap_4.ext:
Extracting gf180mcu_fd_sc_mcu7t5v0__fillcap_16 into gf180mcu_fd_sc_mcu7t5v0__fillcap_16.ext:
Extracting gf180mcu_fd_sc_mcu7t5v0__fill_1 into gf180mcu_fd_sc_mcu7t5v0__fill_1.ext:
Extracting gf180mcu_fd_sc_mcu7t5v0__fillcap_8 into gf180mcu_fd_sc_mcu7t5v0__fillcap_8.ext:
Extracting gf180mcu_fd_sc_mcu7t5v0__fill_2 into gf180mcu_fd_sc_mcu7t5v0__fill_2.ext:
Extracting gf180mcu_fd_sc_mcu7t5v0__dffq_1 into gf180mcu_fd_sc_mcu7t5v0__dffq_1.ext:
Extracting gf180mcu_fd_sc_mcu7t5v0__nand2_1 into gf180mcu_fd_sc_mcu7t5v0__nand2_1.ext:
Extracting gf180mcu_fd_sc_mcu7t5v0__xnor2_1 into gf180mcu_fd_sc_mcu7t5v0__xnor2_1.ext:
Extracting gf180mcu_fd_sc_mcu7t5v0__aoi21_1 into gf180mcu_fd_sc_mcu7t5v0__aoi21_1.ext:
Extracting gf180mcu_fd_sc_mcu7t5v0__oai21_1 into gf180mcu_fd_sc_mcu7t5v0__oai21_1.ext:
Extracting gf180mcu_fd_sc_mcu7t5v0__and3_1 into gf180mcu_fd_sc_mcu7t5v0__and3_1.ext:
Extracting gf180mcu_fd_sc_mcu7t5v0__nor2_1 into gf180mcu_fd_sc_mcu7t5v0__nor2_1.ext:
Extracting gf180mcu_fd_sc_mcu7t5v0__aoi22_1 into gf180mcu_fd_sc_mcu7t5v0__aoi22_1.ext:
Extracting gf180mcu_fd_sc_mcu7t5v0__or2_1 into gf180mcu_fd_sc_mcu7t5v0__or2_1.ext:
Extracting gf180mcu_fd_sc_mcu7t5v0__and4_1 into gf180mcu_fd_sc_mcu7t5v0__and4_1.ext:
Extracting gf180mcu_fd_sc_mcu7t5v0__aoi211_1 into gf180mcu_fd_sc_mcu7t5v0__aoi211_1.ext:
Extracting gf180mcu_fd_sc_mcu7t5v0__clkbuf_16 into gf180mcu_fd_sc_mcu7t5v0__clkbuf_16.ext:
Extracting gf180mcu_fd_sc_mcu7t5v0__and2_1 into gf180mcu_fd_sc_mcu7t5v0__and2_1.ext:
Extracting gf180mcu_fd_sc_mcu7t5v0__nor3_1 into gf180mcu_fd_sc_mcu7t5v0__nor3_1.ext:
Extracting gf180mcu_fd_sc_mcu7t5v0__aoi221_1 into gf180mcu_fd_sc_mcu7t5v0__aoi221_1.ext:
Extracting gf180mcu_fd_sc_mcu7t5v0__xor2_1 into gf180mcu_fd_sc_mcu7t5v0__xor2_1.ext:
Extracting gf180mcu_fd_sc_mcu7t5v0__buf_2 into gf180mcu_fd_sc_mcu7t5v0__buf_2.ext:
Extracting gf180mcu_fd_sc_mcu7t5v0__nand4_1 into gf180mcu_fd_sc_mcu7t5v0__nand4_1.ext:
Extracting gf180mcu_fd_sc_mcu7t5v0__clkinv_1 into gf180mcu_fd_sc_mcu7t5v0__clkinv_1.ext:
Extracting gf180mcu_fd_sc_mcu7t5v0__oai22_1 into gf180mcu_fd_sc_mcu7t5v0__oai22_1.ext:
Extracting gf180mcu_fd_sc_mcu7t5v0__oai222_1 into gf180mcu_fd_sc_mcu7t5v0__oai222_1.ext:
Extracting gf180mcu_fd_sc_mcu7t5v0__nand3_1 into gf180mcu_fd_sc_mcu7t5v0__nand3_1.ext:
Extracting gf180mcu_fd_sc_mcu7t5v0__clkbuf_2 into gf180mcu_fd_sc_mcu7t5v0__clkbuf_2.ext:
Extracting gf180mcu_fd_sc_mcu7t5v0__oai211_1 into gf180mcu_fd_sc_mcu7t5v0__oai211_1.ext:
Extracting gf180mcu_fd_sc_mcu7t5v0__clkbuf_1 into gf180mcu_fd_sc_mcu7t5v0__clkbuf_1.ext:
Extracting pixel_pwm into pixel_pwm.ext:
Extracting pixel_driver_layout into pixel_driver_layout.ext:
Extracting pixel_integrated into pixel_integrated.ext:
exttospice finished.
