
===========================================================================
report_checks -unconstrained
===========================================================================
======================= nom_ff_n40C_3v60 Corner ===================================

Startpoint: duty[8] (input port clocked by clk)
Endpoint: _152_ (rising edge-triggered flip-flop clocked by clk)
Path Group: clk
Path Type: max

Fanout         Cap        Slew       Delay        Time   Description
---------------------------------------------------------------------------------------------
                                  0.000000    0.000000   clock clk (rise edge)
                                  0.000000    0.000000   clock network delay (propagated)
                                200.000000  200.000000 ^ input external delay
     1    0.005702    0.121219    0.052310  200.052307 ^ duty[8] (in)
                                                         duty[8] (net)
                      0.121219    0.000000  200.052307 ^ input9/I (gf180mcu_fd_sc_mcu7t5v0__buf_2)
     2    0.009372    0.102627    0.176072  200.228378 ^ input9/Z (gf180mcu_fd_sc_mcu7t5v0__buf_2)
                                                         net9 (net)
                      0.102627    0.000142  200.228516 ^ _078_/I (gf180mcu_fd_sc_mcu7t5v0__clkinv_1)
     8    0.041223    0.529125    0.379629  200.608154 v _078_/ZN (gf180mcu_fd_sc_mcu7t5v0__clkinv_1)
                                                         _031_ (net)
                      0.529128    0.000725  200.608871 v _090_/A2 (gf180mcu_fd_sc_mcu7t5v0__nand2_1)
     2    0.014624    0.351953    0.363357  200.972229 ^ _090_/ZN (gf180mcu_fd_sc_mcu7t5v0__nand2_1)
                                                         _043_ (net)
                      0.351953    0.000171  200.972397 ^ _092_/A3 (gf180mcu_fd_sc_mcu7t5v0__and4_1)
     1    0.006236    0.183403    0.434667  201.407074 ^ _092_/Z (gf180mcu_fd_sc_mcu7t5v0__and4_1)
                                                         _045_ (net)
                      0.183403    0.000142  201.407211 ^ _098_/A1 (gf180mcu_fd_sc_mcu7t5v0__nand4_1)
     1    0.006968    0.277747    0.186617  201.593826 v _098_/ZN (gf180mcu_fd_sc_mcu7t5v0__nand4_1)
                                                         _051_ (net)
                      0.277747    0.000099  201.593933 v _099_/A3 (gf180mcu_fd_sc_mcu7t5v0__nand3_1)
     1    0.005486    0.251990    0.244114  201.838043 ^ _099_/ZN (gf180mcu_fd_sc_mcu7t5v0__nand3_1)
                                                         _052_ (net)
                      0.251990    0.000057  201.838104 ^ _123_/A1 (gf180mcu_fd_sc_mcu7t5v0__aoi21_1)
     1    0.003279    0.244486    0.100954  201.939056 v _123_/ZN (gf180mcu_fd_sc_mcu7t5v0__aoi21_1)
                                                         _000_ (net)
                      0.244486    0.000057  201.939102 v _152_/D (gf180mcu_fd_sc_mcu7t5v0__dffq_1)
                                            201.939102   data arrival time

                               1000.000000 1000.000000   clock clk (rise edge)
                                  0.000000 1000.000000   clock source latency
     1    0.030234    0.135990    0.063665 1000.063721 ^ clk (in)
                                                         clk (net)
                      0.135993    0.000000 1000.063721 ^ clkbuf_0_clk/I (gf180mcu_fd_sc_mcu7t5v0__clkbuf_16)
     4    0.097485    0.131232    0.223849 1000.287537 ^ clkbuf_0_clk/Z (gf180mcu_fd_sc_mcu7t5v0__clkbuf_16)
                                                         clknet_0_clk (net)
                      0.131232    0.000455 1000.288025 ^ clkbuf_2_2__f_clk/I (gf180mcu_fd_sc_mcu7t5v0__clkbuf_16)
     5    0.025417    0.074300    0.183036 1000.471008 ^ clkbuf_2_2__f_clk/Z (gf180mcu_fd_sc_mcu7t5v0__clkbuf_16)
                                                         clknet_2_2__leaf_clk (net)
                      0.074300    0.000227 1000.471252 ^ _152_/CLK (gf180mcu_fd_sc_mcu7t5v0__dffq_1)
                                 -0.250000 1000.221252   clock uncertainty
                                  0.000000 1000.221252   clock reconvergence pessimism
                                 -0.237480  999.983765   library setup time
                                            999.983765   data required time
---------------------------------------------------------------------------------------------
                                            999.983765   data required time
                                           -201.939102   data arrival time
---------------------------------------------------------------------------------------------
                                            798.044678   slack (MET)




===========================================================================
report_checks --slack_max -0.01
============================================================================
======================= nom_ff_n40C_3v60 Corner ===================================

No paths found.


===========================================================================
 report_check_types -max_slew -max_cap -max_fanout -violators
============================================================================
======================= nom_ff_n40C_3v60 Corner ===================================



===========================================================================
report_parasitic_annotation -report_unannotated
============================================================================
Found 1 unannotated drivers.
 clkload0/Z
Found 0 partially unannotated drivers.

===========================================================================
max slew violation count 0
max fanout violation count 0
max cap violation count 0
============================================================================

===========================================================================
check_setup -verbose -unconstrained_endpoints -multiple_clock -no_clock -no_input_delay -loops -generated_clocks
===========================================================================
