
===========================================================================
report_checks -path_delay min (Hold)
============================================================================
======================= nom_ff_n40C_3v60 Corner ===================================

Startpoint: _170_ (rising edge-triggered flip-flop clocked by clk)
Endpoint: _170_ (rising edge-triggered flip-flop clocked by clk)
Path Group: clk
Path Type: min

Fanout         Cap        Slew       Delay        Time   Description
---------------------------------------------------------------------------------------------
                                  0.000000    0.000000   clock clk (rise edge)
                                  0.000000    0.000000   clock source latency
     1    0.030234    0.135990    0.063646    0.063646 ^ clk (in)
                                                         clk (net)
                      0.135993    0.000000    0.063646 ^ clkbuf_0_clk/I (gf180mcu_fd_sc_mcu7t5v0__clkbuf_16)
     4    0.097485    0.131232    0.223902    0.287548 ^ clkbuf_0_clk/Z (gf180mcu_fd_sc_mcu7t5v0__clkbuf_16)
                                                         clknet_0_clk (net)
                      0.131232    0.000378    0.287926 ^ clkbuf_2_2__f_clk/I (gf180mcu_fd_sc_mcu7t5v0__clkbuf_16)
     5    0.025417    0.074300    0.183095    0.471021 ^ clkbuf_2_2__f_clk/Z (gf180mcu_fd_sc_mcu7t5v0__clkbuf_16)
                                                         clknet_2_2__leaf_clk (net)
                      0.074300    0.000195    0.471216 ^ _170_/CLK (gf180mcu_fd_sc_mcu7t5v0__dffq_1)
     2    0.011308    0.135813    0.545419    1.016635 v _170_/Q (gf180mcu_fd_sc_mcu7t5v0__dffq_1)
                                                         active_enable (net)
                      0.135813    0.000160    1.016796 v _100_/A1 (gf180mcu_fd_sc_mcu7t5v0__nand2_1)
     1    0.005154    0.139346    0.119151    1.135947 ^ _100_/ZN (gf180mcu_fd_sc_mcu7t5v0__nand2_1)
                                                         _053_ (net)
                      0.139346    0.000092    1.136039 ^ _151_/A2 (gf180mcu_fd_sc_mcu7t5v0__aoi21_1)
     1    0.002783    0.090263    0.079811    1.215850 v _151_/ZN (gf180mcu_fd_sc_mcu7t5v0__aoi21_1)
                                                         _018_ (net)
                      0.090263    0.000026    1.215875 v _170_/D (gf180mcu_fd_sc_mcu7t5v0__dffq_1)
                                              1.215875   data arrival time

                                  0.000000    0.000000   clock clk (rise edge)
                                  0.000000    0.000000   clock source latency
     1    0.030234    0.135990    0.070346    0.070346 ^ clk (in)
                                                         clk (net)
                      0.135993    0.000000    0.070346 ^ clkbuf_0_clk/I (gf180mcu_fd_sc_mcu7t5v0__clkbuf_16)
     4    0.097485    0.131232    0.247470    0.317816 ^ clkbuf_0_clk/Z (gf180mcu_fd_sc_mcu7t5v0__clkbuf_16)
                                                         clknet_0_clk (net)
                      0.131232    0.000418    0.318234 ^ clkbuf_2_2__f_clk/I (gf180mcu_fd_sc_mcu7t5v0__clkbuf_16)
     5    0.025417    0.074300    0.202368    0.520602 ^ clkbuf_2_2__f_clk/Z (gf180mcu_fd_sc_mcu7t5v0__clkbuf_16)
                                                         clknet_2_2__leaf_clk (net)
                      0.074300    0.000216    0.520818 ^ _170_/CLK (gf180mcu_fd_sc_mcu7t5v0__dffq_1)
                                  0.250000    0.770818   clock uncertainty
                                 -0.049602    0.721216   clock reconvergence pessimism
                                  0.055248    0.776464   library hold time
                                              0.776464   data required time
---------------------------------------------------------------------------------------------
                                              0.776464   data required time
                                             -1.215875   data arrival time
---------------------------------------------------------------------------------------------
                                              0.439411   slack (MET)


Startpoint: _153_ (rising edge-triggered flip-flop clocked by clk)
Endpoint: _153_ (rising edge-triggered flip-flop clocked by clk)
Path Group: clk
Path Type: min

Fanout         Cap        Slew       Delay        Time   Description
---------------------------------------------------------------------------------------------
                                  0.000000    0.000000   clock clk (rise edge)
                                  0.000000    0.000000   clock source latency
     1    0.030234    0.135990    0.063646    0.063646 ^ clk (in)
                                                         clk (net)
                      0.135993    0.000000    0.063646 ^ clkbuf_0_clk/I (gf180mcu_fd_sc_mcu7t5v0__clkbuf_16)
     4    0.097485    0.131232    0.223902    0.287548 ^ clkbuf_0_clk/Z (gf180mcu_fd_sc_mcu7t5v0__clkbuf_16)
                                                         clknet_0_clk (net)
                      0.131233    0.000695    0.288242 ^ clkbuf_2_1__f_clk/I (gf180mcu_fd_sc_mcu7t5v0__clkbuf_16)
     5    0.026381    0.075055    0.183750    0.471993 ^ clkbuf_2_1__f_clk/Z (gf180mcu_fd_sc_mcu7t5v0__clkbuf_16)
                                                         clknet_2_1__leaf_clk (net)
                      0.075055    0.000196    0.472189 ^ _153_/CLK (gf180mcu_fd_sc_mcu7t5v0__dffq_1)
     6    0.031861    0.278977    0.645809    1.117997 v _153_/Q (gf180mcu_fd_sc_mcu7t5v0__dffq_1)
                                                         counter[0] (net)
                      0.278979    0.000445    1.118442 v _124_/A1 (gf180mcu_fd_sc_mcu7t5v0__nand2_1)
     1    0.002696    0.130799    0.130276    1.248719 ^ _124_/ZN (gf180mcu_fd_sc_mcu7t5v0__nand2_1)
                                                         _001_ (net)
                      0.130799    0.000024    1.248742 ^ _153_/D (gf180mcu_fd_sc_mcu7t5v0__dffq_1)
                                              1.248742   data arrival time

                                  0.000000    0.000000   clock clk (rise edge)
                                  0.000000    0.000000   clock source latency
     1    0.030234    0.135990    0.070346    0.070346 ^ clk (in)
                                                         clk (net)
                      0.135993    0.000000    0.070346 ^ clkbuf_0_clk/I (gf180mcu_fd_sc_mcu7t5v0__clkbuf_16)
     4    0.097485    0.131232    0.247470    0.317816 ^ clkbuf_0_clk/Z (gf180mcu_fd_sc_mcu7t5v0__clkbuf_16)
                                                         clknet_0_clk (net)
                      0.131233    0.000768    0.318584 ^ clkbuf_2_1__f_clk/I (gf180mcu_fd_sc_mcu7t5v0__clkbuf_16)
     5    0.026381    0.075055    0.203092    0.521676 ^ clkbuf_2_1__f_clk/Z (gf180mcu_fd_sc_mcu7t5v0__clkbuf_16)
                                                         clknet_2_1__leaf_clk (net)
                      0.075055    0.000216    0.521893 ^ _153_/CLK (gf180mcu_fd_sc_mcu7t5v0__dffq_1)
                                  0.250000    0.771893   clock uncertainty
                                 -0.049704    0.722189   clock reconvergence pessimism
                                  0.024826    0.747014   library hold time
                                              0.747014   data required time
---------------------------------------------------------------------------------------------
                                              0.747014   data required time
                                             -1.248742   data arrival time
---------------------------------------------------------------------------------------------
                                              0.501728   slack (MET)


Startpoint: _169_ (rising edge-triggered flip-flop clocked by clk)
Endpoint: _169_ (rising edge-triggered flip-flop clocked by clk)
Path Group: clk
Path Type: min

Fanout         Cap        Slew       Delay        Time   Description
---------------------------------------------------------------------------------------------
                                  0.000000    0.000000   clock clk (rise edge)
                                  0.000000    0.000000   clock source latency
     1    0.030234    0.135990    0.063646    0.063646 ^ clk (in)
                                                         clk (net)
                      0.135993    0.000000    0.063646 ^ clkbuf_0_clk/I (gf180mcu_fd_sc_mcu7t5v0__clkbuf_16)
     4    0.097485    0.131232    0.223902    0.287548 ^ clkbuf_0_clk/Z (gf180mcu_fd_sc_mcu7t5v0__clkbuf_16)
                                                         clknet_0_clk (net)
                      0.131232    0.000378    0.287926 ^ clkbuf_2_2__f_clk/I (gf180mcu_fd_sc_mcu7t5v0__clkbuf_16)
     5    0.025417    0.074300    0.183095    0.471021 ^ clkbuf_2_2__f_clk/Z (gf180mcu_fd_sc_mcu7t5v0__clkbuf_16)
                                                         clknet_2_2__leaf_clk (net)
                      0.074300    0.000377    0.471398 ^ _169_/CLK (gf180mcu_fd_sc_mcu7t5v0__dffq_1)
     2    0.010385    0.129287    0.539950    1.011348 v _169_/Q (gf180mcu_fd_sc_mcu7t5v0__dffq_1)
                                                         active_duty[8] (net)
                      0.129287    0.000151    1.011499 v _149_/A1 (gf180mcu_fd_sc_mcu7t5v0__oai21_1)
     1    0.005047    0.222268    0.173994    1.185493 ^ _149_/ZN (gf180mcu_fd_sc_mcu7t5v0__oai21_1)
                                                         _028_ (net)
                      0.222268    0.000095    1.185588 ^ _150_/A2 (gf180mcu_fd_sc_mcu7t5v0__nor2_1)
     1    0.002859    0.118844    0.100638    1.286226 v _150_/ZN (gf180mcu_fd_sc_mcu7t5v0__nor2_1)
                                                         _017_ (net)
                      0.118844    0.000026    1.286252 v _169_/D (gf180mcu_fd_sc_mcu7t5v0__dffq_1)
                                              1.286252   data arrival time

                                  0.000000    0.000000   clock clk (rise edge)
                                  0.000000    0.000000   clock source latency
     1    0.030234    0.135990    0.070346    0.070346 ^ clk (in)
                                                         clk (net)
                      0.135993    0.000000    0.070346 ^ clkbuf_0_clk/I (gf180mcu_fd_sc_mcu7t5v0__clkbuf_16)
     4    0.097485    0.131232    0.247470    0.317816 ^ clkbuf_0_clk/Z (gf180mcu_fd_sc_mcu7t5v0__clkbuf_16)
                                                         clknet_0_clk (net)
                      0.131232    0.000418    0.318234 ^ clkbuf_2_2__f_clk/I (gf180mcu_fd_sc_mcu7t5v0__clkbuf_16)
     5    0.025417    0.074300    0.202368    0.520602 ^ clkbuf_2_2__f_clk/Z (gf180mcu_fd_sc_mcu7t5v0__clkbuf_16)
                                                         clknet_2_2__leaf_clk (net)
                      0.074300    0.000417    0.521019 ^ _169_/CLK (gf180mcu_fd_sc_mcu7t5v0__dffq_1)
                                  0.250000    0.771019   clock uncertainty
                                 -0.049621    0.721398   clock reconvergence pessimism
                                  0.050005    0.771403   library hold time
                                              0.771403   data required time
---------------------------------------------------------------------------------------------
                                              0.771403   data required time
                                             -1.286252   data arrival time
---------------------------------------------------------------------------------------------
                                              0.514849   slack (MET)


Startpoint: _161_ (rising edge-triggered flip-flop clocked by clk)
Endpoint: _161_ (rising edge-triggered flip-flop clocked by clk)
Path Group: clk
Path Type: min

Fanout         Cap        Slew       Delay        Time   Description
---------------------------------------------------------------------------------------------
                                  0.000000    0.000000   clock clk (rise edge)
                                  0.000000    0.000000   clock source latency
     1    0.030234    0.135990    0.063646    0.063646 ^ clk (in)
                                                         clk (net)
                      0.135993    0.000000    0.063646 ^ clkbuf_0_clk/I (gf180mcu_fd_sc_mcu7t5v0__clkbuf_16)
     4    0.097485    0.131232    0.223902    0.287548 ^ clkbuf_0_clk/Z (gf180mcu_fd_sc_mcu7t5v0__clkbuf_16)
                                                         clknet_0_clk (net)
                      0.131232    0.000637    0.288184 ^ clkbuf_2_0__f_clk/I (gf180mcu_fd_sc_mcu7t5v0__clkbuf_16)
     5    0.023178    0.072548    0.181680    0.469864 ^ clkbuf_2_0__f_clk/Z (gf180mcu_fd_sc_mcu7t5v0__clkbuf_16)
                                                         clknet_2_0__leaf_clk (net)
                      0.072548    0.000182    0.470046 ^ _161_/CLK (gf180mcu_fd_sc_mcu7t5v0__dffq_1)
     2    0.014604    0.158894    0.561865    1.031911 v _161_/Q (gf180mcu_fd_sc_mcu7t5v0__dffq_1)
                                                         active_duty[0] (net)
                      0.158894    0.000266    1.032177 v _132_/A1 (gf180mcu_fd_sc_mcu7t5v0__nor2_1)
     1    0.004441    0.207768    0.155460    1.187637 ^ _132_/ZN (gf180mcu_fd_sc_mcu7t5v0__nor2_1)
                                                         _019_ (net)
                      0.207768    0.000081    1.187718 ^ _133_/B (gf180mcu_fd_sc_mcu7t5v0__aoi211_1)
     1    0.002961    0.113690    0.136425    1.324143 v _133_/ZN (gf180mcu_fd_sc_mcu7t5v0__aoi211_1)
                                                         _009_ (net)
                      0.113690    0.000027    1.324170 v _161_/D (gf180mcu_fd_sc_mcu7t5v0__dffq_1)
                                              1.324170   data arrival time

                                  0.000000    0.000000   clock clk (rise edge)
                                  0.000000    0.000000   clock source latency
     1    0.030234    0.135990    0.070346    0.070346 ^ clk (in)
                                                         clk (net)
                      0.135993    0.000000    0.070346 ^ clkbuf_0_clk/I (gf180mcu_fd_sc_mcu7t5v0__clkbuf_16)
     4    0.097485    0.131232    0.247470    0.317816 ^ clkbuf_0_clk/Z (gf180mcu_fd_sc_mcu7t5v0__clkbuf_16)
                                                         clknet_0_clk (net)
                      0.131232    0.000704    0.318520 ^ clkbuf_2_0__f_clk/I (gf180mcu_fd_sc_mcu7t5v0__clkbuf_16)
     5    0.023178    0.072548    0.200804    0.519323 ^ clkbuf_2_0__f_clk/Z (gf180mcu_fd_sc_mcu7t5v0__clkbuf_16)
                                                         clknet_2_0__leaf_clk (net)
                      0.072548    0.000201    0.519525 ^ _161_/CLK (gf180mcu_fd_sc_mcu7t5v0__dffq_1)
                                  0.250000    0.769525   clock uncertainty
                                 -0.049478    0.720046   clock reconvergence pessimism
                                  0.050563    0.770609   library hold time
                                              0.770609   data required time
---------------------------------------------------------------------------------------------
                                              0.770609   data required time
                                             -1.324170   data arrival time
---------------------------------------------------------------------------------------------
                                              0.553561   slack (MET)


Startpoint: _168_ (rising edge-triggered flip-flop clocked by clk)
Endpoint: _168_ (rising edge-triggered flip-flop clocked by clk)
Path Group: clk
Path Type: min

Fanout         Cap        Slew       Delay        Time   Description
---------------------------------------------------------------------------------------------
                                  0.000000    0.000000   clock clk (rise edge)
                                  0.000000    0.000000   clock source latency
     1    0.030234    0.135990    0.063646    0.063646 ^ clk (in)
                                                         clk (net)
                      0.135993    0.000000    0.063646 ^ clkbuf_0_clk/I (gf180mcu_fd_sc_mcu7t5v0__clkbuf_16)
     4    0.097485    0.131232    0.223902    0.287548 ^ clkbuf_0_clk/Z (gf180mcu_fd_sc_mcu7t5v0__clkbuf_16)
                                                         clknet_0_clk (net)
                      0.131232    0.000378    0.287926 ^ clkbuf_2_2__f_clk/I (gf180mcu_fd_sc_mcu7t5v0__clkbuf_16)
     5    0.025417    0.074300    0.183095    0.471021 ^ clkbuf_2_2__f_clk/Z (gf180mcu_fd_sc_mcu7t5v0__clkbuf_16)
                                                         clknet_2_2__leaf_clk (net)
                      0.074300    0.000405    0.471426 ^ _168_/CLK (gf180mcu_fd_sc_mcu7t5v0__dffq_1)
     3    0.023134    0.217319    0.604063    1.075489 v _168_/Q (gf180mcu_fd_sc_mcu7t5v0__dffq_1)
                                                         active_duty[7] (net)
                      0.217319    0.000219    1.075708 v _147_/A1 (gf180mcu_fd_sc_mcu7t5v0__aoi22_1)
     1    0.004626    0.181447    0.157888    1.233595 ^ _147_/ZN (gf180mcu_fd_sc_mcu7t5v0__aoi22_1)
                                                         _027_ (net)
                      0.181447    0.000042    1.233638 ^ _148_/A2 (gf180mcu_fd_sc_mcu7t5v0__nor2_1)
     1    0.002696    0.108405    0.096215    1.329852 v _148_/ZN (gf180mcu_fd_sc_mcu7t5v0__nor2_1)
                                                         _016_ (net)
                      0.108405    0.000024    1.329876 v _168_/D (gf180mcu_fd_sc_mcu7t5v0__dffq_1)
                                              1.329876   data arrival time

                                  0.000000    0.000000   clock clk (rise edge)
                                  0.000000    0.000000   clock source latency
     1    0.030234    0.135990    0.070346    0.070346 ^ clk (in)
                                                         clk (net)
                      0.135993    0.000000    0.070346 ^ clkbuf_0_clk/I (gf180mcu_fd_sc_mcu7t5v0__clkbuf_16)
     4    0.097485    0.131232    0.247470    0.317816 ^ clkbuf_0_clk/Z (gf180mcu_fd_sc_mcu7t5v0__clkbuf_16)
                                                         clknet_0_clk (net)
                      0.131232    0.000418    0.318234 ^ clkbuf_2_2__f_clk/I (gf180mcu_fd_sc_mcu7t5v0__clkbuf_16)
     5    0.025417    0.074300    0.202368    0.520602 ^ clkbuf_2_2__f_clk/Z (gf180mcu_fd_sc_mcu7t5v0__clkbuf_16)
                                                         clknet_2_2__leaf_clk (net)
                      0.074300    0.000448    0.521050 ^ _168_/CLK (gf180mcu_fd_sc_mcu7t5v0__dffq_1)
                                  0.250000    0.771050   clock uncertainty
                                 -0.049624    0.721426   clock reconvergence pessimism
                                  0.051920    0.773346   library hold time
                                              0.773346   data required time
---------------------------------------------------------------------------------------------
                                              0.773346   data required time
                                             -1.329876   data arrival time
---------------------------------------------------------------------------------------------
                                              0.556530   slack (MET)


Startpoint: _167_ (rising edge-triggered flip-flop clocked by clk)
Endpoint: _167_ (rising edge-triggered flip-flop clocked by clk)
Path Group: clk
Path Type: min

Fanout         Cap        Slew       Delay        Time   Description
---------------------------------------------------------------------------------------------
                                  0.000000    0.000000   clock clk (rise edge)
                                  0.000000    0.000000   clock source latency
     1    0.030234    0.135990    0.063646    0.063646 ^ clk (in)
                                                         clk (net)
                      0.135993    0.000000    0.063646 ^ clkbuf_0_clk/I (gf180mcu_fd_sc_mcu7t5v0__clkbuf_16)
     4    0.097485    0.131232    0.223902    0.287548 ^ clkbuf_0_clk/Z (gf180mcu_fd_sc_mcu7t5v0__clkbuf_16)
                                                         clknet_0_clk (net)
                      0.131232    0.000378    0.287926 ^ clkbuf_2_2__f_clk/I (gf180mcu_fd_sc_mcu7t5v0__clkbuf_16)
     5    0.025417    0.074300    0.183095    0.471021 ^ clkbuf_2_2__f_clk/Z (gf180mcu_fd_sc_mcu7t5v0__clkbuf_16)
                                                         clknet_2_2__leaf_clk (net)
                      0.074300    0.000283    0.471304 ^ _167_/CLK (gf180mcu_fd_sc_mcu7t5v0__dffq_1)
     3    0.022714    0.214391    0.601976    1.073280 v _167_/Q (gf180mcu_fd_sc_mcu7t5v0__dffq_1)
                                                         active_duty[6] (net)
                      0.214392    0.000299    1.073578 v _145_/A1 (gf180mcu_fd_sc_mcu7t5v0__aoi22_1)
     1    0.005038    0.188129    0.161622    1.235201 ^ _145_/ZN (gf180mcu_fd_sc_mcu7t5v0__aoi22_1)
                                                         _026_ (net)
                      0.188129    0.000093    1.235294 ^ _146_/A2 (gf180mcu_fd_sc_mcu7t5v0__nor2_1)
     1    0.003071    0.112938    0.099518    1.334812 v _146_/ZN (gf180mcu_fd_sc_mcu7t5v0__nor2_1)
                                                         _015_ (net)
                      0.112938    0.000029    1.334841 v _167_/D (gf180mcu_fd_sc_mcu7t5v0__dffq_1)
                                              1.334841   data arrival time

                                  0.000000    0.000000   clock clk (rise edge)
                                  0.000000    0.000000   clock source latency
     1    0.030234    0.135990    0.070346    0.070346 ^ clk (in)
                                                         clk (net)
                      0.135993    0.000000    0.070346 ^ clkbuf_0_clk/I (gf180mcu_fd_sc_mcu7t5v0__clkbuf_16)
     4    0.097485    0.131232    0.247470    0.317816 ^ clkbuf_0_clk/Z (gf180mcu_fd_sc_mcu7t5v0__clkbuf_16)
                                                         clknet_0_clk (net)
                      0.131232    0.000418    0.318234 ^ clkbuf_2_2__f_clk/I (gf180mcu_fd_sc_mcu7t5v0__clkbuf_16)
     5    0.025417    0.074300    0.202368    0.520602 ^ clkbuf_2_2__f_clk/Z (gf180mcu_fd_sc_mcu7t5v0__clkbuf_16)
                                                         clknet_2_2__leaf_clk (net)
                      0.074300    0.000313    0.520915 ^ _167_/CLK (gf180mcu_fd_sc_mcu7t5v0__dffq_1)
                                  0.250000    0.770915   clock uncertainty
                                 -0.049611    0.721304   clock reconvergence pessimism
                                  0.051088    0.772392   library hold time
                                              0.772392   data required time
---------------------------------------------------------------------------------------------
                                              0.772392   data required time
                                             -1.334841   data arrival time
---------------------------------------------------------------------------------------------
                                              0.562448   slack (MET)


Startpoint: _164_ (rising edge-triggered flip-flop clocked by clk)
Endpoint: _164_ (rising edge-triggered flip-flop clocked by clk)
Path Group: clk
Path Type: min

Fanout         Cap        Slew       Delay        Time   Description
---------------------------------------------------------------------------------------------
                                  0.000000    0.000000   clock clk (rise edge)
                                  0.000000    0.000000   clock source latency
     1    0.030234    0.135990    0.063646    0.063646 ^ clk (in)
                                                         clk (net)
                      0.135993    0.000000    0.063646 ^ clkbuf_0_clk/I (gf180mcu_fd_sc_mcu7t5v0__clkbuf_16)
     4    0.097485    0.131232    0.223902    0.287548 ^ clkbuf_0_clk/Z (gf180mcu_fd_sc_mcu7t5v0__clkbuf_16)
                                                         clknet_0_clk (net)
                      0.131232    0.000637    0.288184 ^ clkbuf_2_0__f_clk/I (gf180mcu_fd_sc_mcu7t5v0__clkbuf_16)
     5    0.023178    0.072548    0.181680    0.469864 ^ clkbuf_2_0__f_clk/Z (gf180mcu_fd_sc_mcu7t5v0__clkbuf_16)
                                                         clknet_2_0__leaf_clk (net)
                      0.072548    0.000127    0.469991 ^ _164_/CLK (gf180mcu_fd_sc_mcu7t5v0__dffq_1)
     2    0.011876    0.140217    0.548422    1.018412 v _164_/Q (gf180mcu_fd_sc_mcu7t5v0__dffq_1)
                                                         active_duty[3] (net)
                      0.140217    0.000159    1.018571 v _138_/A1 (gf180mcu_fd_sc_mcu7t5v0__oai21_1)
     1    0.006588    0.246544    0.198229    1.216800 ^ _138_/ZN (gf180mcu_fd_sc_mcu7t5v0__oai21_1)
                                                         _022_ (net)
                      0.246544    0.000133    1.216933 ^ _139_/B (gf180mcu_fd_sc_mcu7t5v0__aoi21_1)
     1    0.002751    0.105562    0.122994    1.339927 v _139_/ZN (gf180mcu_fd_sc_mcu7t5v0__aoi21_1)
                                                         _012_ (net)
                      0.105562    0.000025    1.339952 v _164_/D (gf180mcu_fd_sc_mcu7t5v0__dffq_1)
                                              1.339952   data arrival time

                                  0.000000    0.000000   clock clk (rise edge)
                                  0.000000    0.000000   clock source latency
     1    0.030234    0.135990    0.070346    0.070346 ^ clk (in)
                                                         clk (net)
                      0.135993    0.000000    0.070346 ^ clkbuf_0_clk/I (gf180mcu_fd_sc_mcu7t5v0__clkbuf_16)
     4    0.097485    0.131232    0.247470    0.317816 ^ clkbuf_0_clk/Z (gf180mcu_fd_sc_mcu7t5v0__clkbuf_16)
                                                         clknet_0_clk (net)
                      0.131232    0.000704    0.318520 ^ clkbuf_2_0__f_clk/I (gf180mcu_fd_sc_mcu7t5v0__clkbuf_16)
     5    0.023178    0.072548    0.200804    0.519323 ^ clkbuf_2_0__f_clk/Z (gf180mcu_fd_sc_mcu7t5v0__clkbuf_16)
                                                         clknet_2_0__leaf_clk (net)
                      0.072548    0.000140    0.519463 ^ _164_/CLK (gf180mcu_fd_sc_mcu7t5v0__dffq_1)
                                  0.250000    0.769463   clock uncertainty
                                 -0.049473    0.719991   clock reconvergence pessimism
                                  0.052047    0.772038   library hold time
                                              0.772038   data required time
---------------------------------------------------------------------------------------------
                                              0.772038   data required time
                                             -1.339952   data arrival time
---------------------------------------------------------------------------------------------
                                              0.567914   slack (MET)


Startpoint: _162_ (rising edge-triggered flip-flop clocked by clk)
Endpoint: _162_ (rising edge-triggered flip-flop clocked by clk)
Path Group: clk
Path Type: min

Fanout         Cap        Slew       Delay        Time   Description
---------------------------------------------------------------------------------------------
                                  0.000000    0.000000   clock clk (rise edge)
                                  0.000000    0.000000   clock source latency
     1    0.030234    0.135990    0.063646    0.063646 ^ clk (in)
                                                         clk (net)
                      0.135993    0.000000    0.063646 ^ clkbuf_0_clk/I (gf180mcu_fd_sc_mcu7t5v0__clkbuf_16)
     4    0.097485    0.131232    0.223902    0.287548 ^ clkbuf_0_clk/Z (gf180mcu_fd_sc_mcu7t5v0__clkbuf_16)
                                                         clknet_0_clk (net)
                      0.131232    0.000637    0.288184 ^ clkbuf_2_0__f_clk/I (gf180mcu_fd_sc_mcu7t5v0__clkbuf_16)
     5    0.023178    0.072548    0.181680    0.469864 ^ clkbuf_2_0__f_clk/Z (gf180mcu_fd_sc_mcu7t5v0__clkbuf_16)
                                                         clknet_2_0__leaf_clk (net)
                      0.072548    0.000185    0.470049 ^ _162_/CLK (gf180mcu_fd_sc_mcu7t5v0__dffq_1)
     3    0.014362    0.157284    0.560774    1.030823 v _162_/Q (gf180mcu_fd_sc_mcu7t5v0__dffq_1)
                                                         active_duty[1] (net)
                      0.157284    0.000187    1.031010 v _134_/A1 (gf180mcu_fd_sc_mcu7t5v0__nor2_1)
     1    0.005071    0.222378    0.163694    1.194704 ^ _134_/ZN (gf180mcu_fd_sc_mcu7t5v0__nor2_1)
                                                         _020_ (net)
                      0.222378    0.000095    1.194799 ^ _135_/B (gf180mcu_fd_sc_mcu7t5v0__aoi211_1)
     1    0.003421    0.131457    0.142167    1.336966 v _135_/ZN (gf180mcu_fd_sc_mcu7t5v0__aoi211_1)
                                                         _010_ (net)
                      0.131457    0.000034    1.337000 v _162_/D (gf180mcu_fd_sc_mcu7t5v0__dffq_1)
                                              1.337000   data arrival time

                                  0.000000    0.000000   clock clk (rise edge)
                                  0.000000    0.000000   clock source latency
     1    0.030234    0.135990    0.070346    0.070346 ^ clk (in)
                                                         clk (net)
                      0.135993    0.000000    0.070346 ^ clkbuf_0_clk/I (gf180mcu_fd_sc_mcu7t5v0__clkbuf_16)
     4    0.097485    0.131232    0.247470    0.317816 ^ clkbuf_0_clk/Z (gf180mcu_fd_sc_mcu7t5v0__clkbuf_16)
                                                         clknet_0_clk (net)
                      0.131232    0.000704    0.318520 ^ clkbuf_2_0__f_clk/I (gf180mcu_fd_sc_mcu7t5v0__clkbuf_16)
     5    0.023178    0.072548    0.200804    0.519323 ^ clkbuf_2_0__f_clk/Z (gf180mcu_fd_sc_mcu7t5v0__clkbuf_16)
                                                         clknet_2_0__leaf_clk (net)
                      0.072548    0.000205    0.519528 ^ _162_/CLK (gf180mcu_fd_sc_mcu7t5v0__dffq_1)
                                  0.250000    0.769528   clock uncertainty
                                 -0.049479    0.720049   clock reconvergence pessimism
                                  0.047317    0.767366   library hold time
                                              0.767366   data required time
---------------------------------------------------------------------------------------------
                                              0.767366   data required time
                                             -1.337000   data arrival time
---------------------------------------------------------------------------------------------
                                              0.569634   slack (MET)


Startpoint: _166_ (rising edge-triggered flip-flop clocked by clk)
Endpoint: _166_ (rising edge-triggered flip-flop clocked by clk)
Path Group: clk
Path Type: min

Fanout         Cap        Slew       Delay        Time   Description
---------------------------------------------------------------------------------------------
                                  0.000000    0.000000   clock clk (rise edge)
                                  0.000000    0.000000   clock source latency
     1    0.030234    0.135990    0.063646    0.063646 ^ clk (in)
                                                         clk (net)
                      0.135993    0.000000    0.063646 ^ clkbuf_0_clk/I (gf180mcu_fd_sc_mcu7t5v0__clkbuf_16)
     4    0.097485    0.131232    0.223902    0.287548 ^ clkbuf_0_clk/Z (gf180mcu_fd_sc_mcu7t5v0__clkbuf_16)
                                                         clknet_0_clk (net)
                      0.131233    0.000695    0.288242 ^ clkbuf_2_1__f_clk/I (gf180mcu_fd_sc_mcu7t5v0__clkbuf_16)
     5    0.026381    0.075055    0.183750    0.471993 ^ clkbuf_2_1__f_clk/Z (gf180mcu_fd_sc_mcu7t5v0__clkbuf_16)
                                                         clknet_2_1__leaf_clk (net)
                      0.075055    0.000265    0.472258 ^ _166_/CLK (gf180mcu_fd_sc_mcu7t5v0__dffq_1)
     3    0.017605    0.179296    0.577216    1.049474 v _166_/Q (gf180mcu_fd_sc_mcu7t5v0__dffq_1)
                                                         active_duty[5] (net)
                      0.179296    0.000198    1.049672 v _142_/A1 (gf180mcu_fd_sc_mcu7t5v0__nor2_1)
     1    0.005108    0.223816    0.169901    1.219573 ^ _142_/ZN (gf180mcu_fd_sc_mcu7t5v0__nor2_1)
                                                         _024_ (net)
                      0.223816    0.000096    1.219670 ^ _143_/B (gf180mcu_fd_sc_mcu7t5v0__aoi211_1)
     1    0.003313    0.136809    0.141453    1.361123 v _143_/ZN (gf180mcu_fd_sc_mcu7t5v0__aoi211_1)
                                                         _014_ (net)
                      0.136809    0.000033    1.361156 v _166_/D (gf180mcu_fd_sc_mcu7t5v0__dffq_1)
                                              1.361156   data arrival time

                                  0.000000    0.000000   clock clk (rise edge)
                                  0.000000    0.000000   clock source latency
     1    0.030234    0.135990    0.070346    0.070346 ^ clk (in)
                                                         clk (net)
                      0.135993    0.000000    0.070346 ^ clkbuf_0_clk/I (gf180mcu_fd_sc_mcu7t5v0__clkbuf_16)
     4    0.097485    0.131232    0.247470    0.317816 ^ clkbuf_0_clk/Z (gf180mcu_fd_sc_mcu7t5v0__clkbuf_16)
                                                         clknet_0_clk (net)
                      0.131233    0.000768    0.318584 ^ clkbuf_2_1__f_clk/I (gf180mcu_fd_sc_mcu7t5v0__clkbuf_16)
     5    0.026381    0.075055    0.203092    0.521676 ^ clkbuf_2_1__f_clk/Z (gf180mcu_fd_sc_mcu7t5v0__clkbuf_16)
                                                         clknet_2_1__leaf_clk (net)
                      0.075055    0.000293    0.521969 ^ _166_/CLK (gf180mcu_fd_sc_mcu7t5v0__dffq_1)
                                  0.250000    0.771969   clock uncertainty
                                 -0.049711    0.722258   clock reconvergence pessimism
                                  0.046868    0.769126   library hold time
                                              0.769126   data required time
---------------------------------------------------------------------------------------------
                                              0.769126   data required time
                                             -1.361156   data arrival time
---------------------------------------------------------------------------------------------
                                              0.592030   slack (MET)


Startpoint: _163_ (rising edge-triggered flip-flop clocked by clk)
Endpoint: _163_ (rising edge-triggered flip-flop clocked by clk)
Path Group: clk
Path Type: min

Fanout         Cap        Slew       Delay        Time   Description
---------------------------------------------------------------------------------------------
                                  0.000000    0.000000   clock clk (rise edge)
                                  0.000000    0.000000   clock source latency
     1    0.030234    0.135990    0.063646    0.063646 ^ clk (in)
                                                         clk (net)
                      0.135993    0.000000    0.063646 ^ clkbuf_0_clk/I (gf180mcu_fd_sc_mcu7t5v0__clkbuf_16)
     4    0.097485    0.131232    0.223902    0.287548 ^ clkbuf_0_clk/Z (gf180mcu_fd_sc_mcu7t5v0__clkbuf_16)
                                                         clknet_0_clk (net)
                      0.131232    0.000637    0.288184 ^ clkbuf_2_0__f_clk/I (gf180mcu_fd_sc_mcu7t5v0__clkbuf_16)
     5    0.023178    0.072548    0.181680    0.469864 ^ clkbuf_2_0__f_clk/Z (gf180mcu_fd_sc_mcu7t5v0__clkbuf_16)
                                                         clknet_2_0__leaf_clk (net)
                      0.072548    0.000101    0.469965 ^ _163_/CLK (gf180mcu_fd_sc_mcu7t5v0__dffq_1)
     3    0.019163    0.189880    0.584237    1.054202 v _163_/Q (gf180mcu_fd_sc_mcu7t5v0__dffq_1)
                                                         active_duty[2] (net)
                      0.189881    0.000266    1.054469 v _136_/A1 (gf180mcu_fd_sc_mcu7t5v0__oai21_1)
     1    0.004918    0.223529    0.187191    1.241660 ^ _136_/ZN (gf180mcu_fd_sc_mcu7t5v0__oai21_1)
                                                         _021_ (net)
                      0.223529    0.000090    1.241749 ^ _137_/B (gf180mcu_fd_sc_mcu7t5v0__aoi21_1)
     1    0.003274    0.100003    0.124550    1.366299 v _137_/ZN (gf180mcu_fd_sc_mcu7t5v0__aoi21_1)
                                                         _011_ (net)
                      0.100003    0.000032    1.366332 v _163_/D (gf180mcu_fd_sc_mcu7t5v0__dffq_1)
                                              1.366332   data arrival time

                                  0.000000    0.000000   clock clk (rise edge)
                                  0.000000    0.000000   clock source latency
     1    0.030234    0.135990    0.070346    0.070346 ^ clk (in)
                                                         clk (net)
                      0.135993    0.000000    0.070346 ^ clkbuf_0_clk/I (gf180mcu_fd_sc_mcu7t5v0__clkbuf_16)
     4    0.097485    0.131232    0.247470    0.317816 ^ clkbuf_0_clk/Z (gf180mcu_fd_sc_mcu7t5v0__clkbuf_16)
                                                         clknet_0_clk (net)
                      0.131232    0.000704    0.318520 ^ clkbuf_2_0__f_clk/I (gf180mcu_fd_sc_mcu7t5v0__clkbuf_16)
     5    0.023178    0.072548    0.200804    0.519323 ^ clkbuf_2_0__f_clk/Z (gf180mcu_fd_sc_mcu7t5v0__clkbuf_16)
                                                         clknet_2_0__leaf_clk (net)
                      0.072548    0.000111    0.519435 ^ _163_/CLK (gf180mcu_fd_sc_mcu7t5v0__dffq_1)
                                  0.250000    0.769435   clock uncertainty
                                 -0.049470    0.719965   clock reconvergence pessimism
                                  0.053063    0.773028   library hold time
                                              0.773028   data required time
---------------------------------------------------------------------------------------------
                                              0.773028   data required time
                                             -1.366332   data arrival time
---------------------------------------------------------------------------------------------
                                              0.593304   slack (MET)


Startpoint: _170_ (rising edge-triggered flip-flop clocked by clk)
Endpoint: _152_ (rising edge-triggered flip-flop clocked by clk)
Path Group: clk
Path Type: min

Fanout         Cap        Slew       Delay        Time   Description
---------------------------------------------------------------------------------------------
                                  0.000000    0.000000   clock clk (rise edge)
                                  0.000000    0.000000   clock source latency
     1    0.030234    0.135990    0.063646    0.063646 ^ clk (in)
                                                         clk (net)
                      0.135993    0.000000    0.063646 ^ clkbuf_0_clk/I (gf180mcu_fd_sc_mcu7t5v0__clkbuf_16)
     4    0.097485    0.131232    0.223902    0.287548 ^ clkbuf_0_clk/Z (gf180mcu_fd_sc_mcu7t5v0__clkbuf_16)
                                                         clknet_0_clk (net)
                      0.131232    0.000378    0.287926 ^ clkbuf_2_2__f_clk/I (gf180mcu_fd_sc_mcu7t5v0__clkbuf_16)
     5    0.025417    0.074300    0.183095    0.471021 ^ clkbuf_2_2__f_clk/Z (gf180mcu_fd_sc_mcu7t5v0__clkbuf_16)
                                                         clknet_2_2__leaf_clk (net)
                      0.074300    0.000195    0.471216 ^ _170_/CLK (gf180mcu_fd_sc_mcu7t5v0__dffq_1)
     2    0.011308    0.135813    0.545419    1.016635 v _170_/Q (gf180mcu_fd_sc_mcu7t5v0__dffq_1)
                                                         active_enable (net)
                      0.135813    0.000151    1.016786 v _122_/B (gf180mcu_fd_sc_mcu7t5v0__oai211_1)
     1    0.011803    0.389480    0.270922    1.287708 ^ _122_/ZN (gf180mcu_fd_sc_mcu7t5v0__oai211_1)
                                                         _075_ (net)
                      0.389480    0.000333    1.288041 ^ _123_/A2 (gf180mcu_fd_sc_mcu7t5v0__aoi21_1)
     1    0.003279    0.106014    0.088398    1.376439 v _123_/ZN (gf180mcu_fd_sc_mcu7t5v0__aoi21_1)
                                                         _000_ (net)
                      0.106014    0.000057    1.376496 v _152_/D (gf180mcu_fd_sc_mcu7t5v0__dffq_1)
                                              1.376496   data arrival time

                                  0.000000    0.000000   clock clk (rise edge)
                                  0.000000    0.000000   clock source latency
     1    0.030234    0.135990    0.070346    0.070346 ^ clk (in)
                                                         clk (net)
                      0.135993    0.000000    0.070346 ^ clkbuf_0_clk/I (gf180mcu_fd_sc_mcu7t5v0__clkbuf_16)
     4    0.097485    0.131232    0.247470    0.317816 ^ clkbuf_0_clk/Z (gf180mcu_fd_sc_mcu7t5v0__clkbuf_16)
                                                         clknet_0_clk (net)
                      0.131232    0.000418    0.318234 ^ clkbuf_2_2__f_clk/I (gf180mcu_fd_sc_mcu7t5v0__clkbuf_16)
     5    0.025417    0.074300    0.202368    0.520602 ^ clkbuf_2_2__f_clk/Z (gf180mcu_fd_sc_mcu7t5v0__clkbuf_16)
                                                         clknet_2_2__leaf_clk (net)
                      0.074300    0.000201    0.520803 ^ _152_/CLK (gf180mcu_fd_sc_mcu7t5v0__dffq_1)
                                  0.250000    0.770803   clock uncertainty
                                 -0.049581    0.721222   clock reconvergence pessimism
                                  0.052358    0.773580   library hold time
                                              0.773580   data required time
---------------------------------------------------------------------------------------------
                                              0.773580   data required time
                                             -1.376496   data arrival time
---------------------------------------------------------------------------------------------
                                              0.602915   slack (MET)


Startpoint: _165_ (rising edge-triggered flip-flop clocked by clk)
Endpoint: _165_ (rising edge-triggered flip-flop clocked by clk)
Path Group: clk
Path Type: min

Fanout         Cap        Slew       Delay        Time   Description
---------------------------------------------------------------------------------------------
                                  0.000000    0.000000   clock clk (rise edge)
                                  0.000000    0.000000   clock source latency
     1    0.030234    0.135990    0.063646    0.063646 ^ clk (in)
                                                         clk (net)
                      0.135993    0.000000    0.063646 ^ clkbuf_0_clk/I (gf180mcu_fd_sc_mcu7t5v0__clkbuf_16)
     4    0.097485    0.131232    0.223902    0.287548 ^ clkbuf_0_clk/Z (gf180mcu_fd_sc_mcu7t5v0__clkbuf_16)
                                                         clknet_0_clk (net)
                      0.131233    0.000695    0.288242 ^ clkbuf_2_1__f_clk/I (gf180mcu_fd_sc_mcu7t5v0__clkbuf_16)
     5    0.026381    0.075055    0.183750    0.471993 ^ clkbuf_2_1__f_clk/Z (gf180mcu_fd_sc_mcu7t5v0__clkbuf_16)
                                                         clknet_2_1__leaf_clk (net)
                      0.075055    0.000226    0.472219 ^ _165_/CLK (gf180mcu_fd_sc_mcu7t5v0__dffq_1)
     3    0.017639    0.179501    0.577304    1.049523 v _165_/Q (gf180mcu_fd_sc_mcu7t5v0__dffq_1)
                                                         active_duty[4] (net)
                      0.179501    0.000245    1.049768 v _140_/A1 (gf180mcu_fd_sc_mcu7t5v0__oai21_1)
     1    0.006188    0.240936    0.201956    1.251724 ^ _140_/ZN (gf180mcu_fd_sc_mcu7t5v0__oai21_1)
                                                         _023_ (net)
                      0.240936    0.000126    1.251850 ^ _141_/B (gf180mcu_fd_sc_mcu7t5v0__aoi21_1)
     1    0.003319    0.115324    0.127003    1.378853 v _141_/ZN (gf180mcu_fd_sc_mcu7t5v0__aoi21_1)
                                                         _013_ (net)
                      0.115324    0.000060    1.378913 v _165_/D (gf180mcu_fd_sc_mcu7t5v0__dffq_1)
                                              1.378913   data arrival time

                                  0.000000    0.000000   clock clk (rise edge)
                                  0.000000    0.000000   clock source latency
     1    0.030234    0.135990    0.070346    0.070346 ^ clk (in)
                                                         clk (net)
                      0.135993    0.000000    0.070346 ^ clkbuf_0_clk/I (gf180mcu_fd_sc_mcu7t5v0__clkbuf_16)
     4    0.097485    0.131232    0.247470    0.317816 ^ clkbuf_0_clk/Z (gf180mcu_fd_sc_mcu7t5v0__clkbuf_16)
                                                         clknet_0_clk (net)
                      0.131233    0.000768    0.318584 ^ clkbuf_2_1__f_clk/I (gf180mcu_fd_sc_mcu7t5v0__clkbuf_16)
     5    0.026381    0.075055    0.203092    0.521676 ^ clkbuf_2_1__f_clk/Z (gf180mcu_fd_sc_mcu7t5v0__clkbuf_16)
                                                         clknet_2_1__leaf_clk (net)
                      0.075055    0.000250    0.521926 ^ _165_/CLK (gf180mcu_fd_sc_mcu7t5v0__dffq_1)
                                  0.250000    0.771926   clock uncertainty
                                 -0.049707    0.722219   clock reconvergence pessimism
                                  0.050817    0.773035   library hold time
                                              0.773035   data required time
---------------------------------------------------------------------------------------------
                                              0.773035   data required time
                                             -1.378913   data arrival time
---------------------------------------------------------------------------------------------
                                              0.605877   slack (MET)


Startpoint: _155_ (rising edge-triggered flip-flop clocked by clk)
Endpoint: _155_ (rising edge-triggered flip-flop clocked by clk)
Path Group: clk
Path Type: min

Fanout         Cap        Slew       Delay        Time   Description
---------------------------------------------------------------------------------------------
                                  0.000000    0.000000   clock clk (rise edge)
                                  0.000000    0.000000   clock source latency
     1    0.030234    0.135990    0.063646    0.063646 ^ clk (in)
                                                         clk (net)
                      0.135993    0.000000    0.063646 ^ clkbuf_0_clk/I (gf180mcu_fd_sc_mcu7t5v0__clkbuf_16)
     4    0.097485    0.131232    0.223902    0.287548 ^ clkbuf_0_clk/Z (gf180mcu_fd_sc_mcu7t5v0__clkbuf_16)
                                                         clknet_0_clk (net)
                      0.131233    0.000695    0.288242 ^ clkbuf_2_1__f_clk/I (gf180mcu_fd_sc_mcu7t5v0__clkbuf_16)
     5    0.026381    0.075055    0.183750    0.471993 ^ clkbuf_2_1__f_clk/Z (gf180mcu_fd_sc_mcu7t5v0__clkbuf_16)
                                                         clknet_2_1__leaf_clk (net)
                      0.075055    0.000127    0.472120 ^ _155_/CLK (gf180mcu_fd_sc_mcu7t5v0__dffq_1)
     3    0.011817    0.139765    0.548622    1.020741 v _155_/Q (gf180mcu_fd_sc_mcu7t5v0__dffq_1)
                                                         counter[2] (net)
                      0.139765    0.000156    1.020897 v _101_/B (gf180mcu_fd_sc_mcu7t5v0__aoi21_1)
     3    0.016475    0.417342    0.290989    1.311885 ^ _101_/ZN (gf180mcu_fd_sc_mcu7t5v0__aoi21_1)
                                                         _054_ (net)
                      0.417342    0.000243    1.312128 ^ _126_/A2 (gf180mcu_fd_sc_mcu7t5v0__oai21_1)
     1    0.003486    0.161124    0.130313    1.442441 v _126_/ZN (gf180mcu_fd_sc_mcu7t5v0__oai21_1)
                                                         _003_ (net)
                      0.161124    0.000064    1.442504 v _155_/D (gf180mcu_fd_sc_mcu7t5v0__dffq_1)
                                              1.442504   data arrival time

                                  0.000000    0.000000   clock clk (rise edge)
                                  0.000000    0.000000   clock source latency
     1    0.030234    0.135990    0.070346    0.070346 ^ clk (in)
                                                         clk (net)
                      0.135993    0.000000    0.070346 ^ clkbuf_0_clk/I (gf180mcu_fd_sc_mcu7t5v0__clkbuf_16)
     4    0.097485    0.131232    0.247470    0.317816 ^ clkbuf_0_clk/Z (gf180mcu_fd_sc_mcu7t5v0__clkbuf_16)
                                                         clknet_0_clk (net)
                      0.131233    0.000768    0.318584 ^ clkbuf_2_1__f_clk/I (gf180mcu_fd_sc_mcu7t5v0__clkbuf_16)
     5    0.026381    0.075055    0.203092    0.521676 ^ clkbuf_2_1__f_clk/Z (gf180mcu_fd_sc_mcu7t5v0__clkbuf_16)
                                                         clknet_2_1__leaf_clk (net)
                      0.075055    0.000140    0.521816 ^ _155_/CLK (gf180mcu_fd_sc_mcu7t5v0__dffq_1)
                                  0.250000    0.771816   clock uncertainty
                                 -0.049697    0.722120   clock reconvergence pessimism
                                  0.042399    0.764518   library hold time
                                              0.764518   data required time
---------------------------------------------------------------------------------------------
                                              0.764518   data required time
                                             -1.442504   data arrival time
---------------------------------------------------------------------------------------------
                                              0.677986   slack (MET)


Startpoint: _159_ (rising edge-triggered flip-flop clocked by clk)
Endpoint: _159_ (rising edge-triggered flip-flop clocked by clk)
Path Group: clk
Path Type: min

Fanout         Cap        Slew       Delay        Time   Description
---------------------------------------------------------------------------------------------
                                  0.000000    0.000000   clock clk (rise edge)
                                  0.000000    0.000000   clock source latency
     1    0.030234    0.135990    0.063646    0.063646 ^ clk (in)
                                                         clk (net)
                      0.135993    0.000000    0.063646 ^ clkbuf_0_clk/I (gf180mcu_fd_sc_mcu7t5v0__clkbuf_16)
     4    0.097485    0.131232    0.223902    0.287548 ^ clkbuf_0_clk/Z (gf180mcu_fd_sc_mcu7t5v0__clkbuf_16)
                                                         clknet_0_clk (net)
                      0.131232    0.000347    0.287894 ^ clkbuf_2_3__f_clk/I (gf180mcu_fd_sc_mcu7t5v0__clkbuf_16)
     5    0.025845    0.074636    0.183410    0.471305 ^ clkbuf_2_3__f_clk/Z (gf180mcu_fd_sc_mcu7t5v0__clkbuf_16)
                                                         clknet_2_3__leaf_clk (net)
                      0.074636    0.000062    0.471367 ^ _159_/CLK (gf180mcu_fd_sc_mcu7t5v0__dffq_1)
     2    0.013217    0.149530    0.555627    1.026994 v _159_/Q (gf180mcu_fd_sc_mcu7t5v0__dffq_1)
                                                         counter[6] (net)
                      0.149530    0.000126    1.027120 v _115_/A1 (gf180mcu_fd_sc_mcu7t5v0__xor2_1)
     3    0.018478    0.577177    0.362359    1.389479 ^ _115_/Z (gf180mcu_fd_sc_mcu7t5v0__xor2_1)
                                                         _068_ (net)
                      0.577177    0.000272    1.389751 ^ _130_/A2 (gf180mcu_fd_sc_mcu7t5v0__nand2_1)
     1    0.003085    0.164174    0.081456    1.471208 v _130_/ZN (gf180mcu_fd_sc_mcu7t5v0__nand2_1)
                                                         _007_ (net)
                      0.164174    0.000029    1.471237 v _159_/D (gf180mcu_fd_sc_mcu7t5v0__dffq_1)
                                              1.471237   data arrival time

                                  0.000000    0.000000   clock clk (rise edge)
                                  0.000000    0.000000   clock source latency
     1    0.030234    0.135990    0.070346    0.070346 ^ clk (in)
                                                         clk (net)
                      0.135993    0.000000    0.070346 ^ clkbuf_0_clk/I (gf180mcu_fd_sc_mcu7t5v0__clkbuf_16)
     4    0.097485    0.131232    0.247470    0.317816 ^ clkbuf_0_clk/Z (gf180mcu_fd_sc_mcu7t5v0__clkbuf_16)
                                                         clknet_0_clk (net)
                      0.131232    0.000383    0.318199 ^ clkbuf_2_3__f_clk/I (gf180mcu_fd_sc_mcu7t5v0__clkbuf_16)
     5    0.025845    0.074636    0.202717    0.520916 ^ clkbuf_2_3__f_clk/Z (gf180mcu_fd_sc_mcu7t5v0__clkbuf_16)
                                                         clknet_2_3__leaf_clk (net)
                      0.074636    0.000069    0.520985 ^ _159_/CLK (gf180mcu_fd_sc_mcu7t5v0__dffq_1)
                                  0.250000    0.770985   clock uncertainty
                                 -0.049618    0.721367   clock reconvergence pessimism
                                  0.041755    0.763122   library hold time
                                              0.763122   data required time
---------------------------------------------------------------------------------------------
                                              0.763122   data required time
                                             -1.471237   data arrival time
---------------------------------------------------------------------------------------------
                                              0.708115   slack (MET)


Startpoint: _160_ (rising edge-triggered flip-flop clocked by clk)
Endpoint: _160_ (rising edge-triggered flip-flop clocked by clk)
Path Group: clk
Path Type: min

Fanout         Cap        Slew       Delay        Time   Description
---------------------------------------------------------------------------------------------
                                  0.000000    0.000000   clock clk (rise edge)
                                  0.000000    0.000000   clock source latency
     1    0.030234    0.135990    0.063646    0.063646 ^ clk (in)
                                                         clk (net)
                      0.135993    0.000000    0.063646 ^ clkbuf_0_clk/I (gf180mcu_fd_sc_mcu7t5v0__clkbuf_16)
     4    0.097485    0.131232    0.223902    0.287548 ^ clkbuf_0_clk/Z (gf180mcu_fd_sc_mcu7t5v0__clkbuf_16)
                                                         clknet_0_clk (net)
                      0.131232    0.000347    0.287894 ^ clkbuf_2_3__f_clk/I (gf180mcu_fd_sc_mcu7t5v0__clkbuf_16)
     5    0.025845    0.074636    0.183410    0.471305 ^ clkbuf_2_3__f_clk/Z (gf180mcu_fd_sc_mcu7t5v0__clkbuf_16)
                                                         clknet_2_3__leaf_clk (net)
                      0.074636    0.000284    0.471589 ^ _160_/CLK (gf180mcu_fd_sc_mcu7t5v0__dffq_1)
     3    0.016903    0.174528    0.573686    1.045275 v _160_/Q (gf180mcu_fd_sc_mcu7t5v0__dffq_1)
                                                         counter[7] (net)
                      0.174528    0.000122    1.045397 v _117_/A1 (gf180mcu_fd_sc_mcu7t5v0__xor2_1)
     3    0.017708    0.557563    0.357099    1.402496 ^ _117_/Z (gf180mcu_fd_sc_mcu7t5v0__xor2_1)
                                                         _070_ (net)
                      0.557563    0.000229    1.402724 ^ _131_/A2 (gf180mcu_fd_sc_mcu7t5v0__nand2_1)
     1    0.003029    0.160355    0.081179    1.483904 v _131_/ZN (gf180mcu_fd_sc_mcu7t5v0__nand2_1)
                                                         _008_ (net)
                      0.160355    0.000028    1.483932 v _160_/D (gf180mcu_fd_sc_mcu7t5v0__dffq_1)
                                              1.483932   data arrival time

                                  0.000000    0.000000   clock clk (rise edge)
                                  0.000000    0.000000   clock source latency
     1    0.030234    0.135990    0.070346    0.070346 ^ clk (in)
                                                         clk (net)
                      0.135993    0.000000    0.070346 ^ clkbuf_0_clk/I (gf180mcu_fd_sc_mcu7t5v0__clkbuf_16)
     4    0.097485    0.131232    0.247470    0.317816 ^ clkbuf_0_clk/Z (gf180mcu_fd_sc_mcu7t5v0__clkbuf_16)
                                                         clknet_0_clk (net)
                      0.131232    0.000383    0.318199 ^ clkbuf_2_3__f_clk/I (gf180mcu_fd_sc_mcu7t5v0__clkbuf_16)
     5    0.025845    0.074636    0.202717    0.520916 ^ clkbuf_2_3__f_clk/Z (gf180mcu_fd_sc_mcu7t5v0__clkbuf_16)
                                                         clknet_2_3__leaf_clk (net)
                      0.074636    0.000314    0.521230 ^ _160_/CLK (gf180mcu_fd_sc_mcu7t5v0__dffq_1)
                                  0.250000    0.771230   clock uncertainty
                                 -0.049641    0.721589   clock reconvergence pessimism
                                  0.042456    0.764045   library hold time
                                              0.764045   data required time
---------------------------------------------------------------------------------------------
                                              0.764045   data required time
                                             -1.483932   data arrival time
---------------------------------------------------------------------------------------------
                                              0.719887   slack (MET)


Startpoint: _158_ (rising edge-triggered flip-flop clocked by clk)
Endpoint: _158_ (rising edge-triggered flip-flop clocked by clk)
Path Group: clk
Path Type: min

Fanout         Cap        Slew       Delay        Time   Description
---------------------------------------------------------------------------------------------
                                  0.000000    0.000000   clock clk (rise edge)
                                  0.000000    0.000000   clock source latency
     1    0.030234    0.135990    0.063646    0.063646 ^ clk (in)
                                                         clk (net)
                      0.135993    0.000000    0.063646 ^ clkbuf_0_clk/I (gf180mcu_fd_sc_mcu7t5v0__clkbuf_16)
     4    0.097485    0.131232    0.223902    0.287548 ^ clkbuf_0_clk/Z (gf180mcu_fd_sc_mcu7t5v0__clkbuf_16)
                                                         clknet_0_clk (net)
                      0.131232    0.000347    0.287894 ^ clkbuf_2_3__f_clk/I (gf180mcu_fd_sc_mcu7t5v0__clkbuf_16)
     5    0.025845    0.074636    0.183410    0.471305 ^ clkbuf_2_3__f_clk/Z (gf180mcu_fd_sc_mcu7t5v0__clkbuf_16)
                                                         clknet_2_3__leaf_clk (net)
                      0.074636    0.000036    0.471341 ^ _158_/CLK (gf180mcu_fd_sc_mcu7t5v0__dffq_1)
     3    0.018519    0.185515    0.581637    1.052978 v _158_/Q (gf180mcu_fd_sc_mcu7t5v0__dffq_1)
                                                         counter[5] (net)
                      0.185515    0.000132    1.053110 v _113_/A1 (gf180mcu_fd_sc_mcu7t5v0__xor2_1)
     3    0.017563    0.554534    0.357673    1.410783 ^ _113_/Z (gf180mcu_fd_sc_mcu7t5v0__xor2_1)
                                                         _066_ (net)
                      0.554534    0.000252    1.411034 ^ _129_/A2 (gf180mcu_fd_sc_mcu7t5v0__nand2_1)
     1    0.002832    0.157696    0.078872    1.489906 v _129_/ZN (gf180mcu_fd_sc_mcu7t5v0__nand2_1)
                                                         _006_ (net)
                      0.157696    0.000026    1.489932 v _158_/D (gf180mcu_fd_sc_mcu7t5v0__dffq_1)
                                              1.489932   data arrival time

                                  0.000000    0.000000   clock clk (rise edge)
                                  0.000000    0.000000   clock source latency
     1    0.030234    0.135990    0.070346    0.070346 ^ clk (in)
                                                         clk (net)
                      0.135993    0.000000    0.070346 ^ clkbuf_0_clk/I (gf180mcu_fd_sc_mcu7t5v0__clkbuf_16)
     4    0.097485    0.131232    0.247470    0.317816 ^ clkbuf_0_clk/Z (gf180mcu_fd_sc_mcu7t5v0__clkbuf_16)
                                                         clknet_0_clk (net)
                      0.131232    0.000383    0.318199 ^ clkbuf_2_3__f_clk/I (gf180mcu_fd_sc_mcu7t5v0__clkbuf_16)
     5    0.025845    0.074636    0.202717    0.520916 ^ clkbuf_2_3__f_clk/Z (gf180mcu_fd_sc_mcu7t5v0__clkbuf_16)
                                                         clknet_2_3__leaf_clk (net)
                      0.074636    0.000040    0.520956 ^ _158_/CLK (gf180mcu_fd_sc_mcu7t5v0__dffq_1)
                                  0.250000    0.770956   clock uncertainty
                                 -0.049615    0.721341   clock reconvergence pessimism
                                  0.042944    0.764285   library hold time
                                              0.764285   data required time
---------------------------------------------------------------------------------------------
                                              0.764285   data required time
                                             -1.489932   data arrival time
---------------------------------------------------------------------------------------------
                                              0.725647   slack (MET)


Startpoint: _154_ (rising edge-triggered flip-flop clocked by clk)
Endpoint: _154_ (rising edge-triggered flip-flop clocked by clk)
Path Group: clk
Path Type: min

Fanout         Cap        Slew       Delay        Time   Description
---------------------------------------------------------------------------------------------
                                  0.000000    0.000000   clock clk (rise edge)
                                  0.000000    0.000000   clock source latency
     1    0.030234    0.135990    0.063646    0.063646 ^ clk (in)
                                                         clk (net)
                      0.135993    0.000000    0.063646 ^ clkbuf_0_clk/I (gf180mcu_fd_sc_mcu7t5v0__clkbuf_16)
     4    0.097485    0.131232    0.223902    0.287548 ^ clkbuf_0_clk/Z (gf180mcu_fd_sc_mcu7t5v0__clkbuf_16)
                                                         clknet_0_clk (net)
                      0.131232    0.000637    0.288184 ^ clkbuf_2_0__f_clk/I (gf180mcu_fd_sc_mcu7t5v0__clkbuf_16)
     5    0.023178    0.072548    0.181680    0.469864 ^ clkbuf_2_0__f_clk/Z (gf180mcu_fd_sc_mcu7t5v0__clkbuf_16)
                                                         clknet_2_0__leaf_clk (net)
                      0.072548    0.000059    0.469923 ^ _154_/CLK (gf180mcu_fd_sc_mcu7t5v0__dffq_1)
     5    0.026683    0.242218    0.621155    1.091078 v _154_/Q (gf180mcu_fd_sc_mcu7t5v0__dffq_1)
                                                         counter[1] (net)
                      0.242218    0.000181    1.091259 v _105_/A2 (gf180mcu_fd_sc_mcu7t5v0__xnor2_1)
     2    0.011335    0.327642    0.333092    1.424351 ^ _105_/ZN (gf180mcu_fd_sc_mcu7t5v0__xnor2_1)
                                                         _058_ (net)
                      0.327642    0.000143    1.424493 ^ _125_/A2 (gf180mcu_fd_sc_mcu7t5v0__nand2_1)
     1    0.002905    0.120744    0.081201    1.505695 v _125_/ZN (gf180mcu_fd_sc_mcu7t5v0__nand2_1)
                                                         _002_ (net)
                      0.120744    0.000027    1.505722 v _154_/D (gf180mcu_fd_sc_mcu7t5v0__dffq_1)
                                              1.505722   data arrival time

                                  0.000000    0.000000   clock clk (rise edge)
                                  0.000000    0.000000   clock source latency
     1    0.030234    0.135990    0.070346    0.070346 ^ clk (in)
                                                         clk (net)
                      0.135993    0.000000    0.070346 ^ clkbuf_0_clk/I (gf180mcu_fd_sc_mcu7t5v0__clkbuf_16)
     4    0.097485    0.131232    0.247470    0.317816 ^ clkbuf_0_clk/Z (gf180mcu_fd_sc_mcu7t5v0__clkbuf_16)
                                                         clknet_0_clk (net)
                      0.131232    0.000704    0.318520 ^ clkbuf_2_0__f_clk/I (gf180mcu_fd_sc_mcu7t5v0__clkbuf_16)
     5    0.023178    0.072548    0.200804    0.519323 ^ clkbuf_2_0__f_clk/Z (gf180mcu_fd_sc_mcu7t5v0__clkbuf_16)
                                                         clknet_2_0__leaf_clk (net)
                      0.072548    0.000065    0.519389 ^ _154_/CLK (gf180mcu_fd_sc_mcu7t5v0__dffq_1)
                                  0.250000    0.769389   clock uncertainty
                                 -0.049466    0.719923   clock reconvergence pessimism
                                  0.049274    0.769197   library hold time
                                              0.769197   data required time
---------------------------------------------------------------------------------------------
                                              0.769197   data required time
                                             -1.505722   data arrival time
---------------------------------------------------------------------------------------------
                                              0.736525   slack (MET)


Startpoint: _157_ (rising edge-triggered flip-flop clocked by clk)
Endpoint: _157_ (rising edge-triggered flip-flop clocked by clk)
Path Group: clk
Path Type: min

Fanout         Cap        Slew       Delay        Time   Description
---------------------------------------------------------------------------------------------
                                  0.000000    0.000000   clock clk (rise edge)
                                  0.000000    0.000000   clock source latency
     1    0.030234    0.135990    0.063646    0.063646 ^ clk (in)
                                                         clk (net)
                      0.135993    0.000000    0.063646 ^ clkbuf_0_clk/I (gf180mcu_fd_sc_mcu7t5v0__clkbuf_16)
     4    0.097485    0.131232    0.223902    0.287548 ^ clkbuf_0_clk/Z (gf180mcu_fd_sc_mcu7t5v0__clkbuf_16)
                                                         clknet_0_clk (net)
                      0.131232    0.000347    0.287894 ^ clkbuf_2_3__f_clk/I (gf180mcu_fd_sc_mcu7t5v0__clkbuf_16)
     5    0.025845    0.074636    0.183410    0.471305 ^ clkbuf_2_3__f_clk/Z (gf180mcu_fd_sc_mcu7t5v0__clkbuf_16)
                                                         clknet_2_3__leaf_clk (net)
                      0.074636    0.000064    0.471368 ^ _157_/CLK (gf180mcu_fd_sc_mcu7t5v0__dffq_1)
     4    0.024186    0.382198    0.717237    1.188605 ^ _157_/Q (gf180mcu_fd_sc_mcu7t5v0__dffq_1)
                                                         counter[4] (net)
                      0.382198    0.000151    1.188756 ^ _110_/A1 (gf180mcu_fd_sc_mcu7t5v0__xor2_1)
     2    0.012906    0.231345    0.188988    1.377743 v _110_/Z (gf180mcu_fd_sc_mcu7t5v0__xor2_1)
                                                         _063_ (net)
                      0.231345    0.000217    1.377960 v _111_/I (gf180mcu_fd_sc_mcu7t5v0__clkinv_1)
     2    0.010315    0.197684    0.168515    1.546475 ^ _111_/ZN (gf180mcu_fd_sc_mcu7t5v0__clkinv_1)
                                                         _064_ (net)
                      0.197684    0.000135    1.546610 ^ _128_/A2 (gf180mcu_fd_sc_mcu7t5v0__nand2_1)
     1    0.003028    0.099536    0.080166    1.626776 v _128_/ZN (gf180mcu_fd_sc_mcu7t5v0__nand2_1)
                                                         _005_ (net)
                      0.099536    0.000029    1.626805 v _157_/D (gf180mcu_fd_sc_mcu7t5v0__dffq_1)
                                              1.626805   data arrival time

                                  0.000000    0.000000   clock clk (rise edge)
                                  0.000000    0.000000   clock source latency
     1    0.030234    0.135990    0.070346    0.070346 ^ clk (in)
                                                         clk (net)
                      0.135993    0.000000    0.070346 ^ clkbuf_0_clk/I (gf180mcu_fd_sc_mcu7t5v0__clkbuf_16)
     4    0.097485    0.131232    0.247470    0.317816 ^ clkbuf_0_clk/Z (gf180mcu_fd_sc_mcu7t5v0__clkbuf_16)
                                                         clknet_0_clk (net)
                      0.131232    0.000383    0.318199 ^ clkbuf_2_3__f_clk/I (gf180mcu_fd_sc_mcu7t5v0__clkbuf_16)
     5    0.025845    0.074636    0.202717    0.520916 ^ clkbuf_2_3__f_clk/Z (gf180mcu_fd_sc_mcu7t5v0__clkbuf_16)
                                                         clknet_2_3__leaf_clk (net)
                      0.074636    0.000070    0.520986 ^ _157_/CLK (gf180mcu_fd_sc_mcu7t5v0__dffq_1)
                                  0.250000    0.770986   clock uncertainty
                                 -0.049618    0.721368   clock reconvergence pessimism
                                  0.053623    0.774992   library hold time
                                              0.774992   data required time
---------------------------------------------------------------------------------------------
                                              0.774992   data required time
                                             -1.626805   data arrival time
---------------------------------------------------------------------------------------------
                                              0.851813   slack (MET)


Startpoint: _156_ (rising edge-triggered flip-flop clocked by clk)
Endpoint: _156_ (rising edge-triggered flip-flop clocked by clk)
Path Group: clk
Path Type: min

Fanout         Cap        Slew       Delay        Time   Description
---------------------------------------------------------------------------------------------
                                  0.000000    0.000000   clock clk (rise edge)
                                  0.000000    0.000000   clock source latency
     1    0.030234    0.135990    0.063646    0.063646 ^ clk (in)
                                                         clk (net)
                      0.135993    0.000000    0.063646 ^ clkbuf_0_clk/I (gf180mcu_fd_sc_mcu7t5v0__clkbuf_16)
     4    0.097485    0.131232    0.223902    0.287548 ^ clkbuf_0_clk/Z (gf180mcu_fd_sc_mcu7t5v0__clkbuf_16)
                                                         clknet_0_clk (net)
                      0.131233    0.000695    0.288242 ^ clkbuf_2_1__f_clk/I (gf180mcu_fd_sc_mcu7t5v0__clkbuf_16)
     5    0.026381    0.075055    0.183750    0.471993 ^ clkbuf_2_1__f_clk/Z (gf180mcu_fd_sc_mcu7t5v0__clkbuf_16)
                                                         clknet_2_1__leaf_clk (net)
                      0.075055    0.000033    0.472026 ^ _156_/CLK (gf180mcu_fd_sc_mcu7t5v0__dffq_1)
     2    0.013045    0.148292    0.554811    1.026837 v _156_/Q (gf180mcu_fd_sc_mcu7t5v0__dffq_1)
                                                         counter[3] (net)
                      0.148292    0.000257    1.027094 v _108_/A1 (gf180mcu_fd_sc_mcu7t5v0__xor2_1)
     3    0.018132    0.567987    0.357225    1.384319 ^ _108_/Z (gf180mcu_fd_sc_mcu7t5v0__xor2_1)
                                                         _061_ (net)
                      0.567987    0.000365    1.384684 ^ _127_/A2 (gf180mcu_fd_sc_mcu7t5v0__or2_1)
     1    0.002978    0.101209    0.220712    1.605396 ^ _127_/Z (gf180mcu_fd_sc_mcu7t5v0__or2_1)
                                                         _004_ (net)
                      0.101209    0.000029    1.605425 ^ _156_/D (gf180mcu_fd_sc_mcu7t5v0__dffq_1)
                                              1.605425   data arrival time

                                  0.000000    0.000000   clock clk (rise edge)
                                  0.000000    0.000000   clock source latency
     1    0.030234    0.135990    0.070346    0.070346 ^ clk (in)
                                                         clk (net)
                      0.135993    0.000000    0.070346 ^ clkbuf_0_clk/I (gf180mcu_fd_sc_mcu7t5v0__clkbuf_16)
     4    0.097485    0.131232    0.247470    0.317816 ^ clkbuf_0_clk/Z (gf180mcu_fd_sc_mcu7t5v0__clkbuf_16)
                                                         clknet_0_clk (net)
                      0.131233    0.000768    0.318584 ^ clkbuf_2_1__f_clk/I (gf180mcu_fd_sc_mcu7t5v0__clkbuf_16)
     5    0.026381    0.075055    0.203092    0.521676 ^ clkbuf_2_1__f_clk/Z (gf180mcu_fd_sc_mcu7t5v0__clkbuf_16)
                                                         clknet_2_1__leaf_clk (net)
                      0.075055    0.000036    0.521713 ^ _156_/CLK (gf180mcu_fd_sc_mcu7t5v0__dffq_1)
                                  0.250000    0.771713   clock uncertainty
                                 -0.049687    0.722026   clock reconvergence pessimism
                                  0.027745    0.749770   library hold time
                                              0.749770   data required time
---------------------------------------------------------------------------------------------
                                              0.749770   data required time
                                             -1.605425   data arrival time
---------------------------------------------------------------------------------------------
                                              0.855654   slack (MET)


Startpoint: _152_ (rising edge-triggered flip-flop clocked by clk)
Endpoint: pwm (output port clocked by clk)
Path Group: clk
Path Type: min

Fanout         Cap        Slew       Delay        Time   Description
---------------------------------------------------------------------------------------------
                                  0.000000    0.000000   clock clk (rise edge)
                                  0.000000    0.000000   clock source latency
     1    0.030234    0.135990    0.063646    0.063646 ^ clk (in)
                                                         clk (net)
                      0.135993    0.000000    0.063646 ^ clkbuf_0_clk/I (gf180mcu_fd_sc_mcu7t5v0__clkbuf_16)
     4    0.097485    0.131232    0.223902    0.287548 ^ clkbuf_0_clk/Z (gf180mcu_fd_sc_mcu7t5v0__clkbuf_16)
                                                         clknet_0_clk (net)
                      0.131232    0.000378    0.287926 ^ clkbuf_2_2__f_clk/I (gf180mcu_fd_sc_mcu7t5v0__clkbuf_16)
     5    0.025417    0.074300    0.183095    0.471021 ^ clkbuf_2_2__f_clk/Z (gf180mcu_fd_sc_mcu7t5v0__clkbuf_16)
                                                         clknet_2_2__leaf_clk (net)
                      0.074300    0.000182    0.471203 ^ _152_/CLK (gf180mcu_fd_sc_mcu7t5v0__dffq_1)
     1    0.006666    0.104124    0.517928    0.989130 v _152_/Q (gf180mcu_fd_sc_mcu7t5v0__dffq_1)
                                                         net12 (net)
                      0.104124    0.000132    0.989262 v output12/I (gf180mcu_fd_sc_mcu7t5v0__buf_2)
     1    0.074045    0.310243    0.338722    1.327984 v output12/Z (gf180mcu_fd_sc_mcu7t5v0__buf_2)
                                                         pwm (net)
                      0.310251    0.000866    1.328850 v pwm (out)
                                              1.328850   data arrival time

                                  0.000000    0.000000   clock clk (rise edge)
                                  0.000000    0.000000   clock network delay (propagated)
                                  0.250000    0.250000   clock uncertainty
                                  0.000000    0.250000   clock reconvergence pessimism
                               -200.000000 -199.750000   output external delay
                                           -199.750000   data required time
---------------------------------------------------------------------------------------------
                                           -199.750000   data required time
                                             -1.328850   data arrival time
---------------------------------------------------------------------------------------------
                                            201.078857   slack (MET)



