
===========================================================================
report_checks -path_delay min (Hold)
============================================================================
======================= min_ff_n40C_3v60 Corner ===================================

Startpoint: _170_ (rising edge-triggered flip-flop clocked by clk)
Endpoint: _170_ (rising edge-triggered flip-flop clocked by clk)
Path Group: clk
Path Type: min

Fanout         Cap        Slew       Delay        Time   Description
---------------------------------------------------------------------------------------------
                                  0.000000    0.000000   clock clk (rise edge)
                                  0.000000    0.000000   clock source latency
     1    0.029619    0.133726    0.062358    0.062358 ^ clk (in)
                                                         clk (net)
                      0.133728    0.000000    0.062358 ^ clkbuf_0_clk/I (gf180mcu_fd_sc_mcu7t5v0__clkbuf_16)
     4    0.096782    0.130688    0.223075    0.285432 ^ clkbuf_0_clk/Z (gf180mcu_fd_sc_mcu7t5v0__clkbuf_16)
                                                         clknet_0_clk (net)
                      0.130688    0.000349    0.285782 ^ clkbuf_2_2__f_clk/I (gf180mcu_fd_sc_mcu7t5v0__clkbuf_16)
     5    0.024459    0.073549    0.182363    0.468144 ^ clkbuf_2_2__f_clk/Z (gf180mcu_fd_sc_mcu7t5v0__clkbuf_16)
                                                         clknet_2_2__leaf_clk (net)
                      0.073549    0.000183    0.468327 ^ _170_/CLK (gf180mcu_fd_sc_mcu7t5v0__dffq_1)
     2    0.011070    0.133972    0.543853    1.012180 v _170_/Q (gf180mcu_fd_sc_mcu7t5v0__dffq_1)
                                                         active_enable (net)
                      0.133972    0.000155    1.012335 v _100_/A1 (gf180mcu_fd_sc_mcu7t5v0__nand2_1)
     1    0.005098    0.138392    0.118164    1.130499 ^ _100_/ZN (gf180mcu_fd_sc_mcu7t5v0__nand2_1)
                                                         _053_ (net)
                      0.138392    0.000090    1.130589 ^ _151_/A2 (gf180mcu_fd_sc_mcu7t5v0__aoi21_1)
     1    0.002756    0.089850    0.079540    1.210130 v _151_/ZN (gf180mcu_fd_sc_mcu7t5v0__aoi21_1)
                                                         _018_ (net)
                      0.089850    0.000025    1.210155 v _170_/D (gf180mcu_fd_sc_mcu7t5v0__dffq_1)
                                              1.210155   data arrival time

                                  0.000000    0.000000   clock clk (rise edge)
                                  0.000000    0.000000   clock source latency
     1    0.029619    0.133726    0.068922    0.068922 ^ clk (in)
                                                         clk (net)
                      0.133728    0.000000    0.068922 ^ clkbuf_0_clk/I (gf180mcu_fd_sc_mcu7t5v0__clkbuf_16)
     4    0.096782    0.130688    0.246556    0.315478 ^ clkbuf_0_clk/Z (gf180mcu_fd_sc_mcu7t5v0__clkbuf_16)
                                                         clknet_0_clk (net)
                      0.130688    0.000386    0.315864 ^ clkbuf_2_2__f_clk/I (gf180mcu_fd_sc_mcu7t5v0__clkbuf_16)
     5    0.024459    0.073549    0.201559    0.517423 ^ clkbuf_2_2__f_clk/Z (gf180mcu_fd_sc_mcu7t5v0__clkbuf_16)
                                                         clknet_2_2__leaf_clk (net)
                      0.073549    0.000202    0.517625 ^ _170_/CLK (gf180mcu_fd_sc_mcu7t5v0__dffq_1)
                                  0.250000    0.767625   clock uncertainty
                                 -0.049298    0.718327   clock reconvergence pessimism
                                  0.055150    0.773477   library hold time
                                              0.773477   data required time
---------------------------------------------------------------------------------------------
                                              0.773477   data required time
                                             -1.210155   data arrival time
---------------------------------------------------------------------------------------------
                                              0.436677   slack (MET)


Startpoint: _153_ (rising edge-triggered flip-flop clocked by clk)
Endpoint: _153_ (rising edge-triggered flip-flop clocked by clk)
Path Group: clk
Path Type: min

Fanout         Cap        Slew       Delay        Time   Description
---------------------------------------------------------------------------------------------
                                  0.000000    0.000000   clock clk (rise edge)
                                  0.000000    0.000000   clock source latency
     1    0.029619    0.133726    0.062358    0.062358 ^ clk (in)
                                                         clk (net)
                      0.133728    0.000000    0.062358 ^ clkbuf_0_clk/I (gf180mcu_fd_sc_mcu7t5v0__clkbuf_16)
     4    0.096782    0.130688    0.223075    0.285432 ^ clkbuf_0_clk/Z (gf180mcu_fd_sc_mcu7t5v0__clkbuf_16)
                                                         clknet_0_clk (net)
                      0.130689    0.000631    0.286064 ^ clkbuf_2_1__f_clk/I (gf180mcu_fd_sc_mcu7t5v0__clkbuf_16)
     5    0.025476    0.074345    0.183050    0.469114 ^ clkbuf_2_1__f_clk/Z (gf180mcu_fd_sc_mcu7t5v0__clkbuf_16)
                                                         clknet_2_1__leaf_clk (net)
                      0.074346    0.000176    0.469290 ^ _153_/CLK (gf180mcu_fd_sc_mcu7t5v0__dffq_1)
     6    0.031239    0.274413    0.642838    1.112127 v _153_/Q (gf180mcu_fd_sc_mcu7t5v0__dffq_1)
                                                         counter[0] (net)
                      0.274414    0.000417    1.112544 v _124_/A1 (gf180mcu_fd_sc_mcu7t5v0__nand2_1)
     1    0.002674    0.129653    0.129053    1.241597 ^ _124_/ZN (gf180mcu_fd_sc_mcu7t5v0__nand2_1)
                                                         _001_ (net)
                      0.129653    0.000023    1.241621 ^ _153_/D (gf180mcu_fd_sc_mcu7t5v0__dffq_1)
                                              1.241621   data arrival time

                                  0.000000    0.000000   clock clk (rise edge)
                                  0.000000    0.000000   clock source latency
     1    0.029619    0.133726    0.068922    0.068922 ^ clk (in)
                                                         clk (net)
                      0.133728    0.000000    0.068922 ^ clkbuf_0_clk/I (gf180mcu_fd_sc_mcu7t5v0__clkbuf_16)
     4    0.096782    0.130688    0.246556    0.315478 ^ clkbuf_0_clk/Z (gf180mcu_fd_sc_mcu7t5v0__clkbuf_16)
                                                         clknet_0_clk (net)
                      0.130689    0.000698    0.316176 ^ clkbuf_2_1__f_clk/I (gf180mcu_fd_sc_mcu7t5v0__clkbuf_16)
     5    0.025476    0.074345    0.202319    0.518494 ^ clkbuf_2_1__f_clk/Z (gf180mcu_fd_sc_mcu7t5v0__clkbuf_16)
                                                         clknet_2_1__leaf_clk (net)
                      0.074346    0.000194    0.518689 ^ _153_/CLK (gf180mcu_fd_sc_mcu7t5v0__dffq_1)
                                  0.250000    0.768689   clock uncertainty
                                 -0.049399    0.719290   clock reconvergence pessimism
                                  0.024807    0.744096   library hold time
                                              0.744096   data required time
---------------------------------------------------------------------------------------------
                                              0.744096   data required time
                                             -1.241621   data arrival time
---------------------------------------------------------------------------------------------
                                              0.497524   slack (MET)


Startpoint: _169_ (rising edge-triggered flip-flop clocked by clk)
Endpoint: _169_ (rising edge-triggered flip-flop clocked by clk)
Path Group: clk
Path Type: min

Fanout         Cap        Slew       Delay        Time   Description
---------------------------------------------------------------------------------------------
                                  0.000000    0.000000   clock clk (rise edge)
                                  0.000000    0.000000   clock source latency
     1    0.029619    0.133726    0.062358    0.062358 ^ clk (in)
                                                         clk (net)
                      0.133728    0.000000    0.062358 ^ clkbuf_0_clk/I (gf180mcu_fd_sc_mcu7t5v0__clkbuf_16)
     4    0.096782    0.130688    0.223075    0.285432 ^ clkbuf_0_clk/Z (gf180mcu_fd_sc_mcu7t5v0__clkbuf_16)
                                                         clknet_0_clk (net)
                      0.130688    0.000349    0.285782 ^ clkbuf_2_2__f_clk/I (gf180mcu_fd_sc_mcu7t5v0__clkbuf_16)
     5    0.024459    0.073549    0.182363    0.468144 ^ clkbuf_2_2__f_clk/Z (gf180mcu_fd_sc_mcu7t5v0__clkbuf_16)
                                                         clknet_2_2__leaf_clk (net)
                      0.073549    0.000352    0.468496 ^ _169_/CLK (gf180mcu_fd_sc_mcu7t5v0__dffq_1)
     2    0.010230    0.128240    0.538883    1.007379 v _169_/Q (gf180mcu_fd_sc_mcu7t5v0__dffq_1)
                                                         active_duty[8] (net)
                      0.128240    0.000146    1.007524 v _149_/A1 (gf180mcu_fd_sc_mcu7t5v0__oai21_1)
     1    0.004987    0.219676    0.172891    1.180415 ^ _149_/ZN (gf180mcu_fd_sc_mcu7t5v0__oai21_1)
                                                         _028_ (net)
                      0.219676    0.000092    1.180507 ^ _150_/A2 (gf180mcu_fd_sc_mcu7t5v0__nor2_1)
     1    0.002821    0.117945    0.100137    1.280644 v _150_/ZN (gf180mcu_fd_sc_mcu7t5v0__nor2_1)
                                                         _017_ (net)
                      0.117945    0.000025    1.280669 v _169_/D (gf180mcu_fd_sc_mcu7t5v0__dffq_1)
                                              1.280669   data arrival time

                                  0.000000    0.000000   clock clk (rise edge)
                                  0.000000    0.000000   clock source latency
     1    0.029619    0.133726    0.068922    0.068922 ^ clk (in)
                                                         clk (net)
                      0.133728    0.000000    0.068922 ^ clkbuf_0_clk/I (gf180mcu_fd_sc_mcu7t5v0__clkbuf_16)
     4    0.096782    0.130688    0.246556    0.315478 ^ clkbuf_0_clk/Z (gf180mcu_fd_sc_mcu7t5v0__clkbuf_16)
                                                         clknet_0_clk (net)
                      0.130688    0.000386    0.315864 ^ clkbuf_2_2__f_clk/I (gf180mcu_fd_sc_mcu7t5v0__clkbuf_16)
     5    0.024459    0.073549    0.201559    0.517423 ^ clkbuf_2_2__f_clk/Z (gf180mcu_fd_sc_mcu7t5v0__clkbuf_16)
                                                         clknet_2_2__leaf_clk (net)
                      0.073549    0.000389    0.517811 ^ _169_/CLK (gf180mcu_fd_sc_mcu7t5v0__dffq_1)
                                  0.250000    0.767811   clock uncertainty
                                 -0.049315    0.718496   clock reconvergence pessimism
                                  0.050005    0.768501   library hold time
                                              0.768501   data required time
---------------------------------------------------------------------------------------------
                                              0.768501   data required time
                                             -1.280669   data arrival time
---------------------------------------------------------------------------------------------
                                              0.512168   slack (MET)


Startpoint: _161_ (rising edge-triggered flip-flop clocked by clk)
Endpoint: _161_ (rising edge-triggered flip-flop clocked by clk)
Path Group: clk
Path Type: min

Fanout         Cap        Slew       Delay        Time   Description
---------------------------------------------------------------------------------------------
                                  0.000000    0.000000   clock clk (rise edge)
                                  0.000000    0.000000   clock source latency
     1    0.029619    0.133726    0.062358    0.062358 ^ clk (in)
                                                         clk (net)
                      0.133728    0.000000    0.062358 ^ clkbuf_0_clk/I (gf180mcu_fd_sc_mcu7t5v0__clkbuf_16)
     4    0.096782    0.130688    0.223075    0.285432 ^ clkbuf_0_clk/Z (gf180mcu_fd_sc_mcu7t5v0__clkbuf_16)
                                                         clknet_0_clk (net)
                      0.130689    0.000582    0.286015 ^ clkbuf_2_0__f_clk/I (gf180mcu_fd_sc_mcu7t5v0__clkbuf_16)
     5    0.022496    0.072011    0.181122    0.467136 ^ clkbuf_2_0__f_clk/Z (gf180mcu_fd_sc_mcu7t5v0__clkbuf_16)
                                                         clknet_2_0__leaf_clk (net)
                      0.072011    0.000172    0.467308 ^ _161_/CLK (gf180mcu_fd_sc_mcu7t5v0__dffq_1)
     2    0.013820    0.153510    0.557940    1.025248 v _161_/Q (gf180mcu_fd_sc_mcu7t5v0__dffq_1)
                                                         active_duty[0] (net)
                      0.153510    0.000243    1.025490 v _132_/A1 (gf180mcu_fd_sc_mcu7t5v0__nor2_1)
     1    0.004408    0.206804    0.153600    1.179091 ^ _132_/ZN (gf180mcu_fd_sc_mcu7t5v0__nor2_1)
                                                         _019_ (net)
                      0.206804    0.000079    1.179170 ^ _133_/B (gf180mcu_fd_sc_mcu7t5v0__aoi211_1)
     1    0.002917    0.113023    0.135939    1.315109 v _133_/ZN (gf180mcu_fd_sc_mcu7t5v0__aoi211_1)
                                                         _009_ (net)
                      0.113023    0.000027    1.315136 v _161_/D (gf180mcu_fd_sc_mcu7t5v0__dffq_1)
                                              1.315136   data arrival time

                                  0.000000    0.000000   clock clk (rise edge)
                                  0.000000    0.000000   clock source latency
     1    0.029619    0.133726    0.068922    0.068922 ^ clk (in)
                                                         clk (net)
                      0.133728    0.000000    0.068922 ^ clkbuf_0_clk/I (gf180mcu_fd_sc_mcu7t5v0__clkbuf_16)
     4    0.096782    0.130688    0.246556    0.315478 ^ clkbuf_0_clk/Z (gf180mcu_fd_sc_mcu7t5v0__clkbuf_16)
                                                         clknet_0_clk (net)
                      0.130689    0.000643    0.316121 ^ clkbuf_2_0__f_clk/I (gf180mcu_fd_sc_mcu7t5v0__clkbuf_16)
     5    0.022496    0.072011    0.200187    0.516308 ^ clkbuf_2_0__f_clk/Z (gf180mcu_fd_sc_mcu7t5v0__clkbuf_16)
                                                         clknet_2_0__leaf_clk (net)
                      0.072011    0.000190    0.516498 ^ _161_/CLK (gf180mcu_fd_sc_mcu7t5v0__dffq_1)
                                  0.250000    0.766498   clock uncertainty
                                 -0.049190    0.717308   clock reconvergence pessimism
                                  0.050566    0.767874   library hold time
                                              0.767874   data required time
---------------------------------------------------------------------------------------------
                                              0.767874   data required time
                                             -1.315136   data arrival time
---------------------------------------------------------------------------------------------
                                              0.547262   slack (MET)


Startpoint: _168_ (rising edge-triggered flip-flop clocked by clk)
Endpoint: _168_ (rising edge-triggered flip-flop clocked by clk)
Path Group: clk
Path Type: min

Fanout         Cap        Slew       Delay        Time   Description
---------------------------------------------------------------------------------------------
                                  0.000000    0.000000   clock clk (rise edge)
                                  0.000000    0.000000   clock source latency
     1    0.029619    0.133726    0.062358    0.062358 ^ clk (in)
                                                         clk (net)
                      0.133728    0.000000    0.062358 ^ clkbuf_0_clk/I (gf180mcu_fd_sc_mcu7t5v0__clkbuf_16)
     4    0.096782    0.130688    0.223075    0.285432 ^ clkbuf_0_clk/Z (gf180mcu_fd_sc_mcu7t5v0__clkbuf_16)
                                                         clknet_0_clk (net)
                      0.130688    0.000349    0.285782 ^ clkbuf_2_2__f_clk/I (gf180mcu_fd_sc_mcu7t5v0__clkbuf_16)
     5    0.024459    0.073549    0.182363    0.468144 ^ clkbuf_2_2__f_clk/Z (gf180mcu_fd_sc_mcu7t5v0__clkbuf_16)
                                                         clknet_2_2__leaf_clk (net)
                      0.073549    0.000376    0.468520 ^ _168_/CLK (gf180mcu_fd_sc_mcu7t5v0__dffq_1)
     3    0.022262    0.211261    0.599658    1.068177 v _168_/Q (gf180mcu_fd_sc_mcu7t5v0__dffq_1)
                                                         active_duty[7] (net)
                      0.211261    0.000206    1.068384 v _147_/A1 (gf180mcu_fd_sc_mcu7t5v0__aoi22_1)
     1    0.004571    0.179515    0.155749    1.224132 ^ _147_/ZN (gf180mcu_fd_sc_mcu7t5v0__aoi22_1)
                                                         _027_ (net)
                      0.179515    0.000041    1.224173 ^ _148_/A2 (gf180mcu_fd_sc_mcu7t5v0__nor2_1)
     1    0.002674    0.107845    0.095708    1.319881 v _148_/ZN (gf180mcu_fd_sc_mcu7t5v0__nor2_1)
                                                         _016_ (net)
                      0.107845    0.000023    1.319905 v _168_/D (gf180mcu_fd_sc_mcu7t5v0__dffq_1)
                                              1.319905   data arrival time

                                  0.000000    0.000000   clock clk (rise edge)
                                  0.000000    0.000000   clock source latency
     1    0.029619    0.133726    0.068922    0.068922 ^ clk (in)
                                                         clk (net)
                      0.133728    0.000000    0.068922 ^ clkbuf_0_clk/I (gf180mcu_fd_sc_mcu7t5v0__clkbuf_16)
     4    0.096782    0.130688    0.246556    0.315478 ^ clkbuf_0_clk/Z (gf180mcu_fd_sc_mcu7t5v0__clkbuf_16)
                                                         clknet_0_clk (net)
                      0.130688    0.000386    0.315864 ^ clkbuf_2_2__f_clk/I (gf180mcu_fd_sc_mcu7t5v0__clkbuf_16)
     5    0.024459    0.073549    0.201559    0.517423 ^ clkbuf_2_2__f_clk/Z (gf180mcu_fd_sc_mcu7t5v0__clkbuf_16)
                                                         clknet_2_2__leaf_clk (net)
                      0.073549    0.000415    0.517838 ^ _168_/CLK (gf180mcu_fd_sc_mcu7t5v0__dffq_1)
                                  0.250000    0.767838   clock uncertainty
                                 -0.049318    0.718520   clock reconvergence pessimism
                                  0.051854    0.770374   library hold time
                                              0.770374   data required time
---------------------------------------------------------------------------------------------
                                              0.770374   data required time
                                             -1.319905   data arrival time
---------------------------------------------------------------------------------------------
                                              0.549530   slack (MET)


Startpoint: _167_ (rising edge-triggered flip-flop clocked by clk)
Endpoint: _167_ (rising edge-triggered flip-flop clocked by clk)
Path Group: clk
Path Type: min

Fanout         Cap        Slew       Delay        Time   Description
---------------------------------------------------------------------------------------------
                                  0.000000    0.000000   clock clk (rise edge)
                                  0.000000    0.000000   clock source latency
     1    0.029619    0.133726    0.062358    0.062358 ^ clk (in)
                                                         clk (net)
                      0.133728    0.000000    0.062358 ^ clkbuf_0_clk/I (gf180mcu_fd_sc_mcu7t5v0__clkbuf_16)
     4    0.096782    0.130688    0.223075    0.285432 ^ clkbuf_0_clk/Z (gf180mcu_fd_sc_mcu7t5v0__clkbuf_16)
                                                         clknet_0_clk (net)
                      0.130688    0.000349    0.285782 ^ clkbuf_2_2__f_clk/I (gf180mcu_fd_sc_mcu7t5v0__clkbuf_16)
     5    0.024459    0.073549    0.182363    0.468144 ^ clkbuf_2_2__f_clk/Z (gf180mcu_fd_sc_mcu7t5v0__clkbuf_16)
                                                         clknet_2_2__leaf_clk (net)
                      0.073549    0.000262    0.468407 ^ _167_/CLK (gf180mcu_fd_sc_mcu7t5v0__dffq_1)
     3    0.021804    0.208071    0.597376    1.065783 v _167_/Q (gf180mcu_fd_sc_mcu7t5v0__dffq_1)
                                                         active_duty[6] (net)
                      0.208071    0.000281    1.066064 v _145_/A1 (gf180mcu_fd_sc_mcu7t5v0__aoi22_1)
     1    0.004955    0.185693    0.159104    1.225168 ^ _145_/ZN (gf180mcu_fd_sc_mcu7t5v0__aoi22_1)
                                                         _026_ (net)
                      0.185693    0.000090    1.225258 ^ _146_/A2 (gf180mcu_fd_sc_mcu7t5v0__nor2_1)
     1    0.003003    0.111838    0.098816    1.324074 v _146_/ZN (gf180mcu_fd_sc_mcu7t5v0__nor2_1)
                                                         _015_ (net)
                      0.111838    0.000028    1.324101 v _167_/D (gf180mcu_fd_sc_mcu7t5v0__dffq_1)
                                              1.324101   data arrival time

                                  0.000000    0.000000   clock clk (rise edge)
                                  0.000000    0.000000   clock source latency
     1    0.029619    0.133726    0.068922    0.068922 ^ clk (in)
                                                         clk (net)
                      0.133728    0.000000    0.068922 ^ clkbuf_0_clk/I (gf180mcu_fd_sc_mcu7t5v0__clkbuf_16)
     4    0.096782    0.130688    0.246556    0.315478 ^ clkbuf_0_clk/Z (gf180mcu_fd_sc_mcu7t5v0__clkbuf_16)
                                                         clknet_0_clk (net)
                      0.130688    0.000386    0.315864 ^ clkbuf_2_2__f_clk/I (gf180mcu_fd_sc_mcu7t5v0__clkbuf_16)
     5    0.024459    0.073549    0.201559    0.517423 ^ clkbuf_2_2__f_clk/Z (gf180mcu_fd_sc_mcu7t5v0__clkbuf_16)
                                                         clknet_2_2__leaf_clk (net)
                      0.073549    0.000290    0.517713 ^ _167_/CLK (gf180mcu_fd_sc_mcu7t5v0__dffq_1)
                                  0.250000    0.767713   clock uncertainty
                                 -0.049306    0.718407   clock reconvergence pessimism
                                  0.051123    0.769530   library hold time
                                              0.769530   data required time
---------------------------------------------------------------------------------------------
                                              0.769530   data required time
                                             -1.324101   data arrival time
---------------------------------------------------------------------------------------------
                                              0.554571   slack (MET)


Startpoint: _164_ (rising edge-triggered flip-flop clocked by clk)
Endpoint: _164_ (rising edge-triggered flip-flop clocked by clk)
Path Group: clk
Path Type: min

Fanout         Cap        Slew       Delay        Time   Description
---------------------------------------------------------------------------------------------
                                  0.000000    0.000000   clock clk (rise edge)
                                  0.000000    0.000000   clock source latency
     1    0.029619    0.133726    0.062358    0.062358 ^ clk (in)
                                                         clk (net)
                      0.133728    0.000000    0.062358 ^ clkbuf_0_clk/I (gf180mcu_fd_sc_mcu7t5v0__clkbuf_16)
     4    0.096782    0.130688    0.223075    0.285432 ^ clkbuf_0_clk/Z (gf180mcu_fd_sc_mcu7t5v0__clkbuf_16)
                                                         clknet_0_clk (net)
                      0.130689    0.000582    0.286015 ^ clkbuf_2_0__f_clk/I (gf180mcu_fd_sc_mcu7t5v0__clkbuf_16)
     5    0.022496    0.072011    0.181122    0.467136 ^ clkbuf_2_0__f_clk/Z (gf180mcu_fd_sc_mcu7t5v0__clkbuf_16)
                                                         clknet_2_0__leaf_clk (net)
                      0.072011    0.000118    0.467255 ^ _164_/CLK (gf180mcu_fd_sc_mcu7t5v0__dffq_1)
     2    0.011613    0.138182    0.546747    1.014002 v _164_/Q (gf180mcu_fd_sc_mcu7t5v0__dffq_1)
                                                         active_duty[3] (net)
                      0.138182    0.000154    1.014156 v _138_/A1 (gf180mcu_fd_sc_mcu7t5v0__oai21_1)
     1    0.006276    0.240605    0.193377    1.207532 ^ _138_/ZN (gf180mcu_fd_sc_mcu7t5v0__oai21_1)
                                                         _022_ (net)
                      0.240605    0.000123    1.207656 ^ _139_/B (gf180mcu_fd_sc_mcu7t5v0__aoi21_1)
     1    0.002720    0.103700    0.122064    1.329719 v _139_/ZN (gf180mcu_fd_sc_mcu7t5v0__aoi21_1)
                                                         _012_ (net)
                      0.103700    0.000024    1.329743 v _164_/D (gf180mcu_fd_sc_mcu7t5v0__dffq_1)
                                              1.329743   data arrival time

                                  0.000000    0.000000   clock clk (rise edge)
                                  0.000000    0.000000   clock source latency
     1    0.029619    0.133726    0.068922    0.068922 ^ clk (in)
                                                         clk (net)
                      0.133728    0.000000    0.068922 ^ clkbuf_0_clk/I (gf180mcu_fd_sc_mcu7t5v0__clkbuf_16)
     4    0.096782    0.130688    0.246556    0.315478 ^ clkbuf_0_clk/Z (gf180mcu_fd_sc_mcu7t5v0__clkbuf_16)
                                                         clknet_0_clk (net)
                      0.130689    0.000643    0.316121 ^ clkbuf_2_0__f_clk/I (gf180mcu_fd_sc_mcu7t5v0__clkbuf_16)
     5    0.022496    0.072011    0.200187    0.516308 ^ clkbuf_2_0__f_clk/Z (gf180mcu_fd_sc_mcu7t5v0__clkbuf_16)
                                                         clknet_2_0__leaf_clk (net)
                      0.072011    0.000131    0.516439 ^ _164_/CLK (gf180mcu_fd_sc_mcu7t5v0__dffq_1)
                                  0.250000    0.766439   clock uncertainty
                                 -0.049185    0.717255   clock reconvergence pessimism
                                  0.052266    0.769521   library hold time
                                              0.769521   data required time
---------------------------------------------------------------------------------------------
                                              0.769521   data required time
                                             -1.329743   data arrival time
---------------------------------------------------------------------------------------------
                                              0.560222   slack (MET)


Startpoint: _162_ (rising edge-triggered flip-flop clocked by clk)
Endpoint: _162_ (rising edge-triggered flip-flop clocked by clk)
Path Group: clk
Path Type: min

Fanout         Cap        Slew       Delay        Time   Description
---------------------------------------------------------------------------------------------
                                  0.000000    0.000000   clock clk (rise edge)
                                  0.000000    0.000000   clock source latency
     1    0.029619    0.133726    0.062358    0.062358 ^ clk (in)
                                                         clk (net)
                      0.133728    0.000000    0.062358 ^ clkbuf_0_clk/I (gf180mcu_fd_sc_mcu7t5v0__clkbuf_16)
     4    0.096782    0.130688    0.223075    0.285432 ^ clkbuf_0_clk/Z (gf180mcu_fd_sc_mcu7t5v0__clkbuf_16)
                                                         clknet_0_clk (net)
                      0.130689    0.000582    0.286015 ^ clkbuf_2_0__f_clk/I (gf180mcu_fd_sc_mcu7t5v0__clkbuf_16)
     5    0.022496    0.072011    0.181122    0.467136 ^ clkbuf_2_0__f_clk/Z (gf180mcu_fd_sc_mcu7t5v0__clkbuf_16)
                                                         clknet_2_0__leaf_clk (net)
                      0.072011    0.000175    0.467311 ^ _162_/CLK (gf180mcu_fd_sc_mcu7t5v0__dffq_1)
     3    0.014150    0.155846    0.559627    1.026938 v _162_/Q (gf180mcu_fd_sc_mcu7t5v0__dffq_1)
                                                         active_duty[1] (net)
                      0.155846    0.000181    1.027119 v _134_/A1 (gf180mcu_fd_sc_mcu7t5v0__nor2_1)
     1    0.004971    0.220012    0.161949    1.189068 ^ _134_/ZN (gf180mcu_fd_sc_mcu7t5v0__nor2_1)
                                                         _020_ (net)
                      0.220012    0.000091    1.189160 ^ _135_/B (gf180mcu_fd_sc_mcu7t5v0__aoi211_1)
     1    0.003333    0.129618    0.141115    1.330275 v _135_/ZN (gf180mcu_fd_sc_mcu7t5v0__aoi211_1)
                                                         _010_ (net)
                      0.129618    0.000032    1.330307 v _162_/D (gf180mcu_fd_sc_mcu7t5v0__dffq_1)
                                              1.330307   data arrival time

                                  0.000000    0.000000   clock clk (rise edge)
                                  0.000000    0.000000   clock source latency
     1    0.029619    0.133726    0.068922    0.068922 ^ clk (in)
                                                         clk (net)
                      0.133728    0.000000    0.068922 ^ clkbuf_0_clk/I (gf180mcu_fd_sc_mcu7t5v0__clkbuf_16)
     4    0.096782    0.130688    0.246556    0.315478 ^ clkbuf_0_clk/Z (gf180mcu_fd_sc_mcu7t5v0__clkbuf_16)
                                                         clknet_0_clk (net)
                      0.130689    0.000643    0.316121 ^ clkbuf_2_0__f_clk/I (gf180mcu_fd_sc_mcu7t5v0__clkbuf_16)
     5    0.022496    0.072011    0.200187    0.516308 ^ clkbuf_2_0__f_clk/Z (gf180mcu_fd_sc_mcu7t5v0__clkbuf_16)
                                                         clknet_2_0__leaf_clk (net)
                      0.072011    0.000193    0.516502 ^ _162_/CLK (gf180mcu_fd_sc_mcu7t5v0__dffq_1)
                                  0.250000    0.766502   clock uncertainty
                                 -0.049191    0.717311   clock reconvergence pessimism
                                  0.047538    0.764849   library hold time
                                              0.764849   data required time
---------------------------------------------------------------------------------------------
                                              0.764849   data required time
                                             -1.330307   data arrival time
---------------------------------------------------------------------------------------------
                                              0.565458   slack (MET)


Startpoint: _166_ (rising edge-triggered flip-flop clocked by clk)
Endpoint: _166_ (rising edge-triggered flip-flop clocked by clk)
Path Group: clk
Path Type: min

Fanout         Cap        Slew       Delay        Time   Description
---------------------------------------------------------------------------------------------
                                  0.000000    0.000000   clock clk (rise edge)
                                  0.000000    0.000000   clock source latency
     1    0.029619    0.133726    0.062358    0.062358 ^ clk (in)
                                                         clk (net)
                      0.133728    0.000000    0.062358 ^ clkbuf_0_clk/I (gf180mcu_fd_sc_mcu7t5v0__clkbuf_16)
     4    0.096782    0.130688    0.223075    0.285432 ^ clkbuf_0_clk/Z (gf180mcu_fd_sc_mcu7t5v0__clkbuf_16)
                                                         clknet_0_clk (net)
                      0.130689    0.000631    0.286064 ^ clkbuf_2_1__f_clk/I (gf180mcu_fd_sc_mcu7t5v0__clkbuf_16)
     5    0.025476    0.074345    0.183050    0.469114 ^ clkbuf_2_1__f_clk/Z (gf180mcu_fd_sc_mcu7t5v0__clkbuf_16)
                                                         clknet_2_1__leaf_clk (net)
                      0.074346    0.000239    0.469353 ^ _166_/CLK (gf180mcu_fd_sc_mcu7t5v0__dffq_1)
     3    0.017203    0.176569    0.575102    1.044455 v _166_/Q (gf180mcu_fd_sc_mcu7t5v0__dffq_1)
                                                         active_duty[5] (net)
                      0.176569    0.000189    1.044644 v _142_/A1 (gf180mcu_fd_sc_mcu7t5v0__nor2_1)
     1    0.004981    0.220829    0.167462    1.212106 ^ _142_/ZN (gf180mcu_fd_sc_mcu7t5v0__nor2_1)
                                                         _024_ (net)
                      0.220829    0.000092    1.212199 ^ _143_/B (gf180mcu_fd_sc_mcu7t5v0__aoi211_1)
     1    0.003244    0.134132    0.140479    1.352678 v _143_/ZN (gf180mcu_fd_sc_mcu7t5v0__aoi211_1)
                                                         _014_ (net)
                      0.134132    0.000032    1.352710 v _166_/D (gf180mcu_fd_sc_mcu7t5v0__dffq_1)
                                              1.352710   data arrival time

                                  0.000000    0.000000   clock clk (rise edge)
                                  0.000000    0.000000   clock source latency
     1    0.029619    0.133726    0.068922    0.068922 ^ clk (in)
                                                         clk (net)
                      0.133728    0.000000    0.068922 ^ clkbuf_0_clk/I (gf180mcu_fd_sc_mcu7t5v0__clkbuf_16)
     4    0.096782    0.130688    0.246556    0.315478 ^ clkbuf_0_clk/Z (gf180mcu_fd_sc_mcu7t5v0__clkbuf_16)
                                                         clknet_0_clk (net)
                      0.130689    0.000698    0.316176 ^ clkbuf_2_1__f_clk/I (gf180mcu_fd_sc_mcu7t5v0__clkbuf_16)
     5    0.025476    0.074345    0.202319    0.518494 ^ clkbuf_2_1__f_clk/Z (gf180mcu_fd_sc_mcu7t5v0__clkbuf_16)
                                                         clknet_2_1__leaf_clk (net)
                      0.074346    0.000265    0.518759 ^ _166_/CLK (gf180mcu_fd_sc_mcu7t5v0__dffq_1)
                                  0.250000    0.768759   clock uncertainty
                                 -0.049406    0.719353   clock reconvergence pessimism
                                  0.047210    0.766563   library hold time
                                              0.766563   data required time
---------------------------------------------------------------------------------------------
                                              0.766563   data required time
                                             -1.352710   data arrival time
---------------------------------------------------------------------------------------------
                                              0.586147   slack (MET)


Startpoint: _163_ (rising edge-triggered flip-flop clocked by clk)
Endpoint: _163_ (rising edge-triggered flip-flop clocked by clk)
Path Group: clk
Path Type: min

Fanout         Cap        Slew       Delay        Time   Description
---------------------------------------------------------------------------------------------
                                  0.000000    0.000000   clock clk (rise edge)
                                  0.000000    0.000000   clock source latency
     1    0.029619    0.133726    0.062358    0.062358 ^ clk (in)
                                                         clk (net)
                      0.133728    0.000000    0.062358 ^ clkbuf_0_clk/I (gf180mcu_fd_sc_mcu7t5v0__clkbuf_16)
     4    0.096782    0.130688    0.223075    0.285432 ^ clkbuf_0_clk/Z (gf180mcu_fd_sc_mcu7t5v0__clkbuf_16)
                                                         clknet_0_clk (net)
                      0.130689    0.000582    0.286015 ^ clkbuf_2_0__f_clk/I (gf180mcu_fd_sc_mcu7t5v0__clkbuf_16)
     5    0.022496    0.072011    0.181122    0.467136 ^ clkbuf_2_0__f_clk/Z (gf180mcu_fd_sc_mcu7t5v0__clkbuf_16)
                                                         clknet_2_0__leaf_clk (net)
                      0.072011    0.000097    0.467233 ^ _163_/CLK (gf180mcu_fd_sc_mcu7t5v0__dffq_1)
     3    0.018743    0.187012    0.582081    1.049314 v _163_/Q (gf180mcu_fd_sc_mcu7t5v0__dffq_1)
                                                         active_duty[2] (net)
                      0.187013    0.000253    1.049566 v _136_/A1 (gf180mcu_fd_sc_mcu7t5v0__oai21_1)
     1    0.004812    0.220406    0.184934    1.234500 ^ _136_/ZN (gf180mcu_fd_sc_mcu7t5v0__oai21_1)
                                                         _021_ (net)
                      0.220406    0.000087    1.234587 ^ _137_/B (gf180mcu_fd_sc_mcu7t5v0__aoi21_1)
     1    0.003207    0.098673    0.123640    1.358227 v _137_/ZN (gf180mcu_fd_sc_mcu7t5v0__aoi21_1)
                                                         _011_ (net)
                      0.098673    0.000031    1.358258 v _163_/D (gf180mcu_fd_sc_mcu7t5v0__dffq_1)
                                              1.358258   data arrival time

                                  0.000000    0.000000   clock clk (rise edge)
                                  0.000000    0.000000   clock source latency
     1    0.029619    0.133726    0.068922    0.068922 ^ clk (in)
                                                         clk (net)
                      0.133728    0.000000    0.068922 ^ clkbuf_0_clk/I (gf180mcu_fd_sc_mcu7t5v0__clkbuf_16)
     4    0.096782    0.130688    0.246556    0.315478 ^ clkbuf_0_clk/Z (gf180mcu_fd_sc_mcu7t5v0__clkbuf_16)
                                                         clknet_0_clk (net)
                      0.130689    0.000643    0.316121 ^ clkbuf_2_0__f_clk/I (gf180mcu_fd_sc_mcu7t5v0__clkbuf_16)
     5    0.022496    0.072011    0.200187    0.516308 ^ clkbuf_2_0__f_clk/Z (gf180mcu_fd_sc_mcu7t5v0__clkbuf_16)
                                                         clknet_2_0__leaf_clk (net)
                      0.072011    0.000107    0.516415 ^ _163_/CLK (gf180mcu_fd_sc_mcu7t5v0__dffq_1)
                                  0.250000    0.766416   clock uncertainty
                                 -0.049182    0.717233   clock reconvergence pessimism
                                  0.053184    0.770417   library hold time
                                              0.770417   data required time
---------------------------------------------------------------------------------------------
                                              0.770417   data required time
                                             -1.358258   data arrival time
---------------------------------------------------------------------------------------------
                                              0.587841   slack (MET)


Startpoint: _170_ (rising edge-triggered flip-flop clocked by clk)
Endpoint: _152_ (rising edge-triggered flip-flop clocked by clk)
Path Group: clk
Path Type: min

Fanout         Cap        Slew       Delay        Time   Description
---------------------------------------------------------------------------------------------
                                  0.000000    0.000000   clock clk (rise edge)
                                  0.000000    0.000000   clock source latency
     1    0.029619    0.133726    0.062358    0.062358 ^ clk (in)
                                                         clk (net)
                      0.133728    0.000000    0.062358 ^ clkbuf_0_clk/I (gf180mcu_fd_sc_mcu7t5v0__clkbuf_16)
     4    0.096782    0.130688    0.223075    0.285432 ^ clkbuf_0_clk/Z (gf180mcu_fd_sc_mcu7t5v0__clkbuf_16)
                                                         clknet_0_clk (net)
                      0.130688    0.000349    0.285782 ^ clkbuf_2_2__f_clk/I (gf180mcu_fd_sc_mcu7t5v0__clkbuf_16)
     5    0.024459    0.073549    0.182363    0.468144 ^ clkbuf_2_2__f_clk/Z (gf180mcu_fd_sc_mcu7t5v0__clkbuf_16)
                                                         clknet_2_2__leaf_clk (net)
                      0.073549    0.000183    0.468327 ^ _170_/CLK (gf180mcu_fd_sc_mcu7t5v0__dffq_1)
     2    0.011070    0.133972    0.543853    1.012180 v _170_/Q (gf180mcu_fd_sc_mcu7t5v0__dffq_1)
                                                         active_enable (net)
                      0.133972    0.000146    1.012326 v _122_/B (gf180mcu_fd_sc_mcu7t5v0__oai211_1)
     1    0.011032    0.375925    0.262745    1.275072 ^ _122_/ZN (gf180mcu_fd_sc_mcu7t5v0__oai211_1)
                                                         _075_ (net)
                      0.375925    0.000291    1.275362 ^ _123_/A2 (gf180mcu_fd_sc_mcu7t5v0__aoi21_1)
     1    0.003189    0.104976    0.087444    1.362806 v _123_/ZN (gf180mcu_fd_sc_mcu7t5v0__aoi21_1)
                                                         _000_ (net)
                      0.104976    0.000055    1.362861 v _152_/D (gf180mcu_fd_sc_mcu7t5v0__dffq_1)
                                              1.362861   data arrival time

                                  0.000000    0.000000   clock clk (rise edge)
                                  0.000000    0.000000   clock source latency
     1    0.029619    0.133726    0.068922    0.068922 ^ clk (in)
                                                         clk (net)
                      0.133728    0.000000    0.068922 ^ clkbuf_0_clk/I (gf180mcu_fd_sc_mcu7t5v0__clkbuf_16)
     4    0.096782    0.130688    0.246556    0.315478 ^ clkbuf_0_clk/Z (gf180mcu_fd_sc_mcu7t5v0__clkbuf_16)
                                                         clknet_0_clk (net)
                      0.130688    0.000386    0.315864 ^ clkbuf_2_2__f_clk/I (gf180mcu_fd_sc_mcu7t5v0__clkbuf_16)
     5    0.024459    0.073549    0.201559    0.517423 ^ clkbuf_2_2__f_clk/Z (gf180mcu_fd_sc_mcu7t5v0__clkbuf_16)
                                                         clknet_2_2__leaf_clk (net)
                      0.073549    0.000185    0.517608 ^ _152_/CLK (gf180mcu_fd_sc_mcu7t5v0__dffq_1)
                                  0.250000    0.767608   clock uncertainty
                                 -0.049278    0.718329   clock reconvergence pessimism
                                  0.052380    0.770709   library hold time
                                              0.770709   data required time
---------------------------------------------------------------------------------------------
                                              0.770709   data required time
                                             -1.362861   data arrival time
---------------------------------------------------------------------------------------------
                                              0.592152   slack (MET)


Startpoint: _165_ (rising edge-triggered flip-flop clocked by clk)
Endpoint: _165_ (rising edge-triggered flip-flop clocked by clk)
Path Group: clk
Path Type: min

Fanout         Cap        Slew       Delay        Time   Description
---------------------------------------------------------------------------------------------
                                  0.000000    0.000000   clock clk (rise edge)
                                  0.000000    0.000000   clock source latency
     1    0.029619    0.133726    0.062358    0.062358 ^ clk (in)
                                                         clk (net)
                      0.133728    0.000000    0.062358 ^ clkbuf_0_clk/I (gf180mcu_fd_sc_mcu7t5v0__clkbuf_16)
     4    0.096782    0.130688    0.223075    0.285432 ^ clkbuf_0_clk/Z (gf180mcu_fd_sc_mcu7t5v0__clkbuf_16)
                                                         clknet_0_clk (net)
                      0.130689    0.000631    0.286064 ^ clkbuf_2_1__f_clk/I (gf180mcu_fd_sc_mcu7t5v0__clkbuf_16)
     5    0.025476    0.074345    0.183050    0.469114 ^ clkbuf_2_1__f_clk/Z (gf180mcu_fd_sc_mcu7t5v0__clkbuf_16)
                                                         clknet_2_1__leaf_clk (net)
                      0.074346    0.000207    0.469320 ^ _165_/CLK (gf180mcu_fd_sc_mcu7t5v0__dffq_1)
     3    0.017247    0.176842    0.575244    1.044564 v _165_/Q (gf180mcu_fd_sc_mcu7t5v0__dffq_1)
                                                         active_duty[4] (net)
                      0.176842    0.000233    1.044797 v _140_/A1 (gf180mcu_fd_sc_mcu7t5v0__oai21_1)
     1    0.005963    0.236211    0.198213    1.243011 ^ _140_/ZN (gf180mcu_fd_sc_mcu7t5v0__oai21_1)
                                                         _023_ (net)
                      0.236211    0.000118    1.243129 ^ _141_/B (gf180mcu_fd_sc_mcu7t5v0__aoi21_1)
     1    0.003201    0.112847    0.125472    1.368600 v _141_/ZN (gf180mcu_fd_sc_mcu7t5v0__aoi21_1)
                                                         _013_ (net)
                      0.112847    0.000057    1.368657 v _165_/D (gf180mcu_fd_sc_mcu7t5v0__dffq_1)
                                              1.368657   data arrival time

                                  0.000000    0.000000   clock clk (rise edge)
                                  0.000000    0.000000   clock source latency
     1    0.029619    0.133726    0.068922    0.068922 ^ clk (in)
                                                         clk (net)
                      0.133728    0.000000    0.068922 ^ clkbuf_0_clk/I (gf180mcu_fd_sc_mcu7t5v0__clkbuf_16)
     4    0.096782    0.130688    0.246556    0.315478 ^ clkbuf_0_clk/Z (gf180mcu_fd_sc_mcu7t5v0__clkbuf_16)
                                                         clknet_0_clk (net)
                      0.130689    0.000698    0.316176 ^ clkbuf_2_1__f_clk/I (gf180mcu_fd_sc_mcu7t5v0__clkbuf_16)
     5    0.025476    0.074345    0.202319    0.518494 ^ clkbuf_2_1__f_clk/Z (gf180mcu_fd_sc_mcu7t5v0__clkbuf_16)
                                                         clknet_2_1__leaf_clk (net)
                      0.074346    0.000228    0.518723 ^ _165_/CLK (gf180mcu_fd_sc_mcu7t5v0__dffq_1)
                                  0.250000    0.768723   clock uncertainty
                                 -0.049402    0.719320   clock reconvergence pessimism
                                  0.051115    0.770435   library hold time
                                              0.770435   data required time
---------------------------------------------------------------------------------------------
                                              0.770435   data required time
                                             -1.368657   data arrival time
---------------------------------------------------------------------------------------------
                                              0.598222   slack (MET)


Startpoint: _155_ (rising edge-triggered flip-flop clocked by clk)
Endpoint: _155_ (rising edge-triggered flip-flop clocked by clk)
Path Group: clk
Path Type: min

Fanout         Cap        Slew       Delay        Time   Description
---------------------------------------------------------------------------------------------
                                  0.000000    0.000000   clock clk (rise edge)
                                  0.000000    0.000000   clock source latency
     1    0.029619    0.133726    0.062358    0.062358 ^ clk (in)
                                                         clk (net)
                      0.133728    0.000000    0.062358 ^ clkbuf_0_clk/I (gf180mcu_fd_sc_mcu7t5v0__clkbuf_16)
     4    0.096782    0.130688    0.223075    0.285432 ^ clkbuf_0_clk/Z (gf180mcu_fd_sc_mcu7t5v0__clkbuf_16)
                                                         clknet_0_clk (net)
                      0.130689    0.000631    0.286064 ^ clkbuf_2_1__f_clk/I (gf180mcu_fd_sc_mcu7t5v0__clkbuf_16)
     5    0.025476    0.074345    0.183050    0.469114 ^ clkbuf_2_1__f_clk/Z (gf180mcu_fd_sc_mcu7t5v0__clkbuf_16)
                                                         clknet_2_1__leaf_clk (net)
                      0.074346    0.000113    0.469227 ^ _155_/CLK (gf180mcu_fd_sc_mcu7t5v0__dffq_1)
     3    0.011624    0.138278    0.547328    1.016555 v _155_/Q (gf180mcu_fd_sc_mcu7t5v0__dffq_1)
                                                         counter[2] (net)
                      0.138278    0.000148    1.016703 v _101_/B (gf180mcu_fd_sc_mcu7t5v0__aoi21_1)
     3    0.016165    0.411546    0.287400    1.304103 ^ _101_/ZN (gf180mcu_fd_sc_mcu7t5v0__aoi21_1)
                                                         _054_ (net)
                      0.411546    0.000229    1.304332 ^ _126_/A2 (gf180mcu_fd_sc_mcu7t5v0__oai21_1)
     1    0.003371    0.158577    0.128691    1.433024 v _126_/ZN (gf180mcu_fd_sc_mcu7t5v0__oai21_1)
                                                         _003_ (net)
                      0.158577    0.000061    1.433085 v _155_/D (gf180mcu_fd_sc_mcu7t5v0__dffq_1)
                                              1.433085   data arrival time

                                  0.000000    0.000000   clock clk (rise edge)
                                  0.000000    0.000000   clock source latency
     1    0.029619    0.133726    0.068922    0.068922 ^ clk (in)
                                                         clk (net)
                      0.133728    0.000000    0.068922 ^ clkbuf_0_clk/I (gf180mcu_fd_sc_mcu7t5v0__clkbuf_16)
     4    0.096782    0.130688    0.246556    0.315478 ^ clkbuf_0_clk/Z (gf180mcu_fd_sc_mcu7t5v0__clkbuf_16)
                                                         clknet_0_clk (net)
                      0.130689    0.000698    0.316176 ^ clkbuf_2_1__f_clk/I (gf180mcu_fd_sc_mcu7t5v0__clkbuf_16)
     5    0.025476    0.074345    0.202319    0.518494 ^ clkbuf_2_1__f_clk/Z (gf180mcu_fd_sc_mcu7t5v0__clkbuf_16)
                                                         clknet_2_1__leaf_clk (net)
                      0.074346    0.000125    0.518619 ^ _155_/CLK (gf180mcu_fd_sc_mcu7t5v0__dffq_1)
                                  0.250000    0.768619   clock uncertainty
                                 -0.049392    0.719227   clock reconvergence pessimism
                                  0.042724    0.761951   library hold time
                                              0.761951   data required time
---------------------------------------------------------------------------------------------
                                              0.761951   data required time
                                             -1.433085   data arrival time
---------------------------------------------------------------------------------------------
                                              0.671134   slack (MET)


Startpoint: _159_ (rising edge-triggered flip-flop clocked by clk)
Endpoint: _159_ (rising edge-triggered flip-flop clocked by clk)
Path Group: clk
Path Type: min

Fanout         Cap        Slew       Delay        Time   Description
---------------------------------------------------------------------------------------------
                                  0.000000    0.000000   clock clk (rise edge)
                                  0.000000    0.000000   clock source latency
     1    0.029619    0.133726    0.062358    0.062358 ^ clk (in)
                                                         clk (net)
                      0.133728    0.000000    0.062358 ^ clkbuf_0_clk/I (gf180mcu_fd_sc_mcu7t5v0__clkbuf_16)
     4    0.096782    0.130688    0.223075    0.285432 ^ clkbuf_0_clk/Z (gf180mcu_fd_sc_mcu7t5v0__clkbuf_16)
                                                         clknet_0_clk (net)
                      0.130688    0.000323    0.285755 ^ clkbuf_2_3__f_clk/I (gf180mcu_fd_sc_mcu7t5v0__clkbuf_16)
     5    0.024963    0.073945    0.182724    0.468479 ^ clkbuf_2_3__f_clk/Z (gf180mcu_fd_sc_mcu7t5v0__clkbuf_16)
                                                         clknet_2_3__leaf_clk (net)
                      0.073945    0.000057    0.468536 ^ _159_/CLK (gf180mcu_fd_sc_mcu7t5v0__dffq_1)
     2    0.013048    0.148349    0.554662    1.023197 v _159_/Q (gf180mcu_fd_sc_mcu7t5v0__dffq_1)
                                                         counter[6] (net)
                      0.148349    0.000119    1.023316 v _115_/A1 (gf180mcu_fd_sc_mcu7t5v0__xor2_1)
     3    0.018036    0.566232    0.355926    1.379243 ^ _115_/Z (gf180mcu_fd_sc_mcu7t5v0__xor2_1)
                                                         _068_ (net)
                      0.566232    0.000255    1.379498 ^ _130_/A2 (gf180mcu_fd_sc_mcu7t5v0__nand2_1)
     1    0.003020    0.161674    0.080898    1.460396 v _130_/ZN (gf180mcu_fd_sc_mcu7t5v0__nand2_1)
                                                         _007_ (net)
                      0.161674    0.000028    1.460424 v _159_/D (gf180mcu_fd_sc_mcu7t5v0__dffq_1)
                                              1.460424   data arrival time

                                  0.000000    0.000000   clock clk (rise edge)
                                  0.000000    0.000000   clock source latency
     1    0.029619    0.133726    0.068922    0.068922 ^ clk (in)
                                                         clk (net)
                      0.133728    0.000000    0.068922 ^ clkbuf_0_clk/I (gf180mcu_fd_sc_mcu7t5v0__clkbuf_16)
     4    0.096782    0.130688    0.246556    0.315478 ^ clkbuf_0_clk/Z (gf180mcu_fd_sc_mcu7t5v0__clkbuf_16)
                                                         clknet_0_clk (net)
                      0.130688    0.000357    0.315835 ^ clkbuf_2_3__f_clk/I (gf180mcu_fd_sc_mcu7t5v0__clkbuf_16)
     5    0.024963    0.073945    0.201958    0.517792 ^ clkbuf_2_3__f_clk/Z (gf180mcu_fd_sc_mcu7t5v0__clkbuf_16)
                                                         clknet_2_3__leaf_clk (net)
                      0.073945    0.000063    0.517855 ^ _159_/CLK (gf180mcu_fd_sc_mcu7t5v0__dffq_1)
                                  0.250000    0.767855   clock uncertainty
                                 -0.049319    0.718536   clock reconvergence pessimism
                                  0.042076    0.760611   library hold time
                                              0.760611   data required time
---------------------------------------------------------------------------------------------
                                              0.760611   data required time
                                             -1.460424   data arrival time
---------------------------------------------------------------------------------------------
                                              0.699813   slack (MET)


Startpoint: _160_ (rising edge-triggered flip-flop clocked by clk)
Endpoint: _160_ (rising edge-triggered flip-flop clocked by clk)
Path Group: clk
Path Type: min

Fanout         Cap        Slew       Delay        Time   Description
---------------------------------------------------------------------------------------------
                                  0.000000    0.000000   clock clk (rise edge)
                                  0.000000    0.000000   clock source latency
     1    0.029619    0.133726    0.062358    0.062358 ^ clk (in)
                                                         clk (net)
                      0.133728    0.000000    0.062358 ^ clkbuf_0_clk/I (gf180mcu_fd_sc_mcu7t5v0__clkbuf_16)
     4    0.096782    0.130688    0.223075    0.285432 ^ clkbuf_0_clk/Z (gf180mcu_fd_sc_mcu7t5v0__clkbuf_16)
                                                         clknet_0_clk (net)
                      0.130688    0.000323    0.285755 ^ clkbuf_2_3__f_clk/I (gf180mcu_fd_sc_mcu7t5v0__clkbuf_16)
     5    0.024963    0.073945    0.182724    0.468479 ^ clkbuf_2_3__f_clk/Z (gf180mcu_fd_sc_mcu7t5v0__clkbuf_16)
                                                         clknet_2_3__leaf_clk (net)
                      0.073945    0.000263    0.468742 ^ _160_/CLK (gf180mcu_fd_sc_mcu7t5v0__dffq_1)
     3    0.016677    0.172997    0.572439    1.041181 v _160_/Q (gf180mcu_fd_sc_mcu7t5v0__dffq_1)
                                                         counter[7] (net)
                      0.172997    0.000118    1.041299 v _117_/A1 (gf180mcu_fd_sc_mcu7t5v0__xor2_1)
     3    0.017303    0.547509    0.351105    1.392404 ^ _117_/Z (gf180mcu_fd_sc_mcu7t5v0__xor2_1)
                                                         _070_ (net)
                      0.547509    0.000219    1.392623 ^ _131_/A2 (gf180mcu_fd_sc_mcu7t5v0__nand2_1)
     1    0.002979    0.158180    0.080801    1.473424 v _131_/ZN (gf180mcu_fd_sc_mcu7t5v0__nand2_1)
                                                         _008_ (net)
                      0.158180    0.000027    1.473452 v _160_/D (gf180mcu_fd_sc_mcu7t5v0__dffq_1)
                                              1.473452   data arrival time

                                  0.000000    0.000000   clock clk (rise edge)
                                  0.000000    0.000000   clock source latency
     1    0.029619    0.133726    0.068922    0.068922 ^ clk (in)
                                                         clk (net)
                      0.133728    0.000000    0.068922 ^ clkbuf_0_clk/I (gf180mcu_fd_sc_mcu7t5v0__clkbuf_16)
     4    0.096782    0.130688    0.246556    0.315478 ^ clkbuf_0_clk/Z (gf180mcu_fd_sc_mcu7t5v0__clkbuf_16)
                                                         clknet_0_clk (net)
                      0.130688    0.000357    0.315835 ^ clkbuf_2_3__f_clk/I (gf180mcu_fd_sc_mcu7t5v0__clkbuf_16)
     5    0.024963    0.073945    0.201958    0.517792 ^ clkbuf_2_3__f_clk/Z (gf180mcu_fd_sc_mcu7t5v0__clkbuf_16)
                                                         clknet_2_3__leaf_clk (net)
                      0.073945    0.000291    0.518083 ^ _160_/CLK (gf180mcu_fd_sc_mcu7t5v0__dffq_1)
                                  0.250000    0.768083   clock uncertainty
                                 -0.049341    0.718742   clock reconvergence pessimism
                                  0.042716    0.761458   library hold time
                                              0.761458   data required time
---------------------------------------------------------------------------------------------
                                              0.761458   data required time
                                             -1.473452   data arrival time
---------------------------------------------------------------------------------------------
                                              0.711993   slack (MET)


Startpoint: _158_ (rising edge-triggered flip-flop clocked by clk)
Endpoint: _158_ (rising edge-triggered flip-flop clocked by clk)
Path Group: clk
Path Type: min

Fanout         Cap        Slew       Delay        Time   Description
---------------------------------------------------------------------------------------------
                                  0.000000    0.000000   clock clk (rise edge)
                                  0.000000    0.000000   clock source latency
     1    0.029619    0.133726    0.062358    0.062358 ^ clk (in)
                                                         clk (net)
                      0.133728    0.000000    0.062358 ^ clkbuf_0_clk/I (gf180mcu_fd_sc_mcu7t5v0__clkbuf_16)
     4    0.096782    0.130688    0.223075    0.285432 ^ clkbuf_0_clk/Z (gf180mcu_fd_sc_mcu7t5v0__clkbuf_16)
                                                         clknet_0_clk (net)
                      0.130688    0.000323    0.285755 ^ clkbuf_2_3__f_clk/I (gf180mcu_fd_sc_mcu7t5v0__clkbuf_16)
     5    0.024963    0.073945    0.182724    0.468479 ^ clkbuf_2_3__f_clk/Z (gf180mcu_fd_sc_mcu7t5v0__clkbuf_16)
                                                         clknet_2_3__leaf_clk (net)
                      0.073945    0.000035    0.468514 ^ _158_/CLK (gf180mcu_fd_sc_mcu7t5v0__dffq_1)
     3    0.018220    0.183485    0.580031    1.048545 v _158_/Q (gf180mcu_fd_sc_mcu7t5v0__dffq_1)
                                                         counter[5] (net)
                      0.183485    0.000128    1.048673 v _113_/A1 (gf180mcu_fd_sc_mcu7t5v0__xor2_1)
     3    0.017269    0.547238    0.353020    1.401692 ^ _113_/Z (gf180mcu_fd_sc_mcu7t5v0__xor2_1)
                                                         _066_ (net)
                      0.547238    0.000238    1.401930 ^ _129_/A2 (gf180mcu_fd_sc_mcu7t5v0__nand2_1)
     1    0.002802    0.156193    0.078679    1.480609 v _129_/ZN (gf180mcu_fd_sc_mcu7t5v0__nand2_1)
                                                         _006_ (net)
                      0.156193    0.000026    1.480635 v _158_/D (gf180mcu_fd_sc_mcu7t5v0__dffq_1)
                                              1.480635   data arrival time

                                  0.000000    0.000000   clock clk (rise edge)
                                  0.000000    0.000000   clock source latency
     1    0.029619    0.133726    0.068922    0.068922 ^ clk (in)
                                                         clk (net)
                      0.133728    0.000000    0.068922 ^ clkbuf_0_clk/I (gf180mcu_fd_sc_mcu7t5v0__clkbuf_16)
     4    0.096782    0.130688    0.246556    0.315478 ^ clkbuf_0_clk/Z (gf180mcu_fd_sc_mcu7t5v0__clkbuf_16)
                                                         clknet_0_clk (net)
                      0.130688    0.000357    0.315835 ^ clkbuf_2_3__f_clk/I (gf180mcu_fd_sc_mcu7t5v0__clkbuf_16)
     5    0.024963    0.073945    0.201958    0.517792 ^ clkbuf_2_3__f_clk/Z (gf180mcu_fd_sc_mcu7t5v0__clkbuf_16)
                                                         clknet_2_3__leaf_clk (net)
                      0.073945    0.000039    0.517831 ^ _158_/CLK (gf180mcu_fd_sc_mcu7t5v0__dffq_1)
                                  0.250000    0.767831   clock uncertainty
                                 -0.049317    0.718514   clock reconvergence pessimism
                                  0.043081    0.761594   library hold time
                                              0.761594   data required time
---------------------------------------------------------------------------------------------
                                              0.761594   data required time
                                             -1.480635   data arrival time
---------------------------------------------------------------------------------------------
                                              0.719041   slack (MET)


Startpoint: _154_ (rising edge-triggered flip-flop clocked by clk)
Endpoint: _154_ (rising edge-triggered flip-flop clocked by clk)
Path Group: clk
Path Type: min

Fanout         Cap        Slew       Delay        Time   Description
---------------------------------------------------------------------------------------------
                                  0.000000    0.000000   clock clk (rise edge)
                                  0.000000    0.000000   clock source latency
     1    0.029619    0.133726    0.062358    0.062358 ^ clk (in)
                                                         clk (net)
                      0.133728    0.000000    0.062358 ^ clkbuf_0_clk/I (gf180mcu_fd_sc_mcu7t5v0__clkbuf_16)
     4    0.096782    0.130688    0.223075    0.285432 ^ clkbuf_0_clk/Z (gf180mcu_fd_sc_mcu7t5v0__clkbuf_16)
                                                         clknet_0_clk (net)
                      0.130689    0.000582    0.286015 ^ clkbuf_2_0__f_clk/I (gf180mcu_fd_sc_mcu7t5v0__clkbuf_16)
     5    0.022496    0.072011    0.181122    0.467136 ^ clkbuf_2_0__f_clk/Z (gf180mcu_fd_sc_mcu7t5v0__clkbuf_16)
                                                         clknet_2_0__leaf_clk (net)
                      0.072011    0.000054    0.467191 ^ _154_/CLK (gf180mcu_fd_sc_mcu7t5v0__dffq_1)
     5    0.026086    0.238019    0.618131    1.085322 v _154_/Q (gf180mcu_fd_sc_mcu7t5v0__dffq_1)
                                                         counter[1] (net)
                      0.238019    0.000172    1.085493 v _105_/A2 (gf180mcu_fd_sc_mcu7t5v0__xnor2_1)
     2    0.011065    0.323659    0.328109    1.413602 ^ _105_/ZN (gf180mcu_fd_sc_mcu7t5v0__xnor2_1)
                                                         _058_ (net)
                      0.323659    0.000136    1.413738 ^ _125_/A2 (gf180mcu_fd_sc_mcu7t5v0__nand2_1)
     1    0.002872    0.119716    0.080810    1.494548 v _125_/ZN (gf180mcu_fd_sc_mcu7t5v0__nand2_1)
                                                         _002_ (net)
                      0.119716    0.000026    1.494575 v _154_/D (gf180mcu_fd_sc_mcu7t5v0__dffq_1)
                                              1.494575   data arrival time

                                  0.000000    0.000000   clock clk (rise edge)
                                  0.000000    0.000000   clock source latency
     1    0.029619    0.133726    0.068922    0.068922 ^ clk (in)
                                                         clk (net)
                      0.133728    0.000000    0.068922 ^ clkbuf_0_clk/I (gf180mcu_fd_sc_mcu7t5v0__clkbuf_16)
     4    0.096782    0.130688    0.246556    0.315478 ^ clkbuf_0_clk/Z (gf180mcu_fd_sc_mcu7t5v0__clkbuf_16)
                                                         clknet_0_clk (net)
                      0.130689    0.000643    0.316121 ^ clkbuf_2_0__f_clk/I (gf180mcu_fd_sc_mcu7t5v0__clkbuf_16)
     5    0.022496    0.072011    0.200187    0.516308 ^ clkbuf_2_0__f_clk/Z (gf180mcu_fd_sc_mcu7t5v0__clkbuf_16)
                                                         clknet_2_0__leaf_clk (net)
                      0.072011    0.000060    0.516369 ^ _154_/CLK (gf180mcu_fd_sc_mcu7t5v0__dffq_1)
                                  0.250000    0.766369   clock uncertainty
                                 -0.049178    0.717191   clock reconvergence pessimism
                                  0.049344    0.766535   library hold time
                                              0.766535   data required time
---------------------------------------------------------------------------------------------
                                              0.766535   data required time
                                             -1.494575   data arrival time
---------------------------------------------------------------------------------------------
                                              0.728040   slack (MET)


Startpoint: _157_ (rising edge-triggered flip-flop clocked by clk)
Endpoint: _157_ (rising edge-triggered flip-flop clocked by clk)
Path Group: clk
Path Type: min

Fanout         Cap        Slew       Delay        Time   Description
---------------------------------------------------------------------------------------------
                                  0.000000    0.000000   clock clk (rise edge)
                                  0.000000    0.000000   clock source latency
     1    0.029619    0.133726    0.062358    0.062358 ^ clk (in)
                                                         clk (net)
                      0.133728    0.000000    0.062358 ^ clkbuf_0_clk/I (gf180mcu_fd_sc_mcu7t5v0__clkbuf_16)
     4    0.096782    0.130688    0.223075    0.285432 ^ clkbuf_0_clk/Z (gf180mcu_fd_sc_mcu7t5v0__clkbuf_16)
                                                         clknet_0_clk (net)
                      0.130688    0.000323    0.285755 ^ clkbuf_2_3__f_clk/I (gf180mcu_fd_sc_mcu7t5v0__clkbuf_16)
     5    0.024963    0.073945    0.182724    0.468479 ^ clkbuf_2_3__f_clk/Z (gf180mcu_fd_sc_mcu7t5v0__clkbuf_16)
                                                         clknet_2_3__leaf_clk (net)
                      0.073945    0.000059    0.468537 ^ _157_/CLK (gf180mcu_fd_sc_mcu7t5v0__dffq_1)
     4    0.023867    0.377829    0.714609    1.183146 ^ _157_/Q (gf180mcu_fd_sc_mcu7t5v0__dffq_1)
                                                         counter[4] (net)
                      0.377829    0.000147    1.183293 ^ _110_/A1 (gf180mcu_fd_sc_mcu7t5v0__xor2_1)
     2    0.012492    0.228368    0.184904    1.368198 v _110_/Z (gf180mcu_fd_sc_mcu7t5v0__xor2_1)
                                                         _063_ (net)
                      0.228368    0.000200    1.368398 v _111_/I (gf180mcu_fd_sc_mcu7t5v0__clkinv_1)
     2    0.010177    0.195499    0.166570    1.534968 ^ _111_/ZN (gf180mcu_fd_sc_mcu7t5v0__clkinv_1)
                                                         _064_ (net)
                      0.195499    0.000129    1.535097 ^ _128_/A2 (gf180mcu_fd_sc_mcu7t5v0__nand2_1)
     1    0.002985    0.098715    0.079764    1.614862 v _128_/ZN (gf180mcu_fd_sc_mcu7t5v0__nand2_1)
                                                         _005_ (net)
                      0.098715    0.000028    1.614890 v _157_/D (gf180mcu_fd_sc_mcu7t5v0__dffq_1)
                                              1.614890   data arrival time

                                  0.000000    0.000000   clock clk (rise edge)
                                  0.000000    0.000000   clock source latency
     1    0.029619    0.133726    0.068922    0.068922 ^ clk (in)
                                                         clk (net)
                      0.133728    0.000000    0.068922 ^ clkbuf_0_clk/I (gf180mcu_fd_sc_mcu7t5v0__clkbuf_16)
     4    0.096782    0.130688    0.246556    0.315478 ^ clkbuf_0_clk/Z (gf180mcu_fd_sc_mcu7t5v0__clkbuf_16)
                                                         clknet_0_clk (net)
                      0.130688    0.000357    0.315835 ^ clkbuf_2_3__f_clk/I (gf180mcu_fd_sc_mcu7t5v0__clkbuf_16)
     5    0.024963    0.073945    0.201958    0.517792 ^ clkbuf_2_3__f_clk/Z (gf180mcu_fd_sc_mcu7t5v0__clkbuf_16)
                                                         clknet_2_3__leaf_clk (net)
                      0.073945    0.000065    0.517857 ^ _157_/CLK (gf180mcu_fd_sc_mcu7t5v0__dffq_1)
                                  0.250000    0.767857   clock uncertainty
                                 -0.049320    0.718537   clock reconvergence pessimism
                                  0.053617    0.772154   library hold time
                                              0.772154   data required time
---------------------------------------------------------------------------------------------
                                              0.772154   data required time
                                             -1.614890   data arrival time
---------------------------------------------------------------------------------------------
                                              0.842736   slack (MET)


Startpoint: _156_ (rising edge-triggered flip-flop clocked by clk)
Endpoint: _156_ (rising edge-triggered flip-flop clocked by clk)
Path Group: clk
Path Type: min

Fanout         Cap        Slew       Delay        Time   Description
---------------------------------------------------------------------------------------------
                                  0.000000    0.000000   clock clk (rise edge)
                                  0.000000    0.000000   clock source latency
     1    0.029619    0.133726    0.062358    0.062358 ^ clk (in)
                                                         clk (net)
                      0.133728    0.000000    0.062358 ^ clkbuf_0_clk/I (gf180mcu_fd_sc_mcu7t5v0__clkbuf_16)
     4    0.096782    0.130688    0.223075    0.285432 ^ clkbuf_0_clk/Z (gf180mcu_fd_sc_mcu7t5v0__clkbuf_16)
                                                         clknet_0_clk (net)
                      0.130689    0.000631    0.286064 ^ clkbuf_2_1__f_clk/I (gf180mcu_fd_sc_mcu7t5v0__clkbuf_16)
     5    0.025476    0.074345    0.183050    0.469114 ^ clkbuf_2_1__f_clk/Z (gf180mcu_fd_sc_mcu7t5v0__clkbuf_16)
                                                         clknet_2_1__leaf_clk (net)
                      0.074345    0.000032    0.469146 ^ _156_/CLK (gf180mcu_fd_sc_mcu7t5v0__dffq_1)
     2    0.012850    0.146979    0.553717    1.022863 v _156_/Q (gf180mcu_fd_sc_mcu7t5v0__dffq_1)
                                                         counter[3] (net)
                      0.146979    0.000244    1.023107 v _108_/A1 (gf180mcu_fd_sc_mcu7t5v0__xor2_1)
     3    0.017415    0.550195    0.346929    1.370035 ^ _108_/Z (gf180mcu_fd_sc_mcu7t5v0__xor2_1)
                                                         _061_ (net)
                      0.550195    0.000337    1.370372 ^ _127_/A2 (gf180mcu_fd_sc_mcu7t5v0__or2_1)
     1    0.002951    0.100361    0.219909    1.590281 ^ _127_/Z (gf180mcu_fd_sc_mcu7t5v0__or2_1)
                                                         _004_ (net)
                      0.100361    0.000028    1.590309 ^ _156_/D (gf180mcu_fd_sc_mcu7t5v0__dffq_1)
                                              1.590309   data arrival time

                                  0.000000    0.000000   clock clk (rise edge)
                                  0.000000    0.000000   clock source latency
     1    0.029619    0.133726    0.068922    0.068922 ^ clk (in)
                                                         clk (net)
                      0.133728    0.000000    0.068922 ^ clkbuf_0_clk/I (gf180mcu_fd_sc_mcu7t5v0__clkbuf_16)
     4    0.096782    0.130688    0.246556    0.315478 ^ clkbuf_0_clk/Z (gf180mcu_fd_sc_mcu7t5v0__clkbuf_16)
                                                         clknet_0_clk (net)
                      0.130689    0.000698    0.316176 ^ clkbuf_2_1__f_clk/I (gf180mcu_fd_sc_mcu7t5v0__clkbuf_16)
     5    0.025476    0.074345    0.202319    0.518494 ^ clkbuf_2_1__f_clk/Z (gf180mcu_fd_sc_mcu7t5v0__clkbuf_16)
                                                         clknet_2_1__leaf_clk (net)
                      0.074345    0.000036    0.518530 ^ _156_/CLK (gf180mcu_fd_sc_mcu7t5v0__dffq_1)
                                  0.250000    0.768530   clock uncertainty
                                 -0.049384    0.719146   clock reconvergence pessimism
                                  0.027702    0.746848   library hold time
                                              0.746848   data required time
---------------------------------------------------------------------------------------------
                                              0.746848   data required time
                                             -1.590309   data arrival time
---------------------------------------------------------------------------------------------
                                              0.843461   slack (MET)


Startpoint: _152_ (rising edge-triggered flip-flop clocked by clk)
Endpoint: pwm (output port clocked by clk)
Path Group: clk
Path Type: min

Fanout         Cap        Slew       Delay        Time   Description
---------------------------------------------------------------------------------------------
                                  0.000000    0.000000   clock clk (rise edge)
                                  0.000000    0.000000   clock source latency
     1    0.029619    0.133726    0.062358    0.062358 ^ clk (in)
                                                         clk (net)
                      0.133728    0.000000    0.062358 ^ clkbuf_0_clk/I (gf180mcu_fd_sc_mcu7t5v0__clkbuf_16)
     4    0.096782    0.130688    0.223075    0.285432 ^ clkbuf_0_clk/Z (gf180mcu_fd_sc_mcu7t5v0__clkbuf_16)
                                                         clknet_0_clk (net)
                      0.130688    0.000349    0.285782 ^ clkbuf_2_2__f_clk/I (gf180mcu_fd_sc_mcu7t5v0__clkbuf_16)
     5    0.024459    0.073549    0.182363    0.468144 ^ clkbuf_2_2__f_clk/Z (gf180mcu_fd_sc_mcu7t5v0__clkbuf_16)
                                                         clknet_2_2__leaf_clk (net)
                      0.073549    0.000167    0.468312 ^ _152_/CLK (gf180mcu_fd_sc_mcu7t5v0__dffq_1)
     1    0.006489    0.102927    0.516722    0.985034 v _152_/Q (gf180mcu_fd_sc_mcu7t5v0__dffq_1)
                                                         net12 (net)
                      0.102927    0.000125    0.985159 v output12/I (gf180mcu_fd_sc_mcu7t5v0__buf_2)
     1    0.073962    0.309936    0.338216    1.323375 v output12/Z (gf180mcu_fd_sc_mcu7t5v0__buf_2)
                                                         pwm (net)
                      0.309943    0.000829    1.324204 v pwm (out)
                                              1.324204   data arrival time

                                  0.000000    0.000000   clock clk (rise edge)
                                  0.000000    0.000000   clock network delay (propagated)
                                  0.250000    0.250000   clock uncertainty
                                  0.000000    0.250000   clock reconvergence pessimism
                               -200.000000 -199.750000   output external delay
                                           -199.750000   data required time
---------------------------------------------------------------------------------------------
                                           -199.750000   data required time
                                             -1.324204   data arrival time
---------------------------------------------------------------------------------------------
                                            201.074203   slack (MET)



