
===========================================================================
report_checks -path_delay min (Hold)
============================================================================
======================= nom_tt_025C_3v30 Corner ===================================

Startpoint: _170_ (rising edge-triggered flip-flop clocked by clk)
Endpoint: _170_ (rising edge-triggered flip-flop clocked by clk)
Path Group: clk
Path Type: min

Fanout         Cap        Slew       Delay        Time   Description
---------------------------------------------------------------------------------------------
                                  0.000000    0.000000   clock clk (rise edge)
                                  0.000000    0.000000   clock source latency
     1    0.029944    0.222532    0.100064    0.100064 ^ clk (in)
                                                         clk (net)
                      0.222533    0.000000    0.100064 ^ clkbuf_0_clk/I (gf180mcu_fd_sc_mcu7t5v0__clkbuf_16)
     4    0.096325    0.218041    0.376327    0.476391 ^ clkbuf_0_clk/Z (gf180mcu_fd_sc_mcu7t5v0__clkbuf_16)
                                                         clknet_0_clk (net)
                      0.218041    0.000374    0.476765 ^ clkbuf_2_2__f_clk/I (gf180mcu_fd_sc_mcu7t5v0__clkbuf_16)
     5    0.025222    0.125104    0.309229    0.785994 ^ clkbuf_2_2__f_clk/Z (gf180mcu_fd_sc_mcu7t5v0__clkbuf_16)
                                                         clknet_2_2__leaf_clk (net)
                      0.125104    0.000193    0.786188 ^ _170_/CLK (gf180mcu_fd_sc_mcu7t5v0__dffq_1)
     2    0.011311    0.222165    0.944938    1.731126 v _170_/Q (gf180mcu_fd_sc_mcu7t5v0__dffq_1)
                                                         active_enable (net)
                      0.222165    0.000161    1.731287 v _100_/A1 (gf180mcu_fd_sc_mcu7t5v0__nand2_1)
     1    0.005134    0.231148    0.201156    1.932443 ^ _100_/ZN (gf180mcu_fd_sc_mcu7t5v0__nand2_1)
                                                         _053_ (net)
                      0.231148    0.000091    1.932534 ^ _151_/A2 (gf180mcu_fd_sc_mcu7t5v0__aoi21_1)
     1    0.002718    0.151203    0.137996    2.070530 v _151_/ZN (gf180mcu_fd_sc_mcu7t5v0__aoi21_1)
                                                         _018_ (net)
                      0.151203    0.000025    2.070555 v _170_/D (gf180mcu_fd_sc_mcu7t5v0__dffq_1)
                                              2.070555   data arrival time

                                  0.000000    0.000000   clock clk (rise edge)
                                  0.000000    0.000000   clock source latency
     1    0.029944    0.222532    0.110597    0.110597 ^ clk (in)
                                                         clk (net)
                      0.222533    0.000000    0.110597 ^ clkbuf_0_clk/I (gf180mcu_fd_sc_mcu7t5v0__clkbuf_16)
     4    0.096325    0.218041    0.415941    0.526538 ^ clkbuf_0_clk/Z (gf180mcu_fd_sc_mcu7t5v0__clkbuf_16)
                                                         clknet_0_clk (net)
                      0.218041    0.000413    0.526951 ^ clkbuf_2_2__f_clk/I (gf180mcu_fd_sc_mcu7t5v0__clkbuf_16)
     5    0.025222    0.125104    0.341780    0.868731 ^ clkbuf_2_2__f_clk/Z (gf180mcu_fd_sc_mcu7t5v0__clkbuf_16)
                                                         clknet_2_2__leaf_clk (net)
                      0.125104    0.000214    0.868944 ^ _170_/CLK (gf180mcu_fd_sc_mcu7t5v0__dffq_1)
                                  0.250000    1.118944   clock uncertainty
                                 -0.082757    1.036188   clock reconvergence pessimism
                                  0.065711    1.101898   library hold time
                                              1.101898   data required time
---------------------------------------------------------------------------------------------
                                              1.101898   data required time
                                             -2.070555   data arrival time
---------------------------------------------------------------------------------------------
                                              0.968657   slack (MET)


Startpoint: _153_ (rising edge-triggered flip-flop clocked by clk)
Endpoint: _153_ (rising edge-triggered flip-flop clocked by clk)
Path Group: clk
Path Type: min

Fanout         Cap        Slew       Delay        Time   Description
---------------------------------------------------------------------------------------------
                                  0.000000    0.000000   clock clk (rise edge)
                                  0.000000    0.000000   clock source latency
     1    0.029944    0.222532    0.100064    0.100064 ^ clk (in)
                                                         clk (net)
                      0.222533    0.000000    0.100064 ^ clkbuf_0_clk/I (gf180mcu_fd_sc_mcu7t5v0__clkbuf_16)
     4    0.096325    0.218041    0.376327    0.476391 ^ clkbuf_0_clk/Z (gf180mcu_fd_sc_mcu7t5v0__clkbuf_16)
                                                         clknet_0_clk (net)
                      0.218041    0.000686    0.477078 ^ clkbuf_2_1__f_clk/I (gf180mcu_fd_sc_mcu7t5v0__clkbuf_16)
     5    0.026186    0.126389    0.310328    0.787405 ^ clkbuf_2_1__f_clk/Z (gf180mcu_fd_sc_mcu7t5v0__clkbuf_16)
                                                         clknet_2_1__leaf_clk (net)
                      0.126389    0.000194    0.787600 ^ _153_/CLK (gf180mcu_fd_sc_mcu7t5v0__dffq_1)
     6    0.031676    0.442807    1.103558    1.891158 v _153_/Q (gf180mcu_fd_sc_mcu7t5v0__dffq_1)
                                                         counter[0] (net)
                      0.442807    0.000443    1.891600 v _124_/A1 (gf180mcu_fd_sc_mcu7t5v0__nand2_1)
     1    0.002631    0.214721    0.217608    2.109208 ^ _124_/ZN (gf180mcu_fd_sc_mcu7t5v0__nand2_1)
                                                         _001_ (net)
                      0.214721    0.000023    2.109231 ^ _153_/D (gf180mcu_fd_sc_mcu7t5v0__dffq_1)
                                              2.109231   data arrival time

                                  0.000000    0.000000   clock clk (rise edge)
                                  0.000000    0.000000   clock source latency
     1    0.029944    0.222532    0.110597    0.110597 ^ clk (in)
                                                         clk (net)
                      0.222533    0.000000    0.110597 ^ clkbuf_0_clk/I (gf180mcu_fd_sc_mcu7t5v0__clkbuf_16)
     4    0.096325    0.218041    0.415941    0.526538 ^ clkbuf_0_clk/Z (gf180mcu_fd_sc_mcu7t5v0__clkbuf_16)
                                                         clknet_0_clk (net)
                      0.218041    0.000759    0.527296 ^ clkbuf_2_1__f_clk/I (gf180mcu_fd_sc_mcu7t5v0__clkbuf_16)
     5    0.026186    0.126389    0.342994    0.870290 ^ clkbuf_2_1__f_clk/Z (gf180mcu_fd_sc_mcu7t5v0__clkbuf_16)
                                                         clknet_2_1__leaf_clk (net)
                      0.126389    0.000215    0.870505 ^ _153_/CLK (gf180mcu_fd_sc_mcu7t5v0__dffq_1)
                                  0.250000    1.120505   clock uncertainty
                                 -0.082905    1.037600   clock reconvergence pessimism
                                  0.031158    1.068758   library hold time
                                              1.068758   data required time
---------------------------------------------------------------------------------------------
                                              1.068758   data required time
                                             -2.109231   data arrival time
---------------------------------------------------------------------------------------------
                                              1.040474   slack (MET)


Startpoint: _169_ (rising edge-triggered flip-flop clocked by clk)
Endpoint: _169_ (rising edge-triggered flip-flop clocked by clk)
Path Group: clk
Path Type: min

Fanout         Cap        Slew       Delay        Time   Description
---------------------------------------------------------------------------------------------
                                  0.000000    0.000000   clock clk (rise edge)
                                  0.000000    0.000000   clock source latency
     1    0.029944    0.222532    0.100064    0.100064 ^ clk (in)
                                                         clk (net)
                      0.222533    0.000000    0.100064 ^ clkbuf_0_clk/I (gf180mcu_fd_sc_mcu7t5v0__clkbuf_16)
     4    0.096325    0.218041    0.376327    0.476391 ^ clkbuf_0_clk/Z (gf180mcu_fd_sc_mcu7t5v0__clkbuf_16)
                                                         clknet_0_clk (net)
                      0.218041    0.000374    0.476765 ^ clkbuf_2_2__f_clk/I (gf180mcu_fd_sc_mcu7t5v0__clkbuf_16)
     5    0.025222    0.125104    0.309229    0.785994 ^ clkbuf_2_2__f_clk/Z (gf180mcu_fd_sc_mcu7t5v0__clkbuf_16)
                                                         clknet_2_2__leaf_clk (net)
                      0.125104    0.000374    0.786369 ^ _169_/CLK (gf180mcu_fd_sc_mcu7t5v0__dffq_1)
     2    0.010320    0.211222    0.935345    1.721714 v _169_/Q (gf180mcu_fd_sc_mcu7t5v0__dffq_1)
                                                         active_duty[8] (net)
                      0.211222    0.000150    1.721864 v _149_/A1 (gf180mcu_fd_sc_mcu7t5v0__oai21_1)
     1    0.005033    0.365606    0.307037    2.028901 ^ _149_/ZN (gf180mcu_fd_sc_mcu7t5v0__oai21_1)
                                                         _028_ (net)
                      0.365606    0.000095    2.028995 ^ _150_/A2 (gf180mcu_fd_sc_mcu7t5v0__nor2_1)
     1    0.002794    0.189065    0.170579    2.199574 v _150_/ZN (gf180mcu_fd_sc_mcu7t5v0__nor2_1)
                                                         _017_ (net)
                      0.189065    0.000025    2.199600 v _169_/D (gf180mcu_fd_sc_mcu7t5v0__dffq_1)
                                              2.199600   data arrival time

                                  0.000000    0.000000   clock clk (rise edge)
                                  0.000000    0.000000   clock source latency
     1    0.029944    0.222532    0.110597    0.110597 ^ clk (in)
                                                         clk (net)
                      0.222533    0.000000    0.110597 ^ clkbuf_0_clk/I (gf180mcu_fd_sc_mcu7t5v0__clkbuf_16)
     4    0.096325    0.218041    0.415941    0.526538 ^ clkbuf_0_clk/Z (gf180mcu_fd_sc_mcu7t5v0__clkbuf_16)
                                                         clknet_0_clk (net)
                      0.218041    0.000413    0.526951 ^ clkbuf_2_2__f_clk/I (gf180mcu_fd_sc_mcu7t5v0__clkbuf_16)
     5    0.025222    0.125104    0.341780    0.868731 ^ clkbuf_2_2__f_clk/Z (gf180mcu_fd_sc_mcu7t5v0__clkbuf_16)
                                                         clknet_2_2__leaf_clk (net)
                      0.125104    0.000414    0.869144 ^ _169_/CLK (gf180mcu_fd_sc_mcu7t5v0__dffq_1)
                                  0.250000    1.119144   clock uncertainty
                                 -0.082776    1.036369   clock reconvergence pessimism
                                  0.057472    1.093841   library hold time
                                              1.093841   data required time
---------------------------------------------------------------------------------------------
                                              1.093841   data required time
                                             -2.199600   data arrival time
---------------------------------------------------------------------------------------------
                                              1.105759   slack (MET)


Startpoint: _168_ (rising edge-triggered flip-flop clocked by clk)
Endpoint: _168_ (rising edge-triggered flip-flop clocked by clk)
Path Group: clk
Path Type: min

Fanout         Cap        Slew       Delay        Time   Description
---------------------------------------------------------------------------------------------
                                  0.000000    0.000000   clock clk (rise edge)
                                  0.000000    0.000000   clock source latency
     1    0.029944    0.222532    0.100064    0.100064 ^ clk (in)
                                                         clk (net)
                      0.222533    0.000000    0.100064 ^ clkbuf_0_clk/I (gf180mcu_fd_sc_mcu7t5v0__clkbuf_16)
     4    0.096325    0.218041    0.376327    0.476391 ^ clkbuf_0_clk/Z (gf180mcu_fd_sc_mcu7t5v0__clkbuf_16)
                                                         clknet_0_clk (net)
                      0.218041    0.000374    0.476765 ^ clkbuf_2_2__f_clk/I (gf180mcu_fd_sc_mcu7t5v0__clkbuf_16)
     5    0.025222    0.125104    0.309229    0.785994 ^ clkbuf_2_2__f_clk/Z (gf180mcu_fd_sc_mcu7t5v0__clkbuf_16)
                                                         clknet_2_2__leaf_clk (net)
                      0.125104    0.000402    0.786396 ^ _168_/CLK (gf180mcu_fd_sc_mcu7t5v0__dffq_1)
     3    0.023106    0.348822    1.038396    1.824792 v _168_/Q (gf180mcu_fd_sc_mcu7t5v0__dffq_1)
                                                         active_duty[7] (net)
                      0.348822    0.000219    1.825011 v _147_/A1 (gf180mcu_fd_sc_mcu7t5v0__aoi22_1)
     1    0.004612    0.316814    0.271254    2.096265 ^ _147_/ZN (gf180mcu_fd_sc_mcu7t5v0__aoi22_1)
                                                         _027_ (net)
                      0.316814    0.000042    2.096307 ^ _148_/A2 (gf180mcu_fd_sc_mcu7t5v0__nor2_1)
     1    0.002631    0.176378    0.163923    2.260229 v _148_/ZN (gf180mcu_fd_sc_mcu7t5v0__nor2_1)
                                                         _016_ (net)
                      0.176378    0.000023    2.260253 v _168_/D (gf180mcu_fd_sc_mcu7t5v0__dffq_1)
                                              2.260253   data arrival time

                                  0.000000    0.000000   clock clk (rise edge)
                                  0.000000    0.000000   clock source latency
     1    0.029944    0.222532    0.110597    0.110597 ^ clk (in)
                                                         clk (net)
                      0.222533    0.000000    0.110597 ^ clkbuf_0_clk/I (gf180mcu_fd_sc_mcu7t5v0__clkbuf_16)
     4    0.096325    0.218041    0.415941    0.526538 ^ clkbuf_0_clk/Z (gf180mcu_fd_sc_mcu7t5v0__clkbuf_16)
                                                         clknet_0_clk (net)
                      0.218041    0.000413    0.526951 ^ clkbuf_2_2__f_clk/I (gf180mcu_fd_sc_mcu7t5v0__clkbuf_16)
     5    0.025222    0.125104    0.341780    0.868731 ^ clkbuf_2_2__f_clk/Z (gf180mcu_fd_sc_mcu7t5v0__clkbuf_16)
                                                         clknet_2_2__leaf_clk (net)
                      0.125104    0.000444    0.869175 ^ _168_/CLK (gf180mcu_fd_sc_mcu7t5v0__dffq_1)
                                  0.250000    1.119175   clock uncertainty
                                 -0.082779    1.036396   clock reconvergence pessimism
                                  0.060233    1.096629   library hold time
                                              1.096629   data required time
---------------------------------------------------------------------------------------------
                                              1.096629   data required time
                                             -2.260253   data arrival time
---------------------------------------------------------------------------------------------
                                              1.163624   slack (MET)


Startpoint: _161_ (rising edge-triggered flip-flop clocked by clk)
Endpoint: _161_ (rising edge-triggered flip-flop clocked by clk)
Path Group: clk
Path Type: min

Fanout         Cap        Slew       Delay        Time   Description
---------------------------------------------------------------------------------------------
                                  0.000000    0.000000   clock clk (rise edge)
                                  0.000000    0.000000   clock source latency
     1    0.029944    0.222532    0.100064    0.100064 ^ clk (in)
                                                         clk (net)
                      0.222533    0.000000    0.100064 ^ clkbuf_0_clk/I (gf180mcu_fd_sc_mcu7t5v0__clkbuf_16)
     4    0.096325    0.218041    0.376327    0.476391 ^ clkbuf_0_clk/Z (gf180mcu_fd_sc_mcu7t5v0__clkbuf_16)
                                                         clknet_0_clk (net)
                      0.218041    0.000629    0.477020 ^ clkbuf_2_0__f_clk/I (gf180mcu_fd_sc_mcu7t5v0__clkbuf_16)
     5    0.022983    0.122121    0.306784    0.783805 ^ clkbuf_2_0__f_clk/Z (gf180mcu_fd_sc_mcu7t5v0__clkbuf_16)
                                                         clknet_2_0__leaf_clk (net)
                      0.122121    0.000180    0.783985 ^ _161_/CLK (gf180mcu_fd_sc_mcu7t5v0__dffq_1)
     2    0.014560    0.258276    0.971122    1.755107 v _161_/Q (gf180mcu_fd_sc_mcu7t5v0__dffq_1)
                                                         active_duty[0] (net)
                      0.258276    0.000265    1.755372 v _132_/A1 (gf180mcu_fd_sc_mcu7t5v0__nor2_1)
     1    0.004399    0.362454    0.272054    2.027426 ^ _132_/ZN (gf180mcu_fd_sc_mcu7t5v0__nor2_1)
                                                         _019_ (net)
                      0.362454    0.000080    2.027506 ^ _133_/B (gf180mcu_fd_sc_mcu7t5v0__aoi211_1)
     1    0.002896    0.193359    0.232945    2.260452 v _133_/ZN (gf180mcu_fd_sc_mcu7t5v0__aoi211_1)
                                                         _009_ (net)
                      0.193359    0.000027    2.260478 v _161_/D (gf180mcu_fd_sc_mcu7t5v0__dffq_1)
                                              2.260478   data arrival time

                                  0.000000    0.000000   clock clk (rise edge)
                                  0.000000    0.000000   clock source latency
     1    0.029944    0.222532    0.110597    0.110597 ^ clk (in)
                                                         clk (net)
                      0.222533    0.000000    0.110597 ^ clkbuf_0_clk/I (gf180mcu_fd_sc_mcu7t5v0__clkbuf_16)
     4    0.096325    0.218041    0.415941    0.526538 ^ clkbuf_0_clk/Z (gf180mcu_fd_sc_mcu7t5v0__clkbuf_16)
                                                         clknet_0_clk (net)
                      0.218041    0.000695    0.527233 ^ clkbuf_2_0__f_clk/I (gf180mcu_fd_sc_mcu7t5v0__clkbuf_16)
     5    0.022983    0.122121    0.339078    0.866311 ^ clkbuf_2_0__f_clk/Z (gf180mcu_fd_sc_mcu7t5v0__clkbuf_16)
                                                         clknet_2_0__leaf_clk (net)
                      0.122121    0.000199    0.866510 ^ _161_/CLK (gf180mcu_fd_sc_mcu7t5v0__dffq_1)
                                  0.250000    1.116510   clock uncertainty
                                 -0.082525    1.033985   clock reconvergence pessimism
                                  0.055800    1.089785   library hold time
                                              1.089785   data required time
---------------------------------------------------------------------------------------------
                                              1.089785   data required time
                                             -2.260478   data arrival time
---------------------------------------------------------------------------------------------
                                              1.170693   slack (MET)


Startpoint: _167_ (rising edge-triggered flip-flop clocked by clk)
Endpoint: _167_ (rising edge-triggered flip-flop clocked by clk)
Path Group: clk
Path Type: min

Fanout         Cap        Slew       Delay        Time   Description
---------------------------------------------------------------------------------------------
                                  0.000000    0.000000   clock clk (rise edge)
                                  0.000000    0.000000   clock source latency
     1    0.029944    0.222532    0.100064    0.100064 ^ clk (in)
                                                         clk (net)
                      0.222533    0.000000    0.100064 ^ clkbuf_0_clk/I (gf180mcu_fd_sc_mcu7t5v0__clkbuf_16)
     4    0.096325    0.218041    0.376327    0.476391 ^ clkbuf_0_clk/Z (gf180mcu_fd_sc_mcu7t5v0__clkbuf_16)
                                                         clknet_0_clk (net)
                      0.218041    0.000374    0.476765 ^ clkbuf_2_2__f_clk/I (gf180mcu_fd_sc_mcu7t5v0__clkbuf_16)
     5    0.025222    0.125104    0.309229    0.785994 ^ clkbuf_2_2__f_clk/Z (gf180mcu_fd_sc_mcu7t5v0__clkbuf_16)
                                                         clknet_2_2__leaf_clk (net)
                      0.125104    0.000281    0.786276 ^ _167_/CLK (gf180mcu_fd_sc_mcu7t5v0__dffq_1)
     3    0.022718    0.344639    1.035346    1.821621 v _167_/Q (gf180mcu_fd_sc_mcu7t5v0__dffq_1)
                                                         active_duty[6] (net)
                      0.344639    0.000299    1.821920 v _145_/A1 (gf180mcu_fd_sc_mcu7t5v0__aoi22_1)
     1    0.005024    0.324421    0.277893    2.099813 ^ _145_/ZN (gf180mcu_fd_sc_mcu7t5v0__aoi22_1)
                                                         _026_ (net)
                      0.324421    0.000093    2.099906 ^ _146_/A2 (gf180mcu_fd_sc_mcu7t5v0__nor2_1)
     1    0.003006    0.182960    0.169175    2.269081 v _146_/ZN (gf180mcu_fd_sc_mcu7t5v0__nor2_1)
                                                         _015_ (net)
                      0.182960    0.000028    2.269109 v _167_/D (gf180mcu_fd_sc_mcu7t5v0__dffq_1)
                                              2.269109   data arrival time

                                  0.000000    0.000000   clock clk (rise edge)
                                  0.000000    0.000000   clock source latency
     1    0.029944    0.222532    0.110597    0.110597 ^ clk (in)
                                                         clk (net)
                      0.222533    0.000000    0.110597 ^ clkbuf_0_clk/I (gf180mcu_fd_sc_mcu7t5v0__clkbuf_16)
     4    0.096325    0.218041    0.415941    0.526538 ^ clkbuf_0_clk/Z (gf180mcu_fd_sc_mcu7t5v0__clkbuf_16)
                                                         clknet_0_clk (net)
                      0.218041    0.000413    0.526951 ^ clkbuf_2_2__f_clk/I (gf180mcu_fd_sc_mcu7t5v0__clkbuf_16)
     5    0.025222    0.125104    0.341780    0.868731 ^ clkbuf_2_2__f_clk/Z (gf180mcu_fd_sc_mcu7t5v0__clkbuf_16)
                                                         clknet_2_2__leaf_clk (net)
                      0.125104    0.000311    0.869041 ^ _167_/CLK (gf180mcu_fd_sc_mcu7t5v0__dffq_1)
                                  0.250000    1.119041   clock uncertainty
                                 -0.082766    1.036276   clock reconvergence pessimism
                                  0.058800    1.095076   library hold time
                                              1.095076   data required time
---------------------------------------------------------------------------------------------
                                              1.095076   data required time
                                             -2.269109   data arrival time
---------------------------------------------------------------------------------------------
                                              1.174033   slack (MET)


Startpoint: _164_ (rising edge-triggered flip-flop clocked by clk)
Endpoint: _164_ (rising edge-triggered flip-flop clocked by clk)
Path Group: clk
Path Type: min

Fanout         Cap        Slew       Delay        Time   Description
---------------------------------------------------------------------------------------------
                                  0.000000    0.000000   clock clk (rise edge)
                                  0.000000    0.000000   clock source latency
     1    0.029944    0.222532    0.100064    0.100064 ^ clk (in)
                                                         clk (net)
                      0.222533    0.000000    0.100064 ^ clkbuf_0_clk/I (gf180mcu_fd_sc_mcu7t5v0__clkbuf_16)
     4    0.096325    0.218041    0.376327    0.476391 ^ clkbuf_0_clk/Z (gf180mcu_fd_sc_mcu7t5v0__clkbuf_16)
                                                         clknet_0_clk (net)
                      0.218041    0.000629    0.477020 ^ clkbuf_2_0__f_clk/I (gf180mcu_fd_sc_mcu7t5v0__clkbuf_16)
     5    0.022983    0.122121    0.306784    0.783805 ^ clkbuf_2_0__f_clk/Z (gf180mcu_fd_sc_mcu7t5v0__clkbuf_16)
                                                         clknet_2_0__leaf_clk (net)
                      0.122121    0.000125    0.783930 ^ _164_/CLK (gf180mcu_fd_sc_mcu7t5v0__dffq_1)
     2    0.011861    0.229159    0.949572    1.733502 v _164_/Q (gf180mcu_fd_sc_mcu7t5v0__dffq_1)
                                                         active_duty[3] (net)
                      0.229159    0.000158    1.733660 v _138_/A1 (gf180mcu_fd_sc_mcu7t5v0__oai21_1)
     1    0.006533    0.402104    0.348266    2.081927 ^ _138_/ZN (gf180mcu_fd_sc_mcu7t5v0__oai21_1)
                                                         _022_ (net)
                      0.402104    0.000132    2.082058 ^ _139_/B (gf180mcu_fd_sc_mcu7t5v0__aoi21_1)
     1    0.002686    0.175329    0.207309    2.289367 v _139_/ZN (gf180mcu_fd_sc_mcu7t5v0__aoi21_1)
                                                         _012_ (net)
                      0.175329    0.000024    2.289392 v _164_/D (gf180mcu_fd_sc_mcu7t5v0__dffq_1)
                                              2.289392   data arrival time

                                  0.000000    0.000000   clock clk (rise edge)
                                  0.000000    0.000000   clock source latency
     1    0.029944    0.222532    0.110597    0.110597 ^ clk (in)
                                                         clk (net)
                      0.222533    0.000000    0.110597 ^ clkbuf_0_clk/I (gf180mcu_fd_sc_mcu7t5v0__clkbuf_16)
     4    0.096325    0.218041    0.415941    0.526538 ^ clkbuf_0_clk/Z (gf180mcu_fd_sc_mcu7t5v0__clkbuf_16)
                                                         clknet_0_clk (net)
                      0.218041    0.000695    0.527233 ^ clkbuf_2_0__f_clk/I (gf180mcu_fd_sc_mcu7t5v0__clkbuf_16)
     5    0.022983    0.122121    0.339078    0.866311 ^ clkbuf_2_0__f_clk/Z (gf180mcu_fd_sc_mcu7t5v0__clkbuf_16)
                                                         clknet_2_0__leaf_clk (net)
                      0.122121    0.000139    0.866449 ^ _164_/CLK (gf180mcu_fd_sc_mcu7t5v0__dffq_1)
                                  0.250000    1.116449   clock uncertainty
                                 -0.082519    1.033930   clock reconvergence pessimism
                                  0.059733    1.093664   library hold time
                                              1.093664   data required time
---------------------------------------------------------------------------------------------
                                              1.093664   data required time
                                             -2.289392   data arrival time
---------------------------------------------------------------------------------------------
                                              1.195728   slack (MET)


Startpoint: _162_ (rising edge-triggered flip-flop clocked by clk)
Endpoint: _162_ (rising edge-triggered flip-flop clocked by clk)
Path Group: clk
Path Type: min

Fanout         Cap        Slew       Delay        Time   Description
---------------------------------------------------------------------------------------------
                                  0.000000    0.000000   clock clk (rise edge)
                                  0.000000    0.000000   clock source latency
     1    0.029944    0.222532    0.100064    0.100064 ^ clk (in)
                                                         clk (net)
                      0.222533    0.000000    0.100064 ^ clkbuf_0_clk/I (gf180mcu_fd_sc_mcu7t5v0__clkbuf_16)
     4    0.096325    0.218041    0.376327    0.476391 ^ clkbuf_0_clk/Z (gf180mcu_fd_sc_mcu7t5v0__clkbuf_16)
                                                         clknet_0_clk (net)
                      0.218041    0.000629    0.477020 ^ clkbuf_2_0__f_clk/I (gf180mcu_fd_sc_mcu7t5v0__clkbuf_16)
     5    0.022983    0.122121    0.306784    0.783805 ^ clkbuf_2_0__f_clk/Z (gf180mcu_fd_sc_mcu7t5v0__clkbuf_16)
                                                         clknet_2_0__leaf_clk (net)
                      0.122121    0.000184    0.783988 ^ _162_/CLK (gf180mcu_fd_sc_mcu7t5v0__dffq_1)
     3    0.014324    0.255822    0.969377    1.753365 v _162_/Q (gf180mcu_fd_sc_mcu7t5v0__dffq_1)
                                                         active_duty[1] (net)
                      0.255822    0.000187    1.753552 v _134_/A1 (gf180mcu_fd_sc_mcu7t5v0__nor2_1)
     1    0.005029    0.388506    0.286572    2.040123 ^ _134_/ZN (gf180mcu_fd_sc_mcu7t5v0__nor2_1)
                                                         _020_ (net)
                      0.388506    0.000094    2.040217 ^ _135_/B (gf180mcu_fd_sc_mcu7t5v0__aoi211_1)
     1    0.003356    0.221618    0.243412    2.283629 v _135_/ZN (gf180mcu_fd_sc_mcu7t5v0__aoi211_1)
                                                         _010_ (net)
                      0.221618    0.000033    2.283662 v _162_/D (gf180mcu_fd_sc_mcu7t5v0__dffq_1)
                                              2.283662   data arrival time

                                  0.000000    0.000000   clock clk (rise edge)
                                  0.000000    0.000000   clock source latency
     1    0.029944    0.222532    0.110597    0.110597 ^ clk (in)
                                                         clk (net)
                      0.222533    0.000000    0.110597 ^ clkbuf_0_clk/I (gf180mcu_fd_sc_mcu7t5v0__clkbuf_16)
     4    0.096325    0.218041    0.415941    0.526538 ^ clkbuf_0_clk/Z (gf180mcu_fd_sc_mcu7t5v0__clkbuf_16)
                                                         clknet_0_clk (net)
                      0.218041    0.000695    0.527233 ^ clkbuf_2_0__f_clk/I (gf180mcu_fd_sc_mcu7t5v0__clkbuf_16)
     5    0.022983    0.122121    0.339078    0.866311 ^ clkbuf_2_0__f_clk/Z (gf180mcu_fd_sc_mcu7t5v0__clkbuf_16)
                                                         clknet_2_0__leaf_clk (net)
                      0.122121    0.000203    0.866513 ^ _162_/CLK (gf180mcu_fd_sc_mcu7t5v0__dffq_1)
                                  0.250000    1.116513   clock uncertainty
                                 -0.082525    1.033988   clock reconvergence pessimism
                                  0.049635    1.083624   library hold time
                                              1.083624   data required time
---------------------------------------------------------------------------------------------
                                              1.083624   data required time
                                             -2.283662   data arrival time
---------------------------------------------------------------------------------------------
                                              1.200038   slack (MET)


Startpoint: _163_ (rising edge-triggered flip-flop clocked by clk)
Endpoint: _163_ (rising edge-triggered flip-flop clocked by clk)
Path Group: clk
Path Type: min

Fanout         Cap        Slew       Delay        Time   Description
---------------------------------------------------------------------------------------------
                                  0.000000    0.000000   clock clk (rise edge)
                                  0.000000    0.000000   clock source latency
     1    0.029944    0.222532    0.100064    0.100064 ^ clk (in)
                                                         clk (net)
                      0.222533    0.000000    0.100064 ^ clkbuf_0_clk/I (gf180mcu_fd_sc_mcu7t5v0__clkbuf_16)
     4    0.096325    0.218041    0.376327    0.476391 ^ clkbuf_0_clk/Z (gf180mcu_fd_sc_mcu7t5v0__clkbuf_16)
                                                         clknet_0_clk (net)
                      0.218041    0.000629    0.477020 ^ clkbuf_2_0__f_clk/I (gf180mcu_fd_sc_mcu7t5v0__clkbuf_16)
     5    0.022983    0.122121    0.306784    0.783805 ^ clkbuf_2_0__f_clk/Z (gf180mcu_fd_sc_mcu7t5v0__clkbuf_16)
                                                         clknet_2_0__leaf_clk (net)
                      0.122121    0.000100    0.783905 ^ _163_/CLK (gf180mcu_fd_sc_mcu7t5v0__dffq_1)
     3    0.019116    0.306248    1.006636    1.790541 v _163_/Q (gf180mcu_fd_sc_mcu7t5v0__dffq_1)
                                                         active_duty[2] (net)
                      0.306248    0.000266    1.790806 v _136_/A1 (gf180mcu_fd_sc_mcu7t5v0__oai21_1)
     1    0.004863    0.363836    0.326818    2.117625 ^ _136_/ZN (gf180mcu_fd_sc_mcu7t5v0__oai21_1)
                                                         _021_ (net)
                      0.363836    0.000089    2.117713 ^ _137_/B (gf180mcu_fd_sc_mcu7t5v0__aoi21_1)
     1    0.003209    0.166789    0.208879    2.326592 v _137_/ZN (gf180mcu_fd_sc_mcu7t5v0__aoi21_1)
                                                         _011_ (net)
                      0.166789    0.000032    2.326624 v _163_/D (gf180mcu_fd_sc_mcu7t5v0__dffq_1)
                                              2.326624   data arrival time

                                  0.000000    0.000000   clock clk (rise edge)
                                  0.000000    0.000000   clock source latency
     1    0.029944    0.222532    0.110597    0.110597 ^ clk (in)
                                                         clk (net)
                      0.222533    0.000000    0.110597 ^ clkbuf_0_clk/I (gf180mcu_fd_sc_mcu7t5v0__clkbuf_16)
     4    0.096325    0.218041    0.415941    0.526538 ^ clkbuf_0_clk/Z (gf180mcu_fd_sc_mcu7t5v0__clkbuf_16)
                                                         clknet_0_clk (net)
                      0.218041    0.000695    0.527233 ^ clkbuf_2_0__f_clk/I (gf180mcu_fd_sc_mcu7t5v0__clkbuf_16)
     5    0.022983    0.122121    0.339078    0.866311 ^ clkbuf_2_0__f_clk/Z (gf180mcu_fd_sc_mcu7t5v0__clkbuf_16)
                                                         clknet_2_0__leaf_clk (net)
                      0.122121    0.000110    0.866421 ^ _163_/CLK (gf180mcu_fd_sc_mcu7t5v0__dffq_1)
                                  0.250000    1.116421   clock uncertainty
                                 -0.082516    1.033905   clock reconvergence pessimism
                                  0.061596    1.095501   library hold time
                                              1.095501   data required time
---------------------------------------------------------------------------------------------
                                              1.095501   data required time
                                             -2.326624   data arrival time
---------------------------------------------------------------------------------------------
                                              1.231123   slack (MET)


Startpoint: _166_ (rising edge-triggered flip-flop clocked by clk)
Endpoint: _166_ (rising edge-triggered flip-flop clocked by clk)
Path Group: clk
Path Type: min

Fanout         Cap        Slew       Delay        Time   Description
---------------------------------------------------------------------------------------------
                                  0.000000    0.000000   clock clk (rise edge)
                                  0.000000    0.000000   clock source latency
     1    0.029944    0.222532    0.100064    0.100064 ^ clk (in)
                                                         clk (net)
                      0.222533    0.000000    0.100064 ^ clkbuf_0_clk/I (gf180mcu_fd_sc_mcu7t5v0__clkbuf_16)
     4    0.096325    0.218041    0.376327    0.476391 ^ clkbuf_0_clk/Z (gf180mcu_fd_sc_mcu7t5v0__clkbuf_16)
                                                         clknet_0_clk (net)
                      0.218041    0.000686    0.477078 ^ clkbuf_2_1__f_clk/I (gf180mcu_fd_sc_mcu7t5v0__clkbuf_16)
     5    0.026186    0.126389    0.310328    0.787405 ^ clkbuf_2_1__f_clk/Z (gf180mcu_fd_sc_mcu7t5v0__clkbuf_16)
                                                         clknet_2_1__leaf_clk (net)
                      0.126389    0.000263    0.787669 ^ _166_/CLK (gf180mcu_fd_sc_mcu7t5v0__dffq_1)
     3    0.017579    0.290078    0.995738    1.783407 v _166_/Q (gf180mcu_fd_sc_mcu7t5v0__dffq_1)
                                                         active_duty[5] (net)
                      0.290078    0.000198    1.783605 v _142_/A1 (gf180mcu_fd_sc_mcu7t5v0__nor2_1)
     1    0.005066    0.390903    0.296407    2.080011 ^ _142_/ZN (gf180mcu_fd_sc_mcu7t5v0__nor2_1)
                                                         _024_ (net)
                      0.390903    0.000095    2.080107 ^ _143_/B (gf180mcu_fd_sc_mcu7t5v0__aoi211_1)
     1    0.003248    0.229707    0.242306    2.322412 v _143_/ZN (gf180mcu_fd_sc_mcu7t5v0__aoi211_1)
                                                         _014_ (net)
                      0.229707    0.000033    2.322445 v _166_/D (gf180mcu_fd_sc_mcu7t5v0__dffq_1)
                                              2.322445   data arrival time

                                  0.000000    0.000000   clock clk (rise edge)
                                  0.000000    0.000000   clock source latency
     1    0.029944    0.222532    0.110597    0.110597 ^ clk (in)
                                                         clk (net)
                      0.222533    0.000000    0.110597 ^ clkbuf_0_clk/I (gf180mcu_fd_sc_mcu7t5v0__clkbuf_16)
     4    0.096325    0.218041    0.415941    0.526538 ^ clkbuf_0_clk/Z (gf180mcu_fd_sc_mcu7t5v0__clkbuf_16)
                                                         clknet_0_clk (net)
                      0.218041    0.000759    0.527296 ^ clkbuf_2_1__f_clk/I (gf180mcu_fd_sc_mcu7t5v0__clkbuf_16)
     5    0.026186    0.126389    0.342994    0.870290 ^ clkbuf_2_1__f_clk/Z (gf180mcu_fd_sc_mcu7t5v0__clkbuf_16)
                                                         clknet_2_1__leaf_clk (net)
                      0.126389    0.000291    0.870581 ^ _166_/CLK (gf180mcu_fd_sc_mcu7t5v0__dffq_1)
                                  0.250000    1.120581   clock uncertainty
                                 -0.082912    1.037669   clock reconvergence pessimism
                                  0.048955    1.086623   library hold time
                                              1.086623   data required time
---------------------------------------------------------------------------------------------
                                              1.086623   data required time
                                             -2.322445   data arrival time
---------------------------------------------------------------------------------------------
                                              1.235822   slack (MET)


Startpoint: _170_ (rising edge-triggered flip-flop clocked by clk)
Endpoint: _152_ (rising edge-triggered flip-flop clocked by clk)
Path Group: clk
Path Type: min

Fanout         Cap        Slew       Delay        Time   Description
---------------------------------------------------------------------------------------------
                                  0.000000    0.000000   clock clk (rise edge)
                                  0.000000    0.000000   clock source latency
     1    0.029944    0.222532    0.100064    0.100064 ^ clk (in)
                                                         clk (net)
                      0.222533    0.000000    0.100064 ^ clkbuf_0_clk/I (gf180mcu_fd_sc_mcu7t5v0__clkbuf_16)
     4    0.096325    0.218041    0.376327    0.476391 ^ clkbuf_0_clk/Z (gf180mcu_fd_sc_mcu7t5v0__clkbuf_16)
                                                         clknet_0_clk (net)
                      0.218041    0.000374    0.476765 ^ clkbuf_2_2__f_clk/I (gf180mcu_fd_sc_mcu7t5v0__clkbuf_16)
     5    0.025222    0.125104    0.309229    0.785994 ^ clkbuf_2_2__f_clk/Z (gf180mcu_fd_sc_mcu7t5v0__clkbuf_16)
                                                         clknet_2_2__leaf_clk (net)
                      0.125104    0.000193    0.786188 ^ _170_/CLK (gf180mcu_fd_sc_mcu7t5v0__dffq_1)
     2    0.011311    0.222165    0.944938    1.731126 v _170_/Q (gf180mcu_fd_sc_mcu7t5v0__dffq_1)
                                                         active_enable (net)
                      0.222165    0.000151    1.731277 v _122_/B (gf180mcu_fd_sc_mcu7t5v0__oai211_1)
     1    0.011783    0.647442    0.457491    2.188768 ^ _122_/ZN (gf180mcu_fd_sc_mcu7t5v0__oai211_1)
                                                         _075_ (net)
                      0.647442    0.000332    2.189100 ^ _123_/A2 (gf180mcu_fd_sc_mcu7t5v0__aoi21_1)
     1    0.003214    0.178662    0.160171    2.349271 v _123_/ZN (gf180mcu_fd_sc_mcu7t5v0__aoi21_1)
                                                         _000_ (net)
                      0.178662    0.000056    2.349327 v _152_/D (gf180mcu_fd_sc_mcu7t5v0__dffq_1)
                                              2.349327   data arrival time

                                  0.000000    0.000000   clock clk (rise edge)
                                  0.000000    0.000000   clock source latency
     1    0.029944    0.222532    0.110597    0.110597 ^ clk (in)
                                                         clk (net)
                      0.222533    0.000000    0.110597 ^ clkbuf_0_clk/I (gf180mcu_fd_sc_mcu7t5v0__clkbuf_16)
     4    0.096325    0.218041    0.415941    0.526538 ^ clkbuf_0_clk/Z (gf180mcu_fd_sc_mcu7t5v0__clkbuf_16)
                                                         clknet_0_clk (net)
                      0.218041    0.000413    0.526951 ^ clkbuf_2_2__f_clk/I (gf180mcu_fd_sc_mcu7t5v0__clkbuf_16)
     5    0.025222    0.125104    0.341780    0.868731 ^ clkbuf_2_2__f_clk/Z (gf180mcu_fd_sc_mcu7t5v0__clkbuf_16)
                                                         clknet_2_2__leaf_clk (net)
                      0.125104    0.000199    0.868930 ^ _152_/CLK (gf180mcu_fd_sc_mcu7t5v0__dffq_1)
                                  0.250000    1.118930   clock uncertainty
                                 -0.082736    1.036194   clock reconvergence pessimism
                                  0.059736    1.095929   library hold time
                                              1.095929   data required time
---------------------------------------------------------------------------------------------
                                              1.095929   data required time
                                             -2.349327   data arrival time
---------------------------------------------------------------------------------------------
                                              1.253397   slack (MET)


Startpoint: _165_ (rising edge-triggered flip-flop clocked by clk)
Endpoint: _165_ (rising edge-triggered flip-flop clocked by clk)
Path Group: clk
Path Type: min

Fanout         Cap        Slew       Delay        Time   Description
---------------------------------------------------------------------------------------------
                                  0.000000    0.000000   clock clk (rise edge)
                                  0.000000    0.000000   clock source latency
     1    0.029944    0.222532    0.100064    0.100064 ^ clk (in)
                                                         clk (net)
                      0.222533    0.000000    0.100064 ^ clkbuf_0_clk/I (gf180mcu_fd_sc_mcu7t5v0__clkbuf_16)
     4    0.096325    0.218041    0.376327    0.476391 ^ clkbuf_0_clk/Z (gf180mcu_fd_sc_mcu7t5v0__clkbuf_16)
                                                         clknet_0_clk (net)
                      0.218041    0.000686    0.477078 ^ clkbuf_2_1__f_clk/I (gf180mcu_fd_sc_mcu7t5v0__clkbuf_16)
     5    0.026186    0.126389    0.310328    0.787405 ^ clkbuf_2_1__f_clk/Z (gf180mcu_fd_sc_mcu7t5v0__clkbuf_16)
                                                         clknet_2_1__leaf_clk (net)
                      0.126389    0.000224    0.787630 ^ _165_/CLK (gf180mcu_fd_sc_mcu7t5v0__dffq_1)
     3    0.017594    0.290213    0.995778    1.783407 v _165_/Q (gf180mcu_fd_sc_mcu7t5v0__dffq_1)
                                                         active_duty[4] (net)
                      0.290213    0.000245    1.783652 v _140_/A1 (gf180mcu_fd_sc_mcu7t5v0__oai21_1)
     1    0.006133    0.392786    0.353276    2.136928 ^ _140_/ZN (gf180mcu_fd_sc_mcu7t5v0__oai21_1)
                                                         _023_ (net)
                      0.392786    0.000125    2.137053 ^ _141_/B (gf180mcu_fd_sc_mcu7t5v0__aoi21_1)
     1    0.003254    0.189662    0.213556    2.350609 v _141_/ZN (gf180mcu_fd_sc_mcu7t5v0__aoi21_1)
                                                         _013_ (net)
                      0.189662    0.000058    2.350668 v _165_/D (gf180mcu_fd_sc_mcu7t5v0__dffq_1)
                                              2.350668   data arrival time

                                  0.000000    0.000000   clock clk (rise edge)
                                  0.000000    0.000000   clock source latency
     1    0.029944    0.222532    0.110597    0.110597 ^ clk (in)
                                                         clk (net)
                      0.222533    0.000000    0.110597 ^ clkbuf_0_clk/I (gf180mcu_fd_sc_mcu7t5v0__clkbuf_16)
     4    0.096325    0.218041    0.415941    0.526538 ^ clkbuf_0_clk/Z (gf180mcu_fd_sc_mcu7t5v0__clkbuf_16)
                                                         clknet_0_clk (net)
                      0.218041    0.000759    0.527296 ^ clkbuf_2_1__f_clk/I (gf180mcu_fd_sc_mcu7t5v0__clkbuf_16)
     5    0.026186    0.126389    0.342994    0.870290 ^ clkbuf_2_1__f_clk/Z (gf180mcu_fd_sc_mcu7t5v0__clkbuf_16)
                                                         clknet_2_1__leaf_clk (net)
                      0.126389    0.000248    0.870538 ^ _165_/CLK (gf180mcu_fd_sc_mcu7t5v0__dffq_1)
                                  0.250000    1.120538   clock uncertainty
                                 -0.082908    1.037630   clock reconvergence pessimism
                                  0.057659    1.095288   library hold time
                                              1.095288   data required time
---------------------------------------------------------------------------------------------
                                              1.095288   data required time
                                             -2.350668   data arrival time
---------------------------------------------------------------------------------------------
                                              1.255379   slack (MET)


Startpoint: _155_ (rising edge-triggered flip-flop clocked by clk)
Endpoint: _155_ (rising edge-triggered flip-flop clocked by clk)
Path Group: clk
Path Type: min

Fanout         Cap        Slew       Delay        Time   Description
---------------------------------------------------------------------------------------------
                                  0.000000    0.000000   clock clk (rise edge)
                                  0.000000    0.000000   clock source latency
     1    0.029944    0.222532    0.100064    0.100064 ^ clk (in)
                                                         clk (net)
                      0.222533    0.000000    0.100064 ^ clkbuf_0_clk/I (gf180mcu_fd_sc_mcu7t5v0__clkbuf_16)
     4    0.096325    0.218041    0.376327    0.476391 ^ clkbuf_0_clk/Z (gf180mcu_fd_sc_mcu7t5v0__clkbuf_16)
                                                         clknet_0_clk (net)
                      0.218041    0.000686    0.477078 ^ clkbuf_2_1__f_clk/I (gf180mcu_fd_sc_mcu7t5v0__clkbuf_16)
     5    0.026186    0.126389    0.310328    0.787405 ^ clkbuf_2_1__f_clk/Z (gf180mcu_fd_sc_mcu7t5v0__clkbuf_16)
                                                         clknet_2_1__leaf_clk (net)
                      0.126389    0.000126    0.787531 ^ _155_/CLK (gf180mcu_fd_sc_mcu7t5v0__dffq_1)
     3    0.011673    0.226745    0.948766    1.736297 v _155_/Q (gf180mcu_fd_sc_mcu7t5v0__dffq_1)
                                                         counter[2] (net)
                      0.226745    0.000154    1.736451 v _101_/B (gf180mcu_fd_sc_mcu7t5v0__aoi21_1)
     3    0.016513    0.723761    0.513621    2.250072 ^ _101_/ZN (gf180mcu_fd_sc_mcu7t5v0__aoi21_1)
                                                         _054_ (net)
                      0.723761    0.000243    2.250315 ^ _126_/A2 (gf180mcu_fd_sc_mcu7t5v0__oai21_1)
     1    0.003421    0.267100    0.229553    2.479868 v _126_/ZN (gf180mcu_fd_sc_mcu7t5v0__oai21_1)
                                                         _003_ (net)
                      0.267100    0.000062    2.479931 v _155_/D (gf180mcu_fd_sc_mcu7t5v0__dffq_1)
                                              2.479931   data arrival time

                                  0.000000    0.000000   clock clk (rise edge)
                                  0.000000    0.000000   clock source latency
     1    0.029944    0.222532    0.110597    0.110597 ^ clk (in)
                                                         clk (net)
                      0.222533    0.000000    0.110597 ^ clkbuf_0_clk/I (gf180mcu_fd_sc_mcu7t5v0__clkbuf_16)
     4    0.096325    0.218041    0.415941    0.526538 ^ clkbuf_0_clk/Z (gf180mcu_fd_sc_mcu7t5v0__clkbuf_16)
                                                         clknet_0_clk (net)
                      0.218041    0.000759    0.527296 ^ clkbuf_2_1__f_clk/I (gf180mcu_fd_sc_mcu7t5v0__clkbuf_16)
     5    0.026186    0.126389    0.342994    0.870290 ^ clkbuf_2_1__f_clk/Z (gf180mcu_fd_sc_mcu7t5v0__clkbuf_16)
                                                         clknet_2_1__leaf_clk (net)
                      0.126389    0.000139    0.870429 ^ _155_/CLK (gf180mcu_fd_sc_mcu7t5v0__dffq_1)
                                  0.250000    1.120429   clock uncertainty
                                 -0.082898    1.037531   clock reconvergence pessimism
                                  0.040827    1.078358   library hold time
                                              1.078358   data required time
---------------------------------------------------------------------------------------------
                                              1.078358   data required time
                                             -2.479931   data arrival time
---------------------------------------------------------------------------------------------
                                              1.401572   slack (MET)


Startpoint: _159_ (rising edge-triggered flip-flop clocked by clk)
Endpoint: _159_ (rising edge-triggered flip-flop clocked by clk)
Path Group: clk
Path Type: min

Fanout         Cap        Slew       Delay        Time   Description
---------------------------------------------------------------------------------------------
                                  0.000000    0.000000   clock clk (rise edge)
                                  0.000000    0.000000   clock source latency
     1    0.029944    0.222532    0.100064    0.100064 ^ clk (in)
                                                         clk (net)
                      0.222533    0.000000    0.100064 ^ clkbuf_0_clk/I (gf180mcu_fd_sc_mcu7t5v0__clkbuf_16)
     4    0.096325    0.218041    0.376327    0.476391 ^ clkbuf_0_clk/Z (gf180mcu_fd_sc_mcu7t5v0__clkbuf_16)
                                                         clknet_0_clk (net)
                      0.218041    0.000343    0.476734 ^ clkbuf_2_3__f_clk/I (gf180mcu_fd_sc_mcu7t5v0__clkbuf_16)
     5    0.025650    0.125676    0.309741    0.786475 ^ clkbuf_2_3__f_clk/Z (gf180mcu_fd_sc_mcu7t5v0__clkbuf_16)
                                                         clknet_2_3__leaf_clk (net)
                      0.125676    0.000062    0.786537 ^ _159_/CLK (gf180mcu_fd_sc_mcu7t5v0__dffq_1)
     2    0.013148    0.383601    1.118224    1.904762 ^ _159_/Q (gf180mcu_fd_sc_mcu7t5v0__dffq_1)
                                                         counter[6] (net)
                      0.383601    0.000125    1.904887 ^ _115_/A1 (gf180mcu_fd_sc_mcu7t5v0__xor2_1)
     3    0.018463    0.445922    0.352987    2.257874 v _115_/Z (gf180mcu_fd_sc_mcu7t5v0__xor2_1)
                                                         _068_ (net)
                      0.445922    0.000272    2.258146 v _130_/A2 (gf180mcu_fd_sc_mcu7t5v0__nand2_1)
     1    0.003020    0.231610    0.260229    2.518375 ^ _130_/ZN (gf180mcu_fd_sc_mcu7t5v0__nand2_1)
                                                         _007_ (net)
                      0.231610    0.000029    2.518403 ^ _159_/D (gf180mcu_fd_sc_mcu7t5v0__dffq_1)
                                              2.518403   data arrival time

                                  0.000000    0.000000   clock clk (rise edge)
                                  0.000000    0.000000   clock source latency
     1    0.029944    0.222532    0.110597    0.110597 ^ clk (in)
                                                         clk (net)
                      0.222533    0.000000    0.110597 ^ clkbuf_0_clk/I (gf180mcu_fd_sc_mcu7t5v0__clkbuf_16)
     4    0.096325    0.218041    0.415941    0.526538 ^ clkbuf_0_clk/Z (gf180mcu_fd_sc_mcu7t5v0__clkbuf_16)
                                                         clknet_0_clk (net)
                      0.218041    0.000379    0.526917 ^ clkbuf_2_3__f_clk/I (gf180mcu_fd_sc_mcu7t5v0__clkbuf_16)
     5    0.025650    0.125676    0.342346    0.869262 ^ clkbuf_2_3__f_clk/Z (gf180mcu_fd_sc_mcu7t5v0__clkbuf_16)
                                                         clknet_2_3__leaf_clk (net)
                      0.125676    0.000069    0.869331 ^ _159_/CLK (gf180mcu_fd_sc_mcu7t5v0__dffq_1)
                                  0.250000    1.119331   clock uncertainty
                                 -0.082793    1.036537   clock reconvergence pessimism
                                  0.028817    1.065354   library hold time
                                              1.065354   data required time
---------------------------------------------------------------------------------------------
                                              1.065354   data required time
                                             -2.518403   data arrival time
---------------------------------------------------------------------------------------------
                                              1.453050   slack (MET)


Startpoint: _160_ (rising edge-triggered flip-flop clocked by clk)
Endpoint: _160_ (rising edge-triggered flip-flop clocked by clk)
Path Group: clk
Path Type: min

Fanout         Cap        Slew       Delay        Time   Description
---------------------------------------------------------------------------------------------
                                  0.000000    0.000000   clock clk (rise edge)
                                  0.000000    0.000000   clock source latency
     1    0.029944    0.222532    0.100064    0.100064 ^ clk (in)
                                                         clk (net)
                      0.222533    0.000000    0.100064 ^ clkbuf_0_clk/I (gf180mcu_fd_sc_mcu7t5v0__clkbuf_16)
     4    0.096325    0.218041    0.376327    0.476391 ^ clkbuf_0_clk/Z (gf180mcu_fd_sc_mcu7t5v0__clkbuf_16)
                                                         clknet_0_clk (net)
                      0.218041    0.000343    0.476734 ^ clkbuf_2_3__f_clk/I (gf180mcu_fd_sc_mcu7t5v0__clkbuf_16)
     5    0.025650    0.125676    0.309741    0.786475 ^ clkbuf_2_3__f_clk/Z (gf180mcu_fd_sc_mcu7t5v0__clkbuf_16)
                                                         clknet_2_3__leaf_clk (net)
                      0.125676    0.000282    0.786757 ^ _160_/CLK (gf180mcu_fd_sc_mcu7t5v0__dffq_1)
     3    0.016846    0.282354    0.989861    1.776618 v _160_/Q (gf180mcu_fd_sc_mcu7t5v0__dffq_1)
                                                         counter[7] (net)
                      0.282354    0.000121    1.776740 v _117_/A1 (gf180mcu_fd_sc_mcu7t5v0__xor2_1)
     3    0.017646    1.001424    0.624157    2.400897 ^ _117_/Z (gf180mcu_fd_sc_mcu7t5v0__xor2_1)
                                                         _070_ (net)
                      1.001424    0.000228    2.401125 ^ _131_/A2 (gf180mcu_fd_sc_mcu7t5v0__nand2_1)
     1    0.002964    0.269334    0.146567    2.547692 v _131_/ZN (gf180mcu_fd_sc_mcu7t5v0__nand2_1)
                                                         _008_ (net)
                      0.269334    0.000028    2.547720 v _160_/D (gf180mcu_fd_sc_mcu7t5v0__dffq_1)
                                              2.547720   data arrival time

                                  0.000000    0.000000   clock clk (rise edge)
                                  0.000000    0.000000   clock source latency
     1    0.029944    0.222532    0.110597    0.110597 ^ clk (in)
                                                         clk (net)
                      0.222533    0.000000    0.110597 ^ clkbuf_0_clk/I (gf180mcu_fd_sc_mcu7t5v0__clkbuf_16)
     4    0.096325    0.218041    0.415941    0.526538 ^ clkbuf_0_clk/Z (gf180mcu_fd_sc_mcu7t5v0__clkbuf_16)
                                                         clknet_0_clk (net)
                      0.218041    0.000379    0.526917 ^ clkbuf_2_3__f_clk/I (gf180mcu_fd_sc_mcu7t5v0__clkbuf_16)
     5    0.025650    0.125676    0.342346    0.869262 ^ clkbuf_2_3__f_clk/Z (gf180mcu_fd_sc_mcu7t5v0__clkbuf_16)
                                                         clknet_2_3__leaf_clk (net)
                      0.125676    0.000312    0.869574 ^ _160_/CLK (gf180mcu_fd_sc_mcu7t5v0__dffq_1)
                                  0.250000    1.119574   clock uncertainty
                                 -0.082817    1.036757   clock reconvergence pessimism
                                  0.040155    1.076912   library hold time
                                              1.076912   data required time
---------------------------------------------------------------------------------------------
                                              1.076912   data required time
                                             -2.547720   data arrival time
---------------------------------------------------------------------------------------------
                                              1.470808   slack (MET)


Startpoint: _158_ (rising edge-triggered flip-flop clocked by clk)
Endpoint: _158_ (rising edge-triggered flip-flop clocked by clk)
Path Group: clk
Path Type: min

Fanout         Cap        Slew       Delay        Time   Description
---------------------------------------------------------------------------------------------
                                  0.000000    0.000000   clock clk (rise edge)
                                  0.000000    0.000000   clock source latency
     1    0.029944    0.222532    0.100064    0.100064 ^ clk (in)
                                                         clk (net)
                      0.222533    0.000000    0.100064 ^ clkbuf_0_clk/I (gf180mcu_fd_sc_mcu7t5v0__clkbuf_16)
     4    0.096325    0.218041    0.376327    0.476391 ^ clkbuf_0_clk/Z (gf180mcu_fd_sc_mcu7t5v0__clkbuf_16)
                                                         clknet_0_clk (net)
                      0.218041    0.000343    0.476734 ^ clkbuf_2_3__f_clk/I (gf180mcu_fd_sc_mcu7t5v0__clkbuf_16)
     5    0.025650    0.125676    0.309741    0.786475 ^ clkbuf_2_3__f_clk/Z (gf180mcu_fd_sc_mcu7t5v0__clkbuf_16)
                                                         clknet_2_3__leaf_clk (net)
                      0.125676    0.000036    0.786511 ^ _158_/CLK (gf180mcu_fd_sc_mcu7t5v0__dffq_1)
     3    0.018468    0.299451    1.002525    1.789036 v _158_/Q (gf180mcu_fd_sc_mcu7t5v0__dffq_1)
                                                         counter[5] (net)
                      0.299451    0.000132    1.789168 v _113_/A1 (gf180mcu_fd_sc_mcu7t5v0__xor2_1)
     3    0.017501    0.994967    0.625177    2.414345 ^ _113_/Z (gf180mcu_fd_sc_mcu7t5v0__xor2_1)
                                                         _066_ (net)
                      0.994967    0.000251    2.414596 ^ _129_/A2 (gf180mcu_fd_sc_mcu7t5v0__nand2_1)
     1    0.002767    0.264536    0.142544    2.557140 v _129_/ZN (gf180mcu_fd_sc_mcu7t5v0__nand2_1)
                                                         _006_ (net)
                      0.264536    0.000026    2.557165 v _158_/D (gf180mcu_fd_sc_mcu7t5v0__dffq_1)
                                              2.557165   data arrival time

                                  0.000000    0.000000   clock clk (rise edge)
                                  0.000000    0.000000   clock source latency
     1    0.029944    0.222532    0.110597    0.110597 ^ clk (in)
                                                         clk (net)
                      0.222533    0.000000    0.110597 ^ clkbuf_0_clk/I (gf180mcu_fd_sc_mcu7t5v0__clkbuf_16)
     4    0.096325    0.218041    0.415941    0.526538 ^ clkbuf_0_clk/Z (gf180mcu_fd_sc_mcu7t5v0__clkbuf_16)
                                                         clknet_0_clk (net)
                      0.218041    0.000379    0.526917 ^ clkbuf_2_3__f_clk/I (gf180mcu_fd_sc_mcu7t5v0__clkbuf_16)
     5    0.025650    0.125676    0.342346    0.869262 ^ clkbuf_2_3__f_clk/Z (gf180mcu_fd_sc_mcu7t5v0__clkbuf_16)
                                                         clknet_2_3__leaf_clk (net)
                      0.125676    0.000040    0.869302 ^ _158_/CLK (gf180mcu_fd_sc_mcu7t5v0__dffq_1)
                                  0.250000    1.119302   clock uncertainty
                                 -0.082791    1.036511   clock reconvergence pessimism
                                  0.041199    1.077710   library hold time
                                              1.077710   data required time
---------------------------------------------------------------------------------------------
                                              1.077710   data required time
                                             -2.557165   data arrival time
---------------------------------------------------------------------------------------------
                                              1.479455   slack (MET)


Startpoint: _154_ (rising edge-triggered flip-flop clocked by clk)
Endpoint: _154_ (rising edge-triggered flip-flop clocked by clk)
Path Group: clk
Path Type: min

Fanout         Cap        Slew       Delay        Time   Description
---------------------------------------------------------------------------------------------
                                  0.000000    0.000000   clock clk (rise edge)
                                  0.000000    0.000000   clock source latency
     1    0.029944    0.222532    0.100064    0.100064 ^ clk (in)
                                                         clk (net)
                      0.222533    0.000000    0.100064 ^ clkbuf_0_clk/I (gf180mcu_fd_sc_mcu7t5v0__clkbuf_16)
     4    0.096325    0.218041    0.376327    0.476391 ^ clkbuf_0_clk/Z (gf180mcu_fd_sc_mcu7t5v0__clkbuf_16)
                                                         clknet_0_clk (net)
                      0.218041    0.000629    0.477020 ^ clkbuf_2_0__f_clk/I (gf180mcu_fd_sc_mcu7t5v0__clkbuf_16)
     5    0.022983    0.122121    0.306784    0.783805 ^ clkbuf_2_0__f_clk/Z (gf180mcu_fd_sc_mcu7t5v0__clkbuf_16)
                                                         clknet_2_0__leaf_clk (net)
                      0.122121    0.000059    0.783863 ^ _154_/CLK (gf180mcu_fd_sc_mcu7t5v0__dffq_1)
     5    0.026664    0.387479    1.065485    1.849348 v _154_/Q (gf180mcu_fd_sc_mcu7t5v0__dffq_1)
                                                         counter[1] (net)
                      0.387479    0.000181    1.849529 v _105_/A2 (gf180mcu_fd_sc_mcu7t5v0__xnor2_1)
     2    0.011304    0.542113    0.591596    2.441124 ^ _105_/ZN (gf180mcu_fd_sc_mcu7t5v0__xnor2_1)
                                                         _058_ (net)
                      0.542113    0.000142    2.441266 ^ _125_/A2 (gf180mcu_fd_sc_mcu7t5v0__nand2_1)
     1    0.002840    0.197276    0.143856    2.585123 v _125_/ZN (gf180mcu_fd_sc_mcu7t5v0__nand2_1)
                                                         _002_ (net)
                      0.197276    0.000026    2.585149 v _154_/D (gf180mcu_fd_sc_mcu7t5v0__dffq_1)
                                              2.585149   data arrival time

                                  0.000000    0.000000   clock clk (rise edge)
                                  0.000000    0.000000   clock source latency
     1    0.029944    0.222532    0.110597    0.110597 ^ clk (in)
                                                         clk (net)
                      0.222533    0.000000    0.110597 ^ clkbuf_0_clk/I (gf180mcu_fd_sc_mcu7t5v0__clkbuf_16)
     4    0.096325    0.218041    0.415941    0.526538 ^ clkbuf_0_clk/Z (gf180mcu_fd_sc_mcu7t5v0__clkbuf_16)
                                                         clknet_0_clk (net)
                      0.218041    0.000695    0.527233 ^ clkbuf_2_0__f_clk/I (gf180mcu_fd_sc_mcu7t5v0__clkbuf_16)
     5    0.022983    0.122121    0.339078    0.866311 ^ clkbuf_2_0__f_clk/Z (gf180mcu_fd_sc_mcu7t5v0__clkbuf_16)
                                                         clknet_2_0__leaf_clk (net)
                      0.122121    0.000065    0.866375 ^ _154_/CLK (gf180mcu_fd_sc_mcu7t5v0__dffq_1)
                                  0.250000    1.116375   clock uncertainty
                                 -0.082512    1.033863   clock reconvergence pessimism
                                  0.054946    1.088809   library hold time
                                              1.088809   data required time
---------------------------------------------------------------------------------------------
                                              1.088809   data required time
                                             -2.585149   data arrival time
---------------------------------------------------------------------------------------------
                                              1.496340   slack (MET)


Startpoint: _156_ (rising edge-triggered flip-flop clocked by clk)
Endpoint: _156_ (rising edge-triggered flip-flop clocked by clk)
Path Group: clk
Path Type: min

Fanout         Cap        Slew       Delay        Time   Description
---------------------------------------------------------------------------------------------
                                  0.000000    0.000000   clock clk (rise edge)
                                  0.000000    0.000000   clock source latency
     1    0.029944    0.222532    0.100064    0.100064 ^ clk (in)
                                                         clk (net)
                      0.222533    0.000000    0.100064 ^ clkbuf_0_clk/I (gf180mcu_fd_sc_mcu7t5v0__clkbuf_16)
     4    0.096325    0.218041    0.376327    0.476391 ^ clkbuf_0_clk/Z (gf180mcu_fd_sc_mcu7t5v0__clkbuf_16)
                                                         clknet_0_clk (net)
                      0.218041    0.000686    0.477078 ^ clkbuf_2_1__f_clk/I (gf180mcu_fd_sc_mcu7t5v0__clkbuf_16)
     5    0.026186    0.126389    0.310328    0.787405 ^ clkbuf_2_1__f_clk/Z (gf180mcu_fd_sc_mcu7t5v0__clkbuf_16)
                                                         clknet_2_1__leaf_clk (net)
                      0.126389    0.000033    0.787438 ^ _156_/CLK (gf180mcu_fd_sc_mcu7t5v0__dffq_1)
     2    0.013002    0.241852    0.960036    1.747474 v _156_/Q (gf180mcu_fd_sc_mcu7t5v0__dffq_1)
                                                         counter[3] (net)
                      0.241852    0.000256    1.747730 v _108_/A1 (gf180mcu_fd_sc_mcu7t5v0__xor2_1)
     3    0.018083    0.991863    0.625145    2.372875 ^ _108_/Z (gf180mcu_fd_sc_mcu7t5v0__xor2_1)
                                                         _061_ (net)
                      0.991863    0.000363    2.373239 ^ _127_/A2 (gf180mcu_fd_sc_mcu7t5v0__or2_1)
     1    0.002913    0.171185    0.388770    2.762008 ^ _127_/Z (gf180mcu_fd_sc_mcu7t5v0__or2_1)
                                                         _004_ (net)
                      0.171185    0.000028    2.762037 ^ _156_/D (gf180mcu_fd_sc_mcu7t5v0__dffq_1)
                                              2.762037   data arrival time

                                  0.000000    0.000000   clock clk (rise edge)
                                  0.000000    0.000000   clock source latency
     1    0.029944    0.222532    0.110597    0.110597 ^ clk (in)
                                                         clk (net)
                      0.222533    0.000000    0.110597 ^ clkbuf_0_clk/I (gf180mcu_fd_sc_mcu7t5v0__clkbuf_16)
     4    0.096325    0.218041    0.415941    0.526538 ^ clkbuf_0_clk/Z (gf180mcu_fd_sc_mcu7t5v0__clkbuf_16)
                                                         clknet_0_clk (net)
                      0.218041    0.000759    0.527296 ^ clkbuf_2_1__f_clk/I (gf180mcu_fd_sc_mcu7t5v0__clkbuf_16)
     5    0.026186    0.126389    0.342994    0.870290 ^ clkbuf_2_1__f_clk/Z (gf180mcu_fd_sc_mcu7t5v0__clkbuf_16)
                                                         clknet_2_1__leaf_clk (net)
                      0.126389    0.000036    0.870326 ^ _156_/CLK (gf180mcu_fd_sc_mcu7t5v0__dffq_1)
                                  0.250000    1.120326   clock uncertainty
                                 -0.082888    1.037438   clock reconvergence pessimism
                                  0.036812    1.074250   library hold time
                                              1.074250   data required time
---------------------------------------------------------------------------------------------
                                              1.074250   data required time
                                             -2.762037   data arrival time
---------------------------------------------------------------------------------------------
                                              1.687786   slack (MET)


Startpoint: _157_ (rising edge-triggered flip-flop clocked by clk)
Endpoint: _157_ (rising edge-triggered flip-flop clocked by clk)
Path Group: clk
Path Type: min

Fanout         Cap        Slew       Delay        Time   Description
---------------------------------------------------------------------------------------------
                                  0.000000    0.000000   clock clk (rise edge)
                                  0.000000    0.000000   clock source latency
     1    0.029944    0.222532    0.100064    0.100064 ^ clk (in)
                                                         clk (net)
                      0.222533    0.000000    0.100064 ^ clkbuf_0_clk/I (gf180mcu_fd_sc_mcu7t5v0__clkbuf_16)
     4    0.096325    0.218041    0.376327    0.476391 ^ clkbuf_0_clk/Z (gf180mcu_fd_sc_mcu7t5v0__clkbuf_16)
                                                         clknet_0_clk (net)
                      0.218041    0.000343    0.476734 ^ clkbuf_2_3__f_clk/I (gf180mcu_fd_sc_mcu7t5v0__clkbuf_16)
     5    0.025650    0.125676    0.309741    0.786475 ^ clkbuf_2_3__f_clk/Z (gf180mcu_fd_sc_mcu7t5v0__clkbuf_16)
                                                         clknet_2_3__leaf_clk (net)
                      0.125676    0.000063    0.786538 ^ _157_/CLK (gf180mcu_fd_sc_mcu7t5v0__dffq_1)
     4    0.024082    0.648622    1.257675    2.044213 ^ _157_/Q (gf180mcu_fd_sc_mcu7t5v0__dffq_1)
                                                         counter[4] (net)
                      0.648622    0.000150    2.044363 ^ _110_/A1 (gf180mcu_fd_sc_mcu7t5v0__xor2_1)
     2    0.012883    0.381961    0.329964    2.374327 v _110_/Z (gf180mcu_fd_sc_mcu7t5v0__xor2_1)
                                                         _063_ (net)
                      0.381961    0.000216    2.374543 v _111_/I (gf180mcu_fd_sc_mcu7t5v0__clkinv_1)
     2    0.010278    0.326967    0.285173    2.659716 ^ _111_/ZN (gf180mcu_fd_sc_mcu7t5v0__clkinv_1)
                                                         _064_ (net)
                      0.326967    0.000134    2.659850 ^ _128_/A2 (gf180mcu_fd_sc_mcu7t5v0__nand2_1)
     1    0.002963    0.164578    0.139495    2.799346 v _128_/ZN (gf180mcu_fd_sc_mcu7t5v0__nand2_1)
                                                         _005_ (net)
                      0.164578    0.000028    2.799374 v _157_/D (gf180mcu_fd_sc_mcu7t5v0__dffq_1)
                                              2.799374   data arrival time

                                  0.000000    0.000000   clock clk (rise edge)
                                  0.000000    0.000000   clock source latency
     1    0.029944    0.222532    0.110597    0.110597 ^ clk (in)
                                                         clk (net)
                      0.222533    0.000000    0.110597 ^ clkbuf_0_clk/I (gf180mcu_fd_sc_mcu7t5v0__clkbuf_16)
     4    0.096325    0.218041    0.415941    0.526538 ^ clkbuf_0_clk/Z (gf180mcu_fd_sc_mcu7t5v0__clkbuf_16)
                                                         clknet_0_clk (net)
                      0.218041    0.000379    0.526917 ^ clkbuf_2_3__f_clk/I (gf180mcu_fd_sc_mcu7t5v0__clkbuf_16)
     5    0.025650    0.125676    0.342346    0.869262 ^ clkbuf_2_3__f_clk/Z (gf180mcu_fd_sc_mcu7t5v0__clkbuf_16)
                                                         clknet_2_3__leaf_clk (net)
                      0.125676    0.000070    0.869332 ^ _157_/CLK (gf180mcu_fd_sc_mcu7t5v0__dffq_1)
                                  0.250000    1.119332   clock uncertainty
                                 -0.082793    1.036538   clock reconvergence pessimism
                                  0.062939    1.099477   library hold time
                                              1.099477   data required time
---------------------------------------------------------------------------------------------
                                              1.099477   data required time
                                             -2.799374   data arrival time
---------------------------------------------------------------------------------------------
                                              1.699897   slack (MET)


Startpoint: _152_ (rising edge-triggered flip-flop clocked by clk)
Endpoint: pwm (output port clocked by clk)
Path Group: clk
Path Type: min

Fanout         Cap        Slew       Delay        Time   Description
---------------------------------------------------------------------------------------------
                                  0.000000    0.000000   clock clk (rise edge)
                                  0.000000    0.000000   clock source latency
     1    0.029944    0.222532    0.100064    0.100064 ^ clk (in)
                                                         clk (net)
                      0.222533    0.000000    0.100064 ^ clkbuf_0_clk/I (gf180mcu_fd_sc_mcu7t5v0__clkbuf_16)
     4    0.096325    0.218041    0.376327    0.476391 ^ clkbuf_0_clk/Z (gf180mcu_fd_sc_mcu7t5v0__clkbuf_16)
                                                         clknet_0_clk (net)
                      0.218041    0.000374    0.476765 ^ clkbuf_2_2__f_clk/I (gf180mcu_fd_sc_mcu7t5v0__clkbuf_16)
     5    0.025222    0.125104    0.309229    0.785994 ^ clkbuf_2_2__f_clk/Z (gf180mcu_fd_sc_mcu7t5v0__clkbuf_16)
                                                         clknet_2_2__leaf_clk (net)
                      0.125104    0.000180    0.786175 ^ _152_/CLK (gf180mcu_fd_sc_mcu7t5v0__dffq_1)
     1    0.006662    0.171814    0.899955    1.686130 v _152_/Q (gf180mcu_fd_sc_mcu7t5v0__dffq_1)
                                                         net12 (net)
                      0.171814    0.000132    1.686261 v output12/I (gf180mcu_fd_sc_mcu7t5v0__buf_2)
     1    0.074045    0.491536    0.555326    2.241587 v output12/Z (gf180mcu_fd_sc_mcu7t5v0__buf_2)
                                                         pwm (net)
                      0.491541    0.000867    2.242454 v pwm (out)
                                              2.242454   data arrival time

                                  0.000000    0.000000   clock clk (rise edge)
                                  0.000000    0.000000   clock network delay (propagated)
                                  0.250000    0.250000   clock uncertainty
                                  0.000000    0.250000   clock reconvergence pessimism
                               -200.000000 -199.750000   output external delay
                                           -199.750000   data required time
---------------------------------------------------------------------------------------------
                                           -199.750000   data required time
                                             -2.242454   data arrival time
---------------------------------------------------------------------------------------------
                                            201.992462   slack (MET)



