
-- Executing script file `/Users/kimmy/Projects/open-microled-driver-asic/build/digital/synthesis.ys' --

1. Executing Liberty frontend: /Users/kimmy/Projects/open-microled-driver-asic/build/layout/pdk/ciel/gf180mcu/versions/54435919abffb937387ec956209f9cf5fd2dfbee/gf180mcuD/libs.ref/gf180mcu_fd_sc_mcu7t5v0/lib/gf180mcu_fd_sc_mcu7t5v0__tt_025C_3v30.lib
Imported 229 cell types from liberty file.

2. Executing Verilog-2005 frontend: /Users/kimmy/Projects/open-microled-driver-asic/rtl/pixel_pwm.v
Parsing Verilog input from `/Users/kimmy/Projects/open-microled-driver-asic/rtl/pixel_pwm.v' to AST representation.
Generating RTLIL representation for module `\pixel_pwm'.
Successfully finished Verilog frontend.

3. Executing SYNTH pass.

3.1. Executing HIERARCHY pass (managing design hierarchy).

3.1.1. Analyzing design hierarchy..
Top module:  \pixel_pwm

3.1.2. Analyzing design hierarchy..
Top module:  \pixel_pwm
Removed 0 unused modules.

3.2. Executing PROC pass (convert processes to netlists).

3.2.1. Executing PROC_CLEAN pass (remove empty switches from decision trees).
Cleaned up 0 empty switches.

3.2.2. Executing PROC_RMDEAD pass (remove dead branches from decision trees).
Marked 2 switch rules as full_case in process $proc$/Users/kimmy/Projects/open-microled-driver-asic/rtl/pixel_pwm.v:19$4 in module pixel_pwm.
Removed a total of 0 dead cases.

3.2.3. Executing PROC_PRUNE pass (remove redundant assignments in processes).
Removed 2 redundant assignments.
Promoted 0 assignments to connections.

3.2.4. Executing PROC_INIT pass (extract init attributes).

3.2.5. Executing PROC_ARST pass (detect async resets in processes).

3.2.6. Executing PROC_ROM pass (convert switches to ROMs).
Converted 0 switches.
<suppressed ~2 debug messages>

3.2.7. Executing PROC_MUX pass (convert decision trees to multiplexers).
Creating decoders for process `\pixel_pwm.$proc$/Users/kimmy/Projects/open-microled-driver-asic/rtl/pixel_pwm.v:19$4'.
     1/4: $0\pwm[0:0]
     2/4: $0\counter[7:0]
     3/4: $0\active_enable[0:0]
     4/4: $0\active_duty[8:0]

3.2.8. Executing PROC_DLATCH pass (convert process syncs to latches).

3.2.9. Executing PROC_DFF pass (convert process syncs to FFs).
Creating register for signal `\pixel_pwm.\pwm' using process `\pixel_pwm.$proc$/Users/kimmy/Projects/open-microled-driver-asic/rtl/pixel_pwm.v:19$4'.
  created $dff cell `$procdff$34' with positive edge clock.
Creating register for signal `\pixel_pwm.\counter' using process `\pixel_pwm.$proc$/Users/kimmy/Projects/open-microled-driver-asic/rtl/pixel_pwm.v:19$4'.
  created $dff cell `$procdff$35' with positive edge clock.
Creating register for signal `\pixel_pwm.\active_duty' using process `\pixel_pwm.$proc$/Users/kimmy/Projects/open-microled-driver-asic/rtl/pixel_pwm.v:19$4'.
  created $dff cell `$procdff$36' with positive edge clock.
Creating register for signal `\pixel_pwm.\active_enable' using process `\pixel_pwm.$proc$/Users/kimmy/Projects/open-microled-driver-asic/rtl/pixel_pwm.v:19$4'.
  created $dff cell `$procdff$37' with positive edge clock.

3.2.10. Executing PROC_MEMWR pass (convert process memory writes to cells).

3.2.11. Executing PROC_CLEAN pass (remove empty switches from decision trees).
Found and cleaned up 2 empty switches in `\pixel_pwm.$proc$/Users/kimmy/Projects/open-microled-driver-asic/rtl/pixel_pwm.v:19$4'.
Removing empty process `pixel_pwm.$proc$/Users/kimmy/Projects/open-microled-driver-asic/rtl/pixel_pwm.v:19$4'.
Cleaned up 2 empty switches.

3.2.12. Executing OPT_EXPR pass (perform const folding).
Optimizing module pixel_pwm.
<suppressed ~1 debug messages>

3.3. Executing OPT_EXPR pass (perform const folding).
Optimizing module pixel_pwm.

3.4. Executing OPT_CLEAN pass (remove unused cells and wires).
Finding unused cells or wires in module \pixel_pwm..
Removed 0 unused cells and 14 unused wires.
<suppressed ~1 debug messages>

3.5. Executing CHECK pass (checking for obvious problems).
Checking module pixel_pwm...
Found and reported 0 problems.

3.6. Executing OPT pass (performing simple optimizations).

3.6.1. Executing OPT_EXPR pass (perform const folding).
Optimizing module pixel_pwm.

3.6.2. Executing OPT_MERGE pass (detect identical cells).
Finding identical cells in module `\pixel_pwm'.
Computing hashes of 20 cells of `\pixel_pwm'.
Finding duplicate cells in `\pixel_pwm'.
Removed a total of 0 cells.

3.6.3. Executing OPT_MUXTREE pass (detect dead branches in mux trees).
Running muxtree optimizer on module \pixel_pwm..
  Creating internal representation of mux trees.
  Evaluating internal representation of mux trees.
  Analyzing evaluation results.
Removed 0 multiplexer ports.
<suppressed ~14 debug messages>

3.6.4. Executing OPT_REDUCE pass (consolidate $*mux and $reduce_* inputs).
  Optimizing cells in module \pixel_pwm.
Performed a total of 0 changes.

3.6.5. Executing OPT_MERGE pass (detect identical cells).
Finding identical cells in module `\pixel_pwm'.
Computing hashes of 20 cells of `\pixel_pwm'.
Finding duplicate cells in `\pixel_pwm'.
Removed a total of 0 cells.

3.6.6. Executing OPT_DFF pass (perform DFF optimizations).

3.6.7. Executing OPT_CLEAN pass (remove unused cells and wires).
Finding unused cells or wires in module \pixel_pwm..

3.6.8. Executing OPT_EXPR pass (perform const folding).
Optimizing module pixel_pwm.

3.6.9. Finished fast OPT passes. (There is nothing left to do.)

3.7. Executing FSM pass (extract and optimize FSM).

3.7.1. Executing FSM_DETECT pass (finding FSMs in design).

3.7.2. Executing FSM_EXTRACT pass (extracting FSM from design).

3.7.3. Executing FSM_OPT pass (simple optimizations of FSMs).

3.7.4. Executing OPT_CLEAN pass (remove unused cells and wires).
Finding unused cells or wires in module \pixel_pwm..

3.7.5. Executing FSM_OPT pass (simple optimizations of FSMs).

3.7.6. Executing FSM_RECODE pass (re-assigning FSM state encoding).

3.7.7. Executing FSM_INFO pass (dumping all available information on FSM cells).

3.7.8. Executing FSM_MAP pass (mapping FSMs to basic logic).

3.8. Executing OPT pass (performing simple optimizations).

3.8.1. Executing OPT_EXPR pass (perform const folding).
Optimizing module pixel_pwm.

3.8.2. Executing OPT_MERGE pass (detect identical cells).
Finding identical cells in module `\pixel_pwm'.
Computing hashes of 20 cells of `\pixel_pwm'.
Finding duplicate cells in `\pixel_pwm'.
Removed a total of 0 cells.

3.8.3. Executing OPT_MUXTREE pass (detect dead branches in mux trees).
Running muxtree optimizer on module \pixel_pwm..
  Creating internal representation of mux trees.
  Evaluating internal representation of mux trees.
  Analyzing evaluation results.
Removed 0 multiplexer ports.
<suppressed ~14 debug messages>

3.8.4. Executing OPT_REDUCE pass (consolidate $*mux and $reduce_* inputs).
  Optimizing cells in module \pixel_pwm.
Performed a total of 0 changes.

3.8.5. Executing OPT_MERGE pass (detect identical cells).
Finding identical cells in module `\pixel_pwm'.
Computing hashes of 20 cells of `\pixel_pwm'.
Finding duplicate cells in `\pixel_pwm'.
Removed a total of 0 cells.

3.8.6. Executing OPT_DFF pass (perform DFF optimizations).
Adding SRST signal on $procdff$34 ($dff) from module pixel_pwm (D = $procmux$11_Y, Q = \pwm, rval = 1'0).
Adding SRST signal on $procdff$35 ($dff) from module pixel_pwm (D = $procmux$17_Y, Q = \counter, rval = 8'11111111).
Adding SRST signal on $procdff$36 ($dff) from module pixel_pwm (D = $procmux$29_Y, Q = \active_duty, rval = 9'000000000).
Adding EN signal on $auto$ff.cc:337:slice$40 ($sdff) from module pixel_pwm (D = \bounded_duty, Q = \active_duty).
Adding SRST signal on $procdff$37 ($dff) from module pixel_pwm (D = $procmux$23_Y, Q = \active_enable, rval = 1'0).
Adding EN signal on $auto$ff.cc:337:slice$42 ($sdff) from module pixel_pwm (D = \enable, Q = \active_enable).

3.8.7. Executing OPT_CLEAN pass (remove unused cells and wires).
Finding unused cells or wires in module \pixel_pwm..
Removed 6 unused cells and 6 unused wires.
<suppressed ~7 debug messages>

3.8.8. Executing OPT_EXPR pass (perform const folding).
Optimizing module pixel_pwm.

3.8.9. Rerunning OPT passes. (Maybe there is more to do..)

3.8.10. Executing OPT_MUXTREE pass (detect dead branches in mux trees).
Running muxtree optimizer on module \pixel_pwm..
  Creating internal representation of mux trees.
  Evaluating internal representation of mux trees.
  Analyzing evaluation results.
Removed 0 multiplexer ports.
<suppressed ~6 debug messages>

3.8.11. Executing OPT_REDUCE pass (consolidate $*mux and $reduce_* inputs).
  Optimizing cells in module \pixel_pwm.
Performed a total of 0 changes.

3.8.12. Executing OPT_MERGE pass (detect identical cells).
Finding identical cells in module `\pixel_pwm'.
Computing hashes of 14 cells of `\pixel_pwm'.
Finding duplicate cells in `\pixel_pwm'.
Removed a total of 0 cells.

3.8.13. Executing OPT_DFF pass (perform DFF optimizations).

3.8.14. Executing OPT_CLEAN pass (remove unused cells and wires).
Finding unused cells or wires in module \pixel_pwm..

3.8.15. Executing OPT_EXPR pass (perform const folding).
Optimizing module pixel_pwm.

3.8.16. Finished fast OPT passes. (There is nothing left to do.)

3.9. Executing WREDUCE pass (reducing word size of cells).
Removed top 7 bits (of 8) from port B of cell pixel_pwm.$add$/Users/kimmy/Projects/open-microled-driver-asic/rtl/pixel_pwm.v:17$3 ($add).
Removed top 1 bits (of 9) from port A of cell pixel_pwm.$lt$/Users/kimmy/Projects/open-microled-driver-asic/rtl/pixel_pwm.v:36$8 ($lt).

3.10. Executing PEEPOPT pass (run peephole optimizers).

3.11. Executing OPT_CLEAN pass (remove unused cells and wires).
Finding unused cells or wires in module \pixel_pwm..

3.12. Executing ALUMACC pass (create $alu and $macc cells).
Extracting $alu and $macc cells in module pixel_pwm:
  creating $macc model for $add$/Users/kimmy/Projects/open-microled-driver-asic/rtl/pixel_pwm.v:17$3 ($add).
  creating $alu model for $macc $add$/Users/kimmy/Projects/open-microled-driver-asic/rtl/pixel_pwm.v:17$3.
  creating $alu model for $lt$/Users/kimmy/Projects/open-microled-driver-asic/rtl/pixel_pwm.v:36$8 ($lt): new $alu
  creating $alu model for $gt$/Users/kimmy/Projects/open-microled-driver-asic/rtl/pixel_pwm.v:16$1 ($gt): new $alu
  creating $alu cell for $gt$/Users/kimmy/Projects/open-microled-driver-asic/rtl/pixel_pwm.v:16$1: $auto$alumacc.cc:548:replace_alu$46
  creating $alu cell for $lt$/Users/kimmy/Projects/open-microled-driver-asic/rtl/pixel_pwm.v:36$8: $auto$alumacc.cc:548:replace_alu$57
  creating $alu cell for $add$/Users/kimmy/Projects/open-microled-driver-asic/rtl/pixel_pwm.v:17$3: $auto$alumacc.cc:548:replace_alu$62
  created 3 $alu and 0 $macc cells.

3.13. Executing SHARE pass (SAT-based resource sharing).

3.14. Executing OPT pass (performing simple optimizations).

3.14.1. Executing OPT_EXPR pass (perform const folding).
Optimizing module pixel_pwm.
<suppressed ~1 debug messages>

3.14.2. Executing OPT_MERGE pass (detect identical cells).
Finding identical cells in module `\pixel_pwm'.
Computing hashes of 19 cells of `\pixel_pwm'.
Finding duplicate cells in `\pixel_pwm'.
Removed a total of 0 cells.

3.14.3. Executing OPT_MUXTREE pass (detect dead branches in mux trees).
Running muxtree optimizer on module \pixel_pwm..
  Creating internal representation of mux trees.
  Evaluating internal representation of mux trees.
  Analyzing evaluation results.
Removed 0 multiplexer ports.
<suppressed ~6 debug messages>

3.14.4. Executing OPT_REDUCE pass (consolidate $*mux and $reduce_* inputs).
  Optimizing cells in module \pixel_pwm.
Performed a total of 0 changes.

3.14.5. Executing OPT_MERGE pass (detect identical cells).
Finding identical cells in module `\pixel_pwm'.
Computing hashes of 19 cells of `\pixel_pwm'.
Finding duplicate cells in `\pixel_pwm'.
Removed a total of 0 cells.

3.14.6. Executing OPT_DFF pass (perform DFF optimizations).

3.14.7. Executing OPT_CLEAN pass (remove unused cells and wires).
Finding unused cells or wires in module \pixel_pwm..
Removed 1 unused cells and 3 unused wires.
<suppressed ~2 debug messages>

3.14.8. Executing OPT_EXPR pass (perform const folding).
Optimizing module pixel_pwm.

3.14.9. Rerunning OPT passes. (Maybe there is more to do..)

3.14.10. Executing OPT_MUXTREE pass (detect dead branches in mux trees).
Running muxtree optimizer on module \pixel_pwm..
  Creating internal representation of mux trees.
  Evaluating internal representation of mux trees.
  Analyzing evaluation results.
Removed 0 multiplexer ports.
<suppressed ~6 debug messages>

3.14.11. Executing OPT_REDUCE pass (consolidate $*mux and $reduce_* inputs).
  Optimizing cells in module \pixel_pwm.
Performed a total of 0 changes.

3.14.12. Executing OPT_MERGE pass (detect identical cells).
Finding identical cells in module `\pixel_pwm'.
Computing hashes of 18 cells of `\pixel_pwm'.
Finding duplicate cells in `\pixel_pwm'.
Removed a total of 0 cells.

3.14.13. Executing OPT_DFF pass (perform DFF optimizations).

3.14.14. Executing OPT_CLEAN pass (remove unused cells and wires).
Finding unused cells or wires in module \pixel_pwm..

3.14.15. Executing OPT_EXPR pass (perform const folding).
Optimizing module pixel_pwm.

3.14.16. Finished fast OPT passes. (There is nothing left to do.)

3.15. Executing MEMORY pass.

3.15.1. Executing OPT_MEM pass (optimize memories).
Performed a total of 0 transformations.

3.15.2. Executing OPT_MEM_PRIORITY pass (removing unnecessary memory write priority relations).
Performed a total of 0 transformations.

3.15.3. Executing OPT_MEM_FEEDBACK pass (finding memory read-to-write feedback paths).

3.15.4. Executing MEMORY_BMUX2ROM pass (converting muxes to ROMs).

3.15.5. Executing MEMORY_DFF pass (merging $dff cells to $memrd).

3.15.6. Executing OPT_CLEAN pass (remove unused cells and wires).
Finding unused cells or wires in module \pixel_pwm..

3.15.7. Executing MEMORY_SHARE pass (consolidating $memrd/$memwr cells).

3.15.8. Executing OPT_MEM_WIDEN pass (optimize memories where all ports are wide).
Performed a total of 0 transformations.

3.15.9. Executing OPT_CLEAN pass (remove unused cells and wires).
Finding unused cells or wires in module \pixel_pwm..

3.15.10. Executing MEMORY_COLLECT pass (generating $mem cells).

3.16. Executing OPT_CLEAN pass (remove unused cells and wires).
Finding unused cells or wires in module \pixel_pwm..

3.17. Executing OPT pass (performing simple optimizations).

3.17.1. Executing OPT_EXPR pass (perform const folding).
Optimizing module pixel_pwm.
<suppressed ~1 debug messages>

3.17.2. Executing OPT_MERGE pass (detect identical cells).
Finding identical cells in module `\pixel_pwm'.
Computing hashes of 26 cells of `\pixel_pwm'.
Finding duplicate cells in `\pixel_pwm'.
Removed a total of 0 cells.

3.17.3. Executing OPT_DFF pass (perform DFF optimizations).

3.17.4. Executing OPT_CLEAN pass (remove unused cells and wires).
Finding unused cells or wires in module \pixel_pwm..
Removed 0 unused cells and 8 unused wires.
<suppressed ~1 debug messages>

3.17.5. Finished fast OPT passes.

3.18. Executing MEMORY_MAP pass (converting memories to logic and flip-flops).

3.19. Executing OPT pass (performing simple optimizations).

3.19.1. Executing OPT_EXPR pass (perform const folding).
Optimizing module pixel_pwm.

3.19.2. Executing OPT_MERGE pass (detect identical cells).
Finding identical cells in module `\pixel_pwm'.
Computing hashes of 26 cells of `\pixel_pwm'.
Finding duplicate cells in `\pixel_pwm'.
Removed a total of 0 cells.

3.19.3. Executing OPT_MUXTREE pass (detect dead branches in mux trees).
Running muxtree optimizer on module \pixel_pwm..
  Creating internal representation of mux trees.
  Evaluating internal representation of mux trees.
  Analyzing evaluation results.
Removed 0 multiplexer ports.
<suppressed ~6 debug messages>

3.19.4. Executing OPT_REDUCE pass (consolidate $*mux and $reduce_* inputs).
  Optimizing cells in module \pixel_pwm.
Performed a total of 0 changes.

3.19.5. Executing OPT_MERGE pass (detect identical cells).
Finding identical cells in module `\pixel_pwm'.
Computing hashes of 26 cells of `\pixel_pwm'.
Finding duplicate cells in `\pixel_pwm'.
Removed a total of 0 cells.

3.19.6. Executing OPT_SHARE pass.

3.19.7. Executing OPT_DFF pass (perform DFF optimizations).

3.19.8. Executing OPT_CLEAN pass (remove unused cells and wires).
Finding unused cells or wires in module \pixel_pwm..

3.19.9. Executing OPT_EXPR pass (perform const folding).
Optimizing module pixel_pwm.

3.19.10. Finished fast OPT passes. (There is nothing left to do.)

3.20. Executing TECHMAP pass (map to technology primitives).

3.20.1. Executing Verilog-2005 frontend: /opt/homebrew/bin/../share/yosys/techmap.v
Parsing Verilog input from `/opt/homebrew/bin/../share/yosys/techmap.v' to AST representation.
Generating RTLIL representation for module `\_90_simplemap_bool_ops'.
Generating RTLIL representation for module `\_90_simplemap_reduce_ops'.
Generating RTLIL representation for module `\_90_simplemap_logic_ops'.
Generating RTLIL representation for module `\_90_simplemap_compare_ops'.
Generating RTLIL representation for module `\_90_simplemap_various'.
Generating RTLIL representation for module `\_90_simplemap_registers'.
Generating RTLIL representation for module `\_90_shift_ops_shr_shl_sshl_sshr'.
Generating RTLIL representation for module `\_90_shift_shiftx'.
Generating RTLIL representation for module `\_90_fa'.
Generating RTLIL representation for module `\_90_lcu_brent_kung'.
Generating RTLIL representation for module `\_90_alu'.
Generating RTLIL representation for module `\_90_macc'.
Generating RTLIL representation for module `\_90_alumacc'.
Generating RTLIL representation for module `$__div_mod_u'.
Generating RTLIL representation for module `$__div_mod_trunc'.
Generating RTLIL representation for module `\_90_div'.
Generating RTLIL representation for module `\_90_mod'.
Generating RTLIL representation for module `$__div_mod_floor'.
Generating RTLIL representation for module `\_90_divfloor'.
Generating RTLIL representation for module `\_90_modfloor'.
Generating RTLIL representation for module `\_90_pow'.
Generating RTLIL representation for module `\_90_demux'.
Generating RTLIL representation for module `\_90_lut'.
Generating RTLIL representation for module `$connect'.
Generating RTLIL representation for module `$input_port'.
Successfully finished Verilog frontend.

3.20.2. Continuing TECHMAP pass.
Using extmapper simplemap for cells of type $not.
Using template $paramod$c3cd1564c35d873179656addd6052d7ea8b6d991\_90_alu for cells of type $alu.
Using template $paramod$78464f9f65d57061f7490f3fe5dd257e4a61e2b7\_90_alu for cells of type $alu.
Using extmapper simplemap for cells of type $or.
Using extmapper simplemap for cells of type $reduce_and.
Using template $paramod$fc972a7a46956c1788f3cb5257b53c8f1df2d0cc\_90_alu for cells of type $alu.
Using extmapper simplemap for cells of type $sdffe.
Using extmapper simplemap for cells of type $sdff.
Using extmapper simplemap for cells of type $mux.
Using extmapper simplemap for cells of type $eq.
Using extmapper simplemap for cells of type $reduce_bool.
Using extmapper simplemap for cells of type $logic_and.
Using extmapper simplemap for cells of type $xor.
Using template $paramod\_90_fa\WIDTH=32'00000000000000000000000000001000 for cells of type $fa.
Using template $paramod\_90_lcu_brent_kung\WIDTH=32'00000000000000000000000000001000 for cells of type $lcu.
Using extmapper simplemap for cells of type $pos.
Using template $paramod\_90_fa\WIDTH=32'00000000000000000000000000001001 for cells of type $fa.
Using template $paramod\_90_lcu_brent_kung\WIDTH=32'00000000000000000000000000001001 for cells of type $lcu.
Using template $paramod\_90_fa\WIDTH=32'00000000000000000000000000000001 for cells of type $fa.
Using template $paramod\_90_lcu_brent_kung\WIDTH=32'00000000000000000000000000000001 for cells of type $lcu.
Using extmapper simplemap for cells of type $and.
No more expansions possible.
<suppressed ~553 debug messages>

3.21. Executing OPT pass (performing simple optimizations).

3.21.1. Executing OPT_EXPR pass (perform const folding).
Optimizing module pixel_pwm.
<suppressed ~137 debug messages>

3.21.2. Executing OPT_MERGE pass (detect identical cells).
Finding identical cells in module `\pixel_pwm'.
Computing hashes of 172 cells of `\pixel_pwm'.
Finding duplicate cells in `\pixel_pwm'.
Computing hashes of 162 cells of `\pixel_pwm'.
Finding duplicate cells in `\pixel_pwm'.
<suppressed ~30 debug messages>
Removed a total of 10 cells.

3.21.3. Executing OPT_DFF pass (perform DFF optimizations).

3.21.4. Executing OPT_CLEAN pass (remove unused cells and wires).
Finding unused cells or wires in module \pixel_pwm..
Removed 20 unused cells and 151 unused wires.
<suppressed ~21 debug messages>

3.21.5. Finished fast OPT passes.

3.22. Executing HIERARCHY pass (managing design hierarchy).
Attribute `top' found on module `pixel_pwm'. Setting top module to pixel_pwm.

3.22.1. Analyzing design hierarchy..
Top module:  \pixel_pwm

3.22.2. Analyzing design hierarchy..
Top module:  \pixel_pwm
Removed 0 unused modules.

3.23. Printing statistics.

=== pixel_pwm ===

        +----------Local Count, excluding submodules.
        | 
       59 wires
      163 wire bits
       10 public wires
       48 public wire bits
        5 ports
       13 port bits
      142 cells
       38   $_AND_
       18   $_MUX_
       28   $_NOT_
       24   $_OR_
       10   $_SDFFE_PP0P_
        1   $_SDFF_PP0_
        8   $_SDFF_PP1_
       15   $_XOR_

3.24. Executing CHECK pass (checking for obvious problems).
Checking module pixel_pwm...
Found and reported 0 problems.

4. Executing DFFLIBMAP pass (mapping DFF/DLATCH cells to sequential cells from liberty file).
  cell gf180mcu_fd_sc_mcu7t5v0__dffnq_1 (noninv, pins=3, area=65.86) is a direct match for cell type $_DFF_N_.
  cell gf180mcu_fd_sc_mcu7t5v0__dffq_1 (noninv, pins=3, area=63.66) is a direct match for cell type $_DFF_P_.
  cell gf180mcu_fd_sc_mcu7t5v0__dffnrnq_1 (noninv, pins=4, area=74.64) is a direct match for cell type $_DFF_NN0_.
  cell gf180mcu_fd_sc_mcu7t5v0__dffnsnq_1 (noninv, pins=4, area=79.03) is a direct match for cell type $_DFF_NN1_.
  cell gf180mcu_fd_sc_mcu7t5v0__dffrnq_1 (noninv, pins=4, area=74.64) is a direct match for cell type $_DFF_PN0_.
  cell gf180mcu_fd_sc_mcu7t5v0__dffsnq_1 (noninv, pins=4, area=79.03) is a direct match for cell type $_DFF_PN1_.
  cell gf180mcu_fd_sc_mcu7t5v0__dffnrsnq_1 (noninv, pins=5, area=94.39) is a direct match for cell type $_DFFSR_NNN_.
  cell gf180mcu_fd_sc_mcu7t5v0__dffrsnq_1 (noninv, pins=5, area=85.61) is a direct match for cell type $_DFFSR_PNN_.
  cell gf180mcu_fd_sc_mcu7t5v0__latq_1 (noninv, pins=3, area=43.90) is a direct match for cell type $_DLATCH_P_.
  cell gf180mcu_fd_sc_mcu7t5v0__latrnq_1 (noninv, pins=4, area=48.29) is a direct match for cell type $_DLATCH_PN0_.
  cell gf180mcu_fd_sc_mcu7t5v0__latsnq_1 (noninv, pins=4, area=46.10) is a direct match for cell type $_DLATCH_PN1_.
  cell gf180mcu_fd_sc_mcu7t5v0__latrsnq_1 (noninv, pins=5, area=52.68) is a direct match for cell type $_DLATCHSR_PNN_.
  final dff/dlatch cell mappings:
    \gf180mcu_fd_sc_mcu7t5v0__dffnq_1 _DFF_N_ (.CLKN( C), .D( D), .Q( Q));
    \gf180mcu_fd_sc_mcu7t5v0__dffq_1 _DFF_P_ (.CLK( C), .D( D), .Q( Q));
    \gf180mcu_fd_sc_mcu7t5v0__dffnrnq_1 _DFF_NN0_ (.CLKN( C), .D( D), .Q( Q), .RN( R));
    \gf180mcu_fd_sc_mcu7t5v0__dffnsnq_1 _DFF_NN1_ (.CLKN( C), .D( D), .Q( Q), .SETN( R));
    unmapped dff/dlatch cell: $_DFF_NP0_
    unmapped dff/dlatch cell: $_DFF_NP1_
    \gf180mcu_fd_sc_mcu7t5v0__dffrnq_1 _DFF_PN0_ (.CLK( C), .D( D), .Q( Q), .RN( R));
    \gf180mcu_fd_sc_mcu7t5v0__dffsnq_1 _DFF_PN1_ (.CLK( C), .D( D), .Q( Q), .SETN( R));
    unmapped dff/dlatch cell: $_DFF_PP0_
    unmapped dff/dlatch cell: $_DFF_PP1_
    unmapped dff/dlatch cell: $_DFFE_NN_
    unmapped dff/dlatch cell: $_DFFE_NP_
    unmapped dff/dlatch cell: $_DFFE_PN_
    unmapped dff/dlatch cell: $_DFFE_PP_
    \gf180mcu_fd_sc_mcu7t5v0__dffnrsnq_1 _DFFSR_NNN_ (.CLKN( C), .D( D), .Q( Q), .RN( R), .SETN( S));
    unmapped dff/dlatch cell: $_DFFSR_NNP_
    unmapped dff/dlatch cell: $_DFFSR_NPN_
    unmapped dff/dlatch cell: $_DFFSR_NPP_
    \gf180mcu_fd_sc_mcu7t5v0__dffrsnq_1 _DFFSR_PNN_ (.CLK( C), .D( D), .Q( Q), .RN( R), .SETN( S));
    unmapped dff/dlatch cell: $_DFFSR_PNP_
    unmapped dff/dlatch cell: $_DFFSR_PPN_
    unmapped dff/dlatch cell: $_DFFSR_PPP_
    unmapped dff/dlatch cell: $_DLATCH_N_
    \gf180mcu_fd_sc_mcu7t5v0__latq_1 _DLATCH_P_ (.D( D), .E( E), .Q( Q));
    unmapped dff/dlatch cell: $_DLATCH_NN0_
    unmapped dff/dlatch cell: $_DLATCH_NN1_
    unmapped dff/dlatch cell: $_DLATCH_NP0_
    unmapped dff/dlatch cell: $_DLATCH_NP1_
    \gf180mcu_fd_sc_mcu7t5v0__latrnq_1 _DLATCH_PN0_ (.D( D), .E( E), .Q( Q), .RN( R));
    \gf180mcu_fd_sc_mcu7t5v0__latsnq_1 _DLATCH_PN1_ (.D( D), .E( E), .Q( Q), .SETN( R));
    unmapped dff/dlatch cell: $_DLATCH_PP0_
    unmapped dff/dlatch cell: $_DLATCH_PP1_
    unmapped dff/dlatch cell: $_DLATCHSR_NNN_
    unmapped dff/dlatch cell: $_DLATCHSR_NNP_
    unmapped dff/dlatch cell: $_DLATCHSR_NPN_
    unmapped dff/dlatch cell: $_DLATCHSR_NPP_
    \gf180mcu_fd_sc_mcu7t5v0__latrsnq_1 _DLATCHSR_PNN_ (.D( D), .E( E), .Q( Q), .RN( R), .SETN( S));
    unmapped dff/dlatch cell: $_DLATCHSR_PNP_
    unmapped dff/dlatch cell: $_DLATCHSR_PPN_
    unmapped dff/dlatch cell: $_DLATCHSR_PPP_

4.1. Executing DFFLEGALIZE pass (convert FFs and LATCHes to types supported by the target).
<suppressed ~12 debug messages>
Mapping DFF/DLATCH cells in module `\pixel_pwm':
  mapped 19 $_DFF_P_ cells to \gf180mcu_fd_sc_mcu7t5v0__dffq_1 cells.

5. Executing ABC pass (technology mapping using ABC).

5.1. Extracting gate netlist of module `\pixel_pwm' to `<abc-temp-dir>/input.blif'..
ABC: using cached merged SCL: /var/folders/bp/7ds_f1655rvf3p497mj_r3g80000gn/T/yosys-liberty-scl-cache-501/yosys_merged_ee7b6c91.scl (1 files)

5.1.1. Executed ABC.
Extracted 152 gates and 183 wires to a netlist network with 29 inputs and 19 outputs.
Running ABC script: <abc-temp-dir>/abc.script
ABC: ======== ABC command line "source <abc-temp-dir>/abc.script"
ABC: + read_blif <abc-temp-dir>/input.blif 
ABC: + read_scl /var/folders/bp/7ds_f1655rvf3p497mj_r3g80000gn/T/yosys-liberty-scl-cache-501/yosys_merged_ee7b6c91.scl 
ABC: Warning: Detected 6 multi-output cells (for example, "gf180mcu_fd_sc_mcu7t5v0__addf_1").
ABC: + strash 
ABC: + &get -n 
ABC: + &fraig -x 
ABC: + &put 
ABC: + scorr 
ABC: Warning: The network is combinational (run "fraig" or "fraig_sweep").
ABC: + dc2 
ABC: + dretime 
ABC: + strash 
ABC: + &get -n 
ABC: + &dch -f 
ABC: + &nf 
ABC: + &put 
ABC: + write_blif <abc-temp-dir>/output.blif 

5.1.2. Re-integrating ABC results.
ABC RESULTS:   gf180mcu_fd_sc_mcu7t5v0__and2_1 cells:        1
ABC RESULTS:   gf180mcu_fd_sc_mcu7t5v0__aoi211_1 cells:        1
ABC RESULTS:   gf180mcu_fd_sc_mcu7t5v0__aoi21_1 cells:       11
ABC RESULTS:   gf180mcu_fd_sc_mcu7t5v0__aoi221_1 cells:        1
ABC RESULTS:   gf180mcu_fd_sc_mcu7t5v0__aoi22_1 cells:        3
ABC RESULTS:   gf180mcu_fd_sc_mcu7t5v0__clkinv_1 cells:        6
ABC RESULTS:   gf180mcu_fd_sc_mcu7t5v0__nand2_1 cells:       19
ABC RESULTS:   gf180mcu_fd_sc_mcu7t5v0__nand3_1 cells:        8
ABC RESULTS:   gf180mcu_fd_sc_mcu7t5v0__nand4_1 cells:        1
ABC RESULTS:   gf180mcu_fd_sc_mcu7t5v0__nor2_1 cells:        6
ABC RESULTS:   gf180mcu_fd_sc_mcu7t5v0__nor4_1 cells:        2
ABC RESULTS:   gf180mcu_fd_sc_mcu7t5v0__oai211_1 cells:        3
ABC RESULTS:   gf180mcu_fd_sc_mcu7t5v0__oai21_1 cells:        3
ABC RESULTS:   gf180mcu_fd_sc_mcu7t5v0__oai22_1 cells:        2
ABC RESULTS:   gf180mcu_fd_sc_mcu7t5v0__or2_1 cells:        2
ABC RESULTS:   gf180mcu_fd_sc_mcu7t5v0__xor2_1 cells:        7
ABC RESULTS:        internal signals:      135
ABC RESULTS:           input signals:       29
ABC RESULTS:          output signals:       19
Removing temp directory.
Removing global temp directory.
Removed 0 unused cells and 109 unused wires.

6. Executing CHECK pass (checking for obvious problems).
Checking module pixel_pwm...
Found and reported 0 problems.

7. Printing statistics.

=== pixel_pwm ===

        +----------Local Count, excluding submodules.
        |        +-Local Area, excluding submodules.
        |        | 
       84        - wires
      107        - wire bits
        8        - public wires
       31        - public wire bits
        5        - ports
       13        - port bits
       95 2.43E+03 cells
        1   17.562   gf180mcu_fd_sc_mcu7t5v0__and2_1
        1   21.952   gf180mcu_fd_sc_mcu7t5v0__aoi211_1
       11  193.178   gf180mcu_fd_sc_mcu7t5v0__aoi21_1
        1   24.147   gf180mcu_fd_sc_mcu7t5v0__aoi221_1
        3    59.27   gf180mcu_fd_sc_mcu7t5v0__aoi22_1
        6   52.685   gf180mcu_fd_sc_mcu7t5v0__clkinv_1
       19 1.21E+03   gf180mcu_fd_sc_mcu7t5v0__dffq_1
       19  208.544   gf180mcu_fd_sc_mcu7t5v0__nand2_1
        8  122.931   gf180mcu_fd_sc_mcu7t5v0__nand3_1
        1   19.757   gf180mcu_fd_sc_mcu7t5v0__nand4_1
        6   79.027   gf180mcu_fd_sc_mcu7t5v0__nor2_1
        2   43.904   gf180mcu_fd_sc_mcu7t5v0__nor4_1
        3   65.856   gf180mcu_fd_sc_mcu7t5v0__oai211_1
        3   52.685   gf180mcu_fd_sc_mcu7t5v0__oai21_1
        2   43.904   gf180mcu_fd_sc_mcu7t5v0__oai22_1
        2   35.123   gf180mcu_fd_sc_mcu7t5v0__or2_1
        7  184.397   gf180mcu_fd_sc_mcu7t5v0__xor2_1

   Chip area for module '\pixel_pwm': 2434.476800
     of which used for sequential elements: 1209.555200 (49.68%)

8. Executing Verilog backend.

8.1. Executing BMUXMAP pass.

8.2. Executing DEMUXMAP pass.
Dumping module `\pixel_pwm'.

9. Executing JSON backend.
