
===========================================================================
report_checks -unconstrained
===========================================================================
======================= min_ss_125C_3v00 Corner ===================================

Startpoint: duty[8] (input port clocked by clk)
Endpoint: _152_ (rising edge-triggered flip-flop clocked by clk)
Path Group: clk
Path Type: max

Fanout         Cap        Slew       Delay        Time   Description
---------------------------------------------------------------------------------------------
                                  0.000000    0.000000   clock clk (rise edge)
                                  0.000000    0.000000   clock network delay (propagated)
                                200.000000  200.000000 ^ input external delay
     1    0.005736    0.389630    0.152113  200.152100 ^ duty[8] (in)
                                                         duty[8] (net)
                      0.389630    0.000000  200.152100 ^ input9/I (gf180mcu_fd_sc_mcu7t5v0__buf_2)
     2    0.009414    0.319610    0.569145  200.721252 ^ input9/Z (gf180mcu_fd_sc_mcu7t5v0__buf_2)
                                                         net9 (net)
                      0.319610    0.000142  200.721390 ^ _078_/I (gf180mcu_fd_sc_mcu7t5v0__clkinv_1)
     8    0.040690    1.551626    1.112255  201.833649 v _078_/ZN (gf180mcu_fd_sc_mcu7t5v0__clkinv_1)
                                                         _031_ (net)
                      1.551626    0.000682  201.834335 v _090_/A2 (gf180mcu_fd_sc_mcu7t5v0__nand2_1)
     2    0.013846    1.026174    1.137266  202.971603 ^ _090_/ZN (gf180mcu_fd_sc_mcu7t5v0__nand2_1)
                                                         _043_ (net)
                      1.026174    0.000171  202.971771 ^ _092_/A3 (gf180mcu_fd_sc_mcu7t5v0__and4_1)
     1    0.006056    0.628007    1.623505  204.595276 ^ _092_/Z (gf180mcu_fd_sc_mcu7t5v0__and4_1)
                                                         _045_ (net)
                      0.628007    0.000128  204.595398 ^ _098_/A1 (gf180mcu_fd_sc_mcu7t5v0__nand4_1)
     1    0.006687    0.926002    0.659227  205.254623 v _098_/ZN (gf180mcu_fd_sc_mcu7t5v0__nand4_1)
                                                         _051_ (net)
                      0.926002    0.000085  205.254715 v _099_/A3 (gf180mcu_fd_sc_mcu7t5v0__nand3_1)
     1    0.005494    0.783507    0.835016  206.089722 ^ _099_/ZN (gf180mcu_fd_sc_mcu7t5v0__nand3_1)
                                                         _052_ (net)
                      0.783507    0.000057  206.089783 ^ _123_/A1 (gf180mcu_fd_sc_mcu7t5v0__aoi21_1)
     1    0.003105    0.685662    0.354078  206.443863 v _123_/ZN (gf180mcu_fd_sc_mcu7t5v0__aoi21_1)
                                                         _000_ (net)
                      0.685662    0.000057  206.443924 v _152_/D (gf180mcu_fd_sc_mcu7t5v0__dffq_1)
                                            206.443924   data arrival time

                               1000.000000 1000.000000   clock clk (rise edge)
                                  0.000000 1000.000000   clock source latency
     1    0.029419    0.408278    0.178034 1000.178040 ^ clk (in)
                                                         clk (net)
                      0.408278    0.000000 1000.178040 ^ clkbuf_0_clk/I (gf180mcu_fd_sc_mcu7t5v0__clkbuf_16)
     4    0.095982    0.412932    0.725322 1000.903381 ^ clkbuf_0_clk/Z (gf180mcu_fd_sc_mcu7t5v0__clkbuf_16)
                                                         clknet_0_clk (net)
                      0.412932    0.000341 1000.903748 ^ clkbuf_2_2__f_clk/I (gf180mcu_fd_sc_mcu7t5v0__clkbuf_16)
     5    0.024254    0.239390    0.598902 1001.502625 ^ clkbuf_2_2__f_clk/Z (gf180mcu_fd_sc_mcu7t5v0__clkbuf_16)
                                                         clknet_2_2__leaf_clk (net)
                      0.239390    0.000227 1001.502869 ^ _152_/CLK (gf180mcu_fd_sc_mcu7t5v0__dffq_1)
                                 -0.250000 1001.252869   clock uncertainty
                                  0.000000 1001.252869   clock reconvergence pessimism
                                 -0.973230 1000.279602   library setup time
                                           1000.279602   data required time
---------------------------------------------------------------------------------------------
                                           1000.279602   data required time
                                           -206.443924   data arrival time
---------------------------------------------------------------------------------------------
                                            793.835632   slack (MET)




===========================================================================
report_checks --slack_max -0.01
============================================================================
======================= min_ss_125C_3v00 Corner ===================================

No paths found.


===========================================================================
 report_check_types -max_slew -max_cap -max_fanout -violators
============================================================================
======================= min_ss_125C_3v00 Corner ===================================



===========================================================================
report_parasitic_annotation -report_unannotated
============================================================================
Found 1 unannotated drivers.
 clkload0/Z
Found 0 partially unannotated drivers.

===========================================================================
max slew violation count 0
max fanout violation count 0
max cap violation count 0
============================================================================

===========================================================================
check_setup -verbose -unconstrained_endpoints -multiple_clock -no_clock -no_input_delay -loops -generated_clocks
===========================================================================
