
===========================================================================
report_checks -path_delay min (Hold)
============================================================================
======================= min_ss_125C_3v00 Corner ===================================

Startpoint: _170_ (rising edge-triggered flip-flop clocked by clk)
Endpoint: _170_ (rising edge-triggered flip-flop clocked by clk)
Path Group: clk
Path Type: min

Fanout         Cap        Slew       Delay        Time   Description
---------------------------------------------------------------------------------------------
                                  0.000000    0.000000   clock clk (rise edge)
                                  0.000000    0.000000   clock source latency
     1    0.029419    0.408278    0.177985    0.177985 ^ clk (in)
                                                         clk (net)
                      0.408278    0.000000    0.177985 ^ clkbuf_0_clk/I (gf180mcu_fd_sc_mcu7t5v0__clkbuf_16)
     4    0.095982    0.412932    0.725420    0.903405 ^ clkbuf_0_clk/Z (gf180mcu_fd_sc_mcu7t5v0__clkbuf_16)
                                                         clknet_0_clk (net)
                      0.412932    0.000346    0.903751 ^ clkbuf_2_2__f_clk/I (gf180mcu_fd_sc_mcu7t5v0__clkbuf_16)
     5    0.024254    0.239390    0.598888    1.502638 ^ clkbuf_2_2__f_clk/Z (gf180mcu_fd_sc_mcu7t5v0__clkbuf_16)
                                                         clknet_2_2__leaf_clk (net)
                      0.239390    0.000181    1.502820 ^ _170_/CLK (gf180mcu_fd_sc_mcu7t5v0__dffq_1)
     2    0.011237    0.409907    1.884385    3.387205 v _170_/Q (gf180mcu_fd_sc_mcu7t5v0__dffq_1)
                                                         active_enable (net)
                      0.409907    0.000157    3.387362 v _100_/A1 (gf180mcu_fd_sc_mcu7t5v0__nand2_1)
     1    0.005140    0.438663    0.387494    3.774856 ^ _100_/ZN (gf180mcu_fd_sc_mcu7t5v0__nand2_1)
                                                         _053_ (net)
                      0.438663    0.000091    3.774947 ^ _151_/A2 (gf180mcu_fd_sc_mcu7t5v0__aoi21_1)
     1    0.002672    0.292510    0.275755    4.050702 v _151_/ZN (gf180mcu_fd_sc_mcu7t5v0__aoi21_1)
                                                         _018_ (net)
                      0.292510    0.000024    4.050725 v _170_/D (gf180mcu_fd_sc_mcu7t5v0__dffq_1)
                                              4.050725   data arrival time

                                  0.000000    0.000000   clock clk (rise edge)
                                  0.000000    0.000000   clock source latency
     1    0.029419    0.408278    0.196720    0.196720 ^ clk (in)
                                                         clk (net)
                      0.408278    0.000000    0.196720 ^ clkbuf_0_clk/I (gf180mcu_fd_sc_mcu7t5v0__clkbuf_16)
     4    0.095982    0.412932    0.801780    0.998500 ^ clkbuf_0_clk/Z (gf180mcu_fd_sc_mcu7t5v0__clkbuf_16)
                                                         clknet_0_clk (net)
                      0.412932    0.000383    0.998883 ^ clkbuf_2_2__f_clk/I (gf180mcu_fd_sc_mcu7t5v0__clkbuf_16)
     5    0.024254    0.239390    0.661928    1.660811 ^ clkbuf_2_2__f_clk/Z (gf180mcu_fd_sc_mcu7t5v0__clkbuf_16)
                                                         clknet_2_2__leaf_clk (net)
                      0.239390    0.000200    1.661011 ^ _170_/CLK (gf180mcu_fd_sc_mcu7t5v0__dffq_1)
                                  0.250000    1.911011   clock uncertainty
                                 -0.158191    1.752820   clock reconvergence pessimism
                                  0.098396    1.851216   library hold time
                                              1.851216   data required time
---------------------------------------------------------------------------------------------
                                              1.851216   data required time
                                             -4.050725   data arrival time
---------------------------------------------------------------------------------------------
                                              2.199510   slack (MET)


Startpoint: _153_ (rising edge-triggered flip-flop clocked by clk)
Endpoint: _153_ (rising edge-triggered flip-flop clocked by clk)
Path Group: clk
Path Type: min

Fanout         Cap        Slew       Delay        Time   Description
---------------------------------------------------------------------------------------------
                                  0.000000    0.000000   clock clk (rise edge)
                                  0.000000    0.000000   clock source latency
     1    0.029419    0.408278    0.177985    0.177985 ^ clk (in)
                                                         clk (net)
                      0.408278    0.000000    0.177985 ^ clkbuf_0_clk/I (gf180mcu_fd_sc_mcu7t5v0__clkbuf_16)
     4    0.095982    0.412932    0.725420    0.903405 ^ clkbuf_0_clk/Z (gf180mcu_fd_sc_mcu7t5v0__clkbuf_16)
                                                         clknet_0_clk (net)
                      0.412932    0.000626    0.904031 ^ clkbuf_2_1__f_clk/I (gf180mcu_fd_sc_mcu7t5v0__clkbuf_16)
     5    0.025271    0.241922    0.601115    1.505146 ^ clkbuf_2_1__f_clk/Z (gf180mcu_fd_sc_mcu7t5v0__clkbuf_16)
                                                         clknet_2_1__leaf_clk (net)
                      0.241922    0.000174    1.505320 ^ _153_/CLK (gf180mcu_fd_sc_mcu7t5v0__dffq_1)
     6    0.031287    0.793988    2.165371    3.670691 v _153_/Q (gf180mcu_fd_sc_mcu7t5v0__dffq_1)
                                                         counter[0] (net)
                      0.793988    0.000419    3.671109 v _124_/A1 (gf180mcu_fd_sc_mcu7t5v0__nand2_1)
     1    0.002590    0.399487    0.416790    4.087900 ^ _124_/ZN (gf180mcu_fd_sc_mcu7t5v0__nand2_1)
                                                         _001_ (net)
                      0.399487    0.000023    4.087922 ^ _153_/D (gf180mcu_fd_sc_mcu7t5v0__dffq_1)
                                              4.087922   data arrival time

                                  0.000000    0.000000   clock clk (rise edge)
                                  0.000000    0.000000   clock source latency
     1    0.029419    0.408278    0.196720    0.196720 ^ clk (in)
                                                         clk (net)
                      0.408278    0.000000    0.196720 ^ clkbuf_0_clk/I (gf180mcu_fd_sc_mcu7t5v0__clkbuf_16)
     4    0.095982    0.412932    0.801780    0.998500 ^ clkbuf_0_clk/Z (gf180mcu_fd_sc_mcu7t5v0__clkbuf_16)
                                                         clknet_0_clk (net)
                      0.412932    0.000692    0.999192 ^ clkbuf_2_1__f_clk/I (gf180mcu_fd_sc_mcu7t5v0__clkbuf_16)
     5    0.025271    0.241922    0.664390    1.663582 ^ clkbuf_2_1__f_clk/Z (gf180mcu_fd_sc_mcu7t5v0__clkbuf_16)
                                                         clknet_2_1__leaf_clk (net)
                      0.241922    0.000193    1.663774 ^ _153_/CLK (gf180mcu_fd_sc_mcu7t5v0__dffq_1)
                                  0.250000    1.913774   clock uncertainty
                                 -0.158455    1.755320   clock reconvergence pessimism
                                  0.042148    1.797468   library hold time
                                              1.797468   data required time
---------------------------------------------------------------------------------------------
                                              1.797468   data required time
                                             -4.087922   data arrival time
---------------------------------------------------------------------------------------------
                                              2.290455   slack (MET)


Startpoint: _169_ (rising edge-triggered flip-flop clocked by clk)
Endpoint: _169_ (rising edge-triggered flip-flop clocked by clk)
Path Group: clk
Path Type: min

Fanout         Cap        Slew       Delay        Time   Description
---------------------------------------------------------------------------------------------
                                  0.000000    0.000000   clock clk (rise edge)
                                  0.000000    0.000000   clock source latency
     1    0.029419    0.408278    0.177985    0.177985 ^ clk (in)
                                                         clk (net)
                      0.408278    0.000000    0.177985 ^ clkbuf_0_clk/I (gf180mcu_fd_sc_mcu7t5v0__clkbuf_16)
     4    0.095982    0.412932    0.725420    0.903405 ^ clkbuf_0_clk/Z (gf180mcu_fd_sc_mcu7t5v0__clkbuf_16)
                                                         clknet_0_clk (net)
                      0.412932    0.000346    0.903751 ^ clkbuf_2_2__f_clk/I (gf180mcu_fd_sc_mcu7t5v0__clkbuf_16)
     5    0.024254    0.239390    0.598888    1.502638 ^ clkbuf_2_2__f_clk/Z (gf180mcu_fd_sc_mcu7t5v0__clkbuf_16)
                                                         clknet_2_2__leaf_clk (net)
                      0.239390    0.000348    1.502987 ^ _169_/CLK (gf180mcu_fd_sc_mcu7t5v0__dffq_1)
     2    0.010269    0.390341    1.867214    3.370201 v _169_/Q (gf180mcu_fd_sc_mcu7t5v0__dffq_1)
                                                         active_duty[8] (net)
                      0.390341    0.000147    3.370348 v _149_/A1 (gf180mcu_fd_sc_mcu7t5v0__oai21_1)
     1    0.005014    0.682329    0.613092    3.983439 ^ _149_/ZN (gf180mcu_fd_sc_mcu7t5v0__oai21_1)
                                                         _028_ (net)
                      0.682329    0.000093    3.983532 ^ _150_/A2 (gf180mcu_fd_sc_mcu7t5v0__nor2_1)
     1    0.002737    0.344359    0.331120    4.314653 v _150_/ZN (gf180mcu_fd_sc_mcu7t5v0__nor2_1)
                                                         _017_ (net)
                      0.344359    0.000024    4.314677 v _169_/D (gf180mcu_fd_sc_mcu7t5v0__dffq_1)
                                              4.314677   data arrival time

                                  0.000000    0.000000   clock clk (rise edge)
                                  0.000000    0.000000   clock source latency
     1    0.029419    0.408278    0.196720    0.196720 ^ clk (in)
                                                         clk (net)
                      0.408278    0.000000    0.196720 ^ clkbuf_0_clk/I (gf180mcu_fd_sc_mcu7t5v0__clkbuf_16)
     4    0.095982    0.412932    0.801780    0.998500 ^ clkbuf_0_clk/Z (gf180mcu_fd_sc_mcu7t5v0__clkbuf_16)
                                                         clknet_0_clk (net)
                      0.412932    0.000383    0.998883 ^ clkbuf_2_2__f_clk/I (gf180mcu_fd_sc_mcu7t5v0__clkbuf_16)
     5    0.024254    0.239390    0.661928    1.660811 ^ clkbuf_2_2__f_clk/Z (gf180mcu_fd_sc_mcu7t5v0__clkbuf_16)
                                                         clknet_2_2__leaf_clk (net)
                      0.239390    0.000385    1.661196 ^ _169_/CLK (gf180mcu_fd_sc_mcu7t5v0__dffq_1)
                                  0.250000    1.911196   clock uncertainty
                                 -0.158209    1.752987   clock reconvergence pessimism
                                  0.086752    1.839739   library hold time
                                              1.839739   data required time
---------------------------------------------------------------------------------------------
                                              1.839739   data required time
                                             -4.314677   data arrival time
---------------------------------------------------------------------------------------------
                                              2.474938   slack (MET)


Startpoint: _168_ (rising edge-triggered flip-flop clocked by clk)
Endpoint: _168_ (rising edge-triggered flip-flop clocked by clk)
Path Group: clk
Path Type: min

Fanout         Cap        Slew       Delay        Time   Description
---------------------------------------------------------------------------------------------
                                  0.000000    0.000000   clock clk (rise edge)
                                  0.000000    0.000000   clock source latency
     1    0.029419    0.408278    0.177985    0.177985 ^ clk (in)
                                                         clk (net)
                      0.408278    0.000000    0.177985 ^ clkbuf_0_clk/I (gf180mcu_fd_sc_mcu7t5v0__clkbuf_16)
     4    0.095982    0.412932    0.725420    0.903405 ^ clkbuf_0_clk/Z (gf180mcu_fd_sc_mcu7t5v0__clkbuf_16)
                                                         clknet_0_clk (net)
                      0.412932    0.000346    0.903751 ^ clkbuf_2_2__f_clk/I (gf180mcu_fd_sc_mcu7t5v0__clkbuf_16)
     5    0.024254    0.239390    0.598888    1.502638 ^ clkbuf_2_2__f_clk/Z (gf180mcu_fd_sc_mcu7t5v0__clkbuf_16)
                                                         clknet_2_2__leaf_clk (net)
                      0.239390    0.000372    1.503011 ^ _168_/CLK (gf180mcu_fd_sc_mcu7t5v0__dffq_1)
     3    0.022467    0.623174    2.044914    3.547925 v _168_/Q (gf180mcu_fd_sc_mcu7t5v0__dffq_1)
                                                         active_duty[7] (net)
                      0.623174    0.000209    3.548134 v _147_/A1 (gf180mcu_fd_sc_mcu7t5v0__aoi22_1)
     1    0.004598    0.612905    0.526693    4.074827 ^ _147_/ZN (gf180mcu_fd_sc_mcu7t5v0__aoi22_1)
                                                         _027_ (net)
                      0.612905    0.000041    4.074869 ^ _148_/A2 (gf180mcu_fd_sc_mcu7t5v0__nor2_1)
     1    0.002590    0.325400    0.319205    4.394073 v _148_/ZN (gf180mcu_fd_sc_mcu7t5v0__nor2_1)
                                                         _016_ (net)
                      0.325400    0.000023    4.394096 v _168_/D (gf180mcu_fd_sc_mcu7t5v0__dffq_1)
                                              4.394096   data arrival time

                                  0.000000    0.000000   clock clk (rise edge)
                                  0.000000    0.000000   clock source latency
     1    0.029419    0.408278    0.196720    0.196720 ^ clk (in)
                                                         clk (net)
                      0.408278    0.000000    0.196720 ^ clkbuf_0_clk/I (gf180mcu_fd_sc_mcu7t5v0__clkbuf_16)
     4    0.095982    0.412932    0.801780    0.998500 ^ clkbuf_0_clk/Z (gf180mcu_fd_sc_mcu7t5v0__clkbuf_16)
                                                         clknet_0_clk (net)
                      0.412932    0.000383    0.998883 ^ clkbuf_2_2__f_clk/I (gf180mcu_fd_sc_mcu7t5v0__clkbuf_16)
     5    0.024254    0.239390    0.661928    1.660811 ^ clkbuf_2_2__f_clk/Z (gf180mcu_fd_sc_mcu7t5v0__clkbuf_16)
                                                         clknet_2_2__leaf_clk (net)
                      0.239390    0.000411    1.661222 ^ _168_/CLK (gf180mcu_fd_sc_mcu7t5v0__dffq_1)
                                  0.250000    1.911222   clock uncertainty
                                 -0.158211    1.753011   clock reconvergence pessimism
                                  0.091010    1.844021   library hold time
                                              1.844021   data required time
---------------------------------------------------------------------------------------------
                                              1.844021   data required time
                                             -4.394096   data arrival time
---------------------------------------------------------------------------------------------
                                              2.550075   slack (MET)


Startpoint: _167_ (rising edge-triggered flip-flop clocked by clk)
Endpoint: _167_ (rising edge-triggered flip-flop clocked by clk)
Path Group: clk
Path Type: min

Fanout         Cap        Slew       Delay        Time   Description
---------------------------------------------------------------------------------------------
                                  0.000000    0.000000   clock clk (rise edge)
                                  0.000000    0.000000   clock source latency
     1    0.029419    0.408278    0.177985    0.177985 ^ clk (in)
                                                         clk (net)
                      0.408278    0.000000    0.177985 ^ clkbuf_0_clk/I (gf180mcu_fd_sc_mcu7t5v0__clkbuf_16)
     4    0.095982    0.412932    0.725420    0.903405 ^ clkbuf_0_clk/Z (gf180mcu_fd_sc_mcu7t5v0__clkbuf_16)
                                                         clknet_0_clk (net)
                      0.412932    0.000346    0.903751 ^ clkbuf_2_2__f_clk/I (gf180mcu_fd_sc_mcu7t5v0__clkbuf_16)
     5    0.024254    0.239390    0.598888    1.502638 ^ clkbuf_2_2__f_clk/Z (gf180mcu_fd_sc_mcu7t5v0__clkbuf_16)
                                                         clknet_2_2__leaf_clk (net)
                      0.239390    0.000260    1.502899 ^ _167_/CLK (gf180mcu_fd_sc_mcu7t5v0__dffq_1)
     3    0.022045    0.615157    2.038943    3.541842 v _167_/Q (gf180mcu_fd_sc_mcu7t5v0__dffq_1)
                                                         active_duty[6] (net)
                      0.615157    0.000284    3.542126 v _145_/A1 (gf180mcu_fd_sc_mcu7t5v0__aoi22_1)
     1    0.004982    0.635564    0.538546    4.080673 ^ _145_/ZN (gf180mcu_fd_sc_mcu7t5v0__aoi22_1)
                                                         _026_ (net)
                      0.635564    0.000091    4.080763 ^ _146_/A2 (gf180mcu_fd_sc_mcu7t5v0__nor2_1)
     1    0.002919    0.338901    0.329302    4.410066 v _146_/ZN (gf180mcu_fd_sc_mcu7t5v0__nor2_1)
                                                         _015_ (net)
                      0.338901    0.000027    4.410092 v _167_/D (gf180mcu_fd_sc_mcu7t5v0__dffq_1)
                                              4.410092   data arrival time

                                  0.000000    0.000000   clock clk (rise edge)
                                  0.000000    0.000000   clock source latency
     1    0.029419    0.408278    0.196720    0.196720 ^ clk (in)
                                                         clk (net)
                      0.408278    0.000000    0.196720 ^ clkbuf_0_clk/I (gf180mcu_fd_sc_mcu7t5v0__clkbuf_16)
     4    0.095982    0.412932    0.801780    0.998500 ^ clkbuf_0_clk/Z (gf180mcu_fd_sc_mcu7t5v0__clkbuf_16)
                                                         clknet_0_clk (net)
                      0.412932    0.000383    0.998883 ^ clkbuf_2_2__f_clk/I (gf180mcu_fd_sc_mcu7t5v0__clkbuf_16)
     5    0.024254    0.239390    0.661928    1.660811 ^ clkbuf_2_2__f_clk/Z (gf180mcu_fd_sc_mcu7t5v0__clkbuf_16)
                                                         clknet_2_2__leaf_clk (net)
                      0.239390    0.000288    1.661098 ^ _167_/CLK (gf180mcu_fd_sc_mcu7t5v0__dffq_1)
                                  0.250000    1.911098   clock uncertainty
                                 -0.158200    1.752899   clock reconvergence pessimism
                                  0.087978    1.840877   library hold time
                                              1.840877   data required time
---------------------------------------------------------------------------------------------
                                              1.840877   data required time
                                             -4.410092   data arrival time
---------------------------------------------------------------------------------------------
                                              2.569216   slack (MET)


Startpoint: _161_ (rising edge-triggered flip-flop clocked by clk)
Endpoint: _161_ (rising edge-triggered flip-flop clocked by clk)
Path Group: clk
Path Type: min

Fanout         Cap        Slew       Delay        Time   Description
---------------------------------------------------------------------------------------------
                                  0.000000    0.000000   clock clk (rise edge)
                                  0.000000    0.000000   clock source latency
     1    0.029419    0.408278    0.177985    0.177985 ^ clk (in)
                                                         clk (net)
                      0.408278    0.000000    0.177985 ^ clkbuf_0_clk/I (gf180mcu_fd_sc_mcu7t5v0__clkbuf_16)
     4    0.095982    0.412932    0.725420    0.903405 ^ clkbuf_0_clk/Z (gf180mcu_fd_sc_mcu7t5v0__clkbuf_16)
                                                         clknet_0_clk (net)
                      0.412932    0.000577    0.903982 ^ clkbuf_2_0__f_clk/I (gf180mcu_fd_sc_mcu7t5v0__clkbuf_16)
     5    0.022291    0.234488    0.594671    1.498653 ^ clkbuf_2_0__f_clk/Z (gf180mcu_fd_sc_mcu7t5v0__clkbuf_16)
                                                         clknet_2_0__leaf_clk (net)
                      0.234488    0.000170    1.498823 ^ _161_/CLK (gf180mcu_fd_sc_mcu7t5v0__dffq_1)
     2    0.013817    0.461412    1.922152    3.420976 v _161_/Q (gf180mcu_fd_sc_mcu7t5v0__dffq_1)
                                                         active_duty[0] (net)
                      0.461412    0.000243    3.421218 v _132_/A1 (gf180mcu_fd_sc_mcu7t5v0__nor2_1)
     1    0.004410    0.723778    0.536407    3.957625 ^ _132_/ZN (gf180mcu_fd_sc_mcu7t5v0__nor2_1)
                                                         _019_ (net)
                      0.723778    0.000079    3.957705 ^ _133_/B (gf180mcu_fd_sc_mcu7t5v0__aoi211_1)
     1    0.002833    0.377649    0.457808    4.415514 v _133_/ZN (gf180mcu_fd_sc_mcu7t5v0__aoi211_1)
                                                         _009_ (net)
                      0.377649    0.000026    4.415539 v _161_/D (gf180mcu_fd_sc_mcu7t5v0__dffq_1)
                                              4.415539   data arrival time

                                  0.000000    0.000000   clock clk (rise edge)
                                  0.000000    0.000000   clock source latency
     1    0.029419    0.408278    0.196720    0.196720 ^ clk (in)
                                                         clk (net)
                      0.408278    0.000000    0.196720 ^ clkbuf_0_clk/I (gf180mcu_fd_sc_mcu7t5v0__clkbuf_16)
     4    0.095982    0.412932    0.801780    0.998500 ^ clkbuf_0_clk/Z (gf180mcu_fd_sc_mcu7t5v0__clkbuf_16)
                                                         clknet_0_clk (net)
                      0.412932    0.000638    0.999138 ^ clkbuf_2_0__f_clk/I (gf180mcu_fd_sc_mcu7t5v0__clkbuf_16)
     5    0.022291    0.234488    0.657268    1.656406 ^ clkbuf_2_0__f_clk/Z (gf180mcu_fd_sc_mcu7t5v0__clkbuf_16)
                                                         clknet_2_0__leaf_clk (net)
                      0.234488    0.000188    1.656594 ^ _161_/CLK (gf180mcu_fd_sc_mcu7t5v0__dffq_1)
                                  0.250000    1.906594   clock uncertainty
                                 -0.157771    1.748823   clock reconvergence pessimism
                                  0.078081    1.826904   library hold time
                                              1.826904   data required time
---------------------------------------------------------------------------------------------
                                              1.826904   data required time
                                             -4.415539   data arrival time
---------------------------------------------------------------------------------------------
                                              2.588635   slack (MET)


Startpoint: _164_ (rising edge-triggered flip-flop clocked by clk)
Endpoint: _164_ (rising edge-triggered flip-flop clocked by clk)
Path Group: clk
Path Type: min

Fanout         Cap        Slew       Delay        Time   Description
---------------------------------------------------------------------------------------------
                                  0.000000    0.000000   clock clk (rise edge)
                                  0.000000    0.000000   clock source latency
     1    0.029419    0.408278    0.177985    0.177985 ^ clk (in)
                                                         clk (net)
                      0.408278    0.000000    0.177985 ^ clkbuf_0_clk/I (gf180mcu_fd_sc_mcu7t5v0__clkbuf_16)
     4    0.095982    0.412932    0.725420    0.903405 ^ clkbuf_0_clk/Z (gf180mcu_fd_sc_mcu7t5v0__clkbuf_16)
                                                         clknet_0_clk (net)
                      0.412932    0.000577    0.903982 ^ clkbuf_2_0__f_clk/I (gf180mcu_fd_sc_mcu7t5v0__clkbuf_16)
     5    0.022291    0.234488    0.594671    1.498653 ^ clkbuf_2_0__f_clk/Z (gf180mcu_fd_sc_mcu7t5v0__clkbuf_16)
                                                         clknet_2_0__leaf_clk (net)
                      0.234488    0.000117    1.498770 ^ _164_/CLK (gf180mcu_fd_sc_mcu7t5v0__dffq_1)
     2    0.011738    0.421468    1.892029    3.390800 v _164_/Q (gf180mcu_fd_sc_mcu7t5v0__dffq_1)
                                                         active_duty[3] (net)
                      0.421468    0.000156    3.390956 v _138_/A1 (gf180mcu_fd_sc_mcu7t5v0__oai21_1)
     1    0.006242    0.726432    0.680182    4.071137 ^ _138_/ZN (gf180mcu_fd_sc_mcu7t5v0__oai21_1)
                                                         _022_ (net)
                      0.726432    0.000123    4.071260 ^ _139_/B (gf180mcu_fd_sc_mcu7t5v0__aoi21_1)
     1    0.002636    0.331476    0.397891    4.469151 v _139_/ZN (gf180mcu_fd_sc_mcu7t5v0__aoi21_1)
                                                         _012_ (net)
                      0.331476    0.000024    4.469174 v _164_/D (gf180mcu_fd_sc_mcu7t5v0__dffq_1)
                                              4.469174   data arrival time

                                  0.000000    0.000000   clock clk (rise edge)
                                  0.000000    0.000000   clock source latency
     1    0.029419    0.408278    0.196720    0.196720 ^ clk (in)
                                                         clk (net)
                      0.408278    0.000000    0.196720 ^ clkbuf_0_clk/I (gf180mcu_fd_sc_mcu7t5v0__clkbuf_16)
     4    0.095982    0.412932    0.801780    0.998500 ^ clkbuf_0_clk/Z (gf180mcu_fd_sc_mcu7t5v0__clkbuf_16)
                                                         clknet_0_clk (net)
                      0.412932    0.000638    0.999138 ^ clkbuf_2_0__f_clk/I (gf180mcu_fd_sc_mcu7t5v0__clkbuf_16)
     5    0.022291    0.234488    0.657268    1.656406 ^ clkbuf_2_0__f_clk/Z (gf180mcu_fd_sc_mcu7t5v0__clkbuf_16)
                                                         clknet_2_0__leaf_clk (net)
                      0.234488    0.000130    1.656536 ^ _164_/CLK (gf180mcu_fd_sc_mcu7t5v0__dffq_1)
                                  0.250000    1.906536   clock uncertainty
                                 -0.157765    1.748770   clock reconvergence pessimism
                                  0.088441    1.837211   library hold time
                                              1.837211   data required time
---------------------------------------------------------------------------------------------
                                              1.837211   data required time
                                             -4.469174   data arrival time
---------------------------------------------------------------------------------------------
                                              2.631963   slack (MET)


Startpoint: _162_ (rising edge-triggered flip-flop clocked by clk)
Endpoint: _162_ (rising edge-triggered flip-flop clocked by clk)
Path Group: clk
Path Type: min

Fanout         Cap        Slew       Delay        Time   Description
---------------------------------------------------------------------------------------------
                                  0.000000    0.000000   clock clk (rise edge)
                                  0.000000    0.000000   clock source latency
     1    0.029419    0.408278    0.177985    0.177985 ^ clk (in)
                                                         clk (net)
                      0.408278    0.000000    0.177985 ^ clkbuf_0_clk/I (gf180mcu_fd_sc_mcu7t5v0__clkbuf_16)
     4    0.095982    0.412932    0.725420    0.903405 ^ clkbuf_0_clk/Z (gf180mcu_fd_sc_mcu7t5v0__clkbuf_16)
                                                         clknet_0_clk (net)
                      0.412932    0.000577    0.903982 ^ clkbuf_2_0__f_clk/I (gf180mcu_fd_sc_mcu7t5v0__clkbuf_16)
     5    0.022291    0.234488    0.594671    1.498653 ^ clkbuf_2_0__f_clk/Z (gf180mcu_fd_sc_mcu7t5v0__clkbuf_16)
                                                         clknet_2_0__leaf_clk (net)
                      0.234488    0.000173    1.498826 ^ _162_/CLK (gf180mcu_fd_sc_mcu7t5v0__dffq_1)
     3    0.014229    0.469113    1.928012    3.426838 v _162_/Q (gf180mcu_fd_sc_mcu7t5v0__dffq_1)
                                                         active_duty[1] (net)
                      0.469113    0.000182    3.427021 v _134_/A1 (gf180mcu_fd_sc_mcu7t5v0__nor2_1)
     1    0.004973    0.772025    0.565191    3.992212 ^ _134_/ZN (gf180mcu_fd_sc_mcu7t5v0__nor2_1)
                                                         _020_ (net)
                      0.772025    0.000091    3.992303 ^ _135_/B (gf180mcu_fd_sc_mcu7t5v0__aoi211_1)
     1    0.003249    0.430606    0.478017    4.470321 v _135_/ZN (gf180mcu_fd_sc_mcu7t5v0__aoi211_1)
                                                         _010_ (net)
                      0.430606    0.000031    4.470352 v _162_/D (gf180mcu_fd_sc_mcu7t5v0__dffq_1)
                                              4.470352   data arrival time

                                  0.000000    0.000000   clock clk (rise edge)
                                  0.000000    0.000000   clock source latency
     1    0.029419    0.408278    0.196720    0.196720 ^ clk (in)
                                                         clk (net)
                      0.408278    0.000000    0.196720 ^ clkbuf_0_clk/I (gf180mcu_fd_sc_mcu7t5v0__clkbuf_16)
     4    0.095982    0.412932    0.801780    0.998500 ^ clkbuf_0_clk/Z (gf180mcu_fd_sc_mcu7t5v0__clkbuf_16)
                                                         clknet_0_clk (net)
                      0.412932    0.000638    0.999138 ^ clkbuf_2_0__f_clk/I (gf180mcu_fd_sc_mcu7t5v0__clkbuf_16)
     5    0.022291    0.234488    0.657268    1.656406 ^ clkbuf_2_0__f_clk/Z (gf180mcu_fd_sc_mcu7t5v0__clkbuf_16)
                                                         clknet_2_0__leaf_clk (net)
                      0.234488    0.000191    1.656597 ^ _162_/CLK (gf180mcu_fd_sc_mcu7t5v0__dffq_1)
                                  0.250000    1.906597   clock uncertainty
                                 -0.157771    1.748826   clock reconvergence pessimism
                                  0.066199    1.815025   library hold time
                                              1.815025   data required time
---------------------------------------------------------------------------------------------
                                              1.815025   data required time
                                             -4.470352   data arrival time
---------------------------------------------------------------------------------------------
                                              2.655327   slack (MET)


Startpoint: _163_ (rising edge-triggered flip-flop clocked by clk)
Endpoint: _163_ (rising edge-triggered flip-flop clocked by clk)
Path Group: clk
Path Type: min

Fanout         Cap        Slew       Delay        Time   Description
---------------------------------------------------------------------------------------------
                                  0.000000    0.000000   clock clk (rise edge)
                                  0.000000    0.000000   clock source latency
     1    0.029419    0.408278    0.177985    0.177985 ^ clk (in)
                                                         clk (net)
                      0.408278    0.000000    0.177985 ^ clkbuf_0_clk/I (gf180mcu_fd_sc_mcu7t5v0__clkbuf_16)
     4    0.095982    0.412932    0.725420    0.903405 ^ clkbuf_0_clk/Z (gf180mcu_fd_sc_mcu7t5v0__clkbuf_16)
                                                         clknet_0_clk (net)
                      0.412932    0.000577    0.903982 ^ clkbuf_2_0__f_clk/I (gf180mcu_fd_sc_mcu7t5v0__clkbuf_16)
     5    0.022291    0.234488    0.594671    1.498653 ^ clkbuf_2_0__f_clk/Z (gf180mcu_fd_sc_mcu7t5v0__clkbuf_16)
                                                         clknet_2_0__leaf_clk (net)
                      0.234488    0.000096    1.498749 ^ _163_/CLK (gf180mcu_fd_sc_mcu7t5v0__dffq_1)
     3    0.018909    0.556376    1.993681    3.492430 v _163_/Q (gf180mcu_fd_sc_mcu7t5v0__dffq_1)
                                                         active_duty[2] (net)
                      0.556376    0.000255    3.492685 v _136_/A1 (gf180mcu_fd_sc_mcu7t5v0__oai21_1)
     1    0.004778    0.669241    0.645176    4.137861 ^ _136_/ZN (gf180mcu_fd_sc_mcu7t5v0__oai21_1)
                                                         _021_ (net)
                      0.669241    0.000086    4.137948 ^ _137_/B (gf180mcu_fd_sc_mcu7t5v0__aoi21_1)
     1    0.003123    0.318661    0.399651    4.537598 v _137_/ZN (gf180mcu_fd_sc_mcu7t5v0__aoi21_1)
                                                         _011_ (net)
                      0.318661    0.000030    4.537628 v _163_/D (gf180mcu_fd_sc_mcu7t5v0__dffq_1)
                                              4.537628   data arrival time

                                  0.000000    0.000000   clock clk (rise edge)
                                  0.000000    0.000000   clock source latency
     1    0.029419    0.408278    0.196720    0.196720 ^ clk (in)
                                                         clk (net)
                      0.408278    0.000000    0.196720 ^ clkbuf_0_clk/I (gf180mcu_fd_sc_mcu7t5v0__clkbuf_16)
     4    0.095982    0.412932    0.801780    0.998500 ^ clkbuf_0_clk/Z (gf180mcu_fd_sc_mcu7t5v0__clkbuf_16)
                                                         clknet_0_clk (net)
                      0.412932    0.000638    0.999138 ^ clkbuf_2_0__f_clk/I (gf180mcu_fd_sc_mcu7t5v0__clkbuf_16)
     5    0.022291    0.234488    0.657268    1.656406 ^ clkbuf_2_0__f_clk/Z (gf180mcu_fd_sc_mcu7t5v0__clkbuf_16)
                                                         clknet_2_0__leaf_clk (net)
                      0.234488    0.000106    1.656512 ^ _163_/CLK (gf180mcu_fd_sc_mcu7t5v0__dffq_1)
                                  0.250000    1.906512   clock uncertainty
                                 -0.157763    1.748749   clock reconvergence pessimism
                                  0.091316    1.840065   library hold time
                                              1.840065   data required time
---------------------------------------------------------------------------------------------
                                              1.840065   data required time
                                             -4.537628   data arrival time
---------------------------------------------------------------------------------------------
                                              2.697563   slack (MET)


Startpoint: _166_ (rising edge-triggered flip-flop clocked by clk)
Endpoint: _166_ (rising edge-triggered flip-flop clocked by clk)
Path Group: clk
Path Type: min

Fanout         Cap        Slew       Delay        Time   Description
---------------------------------------------------------------------------------------------
                                  0.000000    0.000000   clock clk (rise edge)
                                  0.000000    0.000000   clock source latency
     1    0.029419    0.408278    0.177985    0.177985 ^ clk (in)
                                                         clk (net)
                      0.408278    0.000000    0.177985 ^ clkbuf_0_clk/I (gf180mcu_fd_sc_mcu7t5v0__clkbuf_16)
     4    0.095982    0.412932    0.725420    0.903405 ^ clkbuf_0_clk/Z (gf180mcu_fd_sc_mcu7t5v0__clkbuf_16)
                                                         clknet_0_clk (net)
                      0.412932    0.000626    0.904031 ^ clkbuf_2_1__f_clk/I (gf180mcu_fd_sc_mcu7t5v0__clkbuf_16)
     5    0.025271    0.241922    0.601115    1.505146 ^ clkbuf_2_1__f_clk/Z (gf180mcu_fd_sc_mcu7t5v0__clkbuf_16)
                                                         clknet_2_1__leaf_clk (net)
                      0.241922    0.000237    1.505383 ^ _166_/CLK (gf180mcu_fd_sc_mcu7t5v0__dffq_1)
     3    0.017355    0.527416    1.973828    3.479211 v _166_/Q (gf180mcu_fd_sc_mcu7t5v0__dffq_1)
                                                         active_duty[5] (net)
                      0.527416    0.000191    3.479402 v _142_/A1 (gf180mcu_fd_sc_mcu7t5v0__nor2_1)
     1    0.004983    0.775750    0.581618    4.061019 ^ _142_/ZN (gf180mcu_fd_sc_mcu7t5v0__nor2_1)
                                                         _024_ (net)
                      0.775750    0.000092    4.061112 ^ _143_/B (gf180mcu_fd_sc_mcu7t5v0__aoi211_1)
     1    0.003160    0.439634    0.476450    4.537562 v _143_/ZN (gf180mcu_fd_sc_mcu7t5v0__aoi211_1)
                                                         _014_ (net)
                      0.439634    0.000031    4.537593 v _166_/D (gf180mcu_fd_sc_mcu7t5v0__dffq_1)
                                              4.537593   data arrival time

                                  0.000000    0.000000   clock clk (rise edge)
                                  0.000000    0.000000   clock source latency
     1    0.029419    0.408278    0.196720    0.196720 ^ clk (in)
                                                         clk (net)
                      0.408278    0.000000    0.196720 ^ clkbuf_0_clk/I (gf180mcu_fd_sc_mcu7t5v0__clkbuf_16)
     4    0.095982    0.412932    0.801780    0.998500 ^ clkbuf_0_clk/Z (gf180mcu_fd_sc_mcu7t5v0__clkbuf_16)
                                                         clknet_0_clk (net)
                      0.412932    0.000692    0.999192 ^ clkbuf_2_1__f_clk/I (gf180mcu_fd_sc_mcu7t5v0__clkbuf_16)
     5    0.025271    0.241922    0.664390    1.663582 ^ clkbuf_2_1__f_clk/Z (gf180mcu_fd_sc_mcu7t5v0__clkbuf_16)
                                                         clknet_2_1__leaf_clk (net)
                      0.241922    0.000262    1.663844 ^ _166_/CLK (gf180mcu_fd_sc_mcu7t5v0__dffq_1)
                                  0.250000    1.913844   clock uncertainty
                                 -0.158461    1.755383   clock reconvergence pessimism
                                  0.065966    1.821349   library hold time
                                              1.821349   data required time
---------------------------------------------------------------------------------------------
                                              1.821349   data required time
                                             -4.537593   data arrival time
---------------------------------------------------------------------------------------------
                                              2.716244   slack (MET)


Startpoint: _170_ (rising edge-triggered flip-flop clocked by clk)
Endpoint: _152_ (rising edge-triggered flip-flop clocked by clk)
Path Group: clk
Path Type: min

Fanout         Cap        Slew       Delay        Time   Description
---------------------------------------------------------------------------------------------
                                  0.000000    0.000000   clock clk (rise edge)
                                  0.000000    0.000000   clock source latency
     1    0.029419    0.408278    0.177985    0.177985 ^ clk (in)
                                                         clk (net)
                      0.408278    0.000000    0.177985 ^ clkbuf_0_clk/I (gf180mcu_fd_sc_mcu7t5v0__clkbuf_16)
     4    0.095982    0.412932    0.725420    0.903405 ^ clkbuf_0_clk/Z (gf180mcu_fd_sc_mcu7t5v0__clkbuf_16)
                                                         clknet_0_clk (net)
                      0.412932    0.000346    0.903751 ^ clkbuf_2_2__f_clk/I (gf180mcu_fd_sc_mcu7t5v0__clkbuf_16)
     5    0.024254    0.239390    0.598888    1.502638 ^ clkbuf_2_2__f_clk/Z (gf180mcu_fd_sc_mcu7t5v0__clkbuf_16)
                                                         clknet_2_2__leaf_clk (net)
                      0.239390    0.000181    1.502820 ^ _170_/CLK (gf180mcu_fd_sc_mcu7t5v0__dffq_1)
     2    0.011237    0.409907    1.884385    3.387205 v _170_/Q (gf180mcu_fd_sc_mcu7t5v0__dffq_1)
                                                         active_enable (net)
                      0.409907    0.000148    3.387353 v _122_/B (gf180mcu_fd_sc_mcu7t5v0__oai211_1)
     1    0.011074    1.179957    0.861454    4.248807 ^ _122_/ZN (gf180mcu_fd_sc_mcu7t5v0__oai211_1)
                                                         _075_ (net)
                      1.179957    0.000292    4.249099 ^ _123_/A2 (gf180mcu_fd_sc_mcu7t5v0__aoi21_1)
     1    0.003105    0.339805    0.329474    4.578574 v _123_/ZN (gf180mcu_fd_sc_mcu7t5v0__aoi21_1)
                                                         _000_ (net)
                      0.339805    0.000053    4.578627 v _152_/D (gf180mcu_fd_sc_mcu7t5v0__dffq_1)
                                              4.578627   data arrival time

                                  0.000000    0.000000   clock clk (rise edge)
                                  0.000000    0.000000   clock source latency
     1    0.029419    0.408278    0.196720    0.196720 ^ clk (in)
                                                         clk (net)
                      0.408278    0.000000    0.196720 ^ clkbuf_0_clk/I (gf180mcu_fd_sc_mcu7t5v0__clkbuf_16)
     4    0.095982    0.412932    0.801780    0.998500 ^ clkbuf_0_clk/Z (gf180mcu_fd_sc_mcu7t5v0__clkbuf_16)
                                                         clknet_0_clk (net)
                      0.412932    0.000383    0.998883 ^ clkbuf_2_2__f_clk/I (gf180mcu_fd_sc_mcu7t5v0__clkbuf_16)
     5    0.024254    0.239390    0.661928    1.660811 ^ clkbuf_2_2__f_clk/Z (gf180mcu_fd_sc_mcu7t5v0__clkbuf_16)
                                                         clknet_2_2__leaf_clk (net)
                      0.239390    0.000183    1.660994 ^ _152_/CLK (gf180mcu_fd_sc_mcu7t5v0__dffq_1)
                                  0.250000    1.910994   clock uncertainty
                                 -0.158172    1.752822   clock reconvergence pessimism
                                  0.087775    1.840597   library hold time
                                              1.840597   data required time
---------------------------------------------------------------------------------------------
                                              1.840597   data required time
                                             -4.578627   data arrival time
---------------------------------------------------------------------------------------------
                                              2.738030   slack (MET)


Startpoint: _165_ (rising edge-triggered flip-flop clocked by clk)
Endpoint: _165_ (rising edge-triggered flip-flop clocked by clk)
Path Group: clk
Path Type: min

Fanout         Cap        Slew       Delay        Time   Description
---------------------------------------------------------------------------------------------
                                  0.000000    0.000000   clock clk (rise edge)
                                  0.000000    0.000000   clock source latency
     1    0.029419    0.408278    0.177985    0.177985 ^ clk (in)
                                                         clk (net)
                      0.408278    0.000000    0.177985 ^ clkbuf_0_clk/I (gf180mcu_fd_sc_mcu7t5v0__clkbuf_16)
     4    0.095982    0.412932    0.725420    0.903405 ^ clkbuf_0_clk/Z (gf180mcu_fd_sc_mcu7t5v0__clkbuf_16)
                                                         clknet_0_clk (net)
                      0.412932    0.000626    0.904031 ^ clkbuf_2_1__f_clk/I (gf180mcu_fd_sc_mcu7t5v0__clkbuf_16)
     5    0.025271    0.241922    0.601115    1.505146 ^ clkbuf_2_1__f_clk/Z (gf180mcu_fd_sc_mcu7t5v0__clkbuf_16)
                                                         clknet_2_1__leaf_clk (net)
                      0.241922    0.000205    1.505350 ^ _165_/CLK (gf180mcu_fd_sc_mcu7t5v0__dffq_1)
     3    0.017404    0.528308    1.974443    3.479794 v _165_/Q (gf180mcu_fd_sc_mcu7t5v0__dffq_1)
                                                         active_duty[4] (net)
                      0.528308    0.000235    3.480029 v _140_/A1 (gf180mcu_fd_sc_mcu7t5v0__oai21_1)
     1    0.005929    0.713137    0.692615    4.172644 ^ _140_/ZN (gf180mcu_fd_sc_mcu7t5v0__oai21_1)
                                                         _023_ (net)
                      0.713137    0.000118    4.172762 ^ _141_/B (gf180mcu_fd_sc_mcu7t5v0__aoi21_1)
     1    0.003117    0.352909    0.407121    4.579882 v _141_/ZN (gf180mcu_fd_sc_mcu7t5v0__aoi21_1)
                                                         _013_ (net)
                      0.352909    0.000056    4.579938 v _165_/D (gf180mcu_fd_sc_mcu7t5v0__dffq_1)
                                              4.579938   data arrival time

                                  0.000000    0.000000   clock clk (rise edge)
                                  0.000000    0.000000   clock source latency
     1    0.029419    0.408278    0.196720    0.196720 ^ clk (in)
                                                         clk (net)
                      0.408278    0.000000    0.196720 ^ clkbuf_0_clk/I (gf180mcu_fd_sc_mcu7t5v0__clkbuf_16)
     4    0.095982    0.412932    0.801780    0.998500 ^ clkbuf_0_clk/Z (gf180mcu_fd_sc_mcu7t5v0__clkbuf_16)
                                                         clknet_0_clk (net)
                      0.412932    0.000692    0.999192 ^ clkbuf_2_1__f_clk/I (gf180mcu_fd_sc_mcu7t5v0__clkbuf_16)
     5    0.025271    0.241922    0.664390    1.663582 ^ clkbuf_2_1__f_clk/Z (gf180mcu_fd_sc_mcu7t5v0__clkbuf_16)
                                                         clknet_2_1__leaf_clk (net)
                      0.241922    0.000227    1.663808 ^ _165_/CLK (gf180mcu_fd_sc_mcu7t5v0__dffq_1)
                                  0.250000    1.913808   clock uncertainty
                                 -0.158458    1.755350   clock reconvergence pessimism
                                  0.085452    1.840802   library hold time
                                              1.840802   data required time
---------------------------------------------------------------------------------------------
                                              1.840802   data required time
                                             -4.579938   data arrival time
---------------------------------------------------------------------------------------------
                                              2.739136   slack (MET)


Startpoint: _155_ (rising edge-triggered flip-flop clocked by clk)
Endpoint: _155_ (rising edge-triggered flip-flop clocked by clk)
Path Group: clk
Path Type: min

Fanout         Cap        Slew       Delay        Time   Description
---------------------------------------------------------------------------------------------
                                  0.000000    0.000000   clock clk (rise edge)
                                  0.000000    0.000000   clock source latency
     1    0.029419    0.408278    0.177985    0.177985 ^ clk (in)
                                                         clk (net)
                      0.408278    0.000000    0.177985 ^ clkbuf_0_clk/I (gf180mcu_fd_sc_mcu7t5v0__clkbuf_16)
     4    0.095982    0.412932    0.725420    0.903405 ^ clkbuf_0_clk/Z (gf180mcu_fd_sc_mcu7t5v0__clkbuf_16)
                                                         clknet_0_clk (net)
                      0.412932    0.000626    0.904031 ^ clkbuf_2_1__f_clk/I (gf180mcu_fd_sc_mcu7t5v0__clkbuf_16)
     5    0.025271    0.241922    0.601115    1.505146 ^ clkbuf_2_1__f_clk/Z (gf180mcu_fd_sc_mcu7t5v0__clkbuf_16)
                                                         clknet_2_1__leaf_clk (net)
                      0.241922    0.000112    1.505257 ^ _155_/CLK (gf180mcu_fd_sc_mcu7t5v0__dffq_1)
     3    0.011521    0.416460    1.890095    3.395352 v _155_/Q (gf180mcu_fd_sc_mcu7t5v0__dffq_1)
                                                         counter[2] (net)
                      0.416460    0.000147    3.395499 v _101_/B (gf180mcu_fd_sc_mcu7t5v0__aoi21_1)
     3    0.016480    1.441568    1.019891    4.415390 ^ _101_/ZN (gf180mcu_fd_sc_mcu7t5v0__aoi21_1)
                                                         _054_ (net)
                      1.441568    0.000234    4.415624 ^ _126_/A2 (gf180mcu_fd_sc_mcu7t5v0__oai21_1)
     1    0.003287    0.490401    0.469137    4.884760 v _126_/ZN (gf180mcu_fd_sc_mcu7t5v0__oai21_1)
                                                         _003_ (net)
                      0.490401    0.000059    4.884820 v _155_/D (gf180mcu_fd_sc_mcu7t5v0__dffq_1)
                                              4.884820   data arrival time

                                  0.000000    0.000000   clock clk (rise edge)
                                  0.000000    0.000000   clock source latency
     1    0.029419    0.408278    0.196720    0.196720 ^ clk (in)
                                                         clk (net)
                      0.408278    0.000000    0.196720 ^ clkbuf_0_clk/I (gf180mcu_fd_sc_mcu7t5v0__clkbuf_16)
     4    0.095982    0.412932    0.801780    0.998500 ^ clkbuf_0_clk/Z (gf180mcu_fd_sc_mcu7t5v0__clkbuf_16)
                                                         clknet_0_clk (net)
                      0.412932    0.000692    0.999192 ^ clkbuf_2_1__f_clk/I (gf180mcu_fd_sc_mcu7t5v0__clkbuf_16)
     5    0.025271    0.241922    0.664390    1.663582 ^ clkbuf_2_1__f_clk/Z (gf180mcu_fd_sc_mcu7t5v0__clkbuf_16)
                                                         clknet_2_1__leaf_clk (net)
                      0.241922    0.000124    1.663705 ^ _155_/CLK (gf180mcu_fd_sc_mcu7t5v0__dffq_1)
                                  0.250000    1.913705   clock uncertainty
                                 -0.158448    1.755257   clock reconvergence pessimism
                                  0.054560    1.809817   library hold time
                                              1.809817   data required time
---------------------------------------------------------------------------------------------
                                              1.809817   data required time
                                             -4.884820   data arrival time
---------------------------------------------------------------------------------------------
                                              3.075003   slack (MET)


Startpoint: _159_ (rising edge-triggered flip-flop clocked by clk)
Endpoint: _159_ (rising edge-triggered flip-flop clocked by clk)
Path Group: clk
Path Type: min

Fanout         Cap        Slew       Delay        Time   Description
---------------------------------------------------------------------------------------------
                                  0.000000    0.000000   clock clk (rise edge)
                                  0.000000    0.000000   clock source latency
     1    0.029419    0.408278    0.177985    0.177985 ^ clk (in)
                                                         clk (net)
                      0.408278    0.000000    0.177985 ^ clkbuf_0_clk/I (gf180mcu_fd_sc_mcu7t5v0__clkbuf_16)
     4    0.095982    0.412932    0.725420    0.903405 ^ clkbuf_0_clk/Z (gf180mcu_fd_sc_mcu7t5v0__clkbuf_16)
                                                         clknet_0_clk (net)
                      0.412932    0.000320    0.903725 ^ clkbuf_2_3__f_clk/I (gf180mcu_fd_sc_mcu7t5v0__clkbuf_16)
     5    0.024779    0.240699    0.600058    1.503783 ^ clkbuf_2_3__f_clk/Z (gf180mcu_fd_sc_mcu7t5v0__clkbuf_16)
                                                         clknet_2_3__leaf_clk (net)
                      0.240699    0.000056    1.503839 ^ _159_/CLK (gf180mcu_fd_sc_mcu7t5v0__dffq_1)
     2    0.013088    0.447914    1.913594    3.417433 v _159_/Q (gf180mcu_fd_sc_mcu7t5v0__dffq_1)
                                                         counter[6] (net)
                      0.447914    0.000119    3.417552 v _115_/A1 (gf180mcu_fd_sc_mcu7t5v0__xor2_1)
     3    0.018227    2.009837    1.240929    4.658482 ^ _115_/Z (gf180mcu_fd_sc_mcu7t5v0__xor2_1)
                                                         _068_ (net)
                      2.009837    0.000258    4.658739 ^ _130_/A2 (gf180mcu_fd_sc_mcu7t5v0__nand2_1)
     1    0.002936    0.510761    0.312678    4.971417 v _130_/ZN (gf180mcu_fd_sc_mcu7t5v0__nand2_1)
                                                         _007_ (net)
                      0.510761    0.000027    4.971444 v _159_/D (gf180mcu_fd_sc_mcu7t5v0__dffq_1)
                                              4.971444   data arrival time

                                  0.000000    0.000000   clock clk (rise edge)
                                  0.000000    0.000000   clock source latency
     1    0.029419    0.408278    0.196720    0.196720 ^ clk (in)
                                                         clk (net)
                      0.408278    0.000000    0.196720 ^ clkbuf_0_clk/I (gf180mcu_fd_sc_mcu7t5v0__clkbuf_16)
     4    0.095982    0.412932    0.801780    0.998500 ^ clkbuf_0_clk/Z (gf180mcu_fd_sc_mcu7t5v0__clkbuf_16)
                                                         clknet_0_clk (net)
                      0.412932    0.000354    0.998854 ^ clkbuf_2_3__f_clk/I (gf180mcu_fd_sc_mcu7t5v0__clkbuf_16)
     5    0.024779    0.240699    0.663222    1.662075 ^ clkbuf_2_3__f_clk/Z (gf180mcu_fd_sc_mcu7t5v0__clkbuf_16)
                                                         clknet_2_3__leaf_clk (net)
                      0.240699    0.000062    1.662138 ^ _159_/CLK (gf180mcu_fd_sc_mcu7t5v0__dffq_1)
                                  0.250000    1.912137   clock uncertainty
                                 -0.158299    1.753839   clock reconvergence pessimism
                                  0.049176    1.803015   library hold time
                                              1.803015   data required time
---------------------------------------------------------------------------------------------
                                              1.803015   data required time
                                             -4.971444   data arrival time
---------------------------------------------------------------------------------------------
                                              3.168429   slack (MET)


Startpoint: _160_ (rising edge-triggered flip-flop clocked by clk)
Endpoint: _160_ (rising edge-triggered flip-flop clocked by clk)
Path Group: clk
Path Type: min

Fanout         Cap        Slew       Delay        Time   Description
---------------------------------------------------------------------------------------------
                                  0.000000    0.000000   clock clk (rise edge)
                                  0.000000    0.000000   clock source latency
     1    0.029419    0.408278    0.177985    0.177985 ^ clk (in)
                                                         clk (net)
                      0.408278    0.000000    0.177985 ^ clkbuf_0_clk/I (gf180mcu_fd_sc_mcu7t5v0__clkbuf_16)
     4    0.095982    0.412932    0.725420    0.903405 ^ clkbuf_0_clk/Z (gf180mcu_fd_sc_mcu7t5v0__clkbuf_16)
                                                         clknet_0_clk (net)
                      0.412932    0.000320    0.903725 ^ clkbuf_2_3__f_clk/I (gf180mcu_fd_sc_mcu7t5v0__clkbuf_16)
     5    0.024779    0.240699    0.600058    1.503783 ^ clkbuf_2_3__f_clk/Z (gf180mcu_fd_sc_mcu7t5v0__clkbuf_16)
                                                         clknet_2_3__leaf_clk (net)
                      0.240699    0.000261    1.504044 ^ _160_/CLK (gf180mcu_fd_sc_mcu7t5v0__dffq_1)
     3    0.016796    0.516992    1.965662    3.469706 v _160_/Q (gf180mcu_fd_sc_mcu7t5v0__dffq_1)
                                                         counter[7] (net)
                      0.516992    0.000119    3.469825 v _117_/A1 (gf180mcu_fd_sc_mcu7t5v0__xor2_1)
     3    0.017413    1.938834    1.219601    4.689426 ^ _117_/Z (gf180mcu_fd_sc_mcu7t5v0__xor2_1)
                                                         _070_ (net)
                      1.938834    0.000220    4.689646 ^ _131_/A2 (gf180mcu_fd_sc_mcu7t5v0__nand2_1)
     1    0.002895    0.501767    0.310760    5.000406 v _131_/ZN (gf180mcu_fd_sc_mcu7t5v0__nand2_1)
                                                         _008_ (net)
                      0.501767    0.000027    5.000432 v _160_/D (gf180mcu_fd_sc_mcu7t5v0__dffq_1)
                                              5.000432   data arrival time

                                  0.000000    0.000000   clock clk (rise edge)
                                  0.000000    0.000000   clock source latency
     1    0.029419    0.408278    0.196720    0.196720 ^ clk (in)
                                                         clk (net)
                      0.408278    0.000000    0.196720 ^ clkbuf_0_clk/I (gf180mcu_fd_sc_mcu7t5v0__clkbuf_16)
     4    0.095982    0.412932    0.801780    0.998500 ^ clkbuf_0_clk/Z (gf180mcu_fd_sc_mcu7t5v0__clkbuf_16)
                                                         clknet_0_clk (net)
                      0.412932    0.000354    0.998854 ^ clkbuf_2_3__f_clk/I (gf180mcu_fd_sc_mcu7t5v0__clkbuf_16)
     5    0.024779    0.240699    0.663222    1.662075 ^ clkbuf_2_3__f_clk/Z (gf180mcu_fd_sc_mcu7t5v0__clkbuf_16)
                                                         clknet_2_3__leaf_clk (net)
                      0.240699    0.000289    1.662364 ^ _160_/CLK (gf180mcu_fd_sc_mcu7t5v0__dffq_1)
                                  0.250000    1.912364   clock uncertainty
                                 -0.158320    1.754044   clock reconvergence pessimism
                                  0.051714    1.805758   library hold time
                                              1.805758   data required time
---------------------------------------------------------------------------------------------
                                              1.805758   data required time
                                             -5.000432   data arrival time
---------------------------------------------------------------------------------------------
                                              3.194674   slack (MET)


Startpoint: _158_ (rising edge-triggered flip-flop clocked by clk)
Endpoint: _158_ (rising edge-triggered flip-flop clocked by clk)
Path Group: clk
Path Type: min

Fanout         Cap        Slew       Delay        Time   Description
---------------------------------------------------------------------------------------------
                                  0.000000    0.000000   clock clk (rise edge)
                                  0.000000    0.000000   clock source latency
     1    0.029419    0.408278    0.177985    0.177985 ^ clk (in)
                                                         clk (net)
                      0.408278    0.000000    0.177985 ^ clkbuf_0_clk/I (gf180mcu_fd_sc_mcu7t5v0__clkbuf_16)
     4    0.095982    0.412932    0.725420    0.903405 ^ clkbuf_0_clk/Z (gf180mcu_fd_sc_mcu7t5v0__clkbuf_16)
                                                         clknet_0_clk (net)
                      0.412932    0.000320    0.903725 ^ clkbuf_2_3__f_clk/I (gf180mcu_fd_sc_mcu7t5v0__clkbuf_16)
     5    0.024779    0.240699    0.600058    1.503783 ^ clkbuf_2_3__f_clk/Z (gf180mcu_fd_sc_mcu7t5v0__clkbuf_16)
                                                         clknet_2_3__leaf_clk (net)
                      0.240699    0.000035    1.503817 ^ _158_/CLK (gf180mcu_fd_sc_mcu7t5v0__dffq_1)
     3    0.018372    0.563776    1.987921    3.491738 v _158_/Q (gf180mcu_fd_sc_mcu7t5v0__dffq_1)
                                                         counter[5] (net)
                      0.563776    0.000129    3.491866 v _113_/A1 (gf180mcu_fd_sc_mcu7t5v0__xor2_1)
     3    0.017414    1.939484    1.232978    4.724844 ^ _113_/Z (gf180mcu_fd_sc_mcu7t5v0__xor2_1)
                                                         _066_ (net)
                      1.939484    0.000240    4.725084 ^ _129_/A2 (gf180mcu_fd_sc_mcu7t5v0__nand2_1)
     1    0.002718    0.495145    0.303719    5.028803 v _129_/ZN (gf180mcu_fd_sc_mcu7t5v0__nand2_1)
                                                         _006_ (net)
                      0.495145    0.000025    5.028828 v _158_/D (gf180mcu_fd_sc_mcu7t5v0__dffq_1)
                                              5.028828   data arrival time

                                  0.000000    0.000000   clock clk (rise edge)
                                  0.000000    0.000000   clock source latency
     1    0.029419    0.408278    0.196720    0.196720 ^ clk (in)
                                                         clk (net)
                      0.408278    0.000000    0.196720 ^ clkbuf_0_clk/I (gf180mcu_fd_sc_mcu7t5v0__clkbuf_16)
     4    0.095982    0.412932    0.801780    0.998500 ^ clkbuf_0_clk/Z (gf180mcu_fd_sc_mcu7t5v0__clkbuf_16)
                                                         clknet_0_clk (net)
                      0.412932    0.000354    0.998854 ^ clkbuf_2_3__f_clk/I (gf180mcu_fd_sc_mcu7t5v0__clkbuf_16)
     5    0.024779    0.240699    0.663222    1.662075 ^ clkbuf_2_3__f_clk/Z (gf180mcu_fd_sc_mcu7t5v0__clkbuf_16)
                                                         clknet_2_3__leaf_clk (net)
                      0.240699    0.000038    1.662114 ^ _158_/CLK (gf180mcu_fd_sc_mcu7t5v0__dffq_1)
                                  0.250000    1.912113   clock uncertainty
                                 -0.158296    1.753817   clock reconvergence pessimism
                                  0.053201    1.807019   library hold time
                                              1.807019   data required time
---------------------------------------------------------------------------------------------
                                              1.807019   data required time
                                             -5.028828   data arrival time
---------------------------------------------------------------------------------------------
                                              3.221809   slack (MET)


Startpoint: _153_ (rising edge-triggered flip-flop clocked by clk)
Endpoint: _154_ (rising edge-triggered flip-flop clocked by clk)
Path Group: clk
Path Type: min

Fanout         Cap        Slew       Delay        Time   Description
---------------------------------------------------------------------------------------------
                                  0.000000    0.000000   clock clk (rise edge)
                                  0.000000    0.000000   clock source latency
     1    0.029419    0.408278    0.177985    0.177985 ^ clk (in)
                                                         clk (net)
                      0.408278    0.000000    0.177985 ^ clkbuf_0_clk/I (gf180mcu_fd_sc_mcu7t5v0__clkbuf_16)
     4    0.095982    0.412932    0.725420    0.903405 ^ clkbuf_0_clk/Z (gf180mcu_fd_sc_mcu7t5v0__clkbuf_16)
                                                         clknet_0_clk (net)
                      0.412932    0.000626    0.904031 ^ clkbuf_2_1__f_clk/I (gf180mcu_fd_sc_mcu7t5v0__clkbuf_16)
     5    0.025271    0.241922    0.601115    1.505146 ^ clkbuf_2_1__f_clk/Z (gf180mcu_fd_sc_mcu7t5v0__clkbuf_16)
                                                         clknet_2_1__leaf_clk (net)
                      0.241922    0.000174    1.505320 ^ _153_/CLK (gf180mcu_fd_sc_mcu7t5v0__dffq_1)
     6    0.031287    0.793988    2.165371    3.670691 v _153_/Q (gf180mcu_fd_sc_mcu7t5v0__dffq_1)
                                                         counter[0] (net)
                      0.793988    0.000471    3.671162 v _105_/A1 (gf180mcu_fd_sc_mcu7t5v0__xnor2_1)
     2    0.011145    1.025965    1.147972    4.819134 ^ _105_/ZN (gf180mcu_fd_sc_mcu7t5v0__xnor2_1)
                                                         _058_ (net)
                      1.025965    0.000136    4.819271 ^ _125_/A2 (gf180mcu_fd_sc_mcu7t5v0__nand2_1)
     1    0.002788    0.369683    0.295251    5.114522 v _125_/ZN (gf180mcu_fd_sc_mcu7t5v0__nand2_1)
                                                         _002_ (net)
                      0.369683    0.000025    5.114547 v _154_/D (gf180mcu_fd_sc_mcu7t5v0__dffq_1)
                                              5.114547   data arrival time

                                  0.000000    0.000000   clock clk (rise edge)
                                  0.000000    0.000000   clock source latency
     1    0.029419    0.408278    0.196720    0.196720 ^ clk (in)
                                                         clk (net)
                      0.408278    0.000000    0.196720 ^ clkbuf_0_clk/I (gf180mcu_fd_sc_mcu7t5v0__clkbuf_16)
     4    0.095982    0.412932    0.801780    0.998500 ^ clkbuf_0_clk/Z (gf180mcu_fd_sc_mcu7t5v0__clkbuf_16)
                                                         clknet_0_clk (net)
                      0.412932    0.000638    0.999138 ^ clkbuf_2_0__f_clk/I (gf180mcu_fd_sc_mcu7t5v0__clkbuf_16)
     5    0.022291    0.234488    0.657268    1.656406 ^ clkbuf_2_0__f_clk/Z (gf180mcu_fd_sc_mcu7t5v0__clkbuf_16)
                                                         clknet_2_0__leaf_clk (net)
                      0.234488    0.000060    1.656465 ^ _154_/CLK (gf180mcu_fd_sc_mcu7t5v0__dffq_1)
                                  0.250000    1.906466   clock uncertainty
                                 -0.095095    1.811370   clock reconvergence pessimism
                                  0.079869    1.891239   library hold time
                                              1.891239   data required time
---------------------------------------------------------------------------------------------
                                              1.891239   data required time
                                             -5.114547   data arrival time
---------------------------------------------------------------------------------------------
                                              3.223308   slack (MET)


Startpoint: _156_ (rising edge-triggered flip-flop clocked by clk)
Endpoint: _156_ (rising edge-triggered flip-flop clocked by clk)
Path Group: clk
Path Type: min

Fanout         Cap        Slew       Delay        Time   Description
---------------------------------------------------------------------------------------------
                                  0.000000    0.000000   clock clk (rise edge)
                                  0.000000    0.000000   clock source latency
     1    0.029419    0.408278    0.177985    0.177985 ^ clk (in)
                                                         clk (net)
                      0.408278    0.000000    0.177985 ^ clkbuf_0_clk/I (gf180mcu_fd_sc_mcu7t5v0__clkbuf_16)
     4    0.095982    0.412932    0.725420    0.903405 ^ clkbuf_0_clk/Z (gf180mcu_fd_sc_mcu7t5v0__clkbuf_16)
                                                         clknet_0_clk (net)
                      0.412932    0.000626    0.904031 ^ clkbuf_2_1__f_clk/I (gf180mcu_fd_sc_mcu7t5v0__clkbuf_16)
     5    0.025271    0.241922    0.601115    1.505146 ^ clkbuf_2_1__f_clk/Z (gf180mcu_fd_sc_mcu7t5v0__clkbuf_16)
                                                         clknet_2_1__leaf_clk (net)
                      0.241922    0.000032    1.505177 ^ _156_/CLK (gf180mcu_fd_sc_mcu7t5v0__dffq_1)
     2    0.012921    0.444792    1.911509    3.416686 v _156_/Q (gf180mcu_fd_sc_mcu7t5v0__dffq_1)
                                                         counter[3] (net)
                      0.444792    0.000245    3.416931 v _108_/A1 (gf180mcu_fd_sc_mcu7t5v0__xor2_1)
     3    0.017466    1.943501    1.203811    4.620743 ^ _108_/Z (gf180mcu_fd_sc_mcu7t5v0__xor2_1)
                                                         _061_ (net)
                      1.943501    0.000337    4.621079 ^ _127_/A2 (gf180mcu_fd_sc_mcu7t5v0__or2_1)
     1    0.002867    0.328853    0.787832    5.408912 ^ _127_/Z (gf180mcu_fd_sc_mcu7t5v0__or2_1)
                                                         _004_ (net)
                      0.328853    0.000027    5.408938 ^ _156_/D (gf180mcu_fd_sc_mcu7t5v0__dffq_1)
                                              5.408938   data arrival time

                                  0.000000    0.000000   clock clk (rise edge)
                                  0.000000    0.000000   clock source latency
     1    0.029419    0.408278    0.196720    0.196720 ^ clk (in)
                                                         clk (net)
                      0.408278    0.000000    0.196720 ^ clkbuf_0_clk/I (gf180mcu_fd_sc_mcu7t5v0__clkbuf_16)
     4    0.095982    0.412932    0.801780    0.998500 ^ clkbuf_0_clk/Z (gf180mcu_fd_sc_mcu7t5v0__clkbuf_16)
                                                         clknet_0_clk (net)
                      0.412932    0.000692    0.999192 ^ clkbuf_2_1__f_clk/I (gf180mcu_fd_sc_mcu7t5v0__clkbuf_16)
     5    0.025271    0.241922    0.664390    1.663582 ^ clkbuf_2_1__f_clk/Z (gf180mcu_fd_sc_mcu7t5v0__clkbuf_16)
                                                         clknet_2_1__leaf_clk (net)
                      0.241922    0.000035    1.663617 ^ _156_/CLK (gf180mcu_fd_sc_mcu7t5v0__dffq_1)
                                  0.250000    1.913617   clock uncertainty
                                 -0.158440    1.755177   clock reconvergence pessimism
                                  0.053034    1.808211   library hold time
                                              1.808211   data required time
---------------------------------------------------------------------------------------------
                                              1.808211   data required time
                                             -5.408938   data arrival time
---------------------------------------------------------------------------------------------
                                              3.600727   slack (MET)


Startpoint: _157_ (rising edge-triggered flip-flop clocked by clk)
Endpoint: _157_ (rising edge-triggered flip-flop clocked by clk)
Path Group: clk
Path Type: min

Fanout         Cap        Slew       Delay        Time   Description
---------------------------------------------------------------------------------------------
                                  0.000000    0.000000   clock clk (rise edge)
                                  0.000000    0.000000   clock source latency
     1    0.029419    0.408278    0.177985    0.177985 ^ clk (in)
                                                         clk (net)
                      0.408278    0.000000    0.177985 ^ clkbuf_0_clk/I (gf180mcu_fd_sc_mcu7t5v0__clkbuf_16)
     4    0.095982    0.412932    0.725420    0.903405 ^ clkbuf_0_clk/Z (gf180mcu_fd_sc_mcu7t5v0__clkbuf_16)
                                                         clknet_0_clk (net)
                      0.412932    0.000320    0.903725 ^ clkbuf_2_3__f_clk/I (gf180mcu_fd_sc_mcu7t5v0__clkbuf_16)
     5    0.024779    0.240699    0.600058    1.503783 ^ clkbuf_2_3__f_clk/Z (gf180mcu_fd_sc_mcu7t5v0__clkbuf_16)
                                                         clknet_2_3__leaf_clk (net)
                      0.240699    0.000058    1.503840 ^ _157_/CLK (gf180mcu_fd_sc_mcu7t5v0__dffq_1)
     4    0.023988    1.203290    2.528168    4.032009 ^ _157_/Q (gf180mcu_fd_sc_mcu7t5v0__dffq_1)
                                                         counter[4] (net)
                      1.203290    0.000148    4.032156 ^ _110_/A1 (gf180mcu_fd_sc_mcu7t5v0__xor2_1)
     2    0.012592    0.708460    0.648318    4.680474 v _110_/Z (gf180mcu_fd_sc_mcu7t5v0__xor2_1)
                                                         _063_ (net)
                      0.708460    0.000202    4.680676 v _111_/I (gf180mcu_fd_sc_mcu7t5v0__clkinv_1)
     2    0.010253    0.624549    0.548340    5.229016 ^ _111_/ZN (gf180mcu_fd_sc_mcu7t5v0__clkinv_1)
                                                         _064_ (net)
                      0.624549    0.000130    5.229146 ^ _128_/A2 (gf180mcu_fd_sc_mcu7t5v0__nand2_1)
     1    0.002901    0.315371    0.279662    5.508808 v _128_/ZN (gf180mcu_fd_sc_mcu7t5v0__nand2_1)
                                                         _005_ (net)
                      0.315371    0.000027    5.508835 v _157_/D (gf180mcu_fd_sc_mcu7t5v0__dffq_1)
                                              5.508835   data arrival time

                                  0.000000    0.000000   clock clk (rise edge)
                                  0.000000    0.000000   clock source latency
     1    0.029419    0.408278    0.196720    0.196720 ^ clk (in)
                                                         clk (net)
                      0.408278    0.000000    0.196720 ^ clkbuf_0_clk/I (gf180mcu_fd_sc_mcu7t5v0__clkbuf_16)
     4    0.095982    0.412932    0.801780    0.998500 ^ clkbuf_0_clk/Z (gf180mcu_fd_sc_mcu7t5v0__clkbuf_16)
                                                         clknet_0_clk (net)
                      0.412932    0.000354    0.998854 ^ clkbuf_2_3__f_clk/I (gf180mcu_fd_sc_mcu7t5v0__clkbuf_16)
     5    0.024779    0.240699    0.663222    1.662075 ^ clkbuf_2_3__f_clk/Z (gf180mcu_fd_sc_mcu7t5v0__clkbuf_16)
                                                         clknet_2_3__leaf_clk (net)
                      0.240699    0.000064    1.662139 ^ _157_/CLK (gf180mcu_fd_sc_mcu7t5v0__dffq_1)
                                  0.250000    1.912139   clock uncertainty
                                 -0.158299    1.753840   clock reconvergence pessimism
                                  0.093585    1.847425   library hold time
                                              1.847425   data required time
---------------------------------------------------------------------------------------------
                                              1.847425   data required time
                                             -5.508835   data arrival time
---------------------------------------------------------------------------------------------
                                              3.661410   slack (MET)


Startpoint: _152_ (rising edge-triggered flip-flop clocked by clk)
Endpoint: pwm (output port clocked by clk)
Path Group: clk
Path Type: min

Fanout         Cap        Slew       Delay        Time   Description
---------------------------------------------------------------------------------------------
                                  0.000000    0.000000   clock clk (rise edge)
                                  0.000000    0.000000   clock source latency
     1    0.029419    0.408278    0.177985    0.177985 ^ clk (in)
                                                         clk (net)
                      0.408278    0.000000    0.177985 ^ clkbuf_0_clk/I (gf180mcu_fd_sc_mcu7t5v0__clkbuf_16)
     4    0.095982    0.412932    0.725420    0.903405 ^ clkbuf_0_clk/Z (gf180mcu_fd_sc_mcu7t5v0__clkbuf_16)
                                                         clknet_0_clk (net)
                      0.412932    0.000346    0.903751 ^ clkbuf_2_2__f_clk/I (gf180mcu_fd_sc_mcu7t5v0__clkbuf_16)
     5    0.024254    0.239390    0.598888    1.502638 ^ clkbuf_2_2__f_clk/Z (gf180mcu_fd_sc_mcu7t5v0__clkbuf_16)
                                                         clknet_2_2__leaf_clk (net)
                      0.239390    0.000166    1.502804 ^ _152_/CLK (gf180mcu_fd_sc_mcu7t5v0__dffq_1)
     1    0.006575    0.318987    1.801646    3.304450 v _152_/Q (gf180mcu_fd_sc_mcu7t5v0__dffq_1)
                                                         net12 (net)
                      0.318987    0.000127    3.304577 v output12/I (gf180mcu_fd_sc_mcu7t5v0__buf_2)
     1    0.073962    0.880998    1.036966    4.341543 v output12/Z (gf180mcu_fd_sc_mcu7t5v0__buf_2)
                                                         pwm (net)
                      0.880998    0.000830    4.342373 v pwm (out)
                                              4.342373   data arrival time

                                  0.000000    0.000000   clock clk (rise edge)
                                  0.000000    0.000000   clock network delay (propagated)
                                  0.250000    0.250000   clock uncertainty
                                  0.000000    0.250000   clock reconvergence pessimism
                               -200.000000 -199.750000   output external delay
                                           -199.750000   data required time
---------------------------------------------------------------------------------------------
                                           -199.750000   data required time
                                             -4.342373   data arrival time
---------------------------------------------------------------------------------------------
                                            204.092361   slack (MET)



