SDF ERROR: /Users/kimmy/Projects/open-microled-driver-asic/build/physical-flow/pwm-v0.2-sized/final/sdf/min_ff_n40C_3v60/pixel_pwm__min_ff_n40C_3v60.sdf:600: Unable to match ModPath A1 -> ZN in tb_pixel_pwm_sdf.tb.dut._105_
SDF ERROR: /Users/kimmy/Projects/open-microled-driver-asic/build/physical-flow/pwm-v0.2-sized/final/sdf/min_ff_n40C_3v60/pixel_pwm__min_ff_n40C_3v60.sdf:601: Unable to match ModPath A1 -> ZN in tb_pixel_pwm_sdf.tb.dut._105_
SDF ERROR: /Users/kimmy/Projects/open-microled-driver-asic/build/physical-flow/pwm-v0.2-sized/final/sdf/min_ff_n40C_3v60/pixel_pwm__min_ff_n40C_3v60.sdf:602: Unable to match ModPath A2 -> ZN in tb_pixel_pwm_sdf.tb.dut._105_
SDF ERROR: /Users/kimmy/Projects/open-microled-driver-asic/build/physical-flow/pwm-v0.2-sized/final/sdf/min_ff_n40C_3v60/pixel_pwm__min_ff_n40C_3v60.sdf:603: Unable to match ModPath A2 -> ZN in tb_pixel_pwm_sdf.tb.dut._105_
SDF ERROR: /Users/kimmy/Projects/open-microled-driver-asic/build/physical-flow/pwm-v0.2-sized/final/sdf/min_ff_n40C_3v60/pixel_pwm__min_ff_n40C_3v60.sdf:659: Unable to match ModPath A1 -> Z in tb_pixel_pwm_sdf.tb.dut._108_
SDF ERROR: /Users/kimmy/Projects/open-microled-driver-asic/build/physical-flow/pwm-v0.2-sized/final/sdf/min_ff_n40C_3v60/pixel_pwm__min_ff_n40C_3v60.sdf:660: Unable to match ModPath A1 -> Z in tb_pixel_pwm_sdf.tb.dut._108_
SDF ERROR: /Users/kimmy/Projects/open-microled-driver-asic/build/physical-flow/pwm-v0.2-sized/final/sdf/min_ff_n40C_3v60/pixel_pwm__min_ff_n40C_3v60.sdf:661: Unable to match ModPath A2 -> Z in tb_pixel_pwm_sdf.tb.dut._108_
SDF ERROR: /Users/kimmy/Projects/open-microled-driver-asic/build/physical-flow/pwm-v0.2-sized/final/sdf/min_ff_n40C_3v60/pixel_pwm__min_ff_n40C_3v60.sdf:662: Unable to match ModPath A2 -> Z in tb_pixel_pwm_sdf.tb.dut._108_
SDF ERROR: /Users/kimmy/Projects/open-microled-driver-asic/build/physical-flow/pwm-v0.2-sized/final/sdf/min_ff_n40C_3v60/pixel_pwm__min_ff_n40C_3v60.sdf:726: Unable to match ModPath A1 -> Z in tb_pixel_pwm_sdf.tb.dut._110_
SDF ERROR: /Users/kimmy/Projects/open-microled-driver-asic/build/physical-flow/pwm-v0.2-sized/final/sdf/min_ff_n40C_3v60/pixel_pwm__min_ff_n40C_3v60.sdf:727: Unable to match ModPath A1 -> Z in tb_pixel_pwm_sdf.tb.dut._110_
SDF ERROR: /Users/kimmy/Projects/open-microled-driver-asic/build/physical-flow/pwm-v0.2-sized/final/sdf/min_ff_n40C_3v60/pixel_pwm__min_ff_n40C_3v60.sdf:728: Unable to match ModPath A2 -> Z in tb_pixel_pwm_sdf.tb.dut._110_
SDF ERROR: /Users/kimmy/Projects/open-microled-driver-asic/build/physical-flow/pwm-v0.2-sized/final/sdf/min_ff_n40C_3v60/pixel_pwm__min_ff_n40C_3v60.sdf:729: Unable to match ModPath A2 -> Z in tb_pixel_pwm_sdf.tb.dut._110_
SDF ERROR: /Users/kimmy/Projects/open-microled-driver-asic/build/physical-flow/pwm-v0.2-sized/final/sdf/min_ff_n40C_3v60/pixel_pwm__min_ff_n40C_3v60.sdf:783: Unable to match ModPath A1 -> Z in tb_pixel_pwm_sdf.tb.dut._113_
SDF ERROR: /Users/kimmy/Projects/open-microled-driver-asic/build/physical-flow/pwm-v0.2-sized/final/sdf/min_ff_n40C_3v60/pixel_pwm__min_ff_n40C_3v60.sdf:784: Unable to match ModPath A1 -> Z in tb_pixel_pwm_sdf.tb.dut._113_
SDF ERROR: /Users/kimmy/Projects/open-microled-driver-asic/build/physical-flow/pwm-v0.2-sized/final/sdf/min_ff_n40C_3v60/pixel_pwm__min_ff_n40C_3v60.sdf:785: Unable to match ModPath A2 -> Z in tb_pixel_pwm_sdf.tb.dut._113_
SDF ERROR: /Users/kimmy/Projects/open-microled-driver-asic/build/physical-flow/pwm-v0.2-sized/final/sdf/min_ff_n40C_3v60/pixel_pwm__min_ff_n40C_3v60.sdf:786: Unable to match ModPath A2 -> Z in tb_pixel_pwm_sdf.tb.dut._113_
SDF ERROR: /Users/kimmy/Projects/open-microled-driver-asic/build/physical-flow/pwm-v0.2-sized/final/sdf/min_ff_n40C_3v60/pixel_pwm__min_ff_n40C_3v60.sdf:917: Unable to match ModPath A1 -> Z in tb_pixel_pwm_sdf.tb.dut._115_
SDF ERROR: /Users/kimmy/Projects/open-microled-driver-asic/build/physical-flow/pwm-v0.2-sized/final/sdf/min_ff_n40C_3v60/pixel_pwm__min_ff_n40C_3v60.sdf:918: Unable to match ModPath A1 -> Z in tb_pixel_pwm_sdf.tb.dut._115_
SDF ERROR: /Users/kimmy/Projects/open-microled-driver-asic/build/physical-flow/pwm-v0.2-sized/final/sdf/min_ff_n40C_3v60/pixel_pwm__min_ff_n40C_3v60.sdf:919: Unable to match ModPath A2 -> Z in tb_pixel_pwm_sdf.tb.dut._115_
SDF ERROR: /Users/kimmy/Projects/open-microled-driver-asic/build/physical-flow/pwm-v0.2-sized/final/sdf/min_ff_n40C_3v60/pixel_pwm__min_ff_n40C_3v60.sdf:920: Unable to match ModPath A2 -> Z in tb_pixel_pwm_sdf.tb.dut._115_
SDF ERROR: /Users/kimmy/Projects/open-microled-driver-asic/build/physical-flow/pwm-v0.2-sized/final/sdf/min_ff_n40C_3v60/pixel_pwm__min_ff_n40C_3v60.sdf:965: Unable to match ModPath A1 -> Z in tb_pixel_pwm_sdf.tb.dut._117_
SDF ERROR: /Users/kimmy/Projects/open-microled-driver-asic/build/physical-flow/pwm-v0.2-sized/final/sdf/min_ff_n40C_3v60/pixel_pwm__min_ff_n40C_3v60.sdf:966: Unable to match ModPath A1 -> Z in tb_pixel_pwm_sdf.tb.dut._117_
SDF ERROR: /Users/kimmy/Projects/open-microled-driver-asic/build/physical-flow/pwm-v0.2-sized/final/sdf/min_ff_n40C_3v60/pixel_pwm__min_ff_n40C_3v60.sdf:967: Unable to match ModPath A2 -> Z in tb_pixel_pwm_sdf.tb.dut._117_
SDF ERROR: /Users/kimmy/Projects/open-microled-driver-asic/build/physical-flow/pwm-v0.2-sized/final/sdf/min_ff_n40C_3v60/pixel_pwm__min_ff_n40C_3v60.sdf:968: Unable to match ModPath A2 -> Z in tb_pixel_pwm_sdf.tb.dut._117_
SDF WARNING: /Users/kimmy/Projects/open-microled-driver-asic/build/physical-flow/pwm-v0.2-sized/final/sdf/min_ff_n40C_3v60/pixel_pwm__min_ff_n40C_3v60.sdf:1537: TIMINGCHECK not supported.
SDF WARNING: /Users/kimmy/Projects/open-microled-driver-asic/build/physical-flow/pwm-v0.2-sized/final/sdf/min_ff_n40C_3v60/pixel_pwm__min_ff_n40C_3v60.sdf:1555: TIMINGCHECK not supported.
SDF WARNING: /Users/kimmy/Projects/open-microled-driver-asic/build/physical-flow/pwm-v0.2-sized/final/sdf/min_ff_n40C_3v60/pixel_pwm__min_ff_n40C_3v60.sdf:1573: TIMINGCHECK not supported.
SDF WARNING: /Users/kimmy/Projects/open-microled-driver-asic/build/physical-flow/pwm-v0.2-sized/final/sdf/min_ff_n40C_3v60/pixel_pwm__min_ff_n40C_3v60.sdf:1591: TIMINGCHECK not supported.
SDF WARNING: /Users/kimmy/Projects/open-microled-driver-asic/build/physical-flow/pwm-v0.2-sized/final/sdf/min_ff_n40C_3v60/pixel_pwm__min_ff_n40C_3v60.sdf:1609: TIMINGCHECK not supported.
SDF WARNING: /Users/kimmy/Projects/open-microled-driver-asic/build/physical-flow/pwm-v0.2-sized/final/sdf/min_ff_n40C_3v60/pixel_pwm__min_ff_n40C_3v60.sdf:1627: TIMINGCHECK not supported.
SDF WARNING: /Users/kimmy/Projects/open-microled-driver-asic/build/physical-flow/pwm-v0.2-sized/final/sdf/min_ff_n40C_3v60/pixel_pwm__min_ff_n40C_3v60.sdf:1645: TIMINGCHECK not supported.
SDF WARNING: /Users/kimmy/Projects/open-microled-driver-asic/build/physical-flow/pwm-v0.2-sized/final/sdf/min_ff_n40C_3v60/pixel_pwm__min_ff_n40C_3v60.sdf:1663: TIMINGCHECK not supported.
SDF WARNING: /Users/kimmy/Projects/open-microled-driver-asic/build/physical-flow/pwm-v0.2-sized/final/sdf/min_ff_n40C_3v60/pixel_pwm__min_ff_n40C_3v60.sdf:1681: TIMINGCHECK not supported.
SDF WARNING: /Users/kimmy/Projects/open-microled-driver-asic/build/physical-flow/pwm-v0.2-sized/final/sdf/min_ff_n40C_3v60/pixel_pwm__min_ff_n40C_3v60.sdf:1699: TIMINGCHECK not supported.
SDF WARNING: /Users/kimmy/Projects/open-microled-driver-asic/build/physical-flow/pwm-v0.2-sized/final/sdf/min_ff_n40C_3v60/pixel_pwm__min_ff_n40C_3v60.sdf:1717: TIMINGCHECK not supported.
SDF WARNING: /Users/kimmy/Projects/open-microled-driver-asic/build/physical-flow/pwm-v0.2-sized/final/sdf/min_ff_n40C_3v60/pixel_pwm__min_ff_n40C_3v60.sdf:1735: TIMINGCHECK not supported.
SDF WARNING: /Users/kimmy/Projects/open-microled-driver-asic/build/physical-flow/pwm-v0.2-sized/final/sdf/min_ff_n40C_3v60/pixel_pwm__min_ff_n40C_3v60.sdf:1753: TIMINGCHECK not supported.
SDF WARNING: /Users/kimmy/Projects/open-microled-driver-asic/build/physical-flow/pwm-v0.2-sized/final/sdf/min_ff_n40C_3v60/pixel_pwm__min_ff_n40C_3v60.sdf:1771: TIMINGCHECK not supported.
SDF WARNING: /Users/kimmy/Projects/open-microled-driver-asic/build/physical-flow/pwm-v0.2-sized/final/sdf/min_ff_n40C_3v60/pixel_pwm__min_ff_n40C_3v60.sdf:1789: TIMINGCHECK not supported.
SDF WARNING: /Users/kimmy/Projects/open-microled-driver-asic/build/physical-flow/pwm-v0.2-sized/final/sdf/min_ff_n40C_3v60/pixel_pwm__min_ff_n40C_3v60.sdf:1807: TIMINGCHECK not supported.
SDF WARNING: /Users/kimmy/Projects/open-microled-driver-asic/build/physical-flow/pwm-v0.2-sized/final/sdf/min_ff_n40C_3v60/pixel_pwm__min_ff_n40C_3v60.sdf:1825: TIMINGCHECK not supported.
SDF WARNING: /Users/kimmy/Projects/open-microled-driver-asic/build/physical-flow/pwm-v0.2-sized/final/sdf/min_ff_n40C_3v60/pixel_pwm__min_ff_n40C_3v60.sdf:1843: TIMINGCHECK not supported.
SDF WARNING: /Users/kimmy/Projects/open-microled-driver-asic/build/physical-flow/pwm-v0.2-sized/final/sdf/min_ff_n40C_3v60/pixel_pwm__min_ff_n40C_3v60.sdf:1861: TIMINGCHECK not supported.
TRACE first_frame_ns=2500 measure_start_ns=514500 measure_end_ns=1538500 duty=64 enable=1
PASS pixel_pwm: all 257 valid duty levels, all 255 clamped levels, frame updates, enable, reset; 518 frames and 133159 slot/value checks
PASS pixel_pwm output events: 543 known events; at most one event per rising clock; delay window 0..50 ns; minimum high=999.850 ns low=1000.150 ns
/Users/kimmy/Projects/open-microled-driver-asic/sim/rtl/tb_pixel_pwm.v:309: $finish called at 134690600000 (1ps)
