
===========================================================================
report_checks -path_delay min (Hold)
============================================================================
======================= nom_ss_125C_3v00 Corner ===================================

Startpoint: _170_ (rising edge-triggered flip-flop clocked by clk)
Endpoint: _170_ (rising edge-triggered flip-flop clocked by clk)
Path Group: clk
Path Type: min

Fanout         Cap        Slew       Delay        Time   Description
---------------------------------------------------------------------------------------------
                                  0.000000    0.000000   clock clk (rise edge)
                                  0.000000    0.000000   clock source latency
     1    0.030034    0.414658    0.181684    0.181684 ^ clk (in)
                                                         clk (net)
                      0.414659    0.000000    0.181684 ^ clkbuf_0_clk/I (gf180mcu_fd_sc_mcu7t5v0__clkbuf_16)
     4    0.096685    0.414590    0.728183    0.909867 ^ clkbuf_0_clk/Z (gf180mcu_fd_sc_mcu7t5v0__clkbuf_16)
                                                         clknet_0_clk (net)
                      0.414590    0.000375    0.910242 ^ clkbuf_2_2__f_clk/I (gf180mcu_fd_sc_mcu7t5v0__clkbuf_16)
     5    0.025212    0.241774    0.601375    1.511617 ^ clkbuf_2_2__f_clk/Z (gf180mcu_fd_sc_mcu7t5v0__clkbuf_16)
                                                         clknet_2_2__leaf_clk (net)
                      0.241774    0.000193    1.511811 ^ _170_/CLK (gf180mcu_fd_sc_mcu7t5v0__dffq_1)
     2    0.011475    0.415399    1.889220    3.401030 v _170_/Q (gf180mcu_fd_sc_mcu7t5v0__dffq_1)
                                                         active_enable (net)
                      0.415399    0.000163    3.401193 v _100_/A1 (gf180mcu_fd_sc_mcu7t5v0__nand2_1)
     1    0.005196    0.441496    0.390686    3.791879 ^ _100_/ZN (gf180mcu_fd_sc_mcu7t5v0__nand2_1)
                                                         _053_ (net)
                      0.441496    0.000093    3.791972 ^ _151_/A2 (gf180mcu_fd_sc_mcu7t5v0__aoi21_1)
     1    0.002699    0.293714    0.276755    4.068727 v _151_/ZN (gf180mcu_fd_sc_mcu7t5v0__aoi21_1)
                                                         _018_ (net)
                      0.293714    0.000025    4.068751 v _170_/D (gf180mcu_fd_sc_mcu7t5v0__dffq_1)
                                              4.068751   data arrival time

                                  0.000000    0.000000   clock clk (rise edge)
                                  0.000000    0.000000   clock source latency
     1    0.030034    0.414658    0.200809    0.200809 ^ clk (in)
                                                         clk (net)
                      0.414659    0.000000    0.200809 ^ clkbuf_0_clk/I (gf180mcu_fd_sc_mcu7t5v0__clkbuf_16)
     4    0.096685    0.414590    0.804834    1.005643 ^ clkbuf_0_clk/Z (gf180mcu_fd_sc_mcu7t5v0__clkbuf_16)
                                                         clknet_0_clk (net)
                      0.414590    0.000415    1.006057 ^ clkbuf_2_2__f_clk/I (gf180mcu_fd_sc_mcu7t5v0__clkbuf_16)
     5    0.025212    0.241774    0.664678    1.670735 ^ clkbuf_2_2__f_clk/Z (gf180mcu_fd_sc_mcu7t5v0__clkbuf_16)
                                                         clknet_2_2__leaf_clk (net)
                      0.241774    0.000214    1.670949 ^ _170_/CLK (gf180mcu_fd_sc_mcu7t5v0__dffq_1)
                                  0.250000    1.920949   clock uncertainty
                                 -0.159138    1.761811   clock reconvergence pessimism
                                  0.098716    1.860526   library hold time
                                              1.860526   data required time
---------------------------------------------------------------------------------------------
                                              1.860526   data required time
                                             -4.068751   data arrival time
---------------------------------------------------------------------------------------------
                                              2.208225   slack (MET)


Startpoint: _153_ (rising edge-triggered flip-flop clocked by clk)
Endpoint: _153_ (rising edge-triggered flip-flop clocked by clk)
Path Group: clk
Path Type: min

Fanout         Cap        Slew       Delay        Time   Description
---------------------------------------------------------------------------------------------
                                  0.000000    0.000000   clock clk (rise edge)
                                  0.000000    0.000000   clock source latency
     1    0.030034    0.414658    0.181684    0.181684 ^ clk (in)
                                                         clk (net)
                      0.414659    0.000000    0.181684 ^ clkbuf_0_clk/I (gf180mcu_fd_sc_mcu7t5v0__clkbuf_16)
     4    0.096685    0.414590    0.728183    0.909867 ^ clkbuf_0_clk/Z (gf180mcu_fd_sc_mcu7t5v0__clkbuf_16)
                                                         clknet_0_clk (net)
                      0.414590    0.000689    0.910556 ^ clkbuf_2_1__f_clk/I (gf180mcu_fd_sc_mcu7t5v0__clkbuf_16)
     5    0.026176    0.244175    0.603492    1.514048 ^ clkbuf_2_1__f_clk/Z (gf180mcu_fd_sc_mcu7t5v0__clkbuf_16)
                                                         clknet_2_1__leaf_clk (net)
                      0.244175    0.000194    1.514243 ^ _153_/CLK (gf180mcu_fd_sc_mcu7t5v0__dffq_1)
     6    0.031909    0.806385    2.173809    3.688051 v _153_/Q (gf180mcu_fd_sc_mcu7t5v0__dffq_1)
                                                         counter[0] (net)
                      0.806385    0.000446    3.688498 v _124_/A1 (gf180mcu_fd_sc_mcu7t5v0__nand2_1)
     1    0.002612    0.402993    0.420509    4.109006 ^ _124_/ZN (gf180mcu_fd_sc_mcu7t5v0__nand2_1)
                                                         _001_ (net)
                      0.402993    0.000023    4.109029 ^ _153_/D (gf180mcu_fd_sc_mcu7t5v0__dffq_1)
                                              4.109029   data arrival time

                                  0.000000    0.000000   clock clk (rise edge)
                                  0.000000    0.000000   clock source latency
     1    0.030034    0.414658    0.200809    0.200809 ^ clk (in)
                                                         clk (net)
                      0.414659    0.000000    0.200809 ^ clkbuf_0_clk/I (gf180mcu_fd_sc_mcu7t5v0__clkbuf_16)
     4    0.096685    0.414590    0.804834    1.005643 ^ clkbuf_0_clk/Z (gf180mcu_fd_sc_mcu7t5v0__clkbuf_16)
                                                         clknet_0_clk (net)
                      0.414590    0.000762    1.006404 ^ clkbuf_2_1__f_clk/I (gf180mcu_fd_sc_mcu7t5v0__clkbuf_16)
     5    0.026176    0.244175    0.667017    1.673422 ^ clkbuf_2_1__f_clk/Z (gf180mcu_fd_sc_mcu7t5v0__clkbuf_16)
                                                         clknet_2_1__leaf_clk (net)
                      0.244175    0.000215    1.673636 ^ _153_/CLK (gf180mcu_fd_sc_mcu7t5v0__dffq_1)
                                  0.250000    1.923636   clock uncertainty
                                 -0.159394    1.764243   clock reconvergence pessimism
                                  0.042146    1.806389   library hold time
                                              1.806389   data required time
---------------------------------------------------------------------------------------------
                                              1.806389   data required time
                                             -4.109029   data arrival time
---------------------------------------------------------------------------------------------
                                              2.302640   slack (MET)


Startpoint: _169_ (rising edge-triggered flip-flop clocked by clk)
Endpoint: _169_ (rising edge-triggered flip-flop clocked by clk)
Path Group: clk
Path Type: min

Fanout         Cap        Slew       Delay        Time   Description
---------------------------------------------------------------------------------------------
                                  0.000000    0.000000   clock clk (rise edge)
                                  0.000000    0.000000   clock source latency
     1    0.030034    0.414658    0.181684    0.181684 ^ clk (in)
                                                         clk (net)
                      0.414659    0.000000    0.181684 ^ clkbuf_0_clk/I (gf180mcu_fd_sc_mcu7t5v0__clkbuf_16)
     4    0.096685    0.414590    0.728183    0.909867 ^ clkbuf_0_clk/Z (gf180mcu_fd_sc_mcu7t5v0__clkbuf_16)
                                                         clknet_0_clk (net)
                      0.414590    0.000375    0.910242 ^ clkbuf_2_2__f_clk/I (gf180mcu_fd_sc_mcu7t5v0__clkbuf_16)
     5    0.025212    0.241774    0.601375    1.511617 ^ clkbuf_2_2__f_clk/Z (gf180mcu_fd_sc_mcu7t5v0__clkbuf_16)
                                                         clknet_2_2__leaf_clk (net)
                      0.241774    0.000374    1.511992 ^ _169_/CLK (gf180mcu_fd_sc_mcu7t5v0__dffq_1)
     2    0.010424    0.393331    1.870556    3.382547 v _169_/Q (gf180mcu_fd_sc_mcu7t5v0__dffq_1)
                                                         active_duty[8] (net)
                      0.393331    0.000152    3.382699 v _149_/A1 (gf180mcu_fd_sc_mcu7t5v0__oai21_1)
     1    0.005074    0.685911    0.616756    3.999455 ^ _149_/ZN (gf180mcu_fd_sc_mcu7t5v0__oai21_1)
                                                         _028_ (net)
                      0.685911    0.000095    3.999551 ^ _150_/A2 (gf180mcu_fd_sc_mcu7t5v0__nor2_1)
     1    0.002775    0.346156    0.332439    4.331990 v _150_/ZN (gf180mcu_fd_sc_mcu7t5v0__nor2_1)
                                                         _017_ (net)
                      0.346156    0.000025    4.332016 v _169_/D (gf180mcu_fd_sc_mcu7t5v0__dffq_1)
                                              4.332016   data arrival time

                                  0.000000    0.000000   clock clk (rise edge)
                                  0.000000    0.000000   clock source latency
     1    0.030034    0.414658    0.200809    0.200809 ^ clk (in)
                                                         clk (net)
                      0.414659    0.000000    0.200809 ^ clkbuf_0_clk/I (gf180mcu_fd_sc_mcu7t5v0__clkbuf_16)
     4    0.096685    0.414590    0.804834    1.005643 ^ clkbuf_0_clk/Z (gf180mcu_fd_sc_mcu7t5v0__clkbuf_16)
                                                         clknet_0_clk (net)
                      0.414590    0.000415    1.006057 ^ clkbuf_2_2__f_clk/I (gf180mcu_fd_sc_mcu7t5v0__clkbuf_16)
     5    0.025212    0.241774    0.664678    1.670735 ^ clkbuf_2_2__f_clk/Z (gf180mcu_fd_sc_mcu7t5v0__clkbuf_16)
                                                         clknet_2_2__leaf_clk (net)
                      0.241774    0.000414    1.671149 ^ _169_/CLK (gf180mcu_fd_sc_mcu7t5v0__dffq_1)
                                  0.250000    1.921148   clock uncertainty
                                 -0.159157    1.761992   clock reconvergence pessimism
                                  0.086933    1.848925   library hold time
                                              1.848925   data required time
---------------------------------------------------------------------------------------------
                                              1.848925   data required time
                                             -4.332016   data arrival time
---------------------------------------------------------------------------------------------
                                              2.483091   slack (MET)


Startpoint: _168_ (rising edge-triggered flip-flop clocked by clk)
Endpoint: _168_ (rising edge-triggered flip-flop clocked by clk)
Path Group: clk
Path Type: min

Fanout         Cap        Slew       Delay        Time   Description
---------------------------------------------------------------------------------------------
                                  0.000000    0.000000   clock clk (rise edge)
                                  0.000000    0.000000   clock source latency
     1    0.030034    0.414658    0.181684    0.181684 ^ clk (in)
                                                         clk (net)
                      0.414659    0.000000    0.181684 ^ clkbuf_0_clk/I (gf180mcu_fd_sc_mcu7t5v0__clkbuf_16)
     4    0.096685    0.414590    0.728183    0.909867 ^ clkbuf_0_clk/Z (gf180mcu_fd_sc_mcu7t5v0__clkbuf_16)
                                                         clknet_0_clk (net)
                      0.414590    0.000375    0.910242 ^ clkbuf_2_2__f_clk/I (gf180mcu_fd_sc_mcu7t5v0__clkbuf_16)
     5    0.025212    0.241774    0.601375    1.511617 ^ clkbuf_2_2__f_clk/Z (gf180mcu_fd_sc_mcu7t5v0__clkbuf_16)
                                                         clknet_2_2__leaf_clk (net)
                      0.241774    0.000402    1.512019 ^ _168_/CLK (gf180mcu_fd_sc_mcu7t5v0__dffq_1)
     3    0.023339    0.639742    2.057739    3.569758 v _168_/Q (gf180mcu_fd_sc_mcu7t5v0__dffq_1)
                                                         active_duty[7] (net)
                      0.639742    0.000222    3.569979 v _147_/A1 (gf180mcu_fd_sc_mcu7t5v0__aoi22_1)
     1    0.004653    0.619077    0.533404    4.103384 ^ _147_/ZN (gf180mcu_fd_sc_mcu7t5v0__aoi22_1)
                                                         _027_ (net)
                      0.619077    0.000043    4.103426 ^ _148_/A2 (gf180mcu_fd_sc_mcu7t5v0__nor2_1)
     1    0.002612    0.327328    0.320466    4.423892 v _148_/ZN (gf180mcu_fd_sc_mcu7t5v0__nor2_1)
                                                         _016_ (net)
                      0.327328    0.000023    4.423915 v _168_/D (gf180mcu_fd_sc_mcu7t5v0__dffq_1)
                                              4.423915   data arrival time

                                  0.000000    0.000000   clock clk (rise edge)
                                  0.000000    0.000000   clock source latency
     1    0.030034    0.414658    0.200809    0.200809 ^ clk (in)
                                                         clk (net)
                      0.414659    0.000000    0.200809 ^ clkbuf_0_clk/I (gf180mcu_fd_sc_mcu7t5v0__clkbuf_16)
     4    0.096685    0.414590    0.804834    1.005643 ^ clkbuf_0_clk/Z (gf180mcu_fd_sc_mcu7t5v0__clkbuf_16)
                                                         clknet_0_clk (net)
                      0.414590    0.000415    1.006057 ^ clkbuf_2_2__f_clk/I (gf180mcu_fd_sc_mcu7t5v0__clkbuf_16)
     5    0.025212    0.241774    0.664678    1.670735 ^ clkbuf_2_2__f_clk/Z (gf180mcu_fd_sc_mcu7t5v0__clkbuf_16)
                                                         clknet_2_2__leaf_clk (net)
                      0.241774    0.000444    1.671179 ^ _168_/CLK (gf180mcu_fd_sc_mcu7t5v0__dffq_1)
                                  0.250000    1.921179   clock uncertainty
                                 -0.159160    1.762019   clock reconvergence pessimism
                                  0.091163    1.853182   library hold time
                                              1.853182   data required time
---------------------------------------------------------------------------------------------
                                              1.853182   data required time
                                             -4.423915   data arrival time
---------------------------------------------------------------------------------------------
                                              2.570733   slack (MET)


Startpoint: _167_ (rising edge-triggered flip-flop clocked by clk)
Endpoint: _167_ (rising edge-triggered flip-flop clocked by clk)
Path Group: clk
Path Type: min

Fanout         Cap        Slew       Delay        Time   Description
---------------------------------------------------------------------------------------------
                                  0.000000    0.000000   clock clk (rise edge)
                                  0.000000    0.000000   clock source latency
     1    0.030034    0.414658    0.181684    0.181684 ^ clk (in)
                                                         clk (net)
                      0.414659    0.000000    0.181684 ^ clkbuf_0_clk/I (gf180mcu_fd_sc_mcu7t5v0__clkbuf_16)
     4    0.096685    0.414590    0.728183    0.909867 ^ clkbuf_0_clk/Z (gf180mcu_fd_sc_mcu7t5v0__clkbuf_16)
                                                         clknet_0_clk (net)
                      0.414590    0.000375    0.910242 ^ clkbuf_2_2__f_clk/I (gf180mcu_fd_sc_mcu7t5v0__clkbuf_16)
     5    0.025212    0.241774    0.601375    1.511617 ^ clkbuf_2_2__f_clk/Z (gf180mcu_fd_sc_mcu7t5v0__clkbuf_16)
                                                         clknet_2_2__leaf_clk (net)
                      0.241774    0.000281    1.511898 ^ _167_/CLK (gf180mcu_fd_sc_mcu7t5v0__dffq_1)
     3    0.022955    0.632430    2.052318    3.564217 v _167_/Q (gf180mcu_fd_sc_mcu7t5v0__dffq_1)
                                                         active_duty[6] (net)
                      0.632430    0.000302    3.564519 v _145_/A1 (gf180mcu_fd_sc_mcu7t5v0__aoi22_1)
     1    0.005065    0.643445    0.546507    4.111026 ^ _145_/ZN (gf180mcu_fd_sc_mcu7t5v0__aoi22_1)
                                                         _026_ (net)
                      0.643445    0.000094    4.111120 ^ _146_/A2 (gf180mcu_fd_sc_mcu7t5v0__nor2_1)
     1    0.002987    0.342418    0.331825    4.442945 v _146_/ZN (gf180mcu_fd_sc_mcu7t5v0__nor2_1)
                                                         _015_ (net)
                      0.342418    0.000028    4.442973 v _167_/D (gf180mcu_fd_sc_mcu7t5v0__dffq_1)
                                              4.442973   data arrival time

                                  0.000000    0.000000   clock clk (rise edge)
                                  0.000000    0.000000   clock source latency
     1    0.030034    0.414658    0.200809    0.200809 ^ clk (in)
                                                         clk (net)
                      0.414659    0.000000    0.200809 ^ clkbuf_0_clk/I (gf180mcu_fd_sc_mcu7t5v0__clkbuf_16)
     4    0.096685    0.414590    0.804834    1.005643 ^ clkbuf_0_clk/Z (gf180mcu_fd_sc_mcu7t5v0__clkbuf_16)
                                                         clknet_0_clk (net)
                      0.414590    0.000415    1.006057 ^ clkbuf_2_2__f_clk/I (gf180mcu_fd_sc_mcu7t5v0__clkbuf_16)
     5    0.025212    0.241774    0.664678    1.670735 ^ clkbuf_2_2__f_clk/Z (gf180mcu_fd_sc_mcu7t5v0__clkbuf_16)
                                                         clknet_2_2__leaf_clk (net)
                      0.241774    0.000311    1.671046 ^ _167_/CLK (gf180mcu_fd_sc_mcu7t5v0__dffq_1)
                                  0.250000    1.921046   clock uncertainty
                                 -0.159147    1.761898   clock reconvergence pessimism
                                  0.087773    1.849671   library hold time
                                              1.849671   data required time
---------------------------------------------------------------------------------------------
                                              1.849671   data required time
                                             -4.442973   data arrival time
---------------------------------------------------------------------------------------------
                                              2.593302   slack (MET)


Startpoint: _161_ (rising edge-triggered flip-flop clocked by clk)
Endpoint: _161_ (rising edge-triggered flip-flop clocked by clk)
Path Group: clk
Path Type: min

Fanout         Cap        Slew       Delay        Time   Description
---------------------------------------------------------------------------------------------
                                  0.000000    0.000000   clock clk (rise edge)
                                  0.000000    0.000000   clock source latency
     1    0.030034    0.414658    0.181684    0.181684 ^ clk (in)
                                                         clk (net)
                      0.414659    0.000000    0.181684 ^ clkbuf_0_clk/I (gf180mcu_fd_sc_mcu7t5v0__clkbuf_16)
     4    0.096685    0.414590    0.728183    0.909867 ^ clkbuf_0_clk/Z (gf180mcu_fd_sc_mcu7t5v0__clkbuf_16)
                                                         clknet_0_clk (net)
                      0.414590    0.000631    0.910499 ^ clkbuf_2_0__f_clk/I (gf180mcu_fd_sc_mcu7t5v0__clkbuf_16)
     5    0.022973    0.236192    0.596568    1.507066 ^ clkbuf_2_0__f_clk/Z (gf180mcu_fd_sc_mcu7t5v0__clkbuf_16)
                                                         clknet_2_0__leaf_clk (net)
                      0.236192    0.000180    1.507246 ^ _161_/CLK (gf180mcu_fd_sc_mcu7t5v0__dffq_1)
     2    0.014601    0.475983    1.933580    3.440826 v _161_/Q (gf180mcu_fd_sc_mcu7t5v0__dffq_1)
                                                         active_duty[0] (net)
                      0.475983    0.000266    3.441092 v _132_/A1 (gf180mcu_fd_sc_mcu7t5v0__nor2_1)
     1    0.004443    0.726619    0.541817    3.982909 ^ _132_/ZN (gf180mcu_fd_sc_mcu7t5v0__nor2_1)
                                                         _019_ (net)
                      0.726619    0.000081    3.982990 ^ _133_/B (gf180mcu_fd_sc_mcu7t5v0__aoi211_1)
     1    0.002877    0.379648    0.459480    4.442470 v _133_/ZN (gf180mcu_fd_sc_mcu7t5v0__aoi211_1)
                                                         _009_ (net)
                      0.379648    0.000027    4.442497 v _161_/D (gf180mcu_fd_sc_mcu7t5v0__dffq_1)
                                              4.442497   data arrival time

                                  0.000000    0.000000   clock clk (rise edge)
                                  0.000000    0.000000   clock source latency
     1    0.030034    0.414658    0.200809    0.200809 ^ clk (in)
                                                         clk (net)
                      0.414659    0.000000    0.200809 ^ clkbuf_0_clk/I (gf180mcu_fd_sc_mcu7t5v0__clkbuf_16)
     4    0.096685    0.414590    0.804834    1.005643 ^ clkbuf_0_clk/Z (gf180mcu_fd_sc_mcu7t5v0__clkbuf_16)
                                                         clknet_0_clk (net)
                      0.414590    0.000698    1.006341 ^ clkbuf_2_0__f_clk/I (gf180mcu_fd_sc_mcu7t5v0__clkbuf_16)
     5    0.022973    0.236192    0.659364    1.665705 ^ clkbuf_2_0__f_clk/Z (gf180mcu_fd_sc_mcu7t5v0__clkbuf_16)
                                                         clknet_2_0__leaf_clk (net)
                      0.236192    0.000199    1.665904 ^ _161_/CLK (gf180mcu_fd_sc_mcu7t5v0__dffq_1)
                                  0.250000    1.915904   clock uncertainty
                                 -0.158658    1.757246   clock reconvergence pessimism
                                  0.078048    1.835294   library hold time
                                              1.835294   data required time
---------------------------------------------------------------------------------------------
                                              1.835294   data required time
                                             -4.442497   data arrival time
---------------------------------------------------------------------------------------------
                                              2.607203   slack (MET)


Startpoint: _164_ (rising edge-triggered flip-flop clocked by clk)
Endpoint: _164_ (rising edge-triggered flip-flop clocked by clk)
Path Group: clk
Path Type: min

Fanout         Cap        Slew       Delay        Time   Description
---------------------------------------------------------------------------------------------
                                  0.000000    0.000000   clock clk (rise edge)
                                  0.000000    0.000000   clock source latency
     1    0.030034    0.414658    0.181684    0.181684 ^ clk (in)
                                                         clk (net)
                      0.414659    0.000000    0.181684 ^ clkbuf_0_clk/I (gf180mcu_fd_sc_mcu7t5v0__clkbuf_16)
     4    0.096685    0.414590    0.728183    0.909867 ^ clkbuf_0_clk/Z (gf180mcu_fd_sc_mcu7t5v0__clkbuf_16)
                                                         clknet_0_clk (net)
                      0.414590    0.000631    0.910499 ^ clkbuf_2_0__f_clk/I (gf180mcu_fd_sc_mcu7t5v0__clkbuf_16)
     5    0.022973    0.236192    0.596568    1.507066 ^ clkbuf_2_0__f_clk/Z (gf180mcu_fd_sc_mcu7t5v0__clkbuf_16)
                                                         clknet_2_0__leaf_clk (net)
                      0.236192    0.000125    1.507192 ^ _164_/CLK (gf180mcu_fd_sc_mcu7t5v0__dffq_1)
     2    0.012001    0.427707    1.897139    3.404331 v _164_/Q (gf180mcu_fd_sc_mcu7t5v0__dffq_1)
                                                         active_duty[3] (net)
                      0.427707    0.000161    3.404492 v _138_/A1 (gf180mcu_fd_sc_mcu7t5v0__oai21_1)
     1    0.006554    0.742779    0.696706    4.101197 ^ _138_/ZN (gf180mcu_fd_sc_mcu7t5v0__oai21_1)
                                                         _022_ (net)
                      0.742779    0.000132    4.101330 ^ _139_/B (gf180mcu_fd_sc_mcu7t5v0__aoi21_1)
     1    0.002667    0.333574    0.401373    4.502703 v _139_/ZN (gf180mcu_fd_sc_mcu7t5v0__aoi21_1)
                                                         _012_ (net)
                      0.333574    0.000024    4.502727 v _164_/D (gf180mcu_fd_sc_mcu7t5v0__dffq_1)
                                              4.502727   data arrival time

                                  0.000000    0.000000   clock clk (rise edge)
                                  0.000000    0.000000   clock source latency
     1    0.030034    0.414658    0.200809    0.200809 ^ clk (in)
                                                         clk (net)
                      0.414659    0.000000    0.200809 ^ clkbuf_0_clk/I (gf180mcu_fd_sc_mcu7t5v0__clkbuf_16)
     4    0.096685    0.414590    0.804834    1.005643 ^ clkbuf_0_clk/Z (gf180mcu_fd_sc_mcu7t5v0__clkbuf_16)
                                                         clknet_0_clk (net)
                      0.414590    0.000698    1.006341 ^ clkbuf_2_0__f_clk/I (gf180mcu_fd_sc_mcu7t5v0__clkbuf_16)
     5    0.022973    0.236192    0.659364    1.665705 ^ clkbuf_2_0__f_clk/Z (gf180mcu_fd_sc_mcu7t5v0__clkbuf_16)
                                                         clknet_2_0__leaf_clk (net)
                      0.236192    0.000139    1.665843 ^ _164_/CLK (gf180mcu_fd_sc_mcu7t5v0__dffq_1)
                                  0.250000    1.915843   clock uncertainty
                                 -0.158652    1.757192   clock reconvergence pessimism
                                  0.088389    1.845581   library hold time
                                              1.845581   data required time
---------------------------------------------------------------------------------------------
                                              1.845581   data required time
                                             -4.502727   data arrival time
---------------------------------------------------------------------------------------------
                                              2.657146   slack (MET)


Startpoint: _162_ (rising edge-triggered flip-flop clocked by clk)
Endpoint: _162_ (rising edge-triggered flip-flop clocked by clk)
Path Group: clk
Path Type: min

Fanout         Cap        Slew       Delay        Time   Description
---------------------------------------------------------------------------------------------
                                  0.000000    0.000000   clock clk (rise edge)
                                  0.000000    0.000000   clock source latency
     1    0.030034    0.414658    0.181684    0.181684 ^ clk (in)
                                                         clk (net)
                      0.414659    0.000000    0.181684 ^ clkbuf_0_clk/I (gf180mcu_fd_sc_mcu7t5v0__clkbuf_16)
     4    0.096685    0.414590    0.728183    0.909867 ^ clkbuf_0_clk/Z (gf180mcu_fd_sc_mcu7t5v0__clkbuf_16)
                                                         clknet_0_clk (net)
                      0.414590    0.000631    0.910499 ^ clkbuf_2_0__f_clk/I (gf180mcu_fd_sc_mcu7t5v0__clkbuf_16)
     5    0.022973    0.236192    0.596568    1.507066 ^ clkbuf_2_0__f_clk/Z (gf180mcu_fd_sc_mcu7t5v0__clkbuf_16)
                                                         clknet_2_0__leaf_clk (net)
                      0.236192    0.000183    1.507250 ^ _162_/CLK (gf180mcu_fd_sc_mcu7t5v0__dffq_1)
     3    0.014441    0.473133    1.931418    3.438668 v _162_/Q (gf180mcu_fd_sc_mcu7t5v0__dffq_1)
                                                         active_duty[1] (net)
                      0.473133    0.000188    3.438856 v _134_/A1 (gf180mcu_fd_sc_mcu7t5v0__nor2_1)
     1    0.005073    0.780581    0.570994    4.009851 ^ _134_/ZN (gf180mcu_fd_sc_mcu7t5v0__nor2_1)
                                                         _020_ (net)
                      0.780581    0.000095    4.009945 ^ _135_/B (gf180mcu_fd_sc_mcu7t5v0__aoi211_1)
     1    0.003337    0.436480    0.482016    4.491961 v _135_/ZN (gf180mcu_fd_sc_mcu7t5v0__aoi211_1)
                                                         _010_ (net)
                      0.436480    0.000033    4.491994 v _162_/D (gf180mcu_fd_sc_mcu7t5v0__dffq_1)
                                              4.491994   data arrival time

                                  0.000000    0.000000   clock clk (rise edge)
                                  0.000000    0.000000   clock source latency
     1    0.030034    0.414658    0.200809    0.200809 ^ clk (in)
                                                         clk (net)
                      0.414659    0.000000    0.200809 ^ clkbuf_0_clk/I (gf180mcu_fd_sc_mcu7t5v0__clkbuf_16)
     4    0.096685    0.414590    0.804834    1.005643 ^ clkbuf_0_clk/Z (gf180mcu_fd_sc_mcu7t5v0__clkbuf_16)
                                                         clknet_0_clk (net)
                      0.414590    0.000698    1.006341 ^ clkbuf_2_0__f_clk/I (gf180mcu_fd_sc_mcu7t5v0__clkbuf_16)
     5    0.022973    0.236192    0.659364    1.665705 ^ clkbuf_2_0__f_clk/Z (gf180mcu_fd_sc_mcu7t5v0__clkbuf_16)
                                                         clknet_2_0__leaf_clk (net)
                      0.236192    0.000203    1.665908 ^ _162_/CLK (gf180mcu_fd_sc_mcu7t5v0__dffq_1)
                                  0.250000    1.915908   clock uncertainty
                                 -0.158658    1.757250   clock reconvergence pessimism
                                  0.065292    1.822542   library hold time
                                              1.822542   data required time
---------------------------------------------------------------------------------------------
                                              1.822542   data required time
                                             -4.491994   data arrival time
---------------------------------------------------------------------------------------------
                                              2.669452   slack (MET)


Startpoint: _163_ (rising edge-triggered flip-flop clocked by clk)
Endpoint: _163_ (rising edge-triggered flip-flop clocked by clk)
Path Group: clk
Path Type: min

Fanout         Cap        Slew       Delay        Time   Description
---------------------------------------------------------------------------------------------
                                  0.000000    0.000000   clock clk (rise edge)
                                  0.000000    0.000000   clock source latency
     1    0.030034    0.414658    0.181684    0.181684 ^ clk (in)
                                                         clk (net)
                      0.414659    0.000000    0.181684 ^ clkbuf_0_clk/I (gf180mcu_fd_sc_mcu7t5v0__clkbuf_16)
     4    0.096685    0.414590    0.728183    0.909867 ^ clkbuf_0_clk/Z (gf180mcu_fd_sc_mcu7t5v0__clkbuf_16)
                                                         clknet_0_clk (net)
                      0.414590    0.000631    0.910499 ^ clkbuf_2_0__f_clk/I (gf180mcu_fd_sc_mcu7t5v0__clkbuf_16)
     5    0.022973    0.236192    0.596568    1.507066 ^ clkbuf_2_0__f_clk/Z (gf180mcu_fd_sc_mcu7t5v0__clkbuf_16)
                                                         clknet_2_0__leaf_clk (net)
                      0.236192    0.000100    1.507166 ^ _163_/CLK (gf180mcu_fd_sc_mcu7t5v0__dffq_1)
     3    0.019329    0.564215    2.000005    3.507172 v _163_/Q (gf180mcu_fd_sc_mcu7t5v0__dffq_1)
                                                         active_duty[2] (net)
                      0.564215    0.000269    3.507441 v _136_/A1 (gf180mcu_fd_sc_mcu7t5v0__oai21_1)
     1    0.004884    0.677641    0.652598    4.160039 ^ _136_/ZN (gf180mcu_fd_sc_mcu7t5v0__oai21_1)
                                                         _021_ (net)
                      0.677641    0.000089    4.160128 ^ _137_/B (gf180mcu_fd_sc_mcu7t5v0__aoi21_1)
     1    0.003190    0.323232    0.402684    4.562812 v _137_/ZN (gf180mcu_fd_sc_mcu7t5v0__aoi21_1)
                                                         _011_ (net)
                      0.323232    0.000032    4.562844 v _163_/D (gf180mcu_fd_sc_mcu7t5v0__dffq_1)
                                              4.562844   data arrival time

                                  0.000000    0.000000   clock clk (rise edge)
                                  0.000000    0.000000   clock source latency
     1    0.030034    0.414658    0.200809    0.200809 ^ clk (in)
                                                         clk (net)
                      0.414659    0.000000    0.200809 ^ clkbuf_0_clk/I (gf180mcu_fd_sc_mcu7t5v0__clkbuf_16)
     4    0.096685    0.414590    0.804834    1.005643 ^ clkbuf_0_clk/Z (gf180mcu_fd_sc_mcu7t5v0__clkbuf_16)
                                                         clknet_0_clk (net)
                      0.414590    0.000698    1.006341 ^ clkbuf_2_0__f_clk/I (gf180mcu_fd_sc_mcu7t5v0__clkbuf_16)
     5    0.022973    0.236192    0.659364    1.665705 ^ clkbuf_2_0__f_clk/Z (gf180mcu_fd_sc_mcu7t5v0__clkbuf_16)
                                                         clknet_2_0__leaf_clk (net)
                      0.236192    0.000110    1.665815 ^ _163_/CLK (gf180mcu_fd_sc_mcu7t5v0__dffq_1)
                                  0.250000    1.915815   clock uncertainty
                                 -0.158649    1.757166   clock reconvergence pessimism
                                  0.090710    1.847876   library hold time
                                              1.847876   data required time
---------------------------------------------------------------------------------------------
                                              1.847876   data required time
                                             -4.562844   data arrival time
---------------------------------------------------------------------------------------------
                                              2.714967   slack (MET)


Startpoint: _166_ (rising edge-triggered flip-flop clocked by clk)
Endpoint: _166_ (rising edge-triggered flip-flop clocked by clk)
Path Group: clk
Path Type: min

Fanout         Cap        Slew       Delay        Time   Description
---------------------------------------------------------------------------------------------
                                  0.000000    0.000000   clock clk (rise edge)
                                  0.000000    0.000000   clock source latency
     1    0.030034    0.414658    0.181684    0.181684 ^ clk (in)
                                                         clk (net)
                      0.414659    0.000000    0.181684 ^ clkbuf_0_clk/I (gf180mcu_fd_sc_mcu7t5v0__clkbuf_16)
     4    0.096685    0.414590    0.728183    0.909867 ^ clkbuf_0_clk/Z (gf180mcu_fd_sc_mcu7t5v0__clkbuf_16)
                                                         clknet_0_clk (net)
                      0.414590    0.000689    0.910556 ^ clkbuf_2_1__f_clk/I (gf180mcu_fd_sc_mcu7t5v0__clkbuf_16)
     5    0.026176    0.244175    0.603492    1.514048 ^ clkbuf_2_1__f_clk/Z (gf180mcu_fd_sc_mcu7t5v0__clkbuf_16)
                                                         clknet_2_1__leaf_clk (net)
                      0.244175    0.000263    1.514311 ^ _166_/CLK (gf180mcu_fd_sc_mcu7t5v0__dffq_1)
     3    0.017757    0.534910    1.980045    3.494356 v _166_/Q (gf180mcu_fd_sc_mcu7t5v0__dffq_1)
                                                         active_duty[5] (net)
                      0.534910    0.000200    3.494556 v _142_/A1 (gf180mcu_fd_sc_mcu7t5v0__nor2_1)
     1    0.005110    0.786952    0.589846    4.084402 ^ _142_/ZN (gf180mcu_fd_sc_mcu7t5v0__nor2_1)
                                                         _024_ (net)
                      0.786952    0.000096    4.084498 ^ _143_/B (gf180mcu_fd_sc_mcu7t5v0__aoi211_1)
     1    0.003229    0.447632    0.480480    4.564978 v _143_/ZN (gf180mcu_fd_sc_mcu7t5v0__aoi211_1)
                                                         _014_ (net)
                      0.447632    0.000032    4.565011 v _166_/D (gf180mcu_fd_sc_mcu7t5v0__dffq_1)
                                              4.565011   data arrival time

                                  0.000000    0.000000   clock clk (rise edge)
                                  0.000000    0.000000   clock source latency
     1    0.030034    0.414658    0.200809    0.200809 ^ clk (in)
                                                         clk (net)
                      0.414659    0.000000    0.200809 ^ clkbuf_0_clk/I (gf180mcu_fd_sc_mcu7t5v0__clkbuf_16)
     4    0.096685    0.414590    0.804834    1.005643 ^ clkbuf_0_clk/Z (gf180mcu_fd_sc_mcu7t5v0__clkbuf_16)
                                                         clknet_0_clk (net)
                      0.414590    0.000762    1.006404 ^ clkbuf_2_1__f_clk/I (gf180mcu_fd_sc_mcu7t5v0__clkbuf_16)
     5    0.026176    0.244175    0.667017    1.673422 ^ clkbuf_2_1__f_clk/Z (gf180mcu_fd_sc_mcu7t5v0__clkbuf_16)
                                                         clknet_2_1__leaf_clk (net)
                      0.244175    0.000291    1.673712 ^ _166_/CLK (gf180mcu_fd_sc_mcu7t5v0__dffq_1)
                                  0.250000    1.923712   clock uncertainty
                                 -0.159401    1.764311   clock reconvergence pessimism
                                  0.064712    1.829023   library hold time
                                              1.829023   data required time
---------------------------------------------------------------------------------------------
                                              1.829023   data required time
                                             -4.565011   data arrival time
---------------------------------------------------------------------------------------------
                                              2.735987   slack (MET)


Startpoint: _165_ (rising edge-triggered flip-flop clocked by clk)
Endpoint: _165_ (rising edge-triggered flip-flop clocked by clk)
Path Group: clk
Path Type: min

Fanout         Cap        Slew       Delay        Time   Description
---------------------------------------------------------------------------------------------
                                  0.000000    0.000000   clock clk (rise edge)
                                  0.000000    0.000000   clock source latency
     1    0.030034    0.414658    0.181684    0.181684 ^ clk (in)
                                                         clk (net)
                      0.414659    0.000000    0.181684 ^ clkbuf_0_clk/I (gf180mcu_fd_sc_mcu7t5v0__clkbuf_16)
     4    0.096685    0.414590    0.728183    0.909867 ^ clkbuf_0_clk/Z (gf180mcu_fd_sc_mcu7t5v0__clkbuf_16)
                                                         clknet_0_clk (net)
                      0.414590    0.000689    0.910556 ^ clkbuf_2_1__f_clk/I (gf180mcu_fd_sc_mcu7t5v0__clkbuf_16)
     5    0.026176    0.244175    0.603492    1.514048 ^ clkbuf_2_1__f_clk/Z (gf180mcu_fd_sc_mcu7t5v0__clkbuf_16)
                                                         clknet_2_1__leaf_clk (net)
                      0.244175    0.000224    1.514272 ^ _165_/CLK (gf180mcu_fd_sc_mcu7t5v0__dffq_1)
     3    0.017796    0.535616    1.980515    3.494787 v _165_/Q (gf180mcu_fd_sc_mcu7t5v0__dffq_1)
                                                         active_duty[4] (net)
                      0.535616    0.000248    3.495035 v _140_/A1 (gf180mcu_fd_sc_mcu7t5v0__oai21_1)
     1    0.006154    0.726019    0.705653    4.200688 ^ _140_/ZN (gf180mcu_fd_sc_mcu7t5v0__oai21_1)
                                                         _023_ (net)
                      0.726019    0.000126    4.200814 ^ _141_/B (gf180mcu_fd_sc_mcu7t5v0__aoi21_1)
     1    0.003235    0.360015    0.412195    4.613009 v _141_/ZN (gf180mcu_fd_sc_mcu7t5v0__aoi21_1)
                                                         _013_ (net)
                      0.360015    0.000058    4.613067 v _165_/D (gf180mcu_fd_sc_mcu7t5v0__dffq_1)
                                              4.613067   data arrival time

                                  0.000000    0.000000   clock clk (rise edge)
                                  0.000000    0.000000   clock source latency
     1    0.030034    0.414658    0.200809    0.200809 ^ clk (in)
                                                         clk (net)
                      0.414659    0.000000    0.200809 ^ clkbuf_0_clk/I (gf180mcu_fd_sc_mcu7t5v0__clkbuf_16)
     4    0.096685    0.414590    0.804834    1.005643 ^ clkbuf_0_clk/Z (gf180mcu_fd_sc_mcu7t5v0__clkbuf_16)
                                                         clknet_0_clk (net)
                      0.414590    0.000762    1.006404 ^ clkbuf_2_1__f_clk/I (gf180mcu_fd_sc_mcu7t5v0__clkbuf_16)
     5    0.026176    0.244175    0.667017    1.673422 ^ clkbuf_2_1__f_clk/Z (gf180mcu_fd_sc_mcu7t5v0__clkbuf_16)
                                                         clknet_2_1__leaf_clk (net)
                      0.244175    0.000248    1.673669 ^ _165_/CLK (gf180mcu_fd_sc_mcu7t5v0__dffq_1)
                                  0.250000    1.923669   clock uncertainty
                                 -0.159397    1.764272   clock reconvergence pessimism
                                  0.084406    1.848678   library hold time
                                              1.848678   data required time
---------------------------------------------------------------------------------------------
                                              1.848678   data required time
                                             -4.613067   data arrival time
---------------------------------------------------------------------------------------------
                                              2.764388   slack (MET)


Startpoint: _170_ (rising edge-triggered flip-flop clocked by clk)
Endpoint: _152_ (rising edge-triggered flip-flop clocked by clk)
Path Group: clk
Path Type: min

Fanout         Cap        Slew       Delay        Time   Description
---------------------------------------------------------------------------------------------
                                  0.000000    0.000000   clock clk (rise edge)
                                  0.000000    0.000000   clock source latency
     1    0.030034    0.414658    0.181684    0.181684 ^ clk (in)
                                                         clk (net)
                      0.414659    0.000000    0.181684 ^ clkbuf_0_clk/I (gf180mcu_fd_sc_mcu7t5v0__clkbuf_16)
     4    0.096685    0.414590    0.728183    0.909867 ^ clkbuf_0_clk/Z (gf180mcu_fd_sc_mcu7t5v0__clkbuf_16)
                                                         clknet_0_clk (net)
                      0.414590    0.000375    0.910242 ^ clkbuf_2_2__f_clk/I (gf180mcu_fd_sc_mcu7t5v0__clkbuf_16)
     5    0.025212    0.241774    0.601375    1.511617 ^ clkbuf_2_2__f_clk/Z (gf180mcu_fd_sc_mcu7t5v0__clkbuf_16)
                                                         clknet_2_2__leaf_clk (net)
                      0.241774    0.000193    1.511811 ^ _170_/CLK (gf180mcu_fd_sc_mcu7t5v0__dffq_1)
     2    0.011475    0.415399    1.889220    3.401030 v _170_/Q (gf180mcu_fd_sc_mcu7t5v0__dffq_1)
                                                         active_enable (net)
                      0.415399    0.000153    3.401183 v _122_/B (gf180mcu_fd_sc_mcu7t5v0__oai211_1)
     1    0.011845    1.221005    0.886842    4.288025 ^ _122_/ZN (gf180mcu_fd_sc_mcu7t5v0__oai211_1)
                                                         _075_ (net)
                      1.221005    0.000334    4.288360 ^ _123_/A2 (gf180mcu_fd_sc_mcu7t5v0__aoi21_1)
     1    0.003195    0.342953    0.334247    4.622607 v _123_/ZN (gf180mcu_fd_sc_mcu7t5v0__aoi21_1)
                                                         _000_ (net)
                      0.342953    0.000056    4.622663 v _152_/D (gf180mcu_fd_sc_mcu7t5v0__dffq_1)
                                              4.622663   data arrival time

                                  0.000000    0.000000   clock clk (rise edge)
                                  0.000000    0.000000   clock source latency
     1    0.030034    0.414658    0.200809    0.200809 ^ clk (in)
                                                         clk (net)
                      0.414659    0.000000    0.200809 ^ clkbuf_0_clk/I (gf180mcu_fd_sc_mcu7t5v0__clkbuf_16)
     4    0.096685    0.414590    0.804834    1.005643 ^ clkbuf_0_clk/Z (gf180mcu_fd_sc_mcu7t5v0__clkbuf_16)
                                                         clknet_0_clk (net)
                      0.414590    0.000415    1.006057 ^ clkbuf_2_2__f_clk/I (gf180mcu_fd_sc_mcu7t5v0__clkbuf_16)
     5    0.025212    0.241774    0.664678    1.670735 ^ clkbuf_2_2__f_clk/Z (gf180mcu_fd_sc_mcu7t5v0__clkbuf_16)
                                                         clknet_2_2__leaf_clk (net)
                      0.241774    0.000199    1.670934 ^ _152_/CLK (gf180mcu_fd_sc_mcu7t5v0__dffq_1)
                                  0.250000    1.920934   clock uncertainty
                                 -0.159118    1.761817   clock reconvergence pessimism
                                  0.087653    1.849469   library hold time
                                              1.849469   data required time
---------------------------------------------------------------------------------------------
                                              1.849469   data required time
                                             -4.622663   data arrival time
---------------------------------------------------------------------------------------------
                                              2.773193   slack (MET)


Startpoint: _155_ (rising edge-triggered flip-flop clocked by clk)
Endpoint: _155_ (rising edge-triggered flip-flop clocked by clk)
Path Group: clk
Path Type: min

Fanout         Cap        Slew       Delay        Time   Description
---------------------------------------------------------------------------------------------
                                  0.000000    0.000000   clock clk (rise edge)
                                  0.000000    0.000000   clock source latency
     1    0.030034    0.414658    0.181684    0.181684 ^ clk (in)
                                                         clk (net)
                      0.414659    0.000000    0.181684 ^ clkbuf_0_clk/I (gf180mcu_fd_sc_mcu7t5v0__clkbuf_16)
     4    0.096685    0.414590    0.728183    0.909867 ^ clkbuf_0_clk/Z (gf180mcu_fd_sc_mcu7t5v0__clkbuf_16)
                                                         clknet_0_clk (net)
                      0.414590    0.000689    0.910556 ^ clkbuf_2_1__f_clk/I (gf180mcu_fd_sc_mcu7t5v0__clkbuf_16)
     5    0.026176    0.244175    0.603492    1.514048 ^ clkbuf_2_1__f_clk/Z (gf180mcu_fd_sc_mcu7t5v0__clkbuf_16)
                                                         clknet_2_1__leaf_clk (net)
                      0.244175    0.000126    1.514174 ^ _155_/CLK (gf180mcu_fd_sc_mcu7t5v0__dffq_1)
     3    0.011714    0.420922    1.894100    3.408274 v _155_/Q (gf180mcu_fd_sc_mcu7t5v0__dffq_1)
                                                         counter[2] (net)
                      0.420922    0.000154    3.408428 v _101_/B (gf180mcu_fd_sc_mcu7t5v0__aoi21_1)
     3    0.016790    1.461875    1.032338    4.440766 ^ _101_/ZN (gf180mcu_fd_sc_mcu7t5v0__aoi21_1)
                                                         _054_ (net)
                      1.461875    0.000247    4.441013 ^ _126_/A2 (gf180mcu_fd_sc_mcu7t5v0__oai21_1)
     1    0.003402    0.502374    0.474004    4.915017 v _126_/ZN (gf180mcu_fd_sc_mcu7t5v0__oai21_1)
                                                         _003_ (net)
                      0.502374    0.000062    4.915079 v _155_/D (gf180mcu_fd_sc_mcu7t5v0__dffq_1)
                                              4.915079   data arrival time

                                  0.000000    0.000000   clock clk (rise edge)
                                  0.000000    0.000000   clock source latency
     1    0.030034    0.414658    0.200809    0.200809 ^ clk (in)
                                                         clk (net)
                      0.414659    0.000000    0.200809 ^ clkbuf_0_clk/I (gf180mcu_fd_sc_mcu7t5v0__clkbuf_16)
     4    0.096685    0.414590    0.804834    1.005643 ^ clkbuf_0_clk/Z (gf180mcu_fd_sc_mcu7t5v0__clkbuf_16)
                                                         clknet_0_clk (net)
                      0.414590    0.000762    1.006404 ^ clkbuf_2_1__f_clk/I (gf180mcu_fd_sc_mcu7t5v0__clkbuf_16)
     5    0.026176    0.244175    0.667017    1.673422 ^ clkbuf_2_1__f_clk/Z (gf180mcu_fd_sc_mcu7t5v0__clkbuf_16)
                                                         clknet_2_1__leaf_clk (net)
                      0.244175    0.000139    1.673561 ^ _155_/CLK (gf180mcu_fd_sc_mcu7t5v0__dffq_1)
                                  0.250000    1.923561   clock uncertainty
                                 -0.159387    1.764174   clock reconvergence pessimism
                                  0.052407    1.816581   library hold time
                                              1.816581   data required time
---------------------------------------------------------------------------------------------
                                              1.816581   data required time
                                             -4.915079   data arrival time
---------------------------------------------------------------------------------------------
                                              3.098498   slack (MET)


Startpoint: _159_ (rising edge-triggered flip-flop clocked by clk)
Endpoint: _159_ (rising edge-triggered flip-flop clocked by clk)
Path Group: clk
Path Type: min

Fanout         Cap        Slew       Delay        Time   Description
---------------------------------------------------------------------------------------------
                                  0.000000    0.000000   clock clk (rise edge)
                                  0.000000    0.000000   clock source latency
     1    0.030034    0.414658    0.181684    0.181684 ^ clk (in)
                                                         clk (net)
                      0.414659    0.000000    0.181684 ^ clkbuf_0_clk/I (gf180mcu_fd_sc_mcu7t5v0__clkbuf_16)
     4    0.096685    0.414590    0.728183    0.909867 ^ clkbuf_0_clk/Z (gf180mcu_fd_sc_mcu7t5v0__clkbuf_16)
                                                         clknet_0_clk (net)
                      0.414590    0.000344    0.910211 ^ clkbuf_2_3__f_clk/I (gf180mcu_fd_sc_mcu7t5v0__clkbuf_16)
     5    0.025661    0.242893    0.602385    1.512596 ^ clkbuf_2_3__f_clk/Z (gf180mcu_fd_sc_mcu7t5v0__clkbuf_16)
                                                         clknet_2_3__leaf_clk (net)
                      0.242893    0.000062    1.512658 ^ _159_/CLK (gf180mcu_fd_sc_mcu7t5v0__dffq_1)
     2    0.013257    0.747169    2.275099    3.787758 ^ _159_/Q (gf180mcu_fd_sc_mcu7t5v0__dffq_1)
                                                         counter[6] (net)
                      0.747169    0.000127    3.787884 ^ _115_/A1 (gf180mcu_fd_sc_mcu7t5v0__xor2_1)
     3    0.018669    0.833770    0.694680    4.482564 v _115_/Z (gf180mcu_fd_sc_mcu7t5v0__xor2_1)
                                                         _068_ (net)
                      0.833770    0.000274    4.482839 v _130_/A2 (gf180mcu_fd_sc_mcu7t5v0__nand2_1)
     1    0.003001    0.434630    0.507030    4.989869 ^ _130_/ZN (gf180mcu_fd_sc_mcu7t5v0__nand2_1)
                                                         _007_ (net)
                      0.434630    0.000028    4.989897 ^ _159_/D (gf180mcu_fd_sc_mcu7t5v0__dffq_1)
                                              4.989897   data arrival time

                                  0.000000    0.000000   clock clk (rise edge)
                                  0.000000    0.000000   clock source latency
     1    0.030034    0.414658    0.200809    0.200809 ^ clk (in)
                                                         clk (net)
                      0.414659    0.000000    0.200809 ^ clkbuf_0_clk/I (gf180mcu_fd_sc_mcu7t5v0__clkbuf_16)
     4    0.096685    0.414590    0.804834    1.005643 ^ clkbuf_0_clk/Z (gf180mcu_fd_sc_mcu7t5v0__clkbuf_16)
                                                         clknet_0_clk (net)
                      0.414590    0.000380    1.006023 ^ clkbuf_2_3__f_clk/I (gf180mcu_fd_sc_mcu7t5v0__clkbuf_16)
     5    0.025661    0.242893    0.665794    1.671817 ^ clkbuf_2_3__f_clk/Z (gf180mcu_fd_sc_mcu7t5v0__clkbuf_16)
                                                         clknet_2_3__leaf_clk (net)
                      0.242893    0.000069    1.671886 ^ _159_/CLK (gf180mcu_fd_sc_mcu7t5v0__dffq_1)
                                  0.250000    1.921886   clock uncertainty
                                 -0.159227    1.762658   clock reconvergence pessimism
                                  0.036965    1.799623   library hold time
                                              1.799623   data required time
---------------------------------------------------------------------------------------------
                                              1.799623   data required time
                                             -4.989897   data arrival time
---------------------------------------------------------------------------------------------
                                              3.190274   slack (MET)


Startpoint: _160_ (rising edge-triggered flip-flop clocked by clk)
Endpoint: _160_ (rising edge-triggered flip-flop clocked by clk)
Path Group: clk
Path Type: min

Fanout         Cap        Slew       Delay        Time   Description
---------------------------------------------------------------------------------------------
                                  0.000000    0.000000   clock clk (rise edge)
                                  0.000000    0.000000   clock source latency
     1    0.030034    0.414658    0.181684    0.181684 ^ clk (in)
                                                         clk (net)
                      0.414659    0.000000    0.181684 ^ clkbuf_0_clk/I (gf180mcu_fd_sc_mcu7t5v0__clkbuf_16)
     4    0.096685    0.414590    0.728183    0.909867 ^ clkbuf_0_clk/Z (gf180mcu_fd_sc_mcu7t5v0__clkbuf_16)
                                                         clknet_0_clk (net)
                      0.414590    0.000344    0.910211 ^ clkbuf_2_3__f_clk/I (gf180mcu_fd_sc_mcu7t5v0__clkbuf_16)
     5    0.025661    0.242893    0.602385    1.512596 ^ clkbuf_2_3__f_clk/Z (gf180mcu_fd_sc_mcu7t5v0__clkbuf_16)
                                                         clknet_2_3__leaf_clk (net)
                      0.242893    0.000282    1.512879 ^ _160_/CLK (gf180mcu_fd_sc_mcu7t5v0__dffq_1)
     3    0.017022    0.521200    1.969389    3.482268 v _160_/Q (gf180mcu_fd_sc_mcu7t5v0__dffq_1)
                                                         counter[7] (net)
                      0.521200    0.000123    3.482390 v _117_/A1 (gf180mcu_fd_sc_mcu7t5v0__xor2_1)
     3    0.017818    1.973813    1.240174    4.722564 ^ _117_/Z (gf180mcu_fd_sc_mcu7t5v0__xor2_1)
                                                         _070_ (net)
                      1.973813    0.000230    4.722794 ^ _131_/A2 (gf180mcu_fd_sc_mcu7t5v0__nand2_1)
     1    0.002945    0.508500    0.312856    5.035649 v _131_/ZN (gf180mcu_fd_sc_mcu7t5v0__nand2_1)
                                                         _008_ (net)
                      0.508500    0.000028    5.035677 v _160_/D (gf180mcu_fd_sc_mcu7t5v0__dffq_1)
                                              5.035677   data arrival time

                                  0.000000    0.000000   clock clk (rise edge)
                                  0.000000    0.000000   clock source latency
     1    0.030034    0.414658    0.200809    0.200809 ^ clk (in)
                                                         clk (net)
                      0.414659    0.000000    0.200809 ^ clkbuf_0_clk/I (gf180mcu_fd_sc_mcu7t5v0__clkbuf_16)
     4    0.096685    0.414590    0.804834    1.005643 ^ clkbuf_0_clk/Z (gf180mcu_fd_sc_mcu7t5v0__clkbuf_16)
                                                         clknet_0_clk (net)
                      0.414590    0.000380    1.006023 ^ clkbuf_2_3__f_clk/I (gf180mcu_fd_sc_mcu7t5v0__clkbuf_16)
     5    0.025661    0.242893    0.665794    1.671817 ^ clkbuf_2_3__f_clk/Z (gf180mcu_fd_sc_mcu7t5v0__clkbuf_16)
                                                         clknet_2_3__leaf_clk (net)
                      0.242893    0.000312    1.672129 ^ _160_/CLK (gf180mcu_fd_sc_mcu7t5v0__dffq_1)
                                  0.250000    1.922129   clock uncertainty
                                 -0.159250    1.762879   clock reconvergence pessimism
                                  0.050410    1.813289   library hold time
                                              1.813289   data required time
---------------------------------------------------------------------------------------------
                                              1.813289   data required time
                                             -5.035677   data arrival time
---------------------------------------------------------------------------------------------
                                              3.222388   slack (MET)


Startpoint: _158_ (rising edge-triggered flip-flop clocked by clk)
Endpoint: _158_ (rising edge-triggered flip-flop clocked by clk)
Path Group: clk
Path Type: min

Fanout         Cap        Slew       Delay        Time   Description
---------------------------------------------------------------------------------------------
                                  0.000000    0.000000   clock clk (rise edge)
                                  0.000000    0.000000   clock source latency
     1    0.030034    0.414658    0.181684    0.181684 ^ clk (in)
                                                         clk (net)
                      0.414659    0.000000    0.181684 ^ clkbuf_0_clk/I (gf180mcu_fd_sc_mcu7t5v0__clkbuf_16)
     4    0.096685    0.414590    0.728183    0.909867 ^ clkbuf_0_clk/Z (gf180mcu_fd_sc_mcu7t5v0__clkbuf_16)
                                                         clknet_0_clk (net)
                      0.414590    0.000344    0.910211 ^ clkbuf_2_3__f_clk/I (gf180mcu_fd_sc_mcu7t5v0__clkbuf_16)
     5    0.025661    0.242893    0.602385    1.512596 ^ clkbuf_2_3__f_clk/Z (gf180mcu_fd_sc_mcu7t5v0__clkbuf_16)
                                                         clknet_2_3__leaf_clk (net)
                      0.242893    0.000036    1.512632 ^ _158_/CLK (gf180mcu_fd_sc_mcu7t5v0__dffq_1)
     3    0.018671    0.569652    1.992676    3.505309 v _158_/Q (gf180mcu_fd_sc_mcu7t5v0__dffq_1)
                                                         counter[5] (net)
                      0.569652    0.000133    3.505442 v _113_/A1 (gf180mcu_fd_sc_mcu7t5v0__xor2_1)
     3    0.017708    1.964970    1.248711    4.754153 ^ _113_/Z (gf180mcu_fd_sc_mcu7t5v0__xor2_1)
                                                         _066_ (net)
                      1.964970    0.000254    4.754407 ^ _129_/A2 (gf180mcu_fd_sc_mcu7t5v0__nand2_1)
     1    0.002748    0.499811    0.304965    5.059371 v _129_/ZN (gf180mcu_fd_sc_mcu7t5v0__nand2_1)
                                                         _006_ (net)
                      0.499811    0.000025    5.059397 v _158_/D (gf180mcu_fd_sc_mcu7t5v0__dffq_1)
                                              5.059397   data arrival time

                                  0.000000    0.000000   clock clk (rise edge)
                                  0.000000    0.000000   clock source latency
     1    0.030034    0.414658    0.200809    0.200809 ^ clk (in)
                                                         clk (net)
                      0.414659    0.000000    0.200809 ^ clkbuf_0_clk/I (gf180mcu_fd_sc_mcu7t5v0__clkbuf_16)
     4    0.096685    0.414590    0.804834    1.005643 ^ clkbuf_0_clk/Z (gf180mcu_fd_sc_mcu7t5v0__clkbuf_16)
                                                         clknet_0_clk (net)
                      0.414590    0.000380    1.006023 ^ clkbuf_2_3__f_clk/I (gf180mcu_fd_sc_mcu7t5v0__clkbuf_16)
     5    0.025661    0.242893    0.665794    1.671817 ^ clkbuf_2_3__f_clk/Z (gf180mcu_fd_sc_mcu7t5v0__clkbuf_16)
                                                         clknet_2_3__leaf_clk (net)
                      0.242893    0.000040    1.671857 ^ _158_/CLK (gf180mcu_fd_sc_mcu7t5v0__dffq_1)
                                  0.250000    1.921857   clock uncertainty
                                 -0.159224    1.762632   clock reconvergence pessimism
                                  0.052677    1.815309   library hold time
                                              1.815309   data required time
---------------------------------------------------------------------------------------------
                                              1.815309   data required time
                                             -5.059397   data arrival time
---------------------------------------------------------------------------------------------
                                              3.244087   slack (MET)


Startpoint: _153_ (rising edge-triggered flip-flop clocked by clk)
Endpoint: _154_ (rising edge-triggered flip-flop clocked by clk)
Path Group: clk
Path Type: min

Fanout         Cap        Slew       Delay        Time   Description
---------------------------------------------------------------------------------------------
                                  0.000000    0.000000   clock clk (rise edge)
                                  0.000000    0.000000   clock source latency
     1    0.030034    0.414658    0.181684    0.181684 ^ clk (in)
                                                         clk (net)
                      0.414659    0.000000    0.181684 ^ clkbuf_0_clk/I (gf180mcu_fd_sc_mcu7t5v0__clkbuf_16)
     4    0.096685    0.414590    0.728183    0.909867 ^ clkbuf_0_clk/Z (gf180mcu_fd_sc_mcu7t5v0__clkbuf_16)
                                                         clknet_0_clk (net)
                      0.414590    0.000689    0.910556 ^ clkbuf_2_1__f_clk/I (gf180mcu_fd_sc_mcu7t5v0__clkbuf_16)
     5    0.026176    0.244175    0.603492    1.514048 ^ clkbuf_2_1__f_clk/Z (gf180mcu_fd_sc_mcu7t5v0__clkbuf_16)
                                                         clknet_2_1__leaf_clk (net)
                      0.244175    0.000194    1.514243 ^ _153_/CLK (gf180mcu_fd_sc_mcu7t5v0__dffq_1)
     6    0.031909    0.806385    2.173809    3.688051 v _153_/Q (gf180mcu_fd_sc_mcu7t5v0__dffq_1)
                                                         counter[0] (net)
                      0.806385    0.000503    3.688554 v _105_/A1 (gf180mcu_fd_sc_mcu7t5v0__xnor2_1)
     2    0.011415    1.038271    1.165989    4.854543 ^ _105_/ZN (gf180mcu_fd_sc_mcu7t5v0__xnor2_1)
                                                         _058_ (net)
                      1.038271    0.000143    4.854687 ^ _125_/A2 (gf180mcu_fd_sc_mcu7t5v0__nand2_1)
     1    0.002821    0.372630    0.296852    5.151539 v _125_/ZN (gf180mcu_fd_sc_mcu7t5v0__nand2_1)
                                                         _002_ (net)
                      0.372630    0.000026    5.151565 v _154_/D (gf180mcu_fd_sc_mcu7t5v0__dffq_1)
                                              5.151565   data arrival time

                                  0.000000    0.000000   clock clk (rise edge)
                                  0.000000    0.000000   clock source latency
     1    0.030034    0.414658    0.200809    0.200809 ^ clk (in)
                                                         clk (net)
                      0.414659    0.000000    0.200809 ^ clkbuf_0_clk/I (gf180mcu_fd_sc_mcu7t5v0__clkbuf_16)
     4    0.096685    0.414590    0.804834    1.005643 ^ clkbuf_0_clk/Z (gf180mcu_fd_sc_mcu7t5v0__clkbuf_16)
                                                         clknet_0_clk (net)
                      0.414590    0.000698    1.006341 ^ clkbuf_2_0__f_clk/I (gf180mcu_fd_sc_mcu7t5v0__clkbuf_16)
     5    0.022973    0.236192    0.659364    1.665705 ^ clkbuf_2_0__f_clk/Z (gf180mcu_fd_sc_mcu7t5v0__clkbuf_16)
                                                         clknet_2_0__leaf_clk (net)
                      0.236192    0.000065    1.665770 ^ _154_/CLK (gf180mcu_fd_sc_mcu7t5v0__dffq_1)
                                  0.250000    1.915770   clock uncertainty
                                 -0.095775    1.819994   clock reconvergence pessimism
                                  0.079623    1.899617   library hold time
                                              1.899617   data required time
---------------------------------------------------------------------------------------------
                                              1.899617   data required time
                                             -5.151565   data arrival time
---------------------------------------------------------------------------------------------
                                              3.251948   slack (MET)


Startpoint: _156_ (rising edge-triggered flip-flop clocked by clk)
Endpoint: _156_ (rising edge-triggered flip-flop clocked by clk)
Path Group: clk
Path Type: min

Fanout         Cap        Slew       Delay        Time   Description
---------------------------------------------------------------------------------------------
                                  0.000000    0.000000   clock clk (rise edge)
                                  0.000000    0.000000   clock source latency
     1    0.030034    0.414658    0.181684    0.181684 ^ clk (in)
                                                         clk (net)
                      0.414659    0.000000    0.181684 ^ clkbuf_0_clk/I (gf180mcu_fd_sc_mcu7t5v0__clkbuf_16)
     4    0.096685    0.414590    0.728183    0.909867 ^ clkbuf_0_clk/Z (gf180mcu_fd_sc_mcu7t5v0__clkbuf_16)
                                                         clknet_0_clk (net)
                      0.414590    0.000689    0.910556 ^ clkbuf_2_1__f_clk/I (gf180mcu_fd_sc_mcu7t5v0__clkbuf_16)
     5    0.026176    0.244175    0.603492    1.514048 ^ clkbuf_2_1__f_clk/Z (gf180mcu_fd_sc_mcu7t5v0__clkbuf_16)
                                                         clknet_2_1__leaf_clk (net)
                      0.244175    0.000033    1.514081 ^ _156_/CLK (gf180mcu_fd_sc_mcu7t5v0__dffq_1)
     2    0.013116    0.448403    1.914807    3.428888 v _156_/Q (gf180mcu_fd_sc_mcu7t5v0__dffq_1)
                                                         counter[3] (net)
                      0.448403    0.000258    3.429146 v _108_/A1 (gf180mcu_fd_sc_mcu7t5v0__xor2_1)
     3    0.018183    2.005456    1.238964    4.668110 ^ _108_/Z (gf180mcu_fd_sc_mcu7t5v0__xor2_1)
                                                         _061_ (net)
                      2.005456    0.000365    4.668475 ^ _127_/A2 (gf180mcu_fd_sc_mcu7t5v0__or2_1)
     1    0.002894    0.331479    0.792862    5.461337 ^ _127_/Z (gf180mcu_fd_sc_mcu7t5v0__or2_1)
                                                         _004_ (net)
                      0.331479    0.000028    5.461364 ^ _156_/D (gf180mcu_fd_sc_mcu7t5v0__dffq_1)
                                              5.461364   data arrival time

                                  0.000000    0.000000   clock clk (rise edge)
                                  0.000000    0.000000   clock source latency
     1    0.030034    0.414658    0.200809    0.200809 ^ clk (in)
                                                         clk (net)
                      0.414659    0.000000    0.200809 ^ clkbuf_0_clk/I (gf180mcu_fd_sc_mcu7t5v0__clkbuf_16)
     4    0.096685    0.414590    0.804834    1.005643 ^ clkbuf_0_clk/Z (gf180mcu_fd_sc_mcu7t5v0__clkbuf_16)
                                                         clknet_0_clk (net)
                      0.414590    0.000762    1.006404 ^ clkbuf_2_1__f_clk/I (gf180mcu_fd_sc_mcu7t5v0__clkbuf_16)
     5    0.026176    0.244175    0.667017    1.673422 ^ clkbuf_2_1__f_clk/Z (gf180mcu_fd_sc_mcu7t5v0__clkbuf_16)
                                                         clknet_2_1__leaf_clk (net)
                      0.244175    0.000036    1.673458 ^ _156_/CLK (gf180mcu_fd_sc_mcu7t5v0__dffq_1)
                                  0.250000    1.923458   clock uncertainty
                                 -0.159377    1.764081   clock reconvergence pessimism
                                  0.053162    1.817242   library hold time
                                              1.817242   data required time
---------------------------------------------------------------------------------------------
                                              1.817242   data required time
                                             -5.461364   data arrival time
---------------------------------------------------------------------------------------------
                                              3.644122   slack (MET)


Startpoint: _157_ (rising edge-triggered flip-flop clocked by clk)
Endpoint: _157_ (rising edge-triggered flip-flop clocked by clk)
Path Group: clk
Path Type: min

Fanout         Cap        Slew       Delay        Time   Description
---------------------------------------------------------------------------------------------
                                  0.000000    0.000000   clock clk (rise edge)
                                  0.000000    0.000000   clock source latency
     1    0.030034    0.414658    0.181684    0.181684 ^ clk (in)
                                                         clk (net)
                      0.414659    0.000000    0.181684 ^ clkbuf_0_clk/I (gf180mcu_fd_sc_mcu7t5v0__clkbuf_16)
     4    0.096685    0.414590    0.728183    0.909867 ^ clkbuf_0_clk/Z (gf180mcu_fd_sc_mcu7t5v0__clkbuf_16)
                                                         clknet_0_clk (net)
                      0.414590    0.000344    0.910211 ^ clkbuf_2_3__f_clk/I (gf180mcu_fd_sc_mcu7t5v0__clkbuf_16)
     5    0.025661    0.242893    0.602385    1.512596 ^ clkbuf_2_3__f_clk/Z (gf180mcu_fd_sc_mcu7t5v0__clkbuf_16)
                                                         clknet_2_3__leaf_clk (net)
                      0.242893    0.000063    1.512659 ^ _157_/CLK (gf180mcu_fd_sc_mcu7t5v0__dffq_1)
     4    0.024307    1.216815    2.536249    4.048908 ^ _157_/Q (gf180mcu_fd_sc_mcu7t5v0__dffq_1)
                                                         counter[4] (net)
                      1.216815    0.000152    4.049060 ^ _110_/A1 (gf180mcu_fd_sc_mcu7t5v0__xor2_1)
     2    0.013006    0.717418    0.662251    4.711311 v _110_/Z (gf180mcu_fd_sc_mcu7t5v0__xor2_1)
                                                         _063_ (net)
                      0.717418    0.000218    4.711530 v _111_/I (gf180mcu_fd_sc_mcu7t5v0__clkinv_1)
     2    0.010391    0.631438    0.554713    5.266242 ^ _111_/ZN (gf180mcu_fd_sc_mcu7t5v0__clkinv_1)
                                                         _064_ (net)
                      0.631438    0.000135    5.266378 ^ _128_/A2 (gf180mcu_fd_sc_mcu7t5v0__nand2_1)
     1    0.002944    0.317828    0.281128    5.547506 v _128_/ZN (gf180mcu_fd_sc_mcu7t5v0__nand2_1)
                                                         _005_ (net)
                      0.317828    0.000028    5.547534 v _157_/D (gf180mcu_fd_sc_mcu7t5v0__dffq_1)
                                              5.547534   data arrival time

                                  0.000000    0.000000   clock clk (rise edge)
                                  0.000000    0.000000   clock source latency
     1    0.030034    0.414658    0.200809    0.200809 ^ clk (in)
                                                         clk (net)
                      0.414659    0.000000    0.200809 ^ clkbuf_0_clk/I (gf180mcu_fd_sc_mcu7t5v0__clkbuf_16)
     4    0.096685    0.414590    0.804834    1.005643 ^ clkbuf_0_clk/Z (gf180mcu_fd_sc_mcu7t5v0__clkbuf_16)
                                                         clknet_0_clk (net)
                      0.414590    0.000380    1.006023 ^ clkbuf_2_3__f_clk/I (gf180mcu_fd_sc_mcu7t5v0__clkbuf_16)
     5    0.025661    0.242893    0.665794    1.671817 ^ clkbuf_2_3__f_clk/Z (gf180mcu_fd_sc_mcu7t5v0__clkbuf_16)
                                                         clknet_2_3__leaf_clk (net)
                      0.242893    0.000070    1.671887 ^ _157_/CLK (gf180mcu_fd_sc_mcu7t5v0__dffq_1)
                                  0.250000    1.921887   clock uncertainty
                                 -0.159227    1.762659   clock reconvergence pessimism
                                  0.093573    1.856233   library hold time
                                              1.856233   data required time
---------------------------------------------------------------------------------------------
                                              1.856233   data required time
                                             -5.547534   data arrival time
---------------------------------------------------------------------------------------------
                                              3.691301   slack (MET)


Startpoint: _152_ (rising edge-triggered flip-flop clocked by clk)
Endpoint: pwm (output port clocked by clk)
Path Group: clk
Path Type: min

Fanout         Cap        Slew       Delay        Time   Description
---------------------------------------------------------------------------------------------
                                  0.000000    0.000000   clock clk (rise edge)
                                  0.000000    0.000000   clock source latency
     1    0.030034    0.414658    0.181684    0.181684 ^ clk (in)
                                                         clk (net)
                      0.414659    0.000000    0.181684 ^ clkbuf_0_clk/I (gf180mcu_fd_sc_mcu7t5v0__clkbuf_16)
     4    0.096685    0.414590    0.728183    0.909867 ^ clkbuf_0_clk/Z (gf180mcu_fd_sc_mcu7t5v0__clkbuf_16)
                                                         clknet_0_clk (net)
                      0.414590    0.000375    0.910242 ^ clkbuf_2_2__f_clk/I (gf180mcu_fd_sc_mcu7t5v0__clkbuf_16)
     5    0.025212    0.241774    0.601375    1.511617 ^ clkbuf_2_2__f_clk/Z (gf180mcu_fd_sc_mcu7t5v0__clkbuf_16)
                                                         clknet_2_2__leaf_clk (net)
                      0.241774    0.000180    1.511798 ^ _152_/CLK (gf180mcu_fd_sc_mcu7t5v0__dffq_1)
     1    0.006752    0.322403    1.805403    3.317200 v _152_/Q (gf180mcu_fd_sc_mcu7t5v0__dffq_1)
                                                         net12 (net)
                      0.322403    0.000134    3.317334 v output12/I (gf180mcu_fd_sc_mcu7t5v0__buf_2)
     1    0.074045    0.881839    1.038562    4.355896 v output12/Z (gf180mcu_fd_sc_mcu7t5v0__buf_2)
                                                         pwm (net)
                      0.881841    0.000867    4.356763 v pwm (out)
                                              4.356763   data arrival time

                                  0.000000    0.000000   clock clk (rise edge)
                                  0.000000    0.000000   clock network delay (propagated)
                                  0.250000    0.250000   clock uncertainty
                                  0.000000    0.250000   clock reconvergence pessimism
                               -200.000000 -199.750000   output external delay
                                           -199.750000   data required time
---------------------------------------------------------------------------------------------
                                           -199.750000   data required time
                                             -4.356763   data arrival time
---------------------------------------------------------------------------------------------
                                            204.106766   slack (MET)



