
===========================================================================
report_checks -unconstrained
===========================================================================
======================= max_ss_125C_3v00 Corner ===================================

Startpoint: duty[8] (input port clocked by clk)
Endpoint: _152_ (rising edge-triggered flip-flop clocked by clk)
Path Group: clk
Path Type: max

Fanout         Cap        Slew       Delay        Time   Description
---------------------------------------------------------------------------------------------
                                  0.000000    0.000000   clock clk (rise edge)
                                  0.000000    0.000000   clock network delay (propagated)
                                200.000000  200.000000 ^ input external delay
     1    0.005849    0.394571    0.155069  200.155060 ^ duty[8] (in)
                                                         duty[8] (net)
                      0.394571    0.000000  200.155060 ^ input9/I (gf180mcu_fd_sc_mcu7t5v0__buf_2)
     2    0.009552    0.322394    0.572356  200.727417 ^ input9/Z (gf180mcu_fd_sc_mcu7t5v0__buf_2)
                                                         net9 (net)
                      0.322394    0.000156  200.727570 ^ _078_/I (gf180mcu_fd_sc_mcu7t5v0__clkinv_1)
     8    0.042197    1.605612    1.147043  201.874619 v _078_/ZN (gf180mcu_fd_sc_mcu7t5v0__clkinv_1)
                                                         _031_ (net)
                      1.605612    0.000782  201.875397 v _090_/A2 (gf180mcu_fd_sc_mcu7t5v0__nand2_1)
     2    0.015548    1.101982    1.205592  203.080994 ^ _090_/ZN (gf180mcu_fd_sc_mcu7t5v0__nand2_1)
                                                         _043_ (net)
                      1.101982    0.000185  203.081177 ^ _092_/A3 (gf180mcu_fd_sc_mcu7t5v0__and4_1)
     1    0.006508    0.635980    1.645788  204.726959 ^ _092_/Z (gf180mcu_fd_sc_mcu7t5v0__and4_1)
                                                         _045_ (net)
                      0.635980    0.000156  204.727127 ^ _098_/A1 (gf180mcu_fd_sc_mcu7t5v0__nand4_1)
     1    0.007300    0.970062    0.687550  205.414673 v _098_/ZN (gf180mcu_fd_sc_mcu7t5v0__nand4_1)
                                                         _051_ (net)
                      0.970062    0.000114  205.414780 v _099_/A3 (gf180mcu_fd_sc_mcu7t5v0__nand3_1)
     1    0.005618    0.794654    0.855536  206.270325 ^ _099_/ZN (gf180mcu_fd_sc_mcu7t5v0__nand3_1)
                                                         _052_ (net)
                      0.794654    0.000071  206.270386 ^ _123_/A1 (gf180mcu_fd_sc_mcu7t5v0__aoi21_1)
     1    0.003306    0.723212    0.361410  206.631805 v _123_/ZN (gf180mcu_fd_sc_mcu7t5v0__aoi21_1)
                                                         _000_ (net)
                      0.723212    0.000057  206.631851 v _152_/D (gf180mcu_fd_sc_mcu7t5v0__dffq_1)
                                            206.631851   data arrival time

                               1000.000000 1000.000000   clock clk (rise edge)
                                  0.000000 1000.000000   clock source latency
     1    0.030784    0.422451    0.186219 1000.186218 ^ clk (in)
                                                         clk (net)
                      0.422452    0.000000 1000.186218 ^ clkbuf_0_clk/I (gf180mcu_fd_sc_mcu7t5v0__clkbuf_16)
     4    0.097550    0.416631    0.731575 1000.917847 ^ clkbuf_0_clk/Z (gf180mcu_fd_sc_mcu7t5v0__clkbuf_16)
                                                         clknet_0_clk (net)
                      0.416631    0.000341 1000.918152 ^ clkbuf_2_2__f_clk/I (gf180mcu_fd_sc_mcu7t5v0__clkbuf_16)
     5    0.026378    0.244674    0.604473 1001.522644 ^ clkbuf_2_2__f_clk/Z (gf180mcu_fd_sc_mcu7t5v0__clkbuf_16)
                                                         clknet_2_2__leaf_clk (net)
                      0.244674    0.000114 1001.522766 ^ _152_/CLK (gf180mcu_fd_sc_mcu7t5v0__dffq_1)
                                 -0.250000 1001.272766   clock uncertainty
                                  0.000000 1001.272766   clock reconvergence pessimism
                                 -0.984374 1000.288330   library setup time
                                           1000.288330   data required time
---------------------------------------------------------------------------------------------
                                           1000.288330   data required time
                                           -206.631851   data arrival time
---------------------------------------------------------------------------------------------
                                            793.656494   slack (MET)




===========================================================================
report_checks --slack_max -0.01
============================================================================
======================= max_ss_125C_3v00 Corner ===================================

No paths found.


===========================================================================
 report_check_types -max_slew -max_cap -max_fanout -violators
============================================================================
======================= max_ss_125C_3v00 Corner ===================================



===========================================================================
report_parasitic_annotation -report_unannotated
============================================================================
Found 1 unannotated drivers.
 clkload0/Z
Found 0 partially unannotated drivers.

===========================================================================
max slew violation count 0
max fanout violation count 0
max cap violation count 0
============================================================================

===========================================================================
check_setup -verbose -unconstrained_endpoints -multiple_clock -no_clock -no_input_delay -loops -generated_clocks
===========================================================================
