
Note: No compatibility mode selected!


Circuit: gf180mcu one-pixel feed-forward rtl/spice simulation

Doing analysis at TEMP = 27.000000 and TNOM = 27.000000

Using SPARSE 1.3 as Direct Linear Solver

Initial Transient Solution
--------------------------

Node                                   Voltage
----                                   -------
vdd                                          5
vlogic                                     3.3
bias                                   1.37476
led_a                                        5
pwm                                          0
led_k                                  3.57382
xpixel.vss.t1                      0.000183717
xpixel.pwm_b.t2                            3.3
xpixel.gate.t0                     0.000183717
xpixel.vss.t0                      0.000183716
xpixel.vlogic.t1                           3.3
xpixel.pwm.t0                                0
xpixel.pwm_b.t1                            3.3
xpixel.vlogic.t0                           3.3
xpixel.vss.t6                      0.000183719
xpixel.gate.t2                     0.000183717
xpixel.led_k.t0                        3.57382
xpixel.vss.t5                      0.000181873
xpixel.gate.t1                     0.000183717
xpixel.pwm.t2                                0
xpixel.bias.t0                         1.37464
xpixel.vss.t2                      0.000183688
xpixel.vss.t8                       0.00169121
xpixel.bias.t1                         1.37464
xpixel.bias.t2                         1.37318
xpixel.vss.t7                      8.47555e-05
xpixel.vss.t4                      0.000183717
xpixel.pwm.t1                                0
xpixel.pwm_b.t0                            3.3
xpixel.vss.t3                      0.000183717
xpixel.pwm_b.n1                            3.3
xpixel.pwm_b.n0                            3.3
pwm_b                                      3.3
xpixel.pwm.n0                                0
xpixel.pwm.n1                                0
xpixel.gate.n1                     0.000183717
xpixel.gate.n0                     0.000183717
gate                               0.000183717
xpixel.bias.n0                         1.37464
xpixel.bias.n1                         1.37464
xpixel.vlogic.n0                           3.3
xpixel.vss.n6                      0.000183716
xpixel.vss.n5                      0.000183717
xpixel.vss.n9                       0.00018369
xpixel.vss.n8                      0.000183716
xpixel.vss.n10                     0.000183687
xpixel.vss.n1                      0.000181892
xpixel.vss.n17                     8.47554e-05
xpixel.vss.n16                     0.000181853
xpixel.vss.n18                       8.255e-05
xpixel.vss.n4                      0.000183717
xpixel.vss.n3                      0.000183717
xpixel.vss.n15                     0.000181881
xpixel.vss.n14                     0.000183721
xpixel.vss.n13                     0.000183719
xpixel.vss.n0                      0.000183874
xpixel.vss.n7                      0.000183716
xpixel.vss.n2                      0.000183717
xpixel.vss.n12                     0.000183717
xpixel.vss.n11                      0.00018369
vpwm#branch                                  0
vsense#branch                      3.60786e-12
vlogic#branch                          -0.0001
vdd#branch                        -3.60786e-12

 Reference value :  1.02651e-03
No. of Data Rows : 8841
ngspice-47 done
