
Magic 8.3 revision 684 - Compiled on Sat Oct  3 18:45:07 JST 2026.
Starting magic under Tcl interpreter
Using the terminal as the console.
WARNING: RLIMIT_NOFILE is above 1024 and Tcl_Version<9 this may cause runtime issues [rlim_cur=1048575]
Using NULL graphics device.
Processing system .magicrc file
Switching to WIRING tool.
Switching to NETLIST tool.
Switching to PICK tool.
Switching to BOX tool.
Sourcing design .magicrc for technology gf180mcuD ...
10 Magic internal units = 1 Lambda
Input style import: scaleFactor=10, multiplier=2
The following types are not handled by extraction and will be treated as non-electrical types:
    obsactive mvobsactive filldiff fillpoly m1hole obsm1 fillm1 obsv1 m2hole obsm2 fillm2 obsv2 m3hole obsm3 fillm3 m4hole obsm4 fillm4 m5hole obsm5 fillm5 glass fillblock lvstext obscomment 
Scaled tech values by 10 / 1 to match internal grid scaling
Loading gf180mcuD Device Generator Menu ...
Loading "/Users/kimmy/Projects/open-microled-driver-asic/scripts/layout/extract_pixel.tcl" from command line.
Cell pixel_driver_layout read from current working directory
The following types are not handled by extraction and will be treated as non-electrical types:
    obsactive mvobsactive filldiff fillpoly m1hole obsm1 fillm1 obsv1 m2hole obsm2 fillm2 obsv2 m3hole obsm3 fillm3 m4hole obsm4 fillm4 m5hole obsm5 fillm5 glass fillblock lvstext obscomment 
Extraction style is now "ngspice()"
Extracting pixel_driver_layout into pixel_driver_layout.ext:
Processing pixel_driver_layout
Processing cell pixel_driver_layout for resistance extraction.
Extracting VSS
Extracting vlogic
Extracting bias
Extracting gate
Extracting led_k
Extracting pwm
Extracting pwm_b
Total Nets: 7
Nets extracted: 7 (1.000000)
Nets output: 7 (1.000000)
exttospice finished.
