schematic_full_pdk duty_000 0.000004 uA
schematic_full_pdk duty_001 0.392341 uA
schematic_full_pdk duty_064 25.186904 uA
schematic_full_pdk duty_128 50.375031 uA
schematic_full_pdk duty_192 75.563158 uA
schematic_full_pdk duty_255 100.357716 uA
schematic_full_pdk duty_256 100.752515 uA
schematic_full_pdk disabled 0.000004 uA
schematic_full_pdk vf_2.4 101.063183 uA
schematic_full_pdk vf_3.2 100.415553 uA
schematic_full_pdk headroom_2.9 48.834190 uA
schematic_full_pdk headroom_3.0 65.998393 uA
schematic_full_pdk headroom_3.3 96.071773 uA
schematic_full_pdk corner_ff 100.953522 uA
schematic_full_pdk corner_ss 100.578072 uA
schematic_full_pdk temp_0 100.799930 uA
schematic_full_pdk temp_85 100.673426 uA
layout_rc duty_000 0.000004 uA
layout_rc duty_001 0.392105 uA
layout_rc duty_064 25.172612 uA
layout_rc duty_128 50.346461 uA
layout_rc duty_192 75.520310 uA
layout_rc duty_255 100.300817 uA
layout_rc duty_256 100.695401 uA
layout_rc disabled 0.000004 uA
layout_rc vf_2.4 101.004127 uA
layout_rc vf_3.2 100.360434 uA
layout_rc headroom_2.9 48.551592 uA
layout_rc headroom_3.0 65.651563 uA
layout_rc headroom_3.3 95.928004 uA
layout_rc corner_ff 100.892503 uA
layout_rc corner_ss 100.524578 uA
layout_rc temp_0 100.738099 uA
layout_rc temp_85 100.624324 uA
PASS 19 paired/convergence guards; 36 transient runs + 3 DC LED calibrations
